<html>
<body>
<pre>
<h1>µVision Build Log</h1>
<h2>Tool Versions:</h2>
IDE-Version: µVision V5.27.1.0
Copyright (C) 2019 ARM Ltd and ARM Germany GmbH. All rights reserved.
License Information: Andy Sun, AWS, LIC=9N045-0TMFS-NT9L6-W8AV9-DQA6C-N90JC
 
Tool Versions:
Toolchain:       MDK-ARM Professional  Version: 5.27.1.0
Toolchain Path:  C:\Keil_v5\ARM\ARMCC\Bin
C Compiler:      Armcc.exe V5.06 update 6 (build 750)
Assembler:       Armasm.exe V5.06 update 6 (build 750)
Linker/Locator:  ArmLink.exe V5.06 update 6 (build 750)
Library Manager: ArmAr.exe V5.06 update 6 (build 750)
Hex Converter:   FromElf.exe V5.06 update 6 (build 750)
CPU DLL:         SARMCM3.DLL V5.27.1.0
Dialog DLL:      DCM.DLL V1.17.2.0 
<h2>Project:</h2>
C:\Andy\nuvoton\afr\amazon-freertos-share_up_to_date\cmake\amazon-freertos\vendors\mediatek\boards\mt7697hx-dev-kit\aws_demos\uvision\aws_demos.uvprojx
Project File Date:  05/18/2019

<h2>Output:</h2>
*** Using Compiler 'V5.06 update 6 (build 750)', folder: 'C:\Keil_v5\ARM\ARMCC\Bin'
Build target 'aws_demos'
compiling ept_eint_var.c...
compiling iot_demo_runner.c...
compiling sys_init.c...
compiling main.c...
compiling aws_tcp_echo_client_single_task.c...
compiling aws_logging_task_dynamic_buffers.c...
compiling aws_dev_mode_key_provisioning.c...
compiling aws_greengrass_discovery_demo.c...
compiling iot_demo_mqtt.c...
compiling iot_demo_afr.c...
compiling aws_demo.c...
compiling list.c...
compiling event_groups.c...
compiling queue.c...
compiling stream_buffer.c...
compiling timers.c...
compiling aws_crypto.c...
compiling aws_helper_secure_connect.c...
compiling aws_greengrass_discovery.c...
compiling aws_mqtt_agent.c...
compiling iot_mqtt_api.c...
compiling iot_mqtt_network.c...
compiling iot_mqtt_operation.c...
compiling iot_mqtt_serialize.c...
compiling iot_mqtt_subscription.c...
compiling iot_mqtt_validate.c...
compiling aws_pkcs11_pal.c...
compiling aws_pkcs11_mbedtls.c...
compiling aws_secure_sockets.c...
compiling aws_shadow.c...
compiling aws_iot_shadow_parser.c...
compiling aws_iot_shadow_api.c...
compiling aws_iot_shadow_operation.c...
compiling aws_iot_shadow_subscription.c...
compiling aws_system_init.c...
compiling jsmn.c...
compiling aws_tls.c...
compiling aes.c...
compiling aws_wifi.c...
compiling aesni.c...
compiling arc4.c...
compiling base64.c...
compiling asn1parse.c...
compiling asn1write.c...
compiling blowfish.c...
compiling camellia.c...
compiling ccm.c...
compiling certs.c...
compiling cipher_wrap.c...
compiling cipher.c...
compiling cmac.c...
compiling bignum.c...
compiling debug.c...
compiling des.c...
compiling dhm.c...
compiling ecdh.c...
compiling ctr_drbg.c...
compiling ecdsa.c...
compiling ecjpake.c...
compiling ept_gpio_var.c...
compiling ecp_curves.c...
compiling error.c...
compiling lwipopts.c...
compiling system_mt7687.c...
compiling havege.c...
compiling entropy.c...
compiling hmac_drbg.c...
compiling entropy_poll.c...
compiling gcm.c...
compiling md.c...
compiling md_wrap.c...
compiling md2.c...
compiling md4.c...
compiling md5.c...
compiling memory_buffer_alloc.c...
compiling ecp.c...
compiling padlock.c...
compiling net_sockets.c...
compiling pem.c...
compiling pkcs5.c...
compiling pkcs12.c...
compiling platform.c...
compiling ripemd160.c...
compiling pk.c...
compiling oid.c...
compiling pk_wrap.c...
compiling pkparse.c...
compiling sha512.c...
compiling pkwrite.c...
compiling ssl_cache.c...
compiling ssl_cookie.c...
compiling ssl_srv.c...
compiling sha256.c...
compiling sha1.c...
compiling ssl_ticket.c...
compiling timing.c...
compiling rsa.c...
compiling version.c...
compiling ssl_ciphersuites.c...
compiling version_features.c...
compiling threading.c...
compiling x509_create.c...
compiling x509_crl.c...
compiling ssl_cli.c...
compiling x509_csr.c...
compiling x509write_crt.c...
compiling x509write_csr.c...
compiling xtea.c...
compiling x509.c...
compiling platform_util.c...
compiling ssl_tls.c...
compiling rsa_internal.c...
compiling lwip_log.c...
compiling x509_crt.c...
compiling sys_arch.c...
compiling ethernetif.c...
compiling err.c...
compiling netbuf.c...
compiling pbuf.c...
compiling api_lib.c...
compiling tcp_out.c...
compiling api_msg.c...
compiling netdb.c...
compiling netifapi.c...
compiling def.c...
compiling tcpip.c...
compiling dns.c...
compiling inet_chksum.c...
compiling mem.c...
compiling sockets.c...
compiling init.c...
compiling stats.c...
compiling memp.c...
compiling raw.c...
compiling netif.c...
compiling sys.c...
compiling tcp.c...
compiling tcp_in.c...
compiling autoip.c...
compiling timeouts.c...
compiling udp.c...
compiling icmp.c...
compiling dhcp.c...
compiling igmp.c...
compiling dhcp6.c...
compiling ethip6.c...
compiling ip4_addr.c...
compiling ip4.c...
compiling ip4_frag.c...
compiling icmp6.c...
compiling inet6.c...
compiling ip6.c...
compiling ip6_addr.c...
compiling ip6_frag.c...
compiling mld6.c...
compiling nd6.c...
compiling etharp.c...
compiling ethernet.c...
compiling ip.c...
compiling hal_adc.c...
compiling hal_cache_internal.c...
compiling hal_cache.c...
compiling hal_aes.c...
compiling hal_dfs.c...
compiling hal_des.c...
compiling hal_file.c...
compiling hal_flash.c...
compiling hal_eint.c...
compiling hal_gdma.c...
compiling hal_gpio.c...
compiling hal_gpt.c...
compiling hal_md5.c...
compiling hal_irtx.c...
compiling hal_i2c_master.c...
compiling hal_misc.c...
compiling hal_i2s.c...
compiling hal_log.c...
compiling hal_nvic.c...
compiling hal_nvic_internal.c...
compiling hal_spi_slave.c...
compiling hal_rtc.c...
compiling hal_sha.c...
compiling hal_pwm.c...
compiling hal_spi_master.c...
compiling hal_wdt.c...
compiling cos_api.c...
compiling hal_uart.c...
compiling gpt.c...
compiling dma.c...
compiling flash_sfc.c...
compiling hal_gdma_internal.c...
compiling hal_gpc.c...
compiling hal_pcnt.c...
compiling hal_i2s_internal.c...
compiling hal_irrx.c...
compiling hal_gpio_7687.c...
compiling hal_lp.c...
compiling hal_sys.c...
compiling hal_pdma_internal.c...
compiling hal_trng.c...
compiling hal_pinmux.c...
compiling hal_uid.c...
compiling hal_spim.c...
compiling i2c.c...
compiling ir_tx.c...
compiling low_hal_irrx.c...
compiling low_hal_pwm.c...
compiling low_hal_irtx.c...
compiling low_hal_gpio.c...
compiling low_hal_rtc.c...
compiling low_hal_wdt.c...
compiling nvic.c...
compiling pinmux.c...
compiling pwm.c...
compiling sfc.c...
compiling spim.c...
compiling timer.c...
compiling spi_flash.c...
compiling top.c...
compiling uart.c...
compiling connsys_bus.c...
compiling misc.c...
compiling io_def.c...
compiling context_dump.c...
compiling get_profile_string.c...
compiling connsys_driver.c...
compiling connsys_util.c...
compiling os.c...
compiling wifi_default_config.c...
compiling wifi_profile.c...
compiling bsp_gpio_ept_config.c...
compiling wifi_os_api.c...
compiling toi.c...
compiling bsp_flash_config.c...
compiling wifi_init.c...
compiling context_info_save.c...
compiling wifi_os_mem.c...
compiling os_trace_callback.c...
compiling os_port_callback.c...
compiling memory_regions.c...
compiling exception_handler.c...
compiling minicli_api.c...
compiling hal_I2C.c...
compiling port_tick.c...
compiling wrap_heap.c...
compiling port.c...
compiling ping.c...
compiling iot_clock_afr.c...
compiling dhcpd.c...
compiling iot_network_afr.c...
compiling iot_init.c...
compiling iot_threads_afr.c...
compiling iot_taskpool.c...
compiling iot_json_utils.c...
compiling iot_logging.c...
compiling aws_iot_demo_network.c...
compiling aws_iot_network_manager.c...
linking...
Program Size: Code=455840 RO-data=69604 RW-data=4212 ZI-data=199416  
FromELF: creating hex file...
After Build - User command #1: fromelf.exe --bin -o C:\Andy\nuvoton\afr\amazon-freertos-share_up_to_date\cmake\amazon-freertos\vendors\mediatek\boards\mt7697hx-dev-kit\aws_demos\uvision\out\Objects\aws_demos.bin C:\Andy\nuvoton\afr\amazon-freertos-share_up_to_date\cmake\amazon-freertos\vendors\mediatek\boards\mt7697hx-dev-kit\aws_demos\uvision\out\Objects\aws_demos.axf
After Build - User command #2: fromelf.exe -c -o C:\Andy\nuvoton\afr\amazon-freertos-share_up_to_date\cmake\amazon-freertos\vendors\mediatek\boards\mt7697hx-dev-kit\aws_demos\uvision\out\Objects\aws_demos.dis C:\Andy\nuvoton\afr\amazon-freertos-share_up_to_date\cmake\amazon-freertos\vendors\mediatek\boards\mt7697hx-dev-kit\aws_demos\uvision\out\Objects\aws_demos.axf
".\out\Objects\aws_demos.axf" - 0 Error(s), 0 Warning(s).

<h2>Software Packages used:</h2>

<h2>Collection of Component include folders:</h2>
  .\RTE\_aws_demos

<h2>Collection of Component Files used:</h2>
Build Time Elapsed:  00:00:21
</pre>
</body>
</html>
