<html>
<body>
<pre>
<h1>µVision Build Log</h1>
<h2>Tool Versions:</h2>
IDE-Version: µVision V5.27.1.0
Copyright (C) 2019 ARM Ltd and ARM Germany GmbH. All rights reserved.
License Information: Andy Sun, AWS, LIC=9N045-0TMFS-NT9L6-W8AV9-DQA6C-N90JC
 
Tool Versions:
Toolchain:       MDK-ARM Professional  Version: 5.27.1.0
Toolchain Path:  C:\Keil_v5\ARM\ARMCC\Bin
C Compiler:      Armcc.exe V5.06 update 6 (build 750)
Assembler:       Armasm.exe V5.06 update 6 (build 750)
Linker/Locator:  ArmLink.exe V5.06 update 6 (build 750)
Library Manager: ArmAr.exe V5.06 update 6 (build 750)
Hex Converter:   FromElf.exe V5.06 update 6 (build 750)
CPU DLL:         SARMCM3.DLL V5.27.1.0
Dialog DLL:      DARMCM1.DLL V1.19.2.0 
<h2>Project:</h2>
C:\Andy\nuvoton\afr\cyliang\amazon-freertos\vendors\nuvoton\boards\numaker_iot_m487_wifi\aws_tests\keil\aws_tests_wifi.uvproj
Project File Date:  05/25/2019

<h2>Output:</h2>
*** Using Compiler 'V5.06 update 6 (build 750)', folder: 'C:\Keil_v5\ARM\ARMCC\Bin'
*** Note: Rebuilding project, since 'Options->Output->Create Batch File' is selected.
Rebuild target 'aws_tests'
assembling startup_M480.s...
compiling system_M480.c...
compiling entropy_hardware_poll.c...
compiling main.c...
..\..\..\..\sdk\Device\Nuvoton\numaker_iot_m487_wifi\Include\M480.h(579): warning:  #47-D: incompatible redefinition of macro "TRUE"  (declared at line 27 of "..\..\..\..\..\..\modules\libraries\3rdparty\pkcs11\pkcs11t.h")
  #define TRUE           (1UL)      ///< Boolean true, define to use in API parameters or return value
..\..\..\..\sdk\Device\Nuvoton\numaker_iot_m487_wifi\Include\M480.h(580): warning:  #47-D: incompatible redefinition of macro "FALSE"  (declared at line 23 of "..\..\..\..\..\..\modules\libraries\3rdparty\pkcs11\pkcs11t.h")
  #define FALSE          (0UL)      ///< Boolean false, define to use in API parameters or return value
..\common\application_code\main.c: 2 warnings, 0 errors
compiling event_groups.c...
compiling list.c...
compiling queue.c...
compiling stream_buffer.c...
compiling tasks.c...
compiling timers.c...
compiling port.c...
compiling heap_4.c...
compiling retarget.c...
compiling clk.c...
compiling crypto.c...
compiling fmc.c...
compiling sys.c...
compiling uart.c...
compiling aws_test.c...
compiling aws_test_framework.c...
compiling aws_test_runner.c...
compiling iot_test_afr.c...
compiling iot_tests_network.c...
compiling aws_wifi.c...
compiling esp8266_wifi.c...
..\..\..\..\..\..\vendors\nuvoton\sdk\middleware\wifi_esp8266\esp8266_wifi.c(308): warning:  #167-D: argument of type "uint8_t *" is incompatible with parameter of type "const char *"
                  if ((strstr(pucRxBuf, "\r\nRecv") > 0) && (strstr(pucRxBuf, "bytes\r\n") > 0)) {
..\..\..\..\..\..\vendors\nuvoton\sdk\middleware\wifi_esp8266\esp8266_wifi.c(308): warning:  #167-D: argument of type "uint8_t *" is incompatible with parameter of type "const char *"
                  if ((strstr(pucRxBuf, "\r\nRecv") > 0) && (strstr(pucRxBuf, "bytes\r\n") > 0)) {
..\..\..\..\..\..\vendors\nuvoton\sdk\middleware\wifi_esp8266\esp8266_wifi.c: 2 warnings, 0 errors
compiling aws_test_wifi.c...
..\..\..\..\..\..\vendors\nuvoton\boards\numaker_iot_m487_wifi\aws_tests\common\config_files\aws_test_wifi_config.h(53): warning:  #1-D: last line of file ends without a newline
  #endif /* _AWS_TEST_WIFI_CONFIG_H_ */
..\..\..\..\..\..\modules\ports\wifi\test\aws_test_wifi.c: 1 warning, 0 errors
compiling aws_test_crypto.c...
compiling aws_crypto.c...
compiling aws_test_mqtt_agent.c...
compiling iot_tests_mqtt_system.c...
compiling iot_tests_mqtt_api.c...
compiling iot_tests_mqtt_receive.c...
compiling iot_tests_mqtt_subscription.c...
compiling iot_tests_mqtt_validate.c...
compiling aws_mqtt_agent.c...
compiling iot_mqtt_api.c...
compiling iot_mqtt_network.c...
compiling iot_mqtt_operation.c...
compiling iot_mqtt_serialize.c...
compiling iot_mqtt_subscription.c...
compiling iot_mqtt_validate.c...
compiling aws_greengrass_discovery.c...
compiling aws_helper_secure_connect.c...
compiling aws_pkcs11_mbedtls.c...
..\..\..\..\..\..\vendors\nuvoton\boards\numaker_iot_m487_wifi\aws_tests\common\config_files\aws_pkcs11_config.h(44): warning:  #1-D: last line of file ends without a newline
  #endif /* _AWS_PKCS11_CONFIG_H_ include guard. */
..\..\..\..\..\..\modules\ports\pkcs11\mbedtls\aws_pkcs11_mbedtls.c: 1 warning, 0 errors
compiling aws_pkcs11_pal.c...
..\..\..\..\..\..\vendors\nuvoton\boards\numaker_iot_m487_wifi\aws_tests\common\config_files\aws_pkcs11_config.h(44): warning:  #1-D: last line of file ends without a newline
  #endif /* _AWS_PKCS11_CONFIG_H_ include guard. */
..\..\..\..\sdk\Device\Nuvoton\numaker_iot_m487_wifi\Include\M480.h(579): warning:  #47-D: incompatible redefinition of macro "TRUE"  (declared at line 27 of "..\..\..\..\..\..\modules\libraries\3rdparty\pkcs11\pkcs11t.h")
  #define TRUE           (1UL)      ///< Boolean true, define to use in API parameters or return value
..\..\..\..\sdk\Device\Nuvoton\numaker_iot_m487_wifi\Include\M480.h(580): warning:  #47-D: incompatible redefinition of macro "FALSE"  (declared at line 23 of "..\..\..\..\..\..\modules\libraries\3rdparty\pkcs11\pkcs11t.h")
  #define FALSE          (0UL)      ///< Boolean false, define to use in API parameters or return value
..\..\..\..\..\..\vendors\nuvoton\boards\numaker_iot_m487_wifi\ports\pkcs11\aws_pkcs11_pal.c(122): warning:  #68-D: integer conversion resulted in a change of sign
              return -1;                 /* data verify failed */
..\..\..\..\..\..\vendors\nuvoton\boards\numaker_iot_m487_wifi\ports\pkcs11\aws_pkcs11_pal.c(472): warning:  #1-D: last line of file ends without a newline
  }
..\..\..\..\..\..\vendors\nuvoton\boards\numaker_iot_m487_wifi\ports\pkcs11\aws_pkcs11_pal.c: 5 warnings, 0 errors
compiling aws_test_pkcs11.c...
..\..\..\..\..\..\vendors\nuvoton\boards\numaker_iot_m487_wifi\aws_tests\common\config_files\aws_pkcs11_config.h(44): warning:  #1-D: last line of file ends without a newline
  #endif /* _AWS_PKCS11_CONFIG_H_ include guard. */
..\..\..\..\..\..\modules\ports\pkcs11\test\aws_test_pkcs11.c(1053): warning:  #68-D: integer conversion resulted in a change of sign
      CK_SLOT_ID xSlotId = pkcs11testINVALID_SLOT_ID;
..\..\..\..\..\..\modules\ports\pkcs11\test\aws_test_pkcs11.c(1076): warning:  #68-D: integer conversion resulted in a change of sign
      TEST_ASSERT_NOT_EQUAL_MESSAGE( pkcs11testINVALID_SLOT_ID, xSlotId, "Invalid slot number." );
..\..\..\..\..\..\modules\ports\pkcs11\test\aws_test_pkcs11.c: 3 warnings, 0 errors
compiling aws_secure_sockets.c...
compiling aws_test_tcp.c...
compiling aws_shadow.c...
..\..\..\..\..\..\vendors\nuvoton\boards\numaker_iot_m487_wifi\aws_tests\common\config_files\aws_shadow_config.h(93): warning:  #1-D: last line of file ends without a newline
  #endif /* _AWS_SHADOW_CONFIG_H_ */
..\..\..\..\..\..\modules\libraries\aws\shadow\src\aws_shadow.c: 1 warning, 0 errors
compiling aws_iot_shadow_api.c...
compiling aws_iot_shadow_operation.c...
compiling aws_iot_shadow_parser.c...
compiling aws_iot_shadow_subscription.c...
compiling aws_test_shadow.c...
compiling aws_iot_tests_shadow_system.c...
compiling aws_iot_tests_shadow_api.c...
compiling aws_iot_tests_shadow_parser.c...
compiling aws_tls.c...
..\..\..\..\..\..\vendors\nuvoton\boards\numaker_iot_m487_wifi\aws_tests\common\config_files\aws_pkcs11_config.h(44): warning:  #1-D: last line of file ends without a newline
  #endif /* _AWS_PKCS11_CONFIG_H_ include guard. */
..\..\..\..\..\..\modules\libraries\standard\tls\src\aws_tls.c: 1 warning, 0 errors
compiling aws_test_tls.c...
compiling aws_system_init.c...
compiling jsmn.c...
compiling aes.c...
compiling aesni.c...
compiling arc4.c...
compiling asn1parse.c...
compiling asn1write.c...
compiling base64.c...
compiling bignum.c...
compiling blowfish.c...
compiling camellia.c...
compiling ccm.c...
compiling certs.c...
compiling cipher.c...
compiling cipher_wrap.c...
compiling cmac.c...
compiling ctr_drbg.c...
compiling debug.c...
compiling des.c...
compiling dhm.c...
compiling ecdh.c...
compiling ecdsa.c...
compiling ecjpake.c...
compiling ecp.c...
compiling ecp_curves.c...
compiling entropy.c...
compiling entropy_poll.c...
compiling error.c...
compiling gcm.c...
compiling havege.c...
compiling hmac_drbg.c...
compiling md.c...
compiling md_wrap.c...
compiling md2.c...
compiling md4.c...
compiling md5.c...
compiling memory_buffer_alloc.c...
compiling net_sockets.c...
compiling oid.c...
compiling padlock.c...
compiling pem.c...
compiling pk.c...
compiling pk_wrap.c...
compiling pkcs5.c...
compiling pkcs12.c...
compiling pkparse.c...
compiling pkwrite.c...
compiling platform.c...
compiling ripemd160.c...
compiling rsa.c...
compiling rsa_internal.c...
compiling sha1.c...
compiling sha256.c...
compiling sha512.c...
compiling ssl_cache.c...
compiling ssl_ciphersuites.c...
compiling ssl_cli.c...
compiling ssl_cookie.c...
compiling ssl_srv.c...
compiling ssl_ticket.c...
compiling ssl_tls.c...
compiling threading.c...
compiling timing.c...
compiling version.c...
compiling version_features.c...
compiling x509.c...
compiling x509_create.c...
compiling x509_crl.c...
compiling x509_crt.c...
compiling x509_csr.c...
compiling x509write_crt.c...
compiling x509write_csr.c...
compiling xtea.c...
compiling platform_util.c...
compiling iot_clock_afr.c...
compiling iot_network_afr.c...
compiling iot_threads_afr.c...
compiling iot_taskpool.c...
compiling iot_init.c...
compiling iot_json_utils.c...
compiling iot_logging.c...
compiling aws_logging_task_dynamic_buffers.c...
compiling aws_iot_static_memory_defender.c...
compiling aws_iot_static_memory_shadow.c...
compiling iot_static_memory_common.c...
compiling iot_static_memory_metrics.c...
compiling iot_static_memory_mqtt.c...
compiling iot_static_memory_serializer.c...
compiling iot_static_memory_taskpool.c...
compiling aws_memory_leak.c...
compiling iot_test_platform_clock.c...
compiling iot_test_platform_threads.c...
compiling unity.c...
compiling unity_fixture.c...
compiling aws_test_posix_clock.c...
compiling aws_test_posix_mqueue.c...
compiling aws_test_posix_pthread.c...
compiling aws_test_posix_semaphore.c...
compiling aws_test_posix_stress.c...
compiling aws_test_posix_timer.c...
compiling aws_test_posix_unistd.c...
compiling aws_test_posix_utils.c...
compiling FreeRTOS_POSIX_clock.c...
compiling FreeRTOS_POSIX_mqueue.c...
compiling FreeRTOS_POSIX_pthread.c...
compiling FreeRTOS_POSIX_pthread_barrier.c...
compiling FreeRTOS_POSIX_pthread_cond.c...
compiling FreeRTOS_POSIX_pthread_mutex.c...
compiling FreeRTOS_POSIX_sched.c...
compiling FreeRTOS_POSIX_semaphore.c...
compiling FreeRTOS_POSIX_timer.c...
compiling FreeRTOS_POSIX_unistd.c...
compiling FreeRTOS_POSIX_utils.c...
compiling aws_secure_sockets_wrapper_metrics.c...
compiling iot_metrics.c...
compiling aws_dev_mode_key_provisioning.c...
..\..\..\..\..\..\vendors\nuvoton\boards\numaker_iot_m487_wifi\aws_tests\common\config_files\aws_pkcs11_config.h(44): warning:  #1-D: last line of file ends without a newline
  #endif /* _AWS_PKCS11_CONFIG_H_ include guard. */
..\..\..\..\..\..\modules\libraries\standard\provisioning\src\aws_dev_mode_key_provisioning.c: 1 warning, 0 errors
linking...
Program Size: Code=175732 RO-data=60100 RW-data=728 ZI-data=142928  
FromELF: creating hex file...
After Build - User command #1: fromelf --bin ".\obj\aws_tests.axf" --output ".\obj\aws_tests.bin"
After Build - User command #2: fromelf --text -c ".\obj\aws_tests.axf" --output ".\obj\aws_tests.txt"
".\obj\aws_tests.axf" - 0 Error(s), 17 Warning(s).
Build Time Elapsed:  00:00:38
</pre>
</body>
</html>
