<!doctype html public "-//w3c//dtd html 4.0 transitional//en">
<html><head>
<title>Static Call Graph - [.\obj\aws_tests.axf]</title></head>
<body><HR>
<H1>Static Call Graph for image .\obj\aws_tests.axf</H1><HR>
<BR><P>#&#060CALLGRAPH&#062# ARM Linker, 5060750: Last Updated: Sat May 25 01:42:08 2019
<BR><P>
<H3>Maximum Stack Usage =       3416 bytes + Unknown(Cycles, Untraceable Function Pointers)</H3><H3>
Call chain for Maximum Stack Depth:</H3>
rsa_alt_check_pair &rArr; rsa_verify_wrap &rArr; mbedtls_rsa_pkcs1_verify &rArr; mbedtls_rsa_rsassa_pkcs1_v15_verify &rArr; mbedtls_rsa_private &rArr; rsa_prepare_blinding &rArr; mbedtls_mpi_exp_mod &rArr; mbedtls_mpi_mod_mpi &rArr; mbedtls_mpi_div_mpi &rArr; mbedtls_mpi_mul_int &rArr; mbedtls_mpi_mul_mpi &rArr; mbedtls_mpi_copy &rArr; mbedtls_mpi_grow &rArr; mbedtls_mpi_zeroize &rArr; mbedtls_platform_zeroize
<P>
<H3>
Mutually Recursive functions
</H3> <LI><a href="#[1b]">NMI_Handler</a>&nbsp;&nbsp;&nbsp;&rArr;&nbsp;&nbsp;&nbsp;<a href="#[1b]">NMI_Handler</a><BR>
 <LI><a href="#[1d]">MemManage_Handler</a>&nbsp;&nbsp;&nbsp;&rArr;&nbsp;&nbsp;&nbsp;<a href="#[1d]">MemManage_Handler</a><BR>
 <LI><a href="#[1e]">BusFault_Handler</a>&nbsp;&nbsp;&nbsp;&rArr;&nbsp;&nbsp;&nbsp;<a href="#[1e]">BusFault_Handler</a><BR>
 <LI><a href="#[1f]">UsageFault_Handler</a>&nbsp;&nbsp;&nbsp;&rArr;&nbsp;&nbsp;&nbsp;<a href="#[1f]">UsageFault_Handler</a><BR>
 <LI><a href="#[21]">DebugMon_Handler</a>&nbsp;&nbsp;&nbsp;&rArr;&nbsp;&nbsp;&nbsp;<a href="#[21]">DebugMon_Handler</a><BR>
 <LI><a href="#[360]">mbedtls_cipher_update</a>&nbsp;&nbsp;&nbsp;&rArr;&nbsp;&nbsp;&nbsp;<a href="#[362]">mbedtls_gcm_update</a><BR>
 <LI><a href="#[29]">Default_Handler</a>&nbsp;&nbsp;&nbsp;&rArr;&nbsp;&nbsp;&nbsp;<a href="#[29]">Default_Handler</a><BR>
</UL>
<P>
<H3>
Function Pointers
</H3><UL>
 <LI><a href="#[50]">ACMP01_IRQHandler</a> from startup_m480.o(.text) referenced from startup_m480.o(RESET)
 <LI><a href="#[4e]">ADC00_IRQHandler</a> from startup_m480.o(.text) referenced from startup_m480.o(RESET)
 <LI><a href="#[4f]">ADC01_IRQHandler</a> from startup_m480.o(.text) referenced from startup_m480.o(RESET)
 <LI><a href="#[51]">ADC02_IRQHandler</a> from startup_m480.o(.text) referenced from startup_m480.o(RESET)
 <LI><a href="#[52]">ADC03_IRQHandler</a> from startup_m480.o(.text) referenced from startup_m480.o(RESET)
 <LI><a href="#[24]">BOD_IRQHandler</a> from startup_m480.o(.text) referenced from startup_m480.o(RESET)
 <LI><a href="#[6d]">BPWM0_IRQHandler</a> from startup_m480.o(.text) referenced from startup_m480.o(RESET)
 <LI><a href="#[6e]">BPWM1_IRQHandler</a> from startup_m480.o(.text) referenced from startup_m480.o(RESET)
 <LI><a href="#[3c]">BRAKE0_IRQHandler</a> from startup_m480.o(.text) referenced from startup_m480.o(RESET)
 <LI><a href="#[40]">BRAKE1_IRQHandler</a> from startup_m480.o(.text) referenced from startup_m480.o(RESET)
 <LI><a href="#[1e]">BusFault_Handler</a> from startup_m480.o(.text) referenced from startup_m480.o(RESET)
 <LI><a href="#[5a]">CAN0_IRQHandler</a> from startup_m480.o(.text) referenced from startup_m480.o(RESET)
 <LI><a href="#[5b]">CAN1_IRQHandler</a> from startup_m480.o(.text) referenced from startup_m480.o(RESET)
 <LI><a href="#[28]">CKFAIL_IRQHandler</a> from startup_m480.o(.text) referenced from startup_m480.o(RESET)
 <LI><a href="#[66]">CRYPTO_IRQHandler</a> from entropy_hardware_poll.o(.text) referenced from startup_m480.o(RESET)
 <LI><a href="#[5]">C_CloseSession</a> from aws_pkcs11_mbedtls.o(.text) referenced 2 times from aws_pkcs11_mbedtls.o(.data)
 <LI><a href="#[6]">C_CreateObject</a> from aws_pkcs11_mbedtls.o(.text) referenced 2 times from aws_pkcs11_mbedtls.o(.data)
 <LI><a href="#[7]">C_DestroyObject</a> from aws_pkcs11_mbedtls.o(.text) referenced 2 times from aws_pkcs11_mbedtls.o(.data)
 <LI><a href="#[e]">C_DigestFinal</a> from aws_pkcs11_mbedtls.o(.text) referenced 2 times from aws_pkcs11_mbedtls.o(.data)
 <LI><a href="#[c]">C_DigestInit</a> from aws_pkcs11_mbedtls.o(.text) referenced 2 times from aws_pkcs11_mbedtls.o(.data)
 <LI><a href="#[d]">C_DigestUpdate</a> from aws_pkcs11_mbedtls.o(.text) referenced 2 times from aws_pkcs11_mbedtls.o(.data)
 <LI><a href="#[1]">C_Finalize</a> from aws_pkcs11_mbedtls.o(.text) referenced 2 times from aws_pkcs11_mbedtls.o(.data)
 <LI><a href="#[a]">C_FindObjects</a> from aws_pkcs11_mbedtls.o(.text) referenced 2 times from aws_pkcs11_mbedtls.o(.data)
 <LI><a href="#[b]">C_FindObjectsFinal</a> from aws_pkcs11_mbedtls.o(.text) referenced 2 times from aws_pkcs11_mbedtls.o(.data)
 <LI><a href="#[9]">C_FindObjectsInit</a> from aws_pkcs11_mbedtls.o(.text) referenced 2 times from aws_pkcs11_mbedtls.o(.data)
 <LI><a href="#[13]">C_GenerateKeyPair</a> from aws_pkcs11_mbedtls.o(.text) referenced 2 times from aws_pkcs11_mbedtls.o(.data)
 <LI><a href="#[14]">C_GenerateRandom</a> from aws_pkcs11_mbedtls.o(.text) referenced 2 times from aws_pkcs11_mbedtls.o(.data)
 <LI><a href="#[8]">C_GetAttributeValue</a> from aws_pkcs11_mbedtls.o(.text) referenced 2 times from aws_pkcs11_mbedtls.o(.data)
 <LI><a href="#[2]">C_GetFunctionList</a> from aws_pkcs11_mbedtls.o(.text) referenced 2 times from aws_pkcs11_mbedtls.o(.data)
 <LI><a href="#[2]">C_GetFunctionList</a> from aws_pkcs11_mbedtls.o(.text) referenced from aws_tls.o(.text)
 <LI><a href="#[3]">C_GetSlotList</a> from aws_pkcs11_mbedtls.o(.text) referenced 2 times from aws_pkcs11_mbedtls.o(.data)
 <LI><a href="#[0]">C_Initialize</a> from aws_pkcs11_mbedtls.o(.text) referenced 2 times from aws_pkcs11_mbedtls.o(.data)
 <LI><a href="#[4]">C_OpenSession</a> from aws_pkcs11_mbedtls.o(.text) referenced 2 times from aws_pkcs11_mbedtls.o(.data)
 <LI><a href="#[10]">C_Sign</a> from aws_pkcs11_mbedtls.o(.text) referenced 2 times from aws_pkcs11_mbedtls.o(.data)
 <LI><a href="#[f]">C_SignInit</a> from aws_pkcs11_mbedtls.o(.text) referenced 2 times from aws_pkcs11_mbedtls.o(.data)
 <LI><a href="#[12]">C_Verify</a> from aws_pkcs11_mbedtls.o(.text) referenced 2 times from aws_pkcs11_mbedtls.o(.data)
 <LI><a href="#[11]">C_VerifyInit</a> from aws_pkcs11_mbedtls.o(.text) referenced 2 times from aws_pkcs11_mbedtls.o(.data)
 <LI><a href="#[4d]">DAC_IRQHandler</a> from startup_m480.o(.text) referenced from startup_m480.o(RESET)
 <LI><a href="#[21]">DebugMon_Handler</a> from startup_m480.o(.text) referenced from startup_m480.o(RESET)
 <LI><a href="#[29]">Default_Handler</a> from startup_m480.o(.text) referenced 9 times from startup_m480.o(RESET)
 <LI><a href="#[73]">ECAP0_IRQHandler</a> from startup_m480.o(.text) referenced from startup_m480.o(RESET)
 <LI><a href="#[74]">ECAP1_IRQHandler</a> from startup_m480.o(.text) referenced from startup_m480.o(RESET)
 <LI><a href="#[78]">EHCI_IRQHandler</a> from startup_m480.o(.text) referenced from startup_m480.o(RESET)
 <LI><a href="#[2e]">EINT0_IRQHandler</a> from startup_m480.o(.text) referenced from startup_m480.o(RESET)
 <LI><a href="#[2f]">EINT1_IRQHandler</a> from startup_m480.o(.text) referenced from startup_m480.o(RESET)
 <LI><a href="#[30]">EINT2_IRQHandler</a> from startup_m480.o(.text) referenced from startup_m480.o(RESET)
 <LI><a href="#[31]">EINT3_IRQHandler</a> from startup_m480.o(.text) referenced from startup_m480.o(RESET)
 <LI><a href="#[32]">EINT4_IRQHandler</a> from startup_m480.o(.text) referenced from startup_m480.o(RESET)
 <LI><a href="#[33]">EINT5_IRQHandler</a> from startup_m480.o(.text) referenced from startup_m480.o(RESET)
 <LI><a href="#[68]">EINT6_IRQHandler</a> from startup_m480.o(.text) referenced from startup_m480.o(RESET)
 <LI><a href="#[76]">EINT7_IRQHandler</a> from startup_m480.o(.text) referenced from startup_m480.o(RESET)
 <LI><a href="#[63]">EMAC_RX_IRQHandler</a> from startup_m480.o(.text) referenced from startup_m480.o(RESET)
 <LI><a href="#[62]">EMAC_TX_IRQHandler</a> from startup_m480.o(.text) referenced from startup_m480.o(RESET)
 <LI><a href="#[3d]">EPWM0P0_IRQHandler</a> from startup_m480.o(.text) referenced from startup_m480.o(RESET)
 <LI><a href="#[3e]">EPWM0P1_IRQHandler</a> from startup_m480.o(.text) referenced from startup_m480.o(RESET)
 <LI><a href="#[3f]">EPWM0P2_IRQHandler</a> from startup_m480.o(.text) referenced from startup_m480.o(RESET)
 <LI><a href="#[41]">EPWM1P0_IRQHandler</a> from startup_m480.o(.text) referenced from startup_m480.o(RESET)
 <LI><a href="#[42]">EPWM1P1_IRQHandler</a> from startup_m480.o(.text) referenced from startup_m480.o(RESET)
 <LI><a href="#[43]">EPWM1P2_IRQHandler</a> from startup_m480.o(.text) referenced from startup_m480.o(RESET)
 <LI><a href="#[34]">GPA_IRQHandler</a> from startup_m480.o(.text) referenced from startup_m480.o(RESET)
 <LI><a href="#[35]">GPB_IRQHandler</a> from startup_m480.o(.text) referenced from startup_m480.o(RESET)
 <LI><a href="#[36]">GPC_IRQHandler</a> from startup_m480.o(.text) referenced from startup_m480.o(RESET)
 <LI><a href="#[37]">GPD_IRQHandler</a> from startup_m480.o(.text) referenced from startup_m480.o(RESET)
 <LI><a href="#[38]">GPE_IRQHandler</a> from startup_m480.o(.text) referenced from startup_m480.o(RESET)
 <LI><a href="#[39]">GPF_IRQHandler</a> from startup_m480.o(.text) referenced from startup_m480.o(RESET)
 <LI><a href="#[67]">GPG_IRQHandler</a> from startup_m480.o(.text) referenced from startup_m480.o(RESET)
 <LI><a href="#[75]">GPH_IRQHandler</a> from startup_m480.o(.text) referenced from startup_m480.o(RESET)
 <LI><a href="#[1c]">HardFault_Handler</a> from retarget.o(.emb_text) referenced from startup_m480.o(RESET)
 <LI><a href="#[7b]">Hard_Fault_Handler</a> from retarget.o(.text) referenced from retarget.o(.emb_text)
 <LI><a href="#[4a]">I2C0_IRQHandler</a> from startup_m480.o(.text) referenced from startup_m480.o(RESET)
 <LI><a href="#[4b]">I2C1_IRQHandler</a> from startup_m480.o(.text) referenced from startup_m480.o(RESET)
 <LI><a href="#[70]">I2C2_IRQHandler</a> from startup_m480.o(.text) referenced from startup_m480.o(RESET)
 <LI><a href="#[64]">I2S0_IRQHandler</a> from startup_m480.o(.text) referenced from startup_m480.o(RESET)
 <LI><a href="#[25]">IRC_IRQHandler</a> from startup_m480.o(.text) referenced from startup_m480.o(RESET)
 <LI><a href="#[1d]">MemManage_Handler</a> from startup_m480.o(.text) referenced from startup_m480.o(RESET)
 <LI><a href="#[1b]">NMI_Handler</a> from startup_m480.o(.text) referenced from startup_m480.o(RESET)
 <LI><a href="#[58]">OHCI_IRQHandler</a> from startup_m480.o(.text) referenced from startup_m480.o(RESET)
 <LI><a href="#[65]">OPA0_IRQHandler</a> from startup_m480.o(.text) referenced from startup_m480.o(RESET)
 <LI><a href="#[4c]">PDMA_IRQHandler</a> from startup_m480.o(.text) referenced from startup_m480.o(RESET)
 <LI><a href="#[26]">PWRWU_IRQHandler</a> from startup_m480.o(.text) referenced from startup_m480.o(RESET)
 <LI><a href="#[22]">PendSV_Handler</a> from port.o(.emb_text) referenced from startup_m480.o(RESET)
 <LI><a href="#[71]">QEI0_IRQHandler</a> from startup_m480.o(.text) referenced from startup_m480.o(RESET)
 <LI><a href="#[72]">QEI1_IRQHandler</a> from startup_m480.o(.text) referenced from startup_m480.o(RESET)
 <LI><a href="#[3a]">QSPI0_IRQHandler</a> from startup_m480.o(.text) referenced from startup_m480.o(RESET)
 <LI><a href="#[27]">RAMPE_IRQHandler</a> from startup_m480.o(.text) referenced from startup_m480.o(RESET)
 <LI><a href="#[2a]">RTC_IRQHandler</a> from startup_m480.o(.text) referenced from startup_m480.o(RESET)
 <LI><a href="#[1a]">Reset_Handler</a> from startup_m480.o(.text) referenced from startup_m480.o(RESET)
 <LI><a href="#[5c]">SC0_IRQHandler</a> from startup_m480.o(.text) referenced from startup_m480.o(RESET)
 <LI><a href="#[5d]">SC1_IRQHandler</a> from startup_m480.o(.text) referenced from startup_m480.o(RESET)
 <LI><a href="#[5e]">SC2_IRQHandler</a> from startup_m480.o(.text) referenced from startup_m480.o(RESET)
 <LI><a href="#[60]">SDH0_IRQHandler</a> from startup_m480.o(.text) referenced from startup_m480.o(RESET)
 <LI><a href="#[77]">SDH1_IRQHandler</a> from startup_m480.o(.text) referenced from startup_m480.o(RESET)
 <LI><a href="#[3b]">SPI0_IRQHandler</a> from startup_m480.o(.text) referenced from startup_m480.o(RESET)
 <LI><a href="#[55]">SPI1_IRQHandler</a> from startup_m480.o(.text) referenced from startup_m480.o(RESET)
 <LI><a href="#[56]">SPI2_IRQHandler</a> from startup_m480.o(.text) referenced from startup_m480.o(RESET)
 <LI><a href="#[5f]">SPI3_IRQHandler</a> from startup_m480.o(.text) referenced from startup_m480.o(RESET)
 <LI><a href="#[6f]">SPIM_IRQHandler</a> from startup_m480.o(.text) referenced from startup_m480.o(RESET)
 <LI><a href="#[20]">SVC_Handler</a> from port.o(.emb_text) referenced from startup_m480.o(RESET)
 <LI><a href="#[23]">SysTick_Handler</a> from port.o(.text) referenced from startup_m480.o(RESET)
 <LI><a href="#[7c]">SystemInit</a> from system_m480.o(.text) referenced from startup_m480.o(.text)
 <LI><a href="#[2b]">TAMPER_IRQHandler</a> from startup_m480.o(.text) referenced from startup_m480.o(RESET)
 <LI><a href="#[2a7]">TEST_Full_TCP_AFQP_SECURE_SOCKETS_CloseInvalidParams_</a> from aws_test_tcp.o(.text) referenced from aws_test_tcp.o(.text)
 <LI><a href="#[2a4]">TEST_Full_TCP_AFQP_SECURE_SOCKETS_CloseWithoutReceiving_</a> from aws_test_tcp.o(.text) referenced from aws_test_tcp.o(.text)
 <LI><a href="#[277]">TEST_Full_TCP_AFQP_SECURE_SOCKETS_Close_</a> from aws_test_tcp.o(.text) referenced from aws_test_tcp.o(.text)
 <LI><a href="#[28a]">TEST_Full_TCP_AFQP_SECURE_SOCKETS_Connect_InvalidAddressLength_</a> from aws_test_tcp.o(.text) referenced from aws_test_tcp.o(.text)
 <LI><a href="#[28d]">TEST_Full_TCP_AFQP_SECURE_SOCKETS_Connect_InvalidParams_</a> from aws_test_tcp.o(.text) referenced from aws_test_tcp.o(.text)
 <LI><a href="#[265]">TEST_Full_TCP_AFQP_SECURE_SOCKETS_NonBlockingConnect_</a> from aws_test_tcp.o(.text) referenced from aws_test_tcp.o(.text)
 <LI><a href="#[280]">TEST_Full_TCP_AFQP_SECURE_SOCKETS_NonBlocking_Test_</a> from aws_test_tcp.o(.text) referenced from aws_test_tcp.o(.text)
 <LI><a href="#[274]">TEST_Full_TCP_AFQP_SECURE_SOCKETS_Recv_ByteByByte_</a> from aws_test_tcp.o(.text) referenced from aws_test_tcp.o(.text)
 <LI><a href="#[26b]">TEST_Full_TCP_AFQP_SECURE_SOCKETS_Recv_Invalid_</a> from aws_test_tcp.o(.text) referenced from aws_test_tcp.o(.text)
 <LI><a href="#[29b]">TEST_Full_TCP_AFQP_SECURE_SOCKETS_Recv_On_Unconnected_Socket_</a> from aws_test_tcp.o(.text) referenced from aws_test_tcp.o(.text)
 <LI><a href="#[271]">TEST_Full_TCP_AFQP_SECURE_SOCKETS_SendRecv_VaryLength_</a> from aws_test_tcp.o(.text) referenced from aws_test_tcp.o(.text)
 <LI><a href="#[26e]">TEST_Full_TCP_AFQP_SECURE_SOCKETS_Send_Invalid_</a> from aws_test_tcp.o(.text) referenced from aws_test_tcp.o(.text)
 <LI><a href="#[25c]">TEST_Full_TCP_AFQP_SECURE_SOCKETS_SetSecureOptionsAfterConnect_</a> from aws_test_tcp.o(.text) referenced from aws_test_tcp.o(.text)
 <LI><a href="#[27d]">TEST_Full_TCP_AFQP_SECURE_SOCKETS_SetSockOpt_InvalidParams_</a> from aws_test_tcp.o(.text) referenced from aws_test_tcp.o(.text)
 <LI><a href="#[283]">TEST_Full_TCP_AFQP_SECURE_SOCKETS_SetSockOpt_RCVTIMEO_</a> from aws_test_tcp.o(.text) referenced from aws_test_tcp.o(.text)
 <LI><a href="#[290]">TEST_Full_TCP_AFQP_SECURE_SOCKETS_SetSockOpt_SERVER_NAME_INDICATION_</a> from aws_test_tcp.o(.text) referenced from aws_test_tcp.o(.text)
 <LI><a href="#[2dd]">TEST_Full_TCP_AFQP_SECURE_SOCKETS_SetSockOpt_SNDTIMEO_</a> from aws_test_tcp.o(.text) referenced from aws_test_tcp.o(.text)
 <LI><a href="#[293]">TEST_Full_TCP_AFQP_SECURE_SOCKETS_SetSockOpt_TRUSTED_SERVER_CERTIFICATE_</a> from aws_test_tcp.o(.text) referenced from aws_test_tcp.o(.text)
 <LI><a href="#[2a1]">TEST_Full_TCP_AFQP_SECURE_SOCKETS_ShutdownInvalidParams_</a> from aws_test_tcp.o(.text) referenced from aws_test_tcp.o(.text)
 <LI><a href="#[29e]">TEST_Full_TCP_AFQP_SECURE_SOCKETS_ShutdownWithoutReceiving_</a> from aws_test_tcp.o(.text) referenced from aws_test_tcp.o(.text)
 <LI><a href="#[27a]">TEST_Full_TCP_AFQP_SECURE_SOCKETS_Shutdown_</a> from aws_test_tcp.o(.text) referenced from aws_test_tcp.o(.text)
 <LI><a href="#[268]">TEST_Full_TCP_AFQP_SECURE_SOCKETS_SockEventHandler_</a> from aws_test_tcp.o(.text) referenced from aws_test_tcp.o(.text)
 <LI><a href="#[2df]">TEST_Full_TCP_AFQP_SECURE_SOCKETS_Socket_InvalidTooManySockets_</a> from aws_test_tcp.o(.text) referenced from aws_test_tcp.o(.text)
 <LI><a href="#[287]">TEST_Full_TCP_AFQP_SECURE_SOCKETS_Threadsafe_DifferentSocketsDifferentTasks_</a> from aws_test_tcp.o(.text) referenced from aws_test_tcp.o(.text)
 <LI><a href="#[298]">TEST_Full_TCP_AFQP_SECURE_SOCKETS_Threadsafe_SameSocketDifferentTasks_</a> from aws_test_tcp.o(.text) referenced from aws_test_tcp.o(.text)
 <LI><a href="#[262]">TEST_Full_TCP_AFQP_SECURE_SOCKETS_TwoSecureConnections_</a> from aws_test_tcp.o(.text) referenced from aws_test_tcp.o(.text)
 <LI><a href="#[2d8]">TEST_Full_TCP_AFQP_SOCKETS_CloseInvalidParams_</a> from aws_test_tcp.o(.text) referenced from aws_test_tcp.o(.text)
 <LI><a href="#[2d6]">TEST_Full_TCP_AFQP_SOCKETS_CloseWithoutReceiving_</a> from aws_test_tcp.o(.text) referenced from aws_test_tcp.o(.text)
 <LI><a href="#[2bb]">TEST_Full_TCP_AFQP_SOCKETS_Close_</a> from aws_test_tcp.o(.text) referenced from aws_test_tcp.o(.text)
 <LI><a href="#[2ca]">TEST_Full_TCP_AFQP_SOCKETS_Connect_InvalidAddressLength_</a> from aws_test_tcp.o(.text) referenced from aws_test_tcp.o(.text)
 <LI><a href="#[2cc]">TEST_Full_TCP_AFQP_SOCKETS_Connect_InvalidParams_</a> from aws_test_tcp.o(.text) referenced from aws_test_tcp.o(.text)
 <LI><a href="#[2c1]">TEST_Full_TCP_AFQP_SOCKETS_NonBlocking_Test_</a> from aws_test_tcp.o(.text) referenced from aws_test_tcp.o(.text)
 <LI><a href="#[2b9]">TEST_Full_TCP_AFQP_SOCKETS_Recv_ByteByByte_</a> from aws_test_tcp.o(.text) referenced from aws_test_tcp.o(.text)
 <LI><a href="#[2ad]">TEST_Full_TCP_AFQP_SOCKETS_Recv_Invalid_</a> from aws_test_tcp.o(.text) referenced from aws_test_tcp.o(.text)
 <LI><a href="#[2d0]">TEST_Full_TCP_AFQP_SOCKETS_Recv_On_Unconnected_Socket_</a> from aws_test_tcp.o(.text) referenced from aws_test_tcp.o(.text)
 <LI><a href="#[2b7]">TEST_Full_TCP_AFQP_SOCKETS_SendRecv_VaryLength_</a> from aws_test_tcp.o(.text) referenced from aws_test_tcp.o(.text)
 <LI><a href="#[2af]">TEST_Full_TCP_AFQP_SOCKETS_Send_Invalid_</a> from aws_test_tcp.o(.text) referenced from aws_test_tcp.o(.text)
 <LI><a href="#[2bf]">TEST_Full_TCP_AFQP_SOCKETS_SetSockOpt_InvalidParams_</a> from aws_test_tcp.o(.text) referenced from aws_test_tcp.o(.text)
 <LI><a href="#[2c3]">TEST_Full_TCP_AFQP_SOCKETS_SetSockOpt_RCVTIMEO_</a> from aws_test_tcp.o(.text) referenced from aws_test_tcp.o(.text)
 <LI><a href="#[2db]">TEST_Full_TCP_AFQP_SOCKETS_SetSockOpt_SNDTIMEO_</a> from aws_test_tcp.o(.text) referenced from aws_test_tcp.o(.text)
 <LI><a href="#[2d4]">TEST_Full_TCP_AFQP_SOCKETS_ShutdownInvalidParams_</a> from aws_test_tcp.o(.text) referenced from aws_test_tcp.o(.text)
 <LI><a href="#[2d2]">TEST_Full_TCP_AFQP_SOCKETS_ShutdownWithoutReceiving_</a> from aws_test_tcp.o(.text) referenced from aws_test_tcp.o(.text)
 <LI><a href="#[2bd]">TEST_Full_TCP_AFQP_SOCKETS_Shutdown_</a> from aws_test_tcp.o(.text) referenced from aws_test_tcp.o(.text)
 <LI><a href="#[2b2]">TEST_Full_TCP_AFQP_SOCKETS_Socket_InvalidInputParams_</a> from aws_test_tcp.o(.text) referenced from aws_test_tcp.o(.text)
 <LI><a href="#[2b5]">TEST_Full_TCP_AFQP_SOCKETS_Socket_InvalidTooManySockets_</a> from aws_test_tcp.o(.text) referenced from aws_test_tcp.o(.text)
 <LI><a href="#[2c6]">TEST_Full_TCP_AFQP_SOCKETS_Socket_TCP_</a> from aws_test_tcp.o(.text) referenced from aws_test_tcp.o(.text)
 <LI><a href="#[2c8]">TEST_Full_TCP_AFQP_SOCKETS_Threadsafe_DifferentSocketsDifferentTasks_</a> from aws_test_tcp.o(.text) referenced from aws_test_tcp.o(.text)
 <LI><a href="#[2ce]">TEST_Full_TCP_AFQP_SOCKETS_Threadsafe_SameSocketDifferentTasks_</a> from aws_test_tcp.o(.text) referenced from aws_test_tcp.o(.text)
 <LI><a href="#[2ab]">TEST_Full_TCP_AFQP_SOCKETS_htons_HappyCase_</a> from aws_test_tcp.o(.text) referenced from aws_test_tcp.o(.text)
 <LI><a href="#[2a9]">TEST_Full_TCP_AFQP_SOCKETS_inet_addr_quick_HappyCase_</a> from aws_test_tcp.o(.text) referenced from aws_test_tcp.o(.text)
 <LI><a href="#[89]">TEST_Full_TCP_SETUP</a> from aws_test_tcp.o(.text) referenced 15 times from aws_test_tcp.o(.text)
 <LI><a href="#[88]">TEST_Full_TCP_TEAR_DOWN</a> from aws_test_tcp.o(.text) referenced 15 times from aws_test_tcp.o(.text)
 <LI><a href="#[7e]">TEST_RUNNER_RunTests_task</a> from aws_test_runner.o(.text) referenced from main.o(.text)
 <LI><a href="#[44]">TMR0_IRQHandler</a> from startup_m480.o(.text) referenced from startup_m480.o(RESET)
 <LI><a href="#[45]">TMR1_IRQHandler</a> from startup_m480.o(.text) referenced from startup_m480.o(RESET)
 <LI><a href="#[46]">TMR2_IRQHandler</a> from startup_m480.o(.text) referenced from startup_m480.o(RESET)
 <LI><a href="#[47]">TMR3_IRQHandler</a> from startup_m480.o(.text) referenced from startup_m480.o(RESET)
 <LI><a href="#[48]">UART0_IRQHandler</a> from startup_m480.o(.text) referenced from startup_m480.o(RESET)
 <LI><a href="#[49]">UART1_IRQHandler</a> from esp8266_wifi.o(.text) referenced from startup_m480.o(RESET)
 <LI><a href="#[53]">UART2_IRQHandler</a> from startup_m480.o(.text) referenced from startup_m480.o(RESET)
 <LI><a href="#[54]">UART3_IRQHandler</a> from startup_m480.o(.text) referenced from startup_m480.o(RESET)
 <LI><a href="#[69]">UART4_IRQHandler</a> from startup_m480.o(.text) referenced from startup_m480.o(RESET)
 <LI><a href="#[6a]">UART5_IRQHandler</a> from startup_m480.o(.text) referenced from startup_m480.o(RESET)
 <LI><a href="#[61]">USBD20_IRQHandler</a> from startup_m480.o(.text) referenced from startup_m480.o(RESET)
 <LI><a href="#[57]">USBD_IRQHandler</a> from startup_m480.o(.text) referenced from startup_m480.o(RESET)
 <LI><a href="#[79]">USBOTG20_IRQHandler</a> from startup_m480.o(.text) referenced from startup_m480.o(RESET)
 <LI><a href="#[59]">USBOTG_IRQHandler</a> from startup_m480.o(.text) referenced from startup_m480.o(RESET)
 <LI><a href="#[6b]">USCI0_IRQHandler</a> from startup_m480.o(.text) referenced from startup_m480.o(RESET)
 <LI><a href="#[6c]">USCI1_IRQHandler</a> from startup_m480.o(.text) referenced from startup_m480.o(RESET)
 <LI><a href="#[1f]">UsageFault_Handler</a> from startup_m480.o(.text) referenced from startup_m480.o(RESET)
 <LI><a href="#[2c]">WDT_IRQHandler</a> from startup_m480.o(.text) referenced from startup_m480.o(RESET)
 <LI><a href="#[2d]">WWDT_IRQHandler</a> from startup_m480.o(.text) referenced from startup_m480.o(RESET)
 <LI><a href="#[7d]">__main</a> from entry.o(.ARM.Collect$$$$00000000) referenced from startup_m480.o(.text)
 <LI><a href="#[a6]">_sbackspace</a> from _sgetc.o(.text) referenced from __0sscanf.o(.text)
 <LI><a href="#[a7]">_scanf_char_input</a> from scanf_char.o(.text) referenced from scanf_char.o(.text)
 <LI><a href="#[a5]">_sgetc</a> from _sgetc.o(.text) referenced from __0sscanf.o(.text)
 <LI><a href="#[aa]">_snputc</a> from printfa.o(i._snputc) referenced from printfa.o(i.__0snprintf)
 <LI><a href="#[aa]">_snputc</a> from printfa.o(i._snputc) referenced from printfa.o(i.__0vsnprintf)
 <LI><a href="#[ab]">_sputc</a> from printfa.o(i._sputc) referenced from printfa.o(i.__0sprintf)
 <LI><a href="#[93]">add_one_and_zeros_padding</a> from cipher.o(.text) referenced from cipher.o(.text)
 <LI><a href="#[91]">add_pkcs_padding</a> from cipher.o(.text) referenced from cipher.o(.text)
 <LI><a href="#[95]">add_zeros_and_len_padding</a> from cipher.o(.text) referenced from cipher.o(.text)
 <LI><a href="#[97]">add_zeros_padding</a> from cipher.o(.text) referenced from cipher.o(.text)
 <LI><a href="#[ad]">aes_crypt_cbc_wrap</a> from cipher_wrap.o(.text) referenced from cipher_wrap.o(.constdata)
 <LI><a href="#[ae]">aes_crypt_cfb128_wrap</a> from cipher_wrap.o(.text) referenced from cipher_wrap.o(.constdata)
 <LI><a href="#[af]">aes_crypt_ctr_wrap</a> from cipher_wrap.o(.text) referenced from cipher_wrap.o(.constdata)
 <LI><a href="#[ac]">aes_crypt_ecb_wrap</a> from cipher_wrap.o(.text) referenced from cipher_wrap.o(.constdata)
 <LI><a href="#[b2]">aes_ctx_alloc</a> from cipher_wrap.o(.text) referenced from cipher_wrap.o(.constdata)
 <LI><a href="#[b3]">aes_ctx_free</a> from cipher_wrap.o(.text) referenced from cipher_wrap.o(.constdata)
 <LI><a href="#[b1]">aes_setkey_dec_wrap</a> from cipher_wrap.o(.text) referenced from cipher_wrap.o(.constdata)
 <LI><a href="#[b0]">aes_setkey_enc_wrap</a> from cipher_wrap.o(.text) referenced from cipher_wrap.o(.constdata)
 <LI><a href="#[217]">aws_mbedtls_mutex_free</a> from aws_pkcs11_mbedtls.o(.text) referenced from aws_pkcs11_mbedtls.o(.text)
 <LI><a href="#[216]">aws_mbedtls_mutex_init</a> from aws_pkcs11_mbedtls.o(.text) referenced from aws_pkcs11_mbedtls.o(.text)
 <LI><a href="#[218]">aws_mbedtls_mutex_lock</a> from aws_pkcs11_mbedtls.o(.text) referenced from aws_pkcs11_mbedtls.o(.text)
 <LI><a href="#[219]">aws_mbedtls_mutex_unlock</a> from aws_pkcs11_mbedtls.o(.text) referenced from aws_pkcs11_mbedtls.o(.text)
 <LI><a href="#[15]">calloc</a> from calloc.o(.text) referenced 2 times from platform.o(.data)
 <LI><a href="#[9a]">ctr_drbg_self_test_entropy</a> from ctr_drbg.o(.text) referenced from ctr_drbg.o(.text)
 <LI><a href="#[df]">ecdsa_alloc_wrap</a> from pk_wrap.o(.text) referenced from pk_wrap.o(.constdata)
 <LI><a href="#[dc]">ecdsa_can_do</a> from pk_wrap.o(.text) referenced from pk_wrap.o(.constdata)
 <LI><a href="#[e0]">ecdsa_free_wrap</a> from pk_wrap.o(.text) referenced from pk_wrap.o(.constdata)
 <LI><a href="#[de]">ecdsa_sign_wrap</a> from pk_wrap.o(.text) referenced from pk_wrap.o(.constdata)
 <LI><a href="#[dd]">ecdsa_verify_wrap</a> from pk_wrap.o(.text) referenced from pk_wrap.o(.constdata)
 <LI><a href="#[d8]">eckey_alloc_wrap</a> from pk_wrap.o(.text) referenced 2 times from pk_wrap.o(.constdata)
 <LI><a href="#[d4]">eckey_can_do</a> from pk_wrap.o(.text) referenced from pk_wrap.o(.constdata)
 <LI><a href="#[d7]">eckey_check_pair</a> from pk_wrap.o(.text) referenced 3 times from pk_wrap.o(.constdata)
 <LI><a href="#[da]">eckey_debug</a> from pk_wrap.o(.text) referenced 3 times from pk_wrap.o(.constdata)
 <LI><a href="#[d9]">eckey_free_wrap</a> from pk_wrap.o(.text) referenced 2 times from pk_wrap.o(.constdata)
 <LI><a href="#[d3]">eckey_get_bitlen</a> from pk_wrap.o(.text) referenced 3 times from pk_wrap.o(.constdata)
 <LI><a href="#[d6]">eckey_sign_wrap</a> from pk_wrap.o(.text) referenced from pk_wrap.o(.constdata)
 <LI><a href="#[d5]">eckey_verify_wrap</a> from pk_wrap.o(.text) referenced from pk_wrap.o(.constdata)
 <LI><a href="#[db]">eckeydh_can_do</a> from pk_wrap.o(.text) referenced from pk_wrap.o(.constdata)
 <LI><a href="#[9b]">ecp_mod_p256</a> from ecp_curves.o(.text) referenced from ecp_curves.o(.text)
 <LI><a href="#[9d]">entropy_dummy_source</a> from entropy.o(.text) referenced from entropy.o(.text)
 <LI><a href="#[a9]">fputc</a> from retarget.o(.text) referenced from printfa.o(i.__0printf)
 <LI><a href="#[16]">free</a> from malloc.o(i.free) referenced 2 times from platform.o(.data)
 <LI><a href="#[b4]">gcm_aes_setkey_wrap</a> from cipher_wrap.o(.text) referenced 2 times from cipher_wrap.o(.constdata)
 <LI><a href="#[b5]">gcm_ctx_alloc</a> from cipher_wrap.o(.text) referenced from cipher_wrap.o(.constdata)
 <LI><a href="#[b6]">gcm_ctx_free</a> from cipher_wrap.o(.text) referenced from cipher_wrap.o(.constdata)
 <LI><a href="#[99]">get_no_padding</a> from cipher.o(.text) referenced from cipher.o(.text)
 <LI><a href="#[94]">get_one_and_zeros_padding</a> from cipher.o(.text) referenced from cipher.o(.text)
 <LI><a href="#[92]">get_pkcs_padding</a> from cipher.o(.text) referenced from cipher.o(.text)
 <LI><a href="#[96]">get_zeros_and_len_padding</a> from cipher.o(.text) referenced from cipher.o(.text)
 <LI><a href="#[98]">get_zeros_padding</a> from cipher.o(.text) referenced from cipher.o(.text)
 <LI><a href="#[a8]">isspace</a> from isspace_o.o(.text) referenced from scanf_char.o(.text)
 <LI><a href="#[7a]">main</a> from main.o(.text) referenced from entry9a.o(.ARM.Collect$$$$0000000B)
 <LI><a href="#[85]">mbedtls_ctr_drbg_random</a> from ctr_drbg.o(.text) referenced 2 times from aws_pkcs11_mbedtls.o(.text)
 <LI><a href="#[84]">mbedtls_entropy_func</a> from entropy.o(.text) referenced from aws_pkcs11_mbedtls.o(.text)
 <LI><a href="#[9c]">mbedtls_hardware_poll</a> from entropy_hardware_poll.o(.text) referenced from entropy.o(.text)
 <LI><a href="#[ba]">mbedtls_sha1_ret</a> from sha1.o(.text) referenced from md_wrap.o(.constdata)
 <LI><a href="#[19]">memset</a> from memseta.o(.text) referenced 2 times from platform_util.o(.data)
 <LI><a href="#[9e]">myrand</a> from rsa.o(.text) referenced from rsa.o(.text)
 <LI><a href="#[83]">prvCalloc</a> from aws_crypto.o(.text) referenced from aws_crypto.o(.text)
 <LI><a href="#[8d]">prvCheckCertificate</a> from aws_tls.o(.text) referenced from aws_tls.o(.text)
 <LI><a href="#[8b]">prvEchoClientTxTask</a> from aws_test_tcp.o(.text) referenced from aws_test_tcp.o(.text)
 <LI><a href="#[8e]">prvGenerateRandomBytes</a> from aws_tls.o(.text) referenced from aws_tls.o(.text)
 <LI><a href="#[7f]">prvIdleTask</a> from tasks.o(.text) referenced from tasks.o(.text)
 <LI><a href="#[a4]">prvLoggingTask</a> from aws_logging_task_dynamic_buffers.o(.text) referenced from aws_logging_task_dynamic_buffers.o(.text)
 <LI><a href="#[86]">prvNetworkRecv</a> from aws_secure_sockets.o(.text) referenced 2 times from aws_secure_sockets.o(.text)
 <LI><a href="#[87]">prvNetworkSend</a> from aws_secure_sockets.o(.text) referenced 2 times from aws_secure_sockets.o(.text)
 <LI><a href="#[8c]">prvPrivateKeySigningCallback</a> from aws_tls.o(.text) referenced from aws_tls.o(.text)
 <LI><a href="#[81]">prvTaskExitError</a> from port.o(.text) referenced from port.o(.text)
 <LI><a href="#[8a]">prvThreadSafeDifferentSocketsDifferentTasks</a> from aws_test_tcp.o(.text) referenced from aws_test_tcp.o(.text)
 <LI><a href="#[80]">prvTimerTask</a> from timers.o(.text) referenced from timers.o(.text)
 <LI><a href="#[d0]">rsa_alloc_wrap</a> from pk_wrap.o(.text) referenced from pk_wrap.o(.constdata)
 <LI><a href="#[e6]">rsa_alt_alloc_wrap</a> from pk_wrap.o(.text) referenced from pk_wrap.o(.constdata)
 <LI><a href="#[e2]">rsa_alt_can_do</a> from pk_wrap.o(.text) referenced from pk_wrap.o(.constdata)
 <LI><a href="#[e5]">rsa_alt_check_pair</a> from pk_wrap.o(.text) referenced from pk_wrap.o(.constdata)
 <LI><a href="#[e4]">rsa_alt_decrypt_wrap</a> from pk_wrap.o(.text) referenced from pk_wrap.o(.constdata)
 <LI><a href="#[e7]">rsa_alt_free_wrap</a> from pk_wrap.o(.text) referenced from pk_wrap.o(.constdata)
 <LI><a href="#[e1]">rsa_alt_get_bitlen</a> from pk_wrap.o(.text) referenced from pk_wrap.o(.constdata)
 <LI><a href="#[e3]">rsa_alt_sign_wrap</a> from pk_wrap.o(.text) referenced from pk_wrap.o(.constdata)
 <LI><a href="#[ca]">rsa_can_do</a> from pk_wrap.o(.text) referenced from pk_wrap.o(.constdata)
 <LI><a href="#[cf]">rsa_check_pair_wrap</a> from pk_wrap.o(.text) referenced from pk_wrap.o(.constdata)
 <LI><a href="#[d2]">rsa_debug</a> from pk_wrap.o(.text) referenced from pk_wrap.o(.constdata)
 <LI><a href="#[cd]">rsa_decrypt_wrap</a> from pk_wrap.o(.text) referenced from pk_wrap.o(.constdata)
 <LI><a href="#[ce]">rsa_encrypt_wrap</a> from pk_wrap.o(.text) referenced from pk_wrap.o(.constdata)
 <LI><a href="#[d1]">rsa_free_wrap</a> from pk_wrap.o(.text) referenced from pk_wrap.o(.constdata)
 <LI><a href="#[c9]">rsa_get_bitlen</a> from pk_wrap.o(.text) referenced from pk_wrap.o(.constdata)
 <LI><a href="#[cc]">rsa_sign_wrap</a> from pk_wrap.o(.text) referenced from pk_wrap.o(.constdata)
 <LI><a href="#[cb]">rsa_verify_wrap</a> from pk_wrap.o(.text) referenced from pk_wrap.o(.constdata)
 <LI><a href="#[bd]">sha1_clone_wrap</a> from md_wrap.o(.text) referenced from md_wrap.o(.constdata)
 <LI><a href="#[bb]">sha1_ctx_alloc</a> from md_wrap.o(.text) referenced from md_wrap.o(.constdata)
 <LI><a href="#[bc]">sha1_ctx_free</a> from md_wrap.o(.text) referenced from md_wrap.o(.constdata)
 <LI><a href="#[b9]">sha1_finish_wrap</a> from md_wrap.o(.text) referenced from md_wrap.o(.constdata)
 <LI><a href="#[be]">sha1_process_wrap</a> from md_wrap.o(.text) referenced from md_wrap.o(.constdata)
 <LI><a href="#[b7]">sha1_starts_wrap</a> from md_wrap.o(.text) referenced from md_wrap.o(.constdata)
 <LI><a href="#[b8]">sha1_update_wrap</a> from md_wrap.o(.text) referenced from md_wrap.o(.constdata)
 <LI><a href="#[c5]">sha224_clone_wrap</a> from md_wrap.o(.text) referenced 2 times from md_wrap.o(.constdata)
 <LI><a href="#[c3]">sha224_ctx_alloc</a> from md_wrap.o(.text) referenced 2 times from md_wrap.o(.constdata)
 <LI><a href="#[c4]">sha224_ctx_free</a> from md_wrap.o(.text) referenced 2 times from md_wrap.o(.constdata)
 <LI><a href="#[c1]">sha224_finish_wrap</a> from md_wrap.o(.text) referenced 2 times from md_wrap.o(.constdata)
 <LI><a href="#[c6]">sha224_process_wrap</a> from md_wrap.o(.text) referenced 2 times from md_wrap.o(.constdata)
 <LI><a href="#[bf]">sha224_starts_wrap</a> from md_wrap.o(.text) referenced from md_wrap.o(.constdata)
 <LI><a href="#[c0]">sha224_update_wrap</a> from md_wrap.o(.text) referenced 2 times from md_wrap.o(.constdata)
 <LI><a href="#[c2]">sha224_wrap</a> from md_wrap.o(.text) referenced from md_wrap.o(.constdata)
 <LI><a href="#[c7]">sha256_starts_wrap</a> from md_wrap.o(.text) referenced from md_wrap.o(.constdata)
 <LI><a href="#[c8]">sha256_wrap</a> from md_wrap.o(.text) referenced from md_wrap.o(.constdata)
 <LI><a href="#[a1]">ssl_calc_finished_tls_sha256</a> from ssl_tls.o(.text) referenced from ssl_tls.o(.text)
 <LI><a href="#[a0]">ssl_calc_verify_tls_sha256</a> from ssl_tls.o(.text) referenced 2 times from ssl_tls.o(.text)
 <LI><a href="#[a2]">ssl_update_checksum_sha256</a> from ssl_tls.o(.text) referenced from ssl_tls.o(.text)
 <LI><a href="#[a3]">ssl_update_checksum_start</a> from ssl_tls.o(.text) referenced from ssl_tls.o(.text)
 <LI><a href="#[17]">threading_mutex_dummy</a> from threading.o(.text) referenced 4 times from threading.o(.data)
 <LI><a href="#[18]">threading_mutex_fail</a> from threading.o(.text) referenced 4 times from threading.o(.data)
 <LI><a href="#[9f]">tls_prf_sha256</a> from ssl_tls.o(.text) referenced from ssl_tls.o(.text)
 <LI><a href="#[82]">vPortFree</a> from heap_4.o(.text) referenced from aws_crypto.o(.text)
</UL>
<P>
<H3>
Global Symbols
</H3>
<P><STRONG><a name="[7d]"></a>__main</STRONG> (Thumb, 0 bytes, Stack size unknown bytes, entry.o(.ARM.Collect$$$$00000000))
<BR>[Address Reference Count : 1]<UL><LI> startup_m480.o(.text)
</UL>
<P><STRONG><a name="[535]"></a>_main_stk</STRONG> (Thumb, 0 bytes, Stack size unknown bytes, entry2.o(.ARM.Collect$$$$00000001))

<P><STRONG><a name="[f1]"></a>_main_scatterload</STRONG> (Thumb, 0 bytes, Stack size unknown bytes, entry5.o(.ARM.Collect$$$$00000004))
<BR><BR>[Calls]<UL><LI><a href="#[f2]">&gt;&gt;</a>&nbsp;&nbsp;&nbsp;__scatterload
</UL>

<P><STRONG><a name="[529]"></a>__main_after_scatterload</STRONG> (Thumb, 0 bytes, Stack size unknown bytes, entry5.o(.ARM.Collect$$$$00000004))
<BR><BR>[Called By]<UL><LI><a href="#[f2]">&gt;&gt;</a>&nbsp;&nbsp;&nbsp;__scatterload
</UL>

<P><STRONG><a name="[536]"></a>_main_clock</STRONG> (Thumb, 0 bytes, Stack size unknown bytes, entry7b.o(.ARM.Collect$$$$00000008))

<P><STRONG><a name="[537]"></a>_main_cpp_init</STRONG> (Thumb, 0 bytes, Stack size unknown bytes, entry8b.o(.ARM.Collect$$$$0000000A))

<P><STRONG><a name="[538]"></a>_main_init</STRONG> (Thumb, 0 bytes, Stack size unknown bytes, entry9a.o(.ARM.Collect$$$$0000000B))

<P><STRONG><a name="[539]"></a>__rt_final_cpp</STRONG> (Thumb, 0 bytes, Stack size unknown bytes, entry10a.o(.ARM.Collect$$$$0000000D))

<P><STRONG><a name="[53a]"></a>__rt_final_exit</STRONG> (Thumb, 0 bytes, Stack size unknown bytes, entry11a.o(.ARM.Collect$$$$0000000F))

<P><STRONG><a name="[20]"></a>SVC_Handler</STRONG> (Thumb, 28 bytes, Stack size 0 bytes, port.o(.emb_text))
<BR>[Address Reference Count : 1]<UL><LI> startup_m480.o(RESET)
</UL>
<P><STRONG><a name="[1a2]"></a>__asm___6_port_c_39a90d8d__prvStartFirstTask</STRONG> (Thumb, 36 bytes, Stack size 0 bytes, port.o(.emb_text))
<BR><BR>[Called By]<UL><LI><a href="#[178]">&gt;&gt;</a>&nbsp;&nbsp;&nbsp;xPortStartScheduler
</UL>

<P><STRONG><a name="[1a1]"></a>__asm___6_port_c_39a90d8d__prvEnableVFP</STRONG> (Thumb, 16 bytes, Stack size 0 bytes, port.o(.emb_text))
<BR><BR>[Called By]<UL><LI><a href="#[178]">&gt;&gt;</a>&nbsp;&nbsp;&nbsp;xPortStartScheduler
</UL>

<P><STRONG><a name="[22]"></a>PendSV_Handler</STRONG> (Thumb, 88 bytes, Stack size 0 bytes, port.o(.emb_text))
<BR><BR>[Stack]<UL><LI>Max Depth = 176<LI>Call Chain = PendSV_Handler &rArr; vTaskSwitchContext &rArr; vApplicationStackOverflowHook &rArr; vLoggingPrintf &rArr; xQueueGenericSend &rArr; vTaskPlaceOnEventList &rArr; prvAddCurrentTaskToDelayedList &rArr; vListInsert
</UL>
<BR>[Calls]<UL><LI><a href="#[f3]">&gt;&gt;</a>&nbsp;&nbsp;&nbsp;vTaskSwitchContext
</UL>
<BR>[Address Reference Count : 1]<UL><LI> startup_m480.o(RESET)
</UL>
<P><STRONG><a name="[1a3]"></a>vPortGetIPSR</STRONG> (Thumb, 6 bytes, Stack size 0 bytes, port.o(.emb_text))
<BR><BR>[Called By]<UL><LI><a href="#[14b]">&gt;&gt;</a>&nbsp;&nbsp;&nbsp;vPortValidateInterruptPriority
</UL>

<P><STRONG><a name="[1c]"></a>HardFault_Handler</STRONG> (Thumb, 24 bytes, Stack size 0 bytes, retarget.o(.emb_text))
<BR>[Address Reference Count : 1]<UL><LI> startup_m480.o(RESET)
</UL>
<P><STRONG><a name="[1a]"></a>Reset_Handler</STRONG> (Thumb, 64 bytes, Stack size 0 bytes, startup_m480.o(.text))
<BR>[Address Reference Count : 1]<UL><LI> startup_m480.o(RESET)
</UL>
<P><STRONG><a name="[1b]"></a>NMI_Handler</STRONG> (Thumb, 2 bytes, Stack size 0 bytes, startup_m480.o(.text))
<BR><BR>[Calls]<UL><LI><a href="#[1b]">&gt;&gt;</a>&nbsp;&nbsp;&nbsp;NMI_Handler
</UL>
<BR>[Called By]<UL><LI><a href="#[1b]">&gt;&gt;</a>&nbsp;&nbsp;&nbsp;NMI_Handler
</UL>
<BR>[Address Reference Count : 1]<UL><LI> startup_m480.o(RESET)
</UL>
<P><STRONG><a name="[1d]"></a>MemManage_Handler</STRONG> (Thumb, 2 bytes, Stack size 0 bytes, startup_m480.o(.text))
<BR><BR>[Calls]<UL><LI><a href="#[1d]">&gt;&gt;</a>&nbsp;&nbsp;&nbsp;MemManage_Handler
</UL>
<BR>[Called By]<UL><LI><a href="#[1d]">&gt;&gt;</a>&nbsp;&nbsp;&nbsp;MemManage_Handler
</UL>
<BR>[Address Reference Count : 1]<UL><LI> startup_m480.o(RESET)
</UL>
<P><STRONG><a name="[1e]"></a>BusFault_Handler</STRONG> (Thumb, 2 bytes, Stack size 0 bytes, startup_m480.o(.text))
<BR><BR>[Calls]<UL><LI><a href="#[1e]">&gt;&gt;</a>&nbsp;&nbsp;&nbsp;BusFault_Handler
</UL>
<BR>[Called By]<UL><LI><a href="#[1e]">&gt;&gt;</a>&nbsp;&nbsp;&nbsp;BusFault_Handler
</UL>
<BR>[Address Reference Count : 1]<UL><LI> startup_m480.o(RESET)
</UL>
<P><STRONG><a name="[1f]"></a>UsageFault_Handler</STRONG> (Thumb, 2 bytes, Stack size 0 bytes, startup_m480.o(.text))
<BR><BR>[Calls]<UL><LI><a href="#[1f]">&gt;&gt;</a>&nbsp;&nbsp;&nbsp;UsageFault_Handler
</UL>
<BR>[Called By]<UL><LI><a href="#[1f]">&gt;&gt;</a>&nbsp;&nbsp;&nbsp;UsageFault_Handler
</UL>
<BR>[Address Reference Count : 1]<UL><LI> startup_m480.o(RESET)
</UL>
<P><STRONG><a name="[21]"></a>DebugMon_Handler</STRONG> (Thumb, 2 bytes, Stack size 0 bytes, startup_m480.o(.text))
<BR><BR>[Calls]<UL><LI><a href="#[21]">&gt;&gt;</a>&nbsp;&nbsp;&nbsp;DebugMon_Handler
</UL>
<BR>[Called By]<UL><LI><a href="#[21]">&gt;&gt;</a>&nbsp;&nbsp;&nbsp;DebugMon_Handler
</UL>
<BR>[Address Reference Count : 1]<UL><LI> startup_m480.o(RESET)
</UL>
<P><STRONG><a name="[50]"></a>ACMP01_IRQHandler</STRONG> (Thumb, 0 bytes, Stack size 0 bytes, startup_m480.o(.text))
<BR>[Address Reference Count : 1]<UL><LI> startup_m480.o(RESET)
</UL>
<P><STRONG><a name="[4e]"></a>ADC00_IRQHandler</STRONG> (Thumb, 0 bytes, Stack size 0 bytes, startup_m480.o(.text))
<BR>[Address Reference Count : 1]<UL><LI> startup_m480.o(RESET)
</UL>
<P><STRONG><a name="[4f]"></a>ADC01_IRQHandler</STRONG> (Thumb, 0 bytes, Stack size 0 bytes, startup_m480.o(.text))
<BR>[Address Reference Count : 1]<UL><LI> startup_m480.o(RESET)
</UL>
<P><STRONG><a name="[51]"></a>ADC02_IRQHandler</STRONG> (Thumb, 0 bytes, Stack size 0 bytes, startup_m480.o(.text))
<BR>[Address Reference Count : 1]<UL><LI> startup_m480.o(RESET)
</UL>
<P><STRONG><a name="[52]"></a>ADC03_IRQHandler</STRONG> (Thumb, 0 bytes, Stack size 0 bytes, startup_m480.o(.text))
<BR>[Address Reference Count : 1]<UL><LI> startup_m480.o(RESET)
</UL>
<P><STRONG><a name="[24]"></a>BOD_IRQHandler</STRONG> (Thumb, 0 bytes, Stack size 0 bytes, startup_m480.o(.text))
<BR>[Address Reference Count : 1]<UL><LI> startup_m480.o(RESET)
</UL>
<P><STRONG><a name="[6d]"></a>BPWM0_IRQHandler</STRONG> (Thumb, 0 bytes, Stack size 0 bytes, startup_m480.o(.text))
<BR>[Address Reference Count : 1]<UL><LI> startup_m480.o(RESET)
</UL>
<P><STRONG><a name="[6e]"></a>BPWM1_IRQHandler</STRONG> (Thumb, 0 bytes, Stack size 0 bytes, startup_m480.o(.text))
<BR>[Address Reference Count : 1]<UL><LI> startup_m480.o(RESET)
</UL>
<P><STRONG><a name="[3c]"></a>BRAKE0_IRQHandler</STRONG> (Thumb, 0 bytes, Stack size 0 bytes, startup_m480.o(.text))
<BR>[Address Reference Count : 1]<UL><LI> startup_m480.o(RESET)
</UL>
<P><STRONG><a name="[40]"></a>BRAKE1_IRQHandler</STRONG> (Thumb, 0 bytes, Stack size 0 bytes, startup_m480.o(.text))
<BR>[Address Reference Count : 1]<UL><LI> startup_m480.o(RESET)
</UL>
<P><STRONG><a name="[5a]"></a>CAN0_IRQHandler</STRONG> (Thumb, 0 bytes, Stack size 0 bytes, startup_m480.o(.text))
<BR>[Address Reference Count : 1]<UL><LI> startup_m480.o(RESET)
</UL>
<P><STRONG><a name="[5b]"></a>CAN1_IRQHandler</STRONG> (Thumb, 0 bytes, Stack size 0 bytes, startup_m480.o(.text))
<BR>[Address Reference Count : 1]<UL><LI> startup_m480.o(RESET)
</UL>
<P><STRONG><a name="[28]"></a>CKFAIL_IRQHandler</STRONG> (Thumb, 0 bytes, Stack size 0 bytes, startup_m480.o(.text))
<BR>[Address Reference Count : 1]<UL><LI> startup_m480.o(RESET)
</UL>
<P><STRONG><a name="[4d]"></a>DAC_IRQHandler</STRONG> (Thumb, 0 bytes, Stack size 0 bytes, startup_m480.o(.text))
<BR>[Address Reference Count : 1]<UL><LI> startup_m480.o(RESET)
</UL>
<P><STRONG><a name="[73]"></a>ECAP0_IRQHandler</STRONG> (Thumb, 0 bytes, Stack size 0 bytes, startup_m480.o(.text))
<BR>[Address Reference Count : 1]<UL><LI> startup_m480.o(RESET)
</UL>
<P><STRONG><a name="[74]"></a>ECAP1_IRQHandler</STRONG> (Thumb, 0 bytes, Stack size 0 bytes, startup_m480.o(.text))
<BR>[Address Reference Count : 1]<UL><LI> startup_m480.o(RESET)
</UL>
<P><STRONG><a name="[78]"></a>EHCI_IRQHandler</STRONG> (Thumb, 0 bytes, Stack size 0 bytes, startup_m480.o(.text))
<BR>[Address Reference Count : 1]<UL><LI> startup_m480.o(RESET)
</UL>
<P><STRONG><a name="[2e]"></a>EINT0_IRQHandler</STRONG> (Thumb, 0 bytes, Stack size 0 bytes, startup_m480.o(.text))
<BR>[Address Reference Count : 1]<UL><LI> startup_m480.o(RESET)
</UL>
<P><STRONG><a name="[2f]"></a>EINT1_IRQHandler</STRONG> (Thumb, 0 bytes, Stack size 0 bytes, startup_m480.o(.text))
<BR>[Address Reference Count : 1]<UL><LI> startup_m480.o(RESET)
</UL>
<P><STRONG><a name="[30]"></a>EINT2_IRQHandler</STRONG> (Thumb, 0 bytes, Stack size 0 bytes, startup_m480.o(.text))
<BR>[Address Reference Count : 1]<UL><LI> startup_m480.o(RESET)
</UL>
<P><STRONG><a name="[31]"></a>EINT3_IRQHandler</STRONG> (Thumb, 0 bytes, Stack size 0 bytes, startup_m480.o(.text))
<BR>[Address Reference Count : 1]<UL><LI> startup_m480.o(RESET)
</UL>
<P><STRONG><a name="[32]"></a>EINT4_IRQHandler</STRONG> (Thumb, 0 bytes, Stack size 0 bytes, startup_m480.o(.text))
<BR>[Address Reference Count : 1]<UL><LI> startup_m480.o(RESET)
</UL>
<P><STRONG><a name="[33]"></a>EINT5_IRQHandler</STRONG> (Thumb, 0 bytes, Stack size 0 bytes, startup_m480.o(.text))
<BR>[Address Reference Count : 1]<UL><LI> startup_m480.o(RESET)
</UL>
<P><STRONG><a name="[68]"></a>EINT6_IRQHandler</STRONG> (Thumb, 0 bytes, Stack size 0 bytes, startup_m480.o(.text))
<BR>[Address Reference Count : 1]<UL><LI> startup_m480.o(RESET)
</UL>
<P><STRONG><a name="[76]"></a>EINT7_IRQHandler</STRONG> (Thumb, 0 bytes, Stack size 0 bytes, startup_m480.o(.text))
<BR>[Address Reference Count : 1]<UL><LI> startup_m480.o(RESET)
</UL>
<P><STRONG><a name="[63]"></a>EMAC_RX_IRQHandler</STRONG> (Thumb, 0 bytes, Stack size 0 bytes, startup_m480.o(.text))
<BR>[Address Reference Count : 1]<UL><LI> startup_m480.o(RESET)
</UL>
<P><STRONG><a name="[62]"></a>EMAC_TX_IRQHandler</STRONG> (Thumb, 0 bytes, Stack size 0 bytes, startup_m480.o(.text))
<BR>[Address Reference Count : 1]<UL><LI> startup_m480.o(RESET)
</UL>
<P><STRONG><a name="[3d]"></a>EPWM0P0_IRQHandler</STRONG> (Thumb, 0 bytes, Stack size 0 bytes, startup_m480.o(.text))
<BR>[Address Reference Count : 1]<UL><LI> startup_m480.o(RESET)
</UL>
<P><STRONG><a name="[3e]"></a>EPWM0P1_IRQHandler</STRONG> (Thumb, 0 bytes, Stack size 0 bytes, startup_m480.o(.text))
<BR>[Address Reference Count : 1]<UL><LI> startup_m480.o(RESET)
</UL>
<P><STRONG><a name="[3f]"></a>EPWM0P2_IRQHandler</STRONG> (Thumb, 0 bytes, Stack size 0 bytes, startup_m480.o(.text))
<BR>[Address Reference Count : 1]<UL><LI> startup_m480.o(RESET)
</UL>
<P><STRONG><a name="[41]"></a>EPWM1P0_IRQHandler</STRONG> (Thumb, 0 bytes, Stack size 0 bytes, startup_m480.o(.text))
<BR>[Address Reference Count : 1]<UL><LI> startup_m480.o(RESET)
</UL>
<P><STRONG><a name="[42]"></a>EPWM1P1_IRQHandler</STRONG> (Thumb, 0 bytes, Stack size 0 bytes, startup_m480.o(.text))
<BR>[Address Reference Count : 1]<UL><LI> startup_m480.o(RESET)
</UL>
<P><STRONG><a name="[43]"></a>EPWM1P2_IRQHandler</STRONG> (Thumb, 0 bytes, Stack size 0 bytes, startup_m480.o(.text))
<BR>[Address Reference Count : 1]<UL><LI> startup_m480.o(RESET)
</UL>
<P><STRONG><a name="[34]"></a>GPA_IRQHandler</STRONG> (Thumb, 0 bytes, Stack size 0 bytes, startup_m480.o(.text))
<BR>[Address Reference Count : 1]<UL><LI> startup_m480.o(RESET)
</UL>
<P><STRONG><a name="[35]"></a>GPB_IRQHandler</STRONG> (Thumb, 0 bytes, Stack size 0 bytes, startup_m480.o(.text))
<BR>[Address Reference Count : 1]<UL><LI> startup_m480.o(RESET)
</UL>
<P><STRONG><a name="[36]"></a>GPC_IRQHandler</STRONG> (Thumb, 0 bytes, Stack size 0 bytes, startup_m480.o(.text))
<BR>[Address Reference Count : 1]<UL><LI> startup_m480.o(RESET)
</UL>
<P><STRONG><a name="[37]"></a>GPD_IRQHandler</STRONG> (Thumb, 0 bytes, Stack size 0 bytes, startup_m480.o(.text))
<BR>[Address Reference Count : 1]<UL><LI> startup_m480.o(RESET)
</UL>
<P><STRONG><a name="[38]"></a>GPE_IRQHandler</STRONG> (Thumb, 0 bytes, Stack size 0 bytes, startup_m480.o(.text))
<BR>[Address Reference Count : 1]<UL><LI> startup_m480.o(RESET)
</UL>
<P><STRONG><a name="[39]"></a>GPF_IRQHandler</STRONG> (Thumb, 0 bytes, Stack size 0 bytes, startup_m480.o(.text))
<BR>[Address Reference Count : 1]<UL><LI> startup_m480.o(RESET)
</UL>
<P><STRONG><a name="[67]"></a>GPG_IRQHandler</STRONG> (Thumb, 0 bytes, Stack size 0 bytes, startup_m480.o(.text))
<BR>[Address Reference Count : 1]<UL><LI> startup_m480.o(RESET)
</UL>
<P><STRONG><a name="[75]"></a>GPH_IRQHandler</STRONG> (Thumb, 0 bytes, Stack size 0 bytes, startup_m480.o(.text))
<BR>[Address Reference Count : 1]<UL><LI> startup_m480.o(RESET)
</UL>
<P><STRONG><a name="[4a]"></a>I2C0_IRQHandler</STRONG> (Thumb, 0 bytes, Stack size 0 bytes, startup_m480.o(.text))
<BR>[Address Reference Count : 1]<UL><LI> startup_m480.o(RESET)
</UL>
<P><STRONG><a name="[4b]"></a>I2C1_IRQHandler</STRONG> (Thumb, 0 bytes, Stack size 0 bytes, startup_m480.o(.text))
<BR>[Address Reference Count : 1]<UL><LI> startup_m480.o(RESET)
</UL>
<P><STRONG><a name="[70]"></a>I2C2_IRQHandler</STRONG> (Thumb, 0 bytes, Stack size 0 bytes, startup_m480.o(.text))
<BR>[Address Reference Count : 1]<UL><LI> startup_m480.o(RESET)
</UL>
<P><STRONG><a name="[64]"></a>I2S0_IRQHandler</STRONG> (Thumb, 0 bytes, Stack size 0 bytes, startup_m480.o(.text))
<BR>[Address Reference Count : 1]<UL><LI> startup_m480.o(RESET)
</UL>
<P><STRONG><a name="[25]"></a>IRC_IRQHandler</STRONG> (Thumb, 0 bytes, Stack size 0 bytes, startup_m480.o(.text))
<BR>[Address Reference Count : 1]<UL><LI> startup_m480.o(RESET)
</UL>
<P><STRONG><a name="[58]"></a>OHCI_IRQHandler</STRONG> (Thumb, 0 bytes, Stack size 0 bytes, startup_m480.o(.text))
<BR>[Address Reference Count : 1]<UL><LI> startup_m480.o(RESET)
</UL>
<P><STRONG><a name="[65]"></a>OPA0_IRQHandler</STRONG> (Thumb, 0 bytes, Stack size 0 bytes, startup_m480.o(.text))
<BR>[Address Reference Count : 1]<UL><LI> startup_m480.o(RESET)
</UL>
<P><STRONG><a name="[4c]"></a>PDMA_IRQHandler</STRONG> (Thumb, 0 bytes, Stack size 0 bytes, startup_m480.o(.text))
<BR>[Address Reference Count : 1]<UL><LI> startup_m480.o(RESET)
</UL>
<P><STRONG><a name="[26]"></a>PWRWU_IRQHandler</STRONG> (Thumb, 0 bytes, Stack size 0 bytes, startup_m480.o(.text))
<BR>[Address Reference Count : 1]<UL><LI> startup_m480.o(RESET)
</UL>
<P><STRONG><a name="[71]"></a>QEI0_IRQHandler</STRONG> (Thumb, 0 bytes, Stack size 0 bytes, startup_m480.o(.text))
<BR>[Address Reference Count : 1]<UL><LI> startup_m480.o(RESET)
</UL>
<P><STRONG><a name="[72]"></a>QEI1_IRQHandler</STRONG> (Thumb, 0 bytes, Stack size 0 bytes, startup_m480.o(.text))
<BR>[Address Reference Count : 1]<UL><LI> startup_m480.o(RESET)
</UL>
<P><STRONG><a name="[3a]"></a>QSPI0_IRQHandler</STRONG> (Thumb, 0 bytes, Stack size 0 bytes, startup_m480.o(.text))
<BR>[Address Reference Count : 1]<UL><LI> startup_m480.o(RESET)
</UL>
<P><STRONG><a name="[27]"></a>RAMPE_IRQHandler</STRONG> (Thumb, 0 bytes, Stack size 0 bytes, startup_m480.o(.text))
<BR>[Address Reference Count : 1]<UL><LI> startup_m480.o(RESET)
</UL>
<P><STRONG><a name="[2a]"></a>RTC_IRQHandler</STRONG> (Thumb, 0 bytes, Stack size 0 bytes, startup_m480.o(.text))
<BR>[Address Reference Count : 1]<UL><LI> startup_m480.o(RESET)
</UL>
<P><STRONG><a name="[5c]"></a>SC0_IRQHandler</STRONG> (Thumb, 0 bytes, Stack size 0 bytes, startup_m480.o(.text))
<BR>[Address Reference Count : 1]<UL><LI> startup_m480.o(RESET)
</UL>
<P><STRONG><a name="[5d]"></a>SC1_IRQHandler</STRONG> (Thumb, 0 bytes, Stack size 0 bytes, startup_m480.o(.text))
<BR>[Address Reference Count : 1]<UL><LI> startup_m480.o(RESET)
</UL>
<P><STRONG><a name="[5e]"></a>SC2_IRQHandler</STRONG> (Thumb, 0 bytes, Stack size 0 bytes, startup_m480.o(.text))
<BR>[Address Reference Count : 1]<UL><LI> startup_m480.o(RESET)
</UL>
<P><STRONG><a name="[60]"></a>SDH0_IRQHandler</STRONG> (Thumb, 0 bytes, Stack size 0 bytes, startup_m480.o(.text))
<BR>[Address Reference Count : 1]<UL><LI> startup_m480.o(RESET)
</UL>
<P><STRONG><a name="[77]"></a>SDH1_IRQHandler</STRONG> (Thumb, 0 bytes, Stack size 0 bytes, startup_m480.o(.text))
<BR>[Address Reference Count : 1]<UL><LI> startup_m480.o(RESET)
</UL>
<P><STRONG><a name="[3b]"></a>SPI0_IRQHandler</STRONG> (Thumb, 0 bytes, Stack size 0 bytes, startup_m480.o(.text))
<BR>[Address Reference Count : 1]<UL><LI> startup_m480.o(RESET)
</UL>
<P><STRONG><a name="[55]"></a>SPI1_IRQHandler</STRONG> (Thumb, 0 bytes, Stack size 0 bytes, startup_m480.o(.text))
<BR>[Address Reference Count : 1]<UL><LI> startup_m480.o(RESET)
</UL>
<P><STRONG><a name="[56]"></a>SPI2_IRQHandler</STRONG> (Thumb, 0 bytes, Stack size 0 bytes, startup_m480.o(.text))
<BR>[Address Reference Count : 1]<UL><LI> startup_m480.o(RESET)
</UL>
<P><STRONG><a name="[5f]"></a>SPI3_IRQHandler</STRONG> (Thumb, 0 bytes, Stack size 0 bytes, startup_m480.o(.text))
<BR>[Address Reference Count : 1]<UL><LI> startup_m480.o(RESET)
</UL>
<P><STRONG><a name="[6f]"></a>SPIM_IRQHandler</STRONG> (Thumb, 0 bytes, Stack size 0 bytes, startup_m480.o(.text))
<BR>[Address Reference Count : 1]<UL><LI> startup_m480.o(RESET)
</UL>
<P><STRONG><a name="[2b]"></a>TAMPER_IRQHandler</STRONG> (Thumb, 0 bytes, Stack size 0 bytes, startup_m480.o(.text))
<BR>[Address Reference Count : 1]<UL><LI> startup_m480.o(RESET)
</UL>
<P><STRONG><a name="[44]"></a>TMR0_IRQHandler</STRONG> (Thumb, 0 bytes, Stack size 0 bytes, startup_m480.o(.text))
<BR>[Address Reference Count : 1]<UL><LI> startup_m480.o(RESET)
</UL>
<P><STRONG><a name="[45]"></a>TMR1_IRQHandler</STRONG> (Thumb, 0 bytes, Stack size 0 bytes, startup_m480.o(.text))
<BR>[Address Reference Count : 1]<UL><LI> startup_m480.o(RESET)
</UL>
<P><STRONG><a name="[46]"></a>TMR2_IRQHandler</STRONG> (Thumb, 0 bytes, Stack size 0 bytes, startup_m480.o(.text))
<BR>[Address Reference Count : 1]<UL><LI> startup_m480.o(RESET)
</UL>
<P><STRONG><a name="[47]"></a>TMR3_IRQHandler</STRONG> (Thumb, 0 bytes, Stack size 0 bytes, startup_m480.o(.text))
<BR>[Address Reference Count : 1]<UL><LI> startup_m480.o(RESET)
</UL>
<P><STRONG><a name="[48]"></a>UART0_IRQHandler</STRONG> (Thumb, 0 bytes, Stack size 0 bytes, startup_m480.o(.text))
<BR>[Address Reference Count : 1]<UL><LI> startup_m480.o(RESET)
</UL>
<P><STRONG><a name="[53]"></a>UART2_IRQHandler</STRONG> (Thumb, 0 bytes, Stack size 0 bytes, startup_m480.o(.text))
<BR>[Address Reference Count : 1]<UL><LI> startup_m480.o(RESET)
</UL>
<P><STRONG><a name="[54]"></a>UART3_IRQHandler</STRONG> (Thumb, 0 bytes, Stack size 0 bytes, startup_m480.o(.text))
<BR>[Address Reference Count : 1]<UL><LI> startup_m480.o(RESET)
</UL>
<P><STRONG><a name="[69]"></a>UART4_IRQHandler</STRONG> (Thumb, 0 bytes, Stack size 0 bytes, startup_m480.o(.text))
<BR>[Address Reference Count : 1]<UL><LI> startup_m480.o(RESET)
</UL>
<P><STRONG><a name="[6a]"></a>UART5_IRQHandler</STRONG> (Thumb, 0 bytes, Stack size 0 bytes, startup_m480.o(.text))
<BR>[Address Reference Count : 1]<UL><LI> startup_m480.o(RESET)
</UL>
<P><STRONG><a name="[61]"></a>USBD20_IRQHandler</STRONG> (Thumb, 0 bytes, Stack size 0 bytes, startup_m480.o(.text))
<BR>[Address Reference Count : 1]<UL><LI> startup_m480.o(RESET)
</UL>
<P><STRONG><a name="[57]"></a>USBD_IRQHandler</STRONG> (Thumb, 0 bytes, Stack size 0 bytes, startup_m480.o(.text))
<BR>[Address Reference Count : 1]<UL><LI> startup_m480.o(RESET)
</UL>
<P><STRONG><a name="[79]"></a>USBOTG20_IRQHandler</STRONG> (Thumb, 0 bytes, Stack size 0 bytes, startup_m480.o(.text))
<BR>[Address Reference Count : 1]<UL><LI> startup_m480.o(RESET)
</UL>
<P><STRONG><a name="[59]"></a>USBOTG_IRQHandler</STRONG> (Thumb, 0 bytes, Stack size 0 bytes, startup_m480.o(.text))
<BR>[Address Reference Count : 1]<UL><LI> startup_m480.o(RESET)
</UL>
<P><STRONG><a name="[6b]"></a>USCI0_IRQHandler</STRONG> (Thumb, 0 bytes, Stack size 0 bytes, startup_m480.o(.text))
<BR>[Address Reference Count : 1]<UL><LI> startup_m480.o(RESET)
</UL>
<P><STRONG><a name="[6c]"></a>USCI1_IRQHandler</STRONG> (Thumb, 0 bytes, Stack size 0 bytes, startup_m480.o(.text))
<BR>[Address Reference Count : 1]<UL><LI> startup_m480.o(RESET)
</UL>
<P><STRONG><a name="[2c]"></a>WDT_IRQHandler</STRONG> (Thumb, 0 bytes, Stack size 0 bytes, startup_m480.o(.text))
<BR>[Address Reference Count : 1]<UL><LI> startup_m480.o(RESET)
</UL>
<P><STRONG><a name="[2d]"></a>WWDT_IRQHandler</STRONG> (Thumb, 0 bytes, Stack size 0 bytes, startup_m480.o(.text))
<BR>[Address Reference Count : 1]<UL><LI> startup_m480.o(RESET)
</UL>
<P><STRONG><a name="[f4]"></a>SystemCoreClockUpdate</STRONG> (Thumb, 74 bytes, Stack size 16 bytes, system_m480.o(.text))
<BR><BR>[Stack]<UL><LI>Max Depth = 40<LI>Call Chain = SystemCoreClockUpdate &rArr; CLK_GetPLLClockFreq
</UL>
<BR>[Calls]<UL><LI><a href="#[f5]">&gt;&gt;</a>&nbsp;&nbsp;&nbsp;CLK_GetPLLClockFreq
</UL>
<BR>[Called By]<UL><LI><a href="#[102]">&gt;&gt;</a>&nbsp;&nbsp;&nbsp;prvSetupHardware
<LI><a href="#[1af]">&gt;&gt;</a>&nbsp;&nbsp;&nbsp;CLK_SetHCLK
<LI><a href="#[1ae]">&gt;&gt;</a>&nbsp;&nbsp;&nbsp;CLK_GetCPUFreq
<LI><a href="#[1ad]">&gt;&gt;</a>&nbsp;&nbsp;&nbsp;CLK_GetHCLKFreq
<LI><a href="#[1ac]">&gt;&gt;</a>&nbsp;&nbsp;&nbsp;CLK_GetPCLK1Freq
<LI><a href="#[1ab]">&gt;&gt;</a>&nbsp;&nbsp;&nbsp;CLK_GetPCLK0Freq
</UL>

<P><STRONG><a name="[7c]"></a>SystemInit</STRONG> (Thumb, 182 bytes, Stack size 8 bytes, system_m480.o(.text))
<BR><BR>[Stack]<UL><LI>Max Depth = 16<LI>Call Chain = SystemInit &rArr; CLK_EnableModuleClock
</UL>
<BR>[Calls]<UL><LI><a href="#[f7]">&gt;&gt;</a>&nbsp;&nbsp;&nbsp;SYS_ResetModule
<LI><a href="#[f6]">&gt;&gt;</a>&nbsp;&nbsp;&nbsp;CLK_EnableModuleClock
</UL>
<BR>[Address Reference Count : 1]<UL><LI> startup_m480.o(.text)
</UL>
<P><STRONG><a name="[f8]"></a>adc_trng_gen_bit</STRONG> (Thumb, 110 bytes, Stack size 24 bytes, entropy_hardware_poll.o(.text))
<BR><BR>[Stack]<UL><LI>Max Depth = 24<LI>Call Chain = adc_trng_gen_bit
</UL>
<BR>[Calls]<UL><LI><a href="#[f9]">&gt;&gt;</a>&nbsp;&nbsp;&nbsp;get_adc_bg_val
</UL>
<BR>[Called By]<UL><LI><a href="#[fa]">&gt;&gt;</a>&nbsp;&nbsp;&nbsp;adc_trng_gen_rnd
</UL>

<P><STRONG><a name="[fa]"></a>adc_trng_gen_rnd</STRONG> (Thumb, 26 bytes, Stack size 16 bytes, entropy_hardware_poll.o(.text))
<BR><BR>[Stack]<UL><LI>Max Depth = 40<LI>Call Chain = adc_trng_gen_rnd &rArr; adc_trng_gen_bit
</UL>
<BR>[Calls]<UL><LI><a href="#[f8]">&gt;&gt;</a>&nbsp;&nbsp;&nbsp;adc_trng_gen_bit
</UL>
<BR>[Called By]<UL><LI><a href="#[fb]">&gt;&gt;</a>&nbsp;&nbsp;&nbsp;init_adc_init
<LI><a href="#[fc]">&gt;&gt;</a>&nbsp;&nbsp;&nbsp;trng_get
</UL>

<P><STRONG><a name="[fb]"></a>init_adc_init</STRONG> (Thumb, 148 bytes, Stack size 8 bytes, entropy_hardware_poll.o(.text))
<BR><BR>[Stack]<UL><LI>Max Depth = 48<LI>Call Chain = init_adc_init &rArr; adc_trng_gen_rnd &rArr; adc_trng_gen_bit
</UL>
<BR>[Calls]<UL><LI><a href="#[fa]">&gt;&gt;</a>&nbsp;&nbsp;&nbsp;adc_trng_gen_rnd
<LI><a href="#[f9]">&gt;&gt;</a>&nbsp;&nbsp;&nbsp;get_adc_bg_val
</UL>
<BR>[Called By]<UL><LI><a href="#[101]">&gt;&gt;</a>&nbsp;&nbsp;&nbsp;numaker_ulRand
<LI><a href="#[9c]">&gt;&gt;</a>&nbsp;&nbsp;&nbsp;mbedtls_hardware_poll
</UL>

<P><STRONG><a name="[66]"></a>CRYPTO_IRQHandler</STRONG> (Thumb, 48 bytes, Stack size 0 bytes, entropy_hardware_poll.o(.text))
<BR>[Address Reference Count : 1]<UL><LI> startup_m480.o(RESET)
</UL>
<P><STRONG><a name="[9c]"></a>mbedtls_hardware_poll</STRONG> (Thumb, 68 bytes, Stack size 56 bytes, entropy_hardware_poll.o(.text))
<BR><BR>[Stack]<UL><LI>Max Depth = 112<LI>Call Chain = mbedtls_hardware_poll &rArr; trng_get &rArr; adc_trng_gen_rnd &rArr; adc_trng_gen_bit
</UL>
<BR>[Calls]<UL><LI><a href="#[fb]">&gt;&gt;</a>&nbsp;&nbsp;&nbsp;init_adc_init
<LI><a href="#[fc]">&gt;&gt;</a>&nbsp;&nbsp;&nbsp;trng_get
<LI><a href="#[100]">&gt;&gt;</a>&nbsp;&nbsp;&nbsp;__aeabi_memcpy
</UL>
<BR>[Called By]<UL><LI><a href="#[3c7]">&gt;&gt;</a>&nbsp;&nbsp;&nbsp;mbedtls_entropy_source_self_test_gather
</UL>
<BR>[Address Reference Count : 1]<UL><LI> entropy.o(.text)
</UL>
<P><STRONG><a name="[101]"></a>numaker_ulRand</STRONG> (Thumb, 20 bytes, Stack size 40 bytes, entropy_hardware_poll.o(.text), UNUSED)
<BR><BR>[Calls]<UL><LI><a href="#[fb]">&gt;&gt;</a>&nbsp;&nbsp;&nbsp;init_adc_init
<LI><a href="#[fc]">&gt;&gt;</a>&nbsp;&nbsp;&nbsp;trng_get
</UL>

<P><STRONG><a name="[7a]"></a>main</STRONG> (Thumb, 20 bytes, Stack size 8 bytes, main.o(.text))
<BR><BR>[Stack]<UL><LI>Max Depth = 184<LI>Call Chain = main &rArr; prvMiscInitialization &rArr; xLoggingTaskInitialize &rArr; xTaskCreate &rArr; pvPortMalloc &rArr; xTaskResumeAll &rArr; xTaskIncrementTick
</UL>
<BR>[Calls]<UL><LI><a href="#[10b]">&gt;&gt;</a>&nbsp;&nbsp;&nbsp;vTaskStartScheduler
<LI><a href="#[10a]">&gt;&gt;</a>&nbsp;&nbsp;&nbsp;vLoggingPrintf
<LI><a href="#[108]">&gt;&gt;</a>&nbsp;&nbsp;&nbsp;prvMiscInitialization
</UL>
<BR>[Address Reference Count : 1]<UL><LI> entry9a.o(.ARM.Collect$$$$0000000B)
</UL>
<P><STRONG><a name="[111]"></a>vApplicationDaemonTaskStartupHook</STRONG> (Thumb, 36 bytes, Stack size 16 bytes, main.o(.text))
<BR><BR>[Stack]<UL><LI>Max Depth = 424<LI>Call Chain = vApplicationDaemonTaskStartupHook &rArr; prvWifiConnect &rArr; WIFI_ConnectAP &rArr; ESP_WIFI_Connect &rArr; ESP_WIFI_SetMultiConn &rArr; ESP_AT_Command &rArr; ESP_IO_Recv &rArr; vLoggingPrintf &rArr; xQueueGenericSend &rArr; vTaskPlaceOnEventList &rArr; prvAddCurrentTaskToDelayedList &rArr; vListInsert
</UL>
<BR>[Calls]<UL><LI><a href="#[113]">&gt;&gt;</a>&nbsp;&nbsp;&nbsp;xTaskCreate
<LI><a href="#[112]">&gt;&gt;</a>&nbsp;&nbsp;&nbsp;SYSTEM_Init
<LI><a href="#[10c]">&gt;&gt;</a>&nbsp;&nbsp;&nbsp;prvWifiConnect
</UL>
<BR>[Called By]<UL><LI><a href="#[80]">&gt;&gt;</a>&nbsp;&nbsp;&nbsp;prvTimerTask
</UL>

<P><STRONG><a name="[114]"></a>vAssertCalled</STRONG> (Thumb, 78 bytes, Stack size 32 bytes, main.o(.text), UNUSED)
<BR><BR>[Calls]<UL><LI><a href="#[10e]">&gt;&gt;</a>&nbsp;&nbsp;&nbsp;vTaskDelay
<LI><a href="#[10a]">&gt;&gt;</a>&nbsp;&nbsp;&nbsp;vLoggingPrintf
</UL>

<P><STRONG><a name="[115]"></a>vApplicationIdleHook</STRONG> (Thumb, 42 bytes, Stack size 16 bytes, main.o(.text))
<BR><BR>[Stack]<UL><LI>Max Depth = 16<LI>Call Chain = vApplicationIdleHook
</UL>
<BR>[Calls]<UL><LI><a href="#[116]">&gt;&gt;</a>&nbsp;&nbsp;&nbsp;xTaskGetTickCount
</UL>
<BR>[Called By]<UL><LI><a href="#[7f]">&gt;&gt;</a>&nbsp;&nbsp;&nbsp;prvIdleTask
</UL>

<P><STRONG><a name="[168]"></a>vApplicationTickHook</STRONG> (Thumb, 12 bytes, Stack size 0 bytes, main.o(.text))
<BR><BR>[Called By]<UL><LI><a href="#[167]">&gt;&gt;</a>&nbsp;&nbsp;&nbsp;xTaskIncrementTick
</UL>

<P><STRONG><a name="[117]"></a>xEventGroupCreateStatic</STRONG> (Thumb, 62 bytes, Stack size 16 bytes, event_groups.o(.text), UNUSED)
<BR><BR>[Calls]<UL><LI><a href="#[119]">&gt;&gt;</a>&nbsp;&nbsp;&nbsp;vListInitialise
<LI><a href="#[118]">&gt;&gt;</a>&nbsp;&nbsp;&nbsp;longjmp
</UL>

<P><STRONG><a name="[11a]"></a>xEventGroupCreate</STRONG> (Thumb, 30 bytes, Stack size 8 bytes, event_groups.o(.text))
<BR><BR>[Stack]<UL><LI>Max Depth = 72<LI>Call Chain = xEventGroupCreate &rArr; pvPortMalloc &rArr; xTaskResumeAll &rArr; xTaskIncrementTick
</UL>
<BR>[Calls]<UL><LI><a href="#[119]">&gt;&gt;</a>&nbsp;&nbsp;&nbsp;vListInitialise
<LI><a href="#[11b]">&gt;&gt;</a>&nbsp;&nbsp;&nbsp;pvPortMalloc
</UL>
<BR>[Called By]<UL><LI><a href="#[286]">&gt;&gt;</a>&nbsp;&nbsp;&nbsp;prvStartTCPEchoClientTasks_DifferentSockets
<LI><a href="#[295]">&gt;&gt;</a>&nbsp;&nbsp;&nbsp;prvSOCKETS_Threadsafe_SameSocketDifferentTasks
</UL>

<P><STRONG><a name="[11c]"></a>xEventGroupSetBits</STRONG> (Thumb, 178 bytes, Stack size 48 bytes, event_groups.o(.text))
<BR><BR>[Stack]<UL><LI>Max Depth = 88<LI>Call Chain = xEventGroupSetBits &rArr; xTaskResumeAll &rArr; xTaskIncrementTick
</UL>
<BR>[Calls]<UL><LI><a href="#[11f]">&gt;&gt;</a>&nbsp;&nbsp;&nbsp;xTaskResumeAll
<LI><a href="#[11d]">&gt;&gt;</a>&nbsp;&nbsp;&nbsp;vTaskSuspendAll
<LI><a href="#[11e]">&gt;&gt;</a>&nbsp;&nbsp;&nbsp;vTaskRemoveFromUnorderedEventList
<LI><a href="#[118]">&gt;&gt;</a>&nbsp;&nbsp;&nbsp;longjmp
</UL>
<BR>[Called By]<UL><LI><a href="#[12a]">&gt;&gt;</a>&nbsp;&nbsp;&nbsp;vEventGroupSetBitsCallback
<LI><a href="#[120]">&gt;&gt;</a>&nbsp;&nbsp;&nbsp;xEventGroupSync
</UL>

<P><STRONG><a name="[120]"></a>xEventGroupSync</STRONG> (Thumb, 226 bytes, Stack size 40 bytes, event_groups.o(.text))
<BR><BR>[Stack]<UL><LI>Max Depth = 128<LI>Call Chain = xEventGroupSync &rArr; xEventGroupSetBits &rArr; xTaskResumeAll &rArr; xTaskIncrementTick
</UL>
<BR>[Calls]<UL><LI><a href="#[11f]">&gt;&gt;</a>&nbsp;&nbsp;&nbsp;xTaskResumeAll
<LI><a href="#[121]">&gt;&gt;</a>&nbsp;&nbsp;&nbsp;xTaskGetSchedulerState
<LI><a href="#[11d]">&gt;&gt;</a>&nbsp;&nbsp;&nbsp;vTaskSuspendAll
<LI><a href="#[122]">&gt;&gt;</a>&nbsp;&nbsp;&nbsp;vTaskPlaceOnUnorderedEventList
<LI><a href="#[125]">&gt;&gt;</a>&nbsp;&nbsp;&nbsp;vPortExitCritical
<LI><a href="#[124]">&gt;&gt;</a>&nbsp;&nbsp;&nbsp;vPortEnterCritical
<LI><a href="#[123]">&gt;&gt;</a>&nbsp;&nbsp;&nbsp;uxTaskResetEventItemValue
<LI><a href="#[118]">&gt;&gt;</a>&nbsp;&nbsp;&nbsp;longjmp
<LI><a href="#[11c]">&gt;&gt;</a>&nbsp;&nbsp;&nbsp;xEventGroupSetBits
</UL>
<BR>[Called By]<UL><LI><a href="#[286]">&gt;&gt;</a>&nbsp;&nbsp;&nbsp;prvStartTCPEchoClientTasks_DifferentSockets
<LI><a href="#[295]">&gt;&gt;</a>&nbsp;&nbsp;&nbsp;prvSOCKETS_Threadsafe_SameSocketDifferentTasks
<LI><a href="#[8b]">&gt;&gt;</a>&nbsp;&nbsp;&nbsp;prvEchoClientTxTask
<LI><a href="#[8a]">&gt;&gt;</a>&nbsp;&nbsp;&nbsp;prvThreadSafeDifferentSocketsDifferentTasks
</UL>

<P><STRONG><a name="[126]"></a>xEventGroupWaitBits</STRONG> (Thumb, 282 bytes, Stack size 64 bytes, event_groups.o(.text), UNUSED)
<BR><BR>[Calls]<UL><LI><a href="#[11f]">&gt;&gt;</a>&nbsp;&nbsp;&nbsp;xTaskResumeAll
<LI><a href="#[121]">&gt;&gt;</a>&nbsp;&nbsp;&nbsp;xTaskGetSchedulerState
<LI><a href="#[11d]">&gt;&gt;</a>&nbsp;&nbsp;&nbsp;vTaskSuspendAll
<LI><a href="#[122]">&gt;&gt;</a>&nbsp;&nbsp;&nbsp;vTaskPlaceOnUnorderedEventList
<LI><a href="#[125]">&gt;&gt;</a>&nbsp;&nbsp;&nbsp;vPortExitCritical
<LI><a href="#[124]">&gt;&gt;</a>&nbsp;&nbsp;&nbsp;vPortEnterCritical
<LI><a href="#[123]">&gt;&gt;</a>&nbsp;&nbsp;&nbsp;uxTaskResetEventItemValue
<LI><a href="#[118]">&gt;&gt;</a>&nbsp;&nbsp;&nbsp;longjmp
<LI><a href="#[127]">&gt;&gt;</a>&nbsp;&nbsp;&nbsp;prvTestWaitCondition
</UL>

<P><STRONG><a name="[128]"></a>xEventGroupClearBits</STRONG> (Thumb, 64 bytes, Stack size 24 bytes, event_groups.o(.text), UNUSED)
<BR><BR>[Calls]<UL><LI><a href="#[125]">&gt;&gt;</a>&nbsp;&nbsp;&nbsp;vPortExitCritical
<LI><a href="#[124]">&gt;&gt;</a>&nbsp;&nbsp;&nbsp;vPortEnterCritical
<LI><a href="#[118]">&gt;&gt;</a>&nbsp;&nbsp;&nbsp;longjmp
</UL>
<BR>[Called By]<UL><LI><a href="#[12b]">&gt;&gt;</a>&nbsp;&nbsp;&nbsp;vEventGroupClearBitsCallback
</UL>

<P><STRONG><a name="[53b]"></a>xEventGroupGetBitsFromISR</STRONG> (Thumb, 44 bytes, Stack size 16 bytes, event_groups.o(.text), UNUSED)

<P><STRONG><a name="[129]"></a>vEventGroupDelete</STRONG> (Thumb, 72 bytes, Stack size 16 bytes, event_groups.o(.text))
<BR><BR>[Stack]<UL><LI>Max Depth = 72<LI>Call Chain = vEventGroupDelete &rArr; vPortFree &rArr; xTaskResumeAll &rArr; xTaskIncrementTick
</UL>
<BR>[Calls]<UL><LI><a href="#[11f]">&gt;&gt;</a>&nbsp;&nbsp;&nbsp;xTaskResumeAll
<LI><a href="#[11d]">&gt;&gt;</a>&nbsp;&nbsp;&nbsp;vTaskSuspendAll
<LI><a href="#[11e]">&gt;&gt;</a>&nbsp;&nbsp;&nbsp;vTaskRemoveFromUnorderedEventList
<LI><a href="#[82]">&gt;&gt;</a>&nbsp;&nbsp;&nbsp;vPortFree
<LI><a href="#[118]">&gt;&gt;</a>&nbsp;&nbsp;&nbsp;longjmp
</UL>
<BR>[Called By]<UL><LI><a href="#[286]">&gt;&gt;</a>&nbsp;&nbsp;&nbsp;prvStartTCPEchoClientTasks_DifferentSockets
<LI><a href="#[295]">&gt;&gt;</a>&nbsp;&nbsp;&nbsp;prvSOCKETS_Threadsafe_SameSocketDifferentTasks
</UL>

<P><STRONG><a name="[12a]"></a>vEventGroupSetBitsCallback</STRONG> (Thumb, 24 bytes, Stack size 16 bytes, event_groups.o(.text), UNUSED)
<BR><BR>[Calls]<UL><LI><a href="#[11c]">&gt;&gt;</a>&nbsp;&nbsp;&nbsp;xEventGroupSetBits
</UL>

<P><STRONG><a name="[12b]"></a>vEventGroupClearBitsCallback</STRONG> (Thumb, 16 bytes, Stack size 16 bytes, event_groups.o(.text), UNUSED)
<BR><BR>[Calls]<UL><LI><a href="#[128]">&gt;&gt;</a>&nbsp;&nbsp;&nbsp;xEventGroupClearBits
</UL>

<P><STRONG><a name="[53c]"></a>uxEventGroupGetNumber</STRONG> (Thumb, 14 bytes, Stack size 0 bytes, event_groups.o(.text), UNUSED)

<P><STRONG><a name="[53d]"></a>vEventGroupSetNumber</STRONG> (Thumb, 4 bytes, Stack size 0 bytes, event_groups.o(.text), UNUSED)

<P><STRONG><a name="[119]"></a>vListInitialise</STRONG> (Thumb, 26 bytes, Stack size 0 bytes, list.o(.text))
<BR><BR>[Called By]<UL><LI><a href="#[12c]">&gt;&gt;</a>&nbsp;&nbsp;&nbsp;xQueueGenericReset
<LI><a href="#[11a]">&gt;&gt;</a>&nbsp;&nbsp;&nbsp;xEventGroupCreate
<LI><a href="#[117]">&gt;&gt;</a>&nbsp;&nbsp;&nbsp;xEventGroupCreateStatic
<LI><a href="#[192]">&gt;&gt;</a>&nbsp;&nbsp;&nbsp;prvCheckForValidListAndQueue
<LI><a href="#[15b]">&gt;&gt;</a>&nbsp;&nbsp;&nbsp;prvInitialiseTaskLists
</UL>

<P><STRONG><a name="[160]"></a>vListInitialiseItem</STRONG> (Thumb, 6 bytes, Stack size 0 bytes, list.o(.text))
<BR><BR>[Called By]<UL><LI><a href="#[195]">&gt;&gt;</a>&nbsp;&nbsp;&nbsp;prvInitialiseNewTimer
<LI><a href="#[15e]">&gt;&gt;</a>&nbsp;&nbsp;&nbsp;prvInitialiseNewTask
</UL>

<P><STRONG><a name="[15d]"></a>vListInsertEnd</STRONG> (Thumb, 24 bytes, Stack size 0 bytes, list.o(.text))
<BR><BR>[Called By]<UL><LI><a href="#[12d]">&gt;&gt;</a>&nbsp;&nbsp;&nbsp;xTaskRemoveFromEventList
<LI><a href="#[144]">&gt;&gt;</a>&nbsp;&nbsp;&nbsp;xTaskPriorityInherit
<LI><a href="#[135]">&gt;&gt;</a>&nbsp;&nbsp;&nbsp;xTaskPriorityDisinherit
<LI><a href="#[146]">&gt;&gt;</a>&nbsp;&nbsp;&nbsp;vTaskPriorityDisinheritAfterTimeout
<LI><a href="#[15a]">&gt;&gt;</a>&nbsp;&nbsp;&nbsp;vTaskPlaceOnEventListRestricted
<LI><a href="#[11f]">&gt;&gt;</a>&nbsp;&nbsp;&nbsp;xTaskResumeAll
<LI><a href="#[11e]">&gt;&gt;</a>&nbsp;&nbsp;&nbsp;vTaskRemoveFromUnorderedEventList
<LI><a href="#[122]">&gt;&gt;</a>&nbsp;&nbsp;&nbsp;vTaskPlaceOnUnorderedEventList
<LI><a href="#[188]">&gt;&gt;</a>&nbsp;&nbsp;&nbsp;vTaskNotifyGiveFromISR
<LI><a href="#[174]">&gt;&gt;</a>&nbsp;&nbsp;&nbsp;xTaskResumeFromISR
<LI><a href="#[173]">&gt;&gt;</a>&nbsp;&nbsp;&nbsp;vTaskResume
<LI><a href="#[171]">&gt;&gt;</a>&nbsp;&nbsp;&nbsp;vTaskSuspend
<LI><a href="#[16f]">&gt;&gt;</a>&nbsp;&nbsp;&nbsp;vTaskPrioritySet
<LI><a href="#[167]">&gt;&gt;</a>&nbsp;&nbsp;&nbsp;xTaskIncrementTick
<LI><a href="#[164]">&gt;&gt;</a>&nbsp;&nbsp;&nbsp;vTaskDelete
<LI><a href="#[169]">&gt;&gt;</a>&nbsp;&nbsp;&nbsp;prvAddCurrentTaskToDelayedList
<LI><a href="#[15c]">&gt;&gt;</a>&nbsp;&nbsp;&nbsp;prvAddNewTaskToReadyList
<LI><a href="#[187]">&gt;&gt;</a>&nbsp;&nbsp;&nbsp;xTaskGenericNotifyFromISR
<LI><a href="#[186]">&gt;&gt;</a>&nbsp;&nbsp;&nbsp;xTaskGenericNotify
</UL>

<P><STRONG><a name="[16a]"></a>vListInsert</STRONG> (Thumb, 52 bytes, Stack size 8 bytes, list.o(.text))
<BR><BR>[Stack]<UL><LI>Max Depth = 8<LI>Call Chain = vListInsert
</UL>
<BR>[Called By]<UL><LI><a href="#[139]">&gt;&gt;</a>&nbsp;&nbsp;&nbsp;vTaskPlaceOnEventList
<LI><a href="#[18c]">&gt;&gt;</a>&nbsp;&nbsp;&nbsp;prvSwitchTimerLists
<LI><a href="#[18a]">&gt;&gt;</a>&nbsp;&nbsp;&nbsp;prvInsertTimerInActiveList
<LI><a href="#[169]">&gt;&gt;</a>&nbsp;&nbsp;&nbsp;prvAddCurrentTaskToDelayedList
</UL>

<P><STRONG><a name="[165]"></a>uxListRemove</STRONG> (Thumb, 40 bytes, Stack size 0 bytes, list.o(.text))
<BR><BR>[Called By]<UL><LI><a href="#[12d]">&gt;&gt;</a>&nbsp;&nbsp;&nbsp;xTaskRemoveFromEventList
<LI><a href="#[144]">&gt;&gt;</a>&nbsp;&nbsp;&nbsp;xTaskPriorityInherit
<LI><a href="#[135]">&gt;&gt;</a>&nbsp;&nbsp;&nbsp;xTaskPriorityDisinherit
<LI><a href="#[146]">&gt;&gt;</a>&nbsp;&nbsp;&nbsp;vTaskPriorityDisinheritAfterTimeout
<LI><a href="#[11f]">&gt;&gt;</a>&nbsp;&nbsp;&nbsp;xTaskResumeAll
<LI><a href="#[11e]">&gt;&gt;</a>&nbsp;&nbsp;&nbsp;vTaskRemoveFromUnorderedEventList
<LI><a href="#[18f]">&gt;&gt;</a>&nbsp;&nbsp;&nbsp;prvProcessExpiredTimer
<LI><a href="#[18e]">&gt;&gt;</a>&nbsp;&nbsp;&nbsp;prvProcessReceivedCommands
<LI><a href="#[18c]">&gt;&gt;</a>&nbsp;&nbsp;&nbsp;prvSwitchTimerLists
<LI><a href="#[188]">&gt;&gt;</a>&nbsp;&nbsp;&nbsp;vTaskNotifyGiveFromISR
<LI><a href="#[174]">&gt;&gt;</a>&nbsp;&nbsp;&nbsp;xTaskResumeFromISR
<LI><a href="#[173]">&gt;&gt;</a>&nbsp;&nbsp;&nbsp;vTaskResume
<LI><a href="#[171]">&gt;&gt;</a>&nbsp;&nbsp;&nbsp;vTaskSuspend
<LI><a href="#[16f]">&gt;&gt;</a>&nbsp;&nbsp;&nbsp;vTaskPrioritySet
<LI><a href="#[167]">&gt;&gt;</a>&nbsp;&nbsp;&nbsp;xTaskIncrementTick
<LI><a href="#[164]">&gt;&gt;</a>&nbsp;&nbsp;&nbsp;vTaskDelete
<LI><a href="#[175]">&gt;&gt;</a>&nbsp;&nbsp;&nbsp;prvCheckTasksWaitingTermination
<LI><a href="#[169]">&gt;&gt;</a>&nbsp;&nbsp;&nbsp;prvAddCurrentTaskToDelayedList
<LI><a href="#[187]">&gt;&gt;</a>&nbsp;&nbsp;&nbsp;xTaskGenericNotifyFromISR
<LI><a href="#[186]">&gt;&gt;</a>&nbsp;&nbsp;&nbsp;xTaskGenericNotify
</UL>

<P><STRONG><a name="[12c]"></a>xQueueGenericReset</STRONG> (Thumb, 132 bytes, Stack size 16 bytes, queue.o(.text))
<BR><BR>[Stack]<UL><LI>Max Depth = 32<LI>Call Chain = xQueueGenericReset &rArr; xTaskRemoveFromEventList
</UL>
<BR>[Calls]<UL><LI><a href="#[12d]">&gt;&gt;</a>&nbsp;&nbsp;&nbsp;xTaskRemoveFromEventList
<LI><a href="#[125]">&gt;&gt;</a>&nbsp;&nbsp;&nbsp;vPortExitCritical
<LI><a href="#[124]">&gt;&gt;</a>&nbsp;&nbsp;&nbsp;vPortEnterCritical
<LI><a href="#[119]">&gt;&gt;</a>&nbsp;&nbsp;&nbsp;vListInitialise
<LI><a href="#[118]">&gt;&gt;</a>&nbsp;&nbsp;&nbsp;longjmp
</UL>
<BR>[Called By]<UL><LI><a href="#[12e]">&gt;&gt;</a>&nbsp;&nbsp;&nbsp;prvInitialiseNewQueue
</UL>

<P><STRONG><a name="[12f]"></a>xQueueGenericCreateStatic</STRONG> (Thumb, 154 bytes, Stack size 32 bytes, queue.o(.text))
<BR><BR>[Stack]<UL><LI>Max Depth = 88<LI>Call Chain = xQueueGenericCreateStatic &rArr; prvInitialiseNewQueue &rArr; xQueueGenericReset &rArr; xTaskRemoveFromEventList
</UL>
<BR>[Calls]<UL><LI><a href="#[12e]">&gt;&gt;</a>&nbsp;&nbsp;&nbsp;prvInitialiseNewQueue
<LI><a href="#[118]">&gt;&gt;</a>&nbsp;&nbsp;&nbsp;longjmp
</UL>
<BR>[Called By]<UL><LI><a href="#[148]">&gt;&gt;</a>&nbsp;&nbsp;&nbsp;xQueueCreateCountingSemaphoreStatic
<LI><a href="#[13c]">&gt;&gt;</a>&nbsp;&nbsp;&nbsp;xQueueCreateMutexStatic
<LI><a href="#[192]">&gt;&gt;</a>&nbsp;&nbsp;&nbsp;prvCheckForValidListAndQueue
</UL>

<P><STRONG><a name="[130]"></a>xQueueGenericCreate</STRONG> (Thumb, 82 bytes, Stack size 32 bytes, queue.o(.text))
<BR><BR>[Stack]<UL><LI>Max Depth = 96<LI>Call Chain = xQueueGenericCreate &rArr; pvPortMalloc &rArr; xTaskResumeAll &rArr; xTaskIncrementTick
</UL>
<BR>[Calls]<UL><LI><a href="#[12e]">&gt;&gt;</a>&nbsp;&nbsp;&nbsp;prvInitialiseNewQueue
<LI><a href="#[11b]">&gt;&gt;</a>&nbsp;&nbsp;&nbsp;pvPortMalloc
<LI><a href="#[118]">&gt;&gt;</a>&nbsp;&nbsp;&nbsp;longjmp
</UL>
<BR>[Called By]<UL><LI><a href="#[149]">&gt;&gt;</a>&nbsp;&nbsp;&nbsp;xQueueCreateCountingSemaphore
<LI><a href="#[13b]">&gt;&gt;</a>&nbsp;&nbsp;&nbsp;xQueueCreateMutex
<LI><a href="#[109]">&gt;&gt;</a>&nbsp;&nbsp;&nbsp;xLoggingTaskInitialize
<LI><a href="#[295]">&gt;&gt;</a>&nbsp;&nbsp;&nbsp;prvSOCKETS_Threadsafe_SameSocketDifferentTasks
</UL>

<P><STRONG><a name="[136]"></a>xQueueGenericSend</STRONG> (Thumb, 374 bytes, Stack size 56 bytes, queue.o(.text))
<BR><BR>[Stack]<UL><LI>Max Depth = 104<LI>Call Chain = xQueueGenericSend &rArr; vTaskPlaceOnEventList &rArr; prvAddCurrentTaskToDelayedList &rArr; vListInsert
</UL>
<BR>[Calls]<UL><LI><a href="#[12d]">&gt;&gt;</a>&nbsp;&nbsp;&nbsp;xTaskRemoveFromEventList
<LI><a href="#[138]">&gt;&gt;</a>&nbsp;&nbsp;&nbsp;xTaskCheckForTimeOut
<LI><a href="#[139]">&gt;&gt;</a>&nbsp;&nbsp;&nbsp;vTaskPlaceOnEventList
<LI><a href="#[137]">&gt;&gt;</a>&nbsp;&nbsp;&nbsp;vTaskInternalSetTimeOutState
<LI><a href="#[134]">&gt;&gt;</a>&nbsp;&nbsp;&nbsp;prvCopyDataToQueue
<LI><a href="#[133]">&gt;&gt;</a>&nbsp;&nbsp;&nbsp;prvIsQueueFull
<LI><a href="#[131]">&gt;&gt;</a>&nbsp;&nbsp;&nbsp;prvUnlockQueue
<LI><a href="#[11f]">&gt;&gt;</a>&nbsp;&nbsp;&nbsp;xTaskResumeAll
<LI><a href="#[121]">&gt;&gt;</a>&nbsp;&nbsp;&nbsp;xTaskGetSchedulerState
<LI><a href="#[11d]">&gt;&gt;</a>&nbsp;&nbsp;&nbsp;vTaskSuspendAll
<LI><a href="#[125]">&gt;&gt;</a>&nbsp;&nbsp;&nbsp;vPortExitCritical
<LI><a href="#[124]">&gt;&gt;</a>&nbsp;&nbsp;&nbsp;vPortEnterCritical
<LI><a href="#[118]">&gt;&gt;</a>&nbsp;&nbsp;&nbsp;longjmp
</UL>
<BR>[Called By]<UL><LI><a href="#[13f]">&gt;&gt;</a>&nbsp;&nbsp;&nbsp;xQueueGiveMutexRecursive
<LI><a href="#[13a]">&gt;&gt;</a>&nbsp;&nbsp;&nbsp;prvInitialiseMutex
<LI><a href="#[10a]">&gt;&gt;</a>&nbsp;&nbsp;&nbsp;vLoggingPrintf
<LI><a href="#[10d]">&gt;&gt;</a>&nbsp;&nbsp;&nbsp;WIFI_On
<LI><a href="#[110]">&gt;&gt;</a>&nbsp;&nbsp;&nbsp;WIFI_GetIP
<LI><a href="#[10f]">&gt;&gt;</a>&nbsp;&nbsp;&nbsp;WIFI_ConnectAP
<LI><a href="#[4e1]">&gt;&gt;</a>&nbsp;&nbsp;&nbsp;vLoggingPrint
<LI><a href="#[18b]">&gt;&gt;</a>&nbsp;&nbsp;&nbsp;xTimerGenericCommand
<LI><a href="#[23c]">&gt;&gt;</a>&nbsp;&nbsp;&nbsp;SOCKETS_Connect
<LI><a href="#[244]">&gt;&gt;</a>&nbsp;&nbsp;&nbsp;SOCKETS_Close
<LI><a href="#[1e3]">&gt;&gt;</a>&nbsp;&nbsp;&nbsp;WIFI_IsConnected
<LI><a href="#[1e1]">&gt;&gt;</a>&nbsp;&nbsp;&nbsp;WIFI_GetHostIP
<LI><a href="#[1e0]">&gt;&gt;</a>&nbsp;&nbsp;&nbsp;WIFI_GetMAC
<LI><a href="#[1de]">&gt;&gt;</a>&nbsp;&nbsp;&nbsp;WIFI_Ping
<LI><a href="#[1dc]">&gt;&gt;</a>&nbsp;&nbsp;&nbsp;WIFI_Scan
<LI><a href="#[1da]">&gt;&gt;</a>&nbsp;&nbsp;&nbsp;WIFI_Reset
<LI><a href="#[1d9]">&gt;&gt;</a>&nbsp;&nbsp;&nbsp;WIFI_Disconnect
<LI><a href="#[86]">&gt;&gt;</a>&nbsp;&nbsp;&nbsp;prvNetworkRecv
<LI><a href="#[87]">&gt;&gt;</a>&nbsp;&nbsp;&nbsp;prvNetworkSend
<LI><a href="#[239]">&gt;&gt;</a>&nbsp;&nbsp;&nbsp;prvIsValidSocket
<LI><a href="#[238]">&gt;&gt;</a>&nbsp;&nbsp;&nbsp;prvReturnSocket
<LI><a href="#[237]">&gt;&gt;</a>&nbsp;&nbsp;&nbsp;prvGetFreeSocket
<LI><a href="#[12]">&gt;&gt;</a>&nbsp;&nbsp;&nbsp;C_Verify
<LI><a href="#[11]">&gt;&gt;</a>&nbsp;&nbsp;&nbsp;C_VerifyInit
<LI><a href="#[10]">&gt;&gt;</a>&nbsp;&nbsp;&nbsp;C_Sign
<LI><a href="#[f]">&gt;&gt;</a>&nbsp;&nbsp;&nbsp;C_SignInit
<LI><a href="#[219]">&gt;&gt;</a>&nbsp;&nbsp;&nbsp;aws_mbedtls_mutex_unlock
<LI><a href="#[248]">&gt;&gt;</a>&nbsp;&nbsp;&nbsp;SOCKETS_GetHostByName
</UL>

<P><STRONG><a name="[13b]"></a>xQueueCreateMutex</STRONG> (Thumb, 34 bytes, Stack size 24 bytes, queue.o(.text))
<BR><BR>[Stack]<UL><LI>Max Depth = 136<LI>Call Chain = xQueueCreateMutex &rArr; prvInitialiseMutex &rArr; xQueueGenericSend &rArr; vTaskPlaceOnEventList &rArr; prvAddCurrentTaskToDelayedList &rArr; vListInsert
</UL>
<BR>[Calls]<UL><LI><a href="#[130]">&gt;&gt;</a>&nbsp;&nbsp;&nbsp;xQueueGenericCreate
<LI><a href="#[13a]">&gt;&gt;</a>&nbsp;&nbsp;&nbsp;prvInitialiseMutex
</UL>
<BR>[Called By]<UL><LI><a href="#[249]">&gt;&gt;</a>&nbsp;&nbsp;&nbsp;SOCKETS_Init
<LI><a href="#[4]">&gt;&gt;</a>&nbsp;&nbsp;&nbsp;C_OpenSession
<LI><a href="#[216]">&gt;&gt;</a>&nbsp;&nbsp;&nbsp;aws_mbedtls_mutex_init
</UL>

<P><STRONG><a name="[13c]"></a>xQueueCreateMutexStatic</STRONG> (Thumb, 42 bytes, Stack size 32 bytes, queue.o(.text))
<BR><BR>[Stack]<UL><LI>Max Depth = 144<LI>Call Chain = xQueueCreateMutexStatic &rArr; prvInitialiseMutex &rArr; xQueueGenericSend &rArr; vTaskPlaceOnEventList &rArr; prvAddCurrentTaskToDelayedList &rArr; vListInsert
</UL>
<BR>[Calls]<UL><LI><a href="#[12f]">&gt;&gt;</a>&nbsp;&nbsp;&nbsp;xQueueGenericCreateStatic
<LI><a href="#[13a]">&gt;&gt;</a>&nbsp;&nbsp;&nbsp;prvInitialiseMutex
</UL>
<BR>[Called By]<UL><LI><a href="#[10d]">&gt;&gt;</a>&nbsp;&nbsp;&nbsp;WIFI_On
</UL>

<P><STRONG><a name="[13d]"></a>xQueueGetMutexHolder</STRONG> (Thumb, 28 bytes, Stack size 16 bytes, queue.o(.text), UNUSED)
<BR><BR>[Calls]<UL><LI><a href="#[125]">&gt;&gt;</a>&nbsp;&nbsp;&nbsp;vPortExitCritical
<LI><a href="#[124]">&gt;&gt;</a>&nbsp;&nbsp;&nbsp;vPortEnterCritical
</UL>

<P><STRONG><a name="[13e]"></a>xQueueGetMutexHolderFromISR</STRONG> (Thumb, 28 bytes, Stack size 16 bytes, queue.o(.text), UNUSED)
<BR><BR>[Calls]<UL><LI><a href="#[118]">&gt;&gt;</a>&nbsp;&nbsp;&nbsp;longjmp
</UL>

<P><STRONG><a name="[13f]"></a>xQueueGiveMutexRecursive</STRONG> (Thumb, 58 bytes, Stack size 16 bytes, queue.o(.text), UNUSED)
<BR><BR>[Calls]<UL><LI><a href="#[140]">&gt;&gt;</a>&nbsp;&nbsp;&nbsp;xTaskGetCurrentTaskHandle
<LI><a href="#[136]">&gt;&gt;</a>&nbsp;&nbsp;&nbsp;xQueueGenericSend
<LI><a href="#[118]">&gt;&gt;</a>&nbsp;&nbsp;&nbsp;longjmp
</UL>

<P><STRONG><a name="[142]"></a>xQueueSemaphoreTake</STRONG> (Thumb, 378 bytes, Stack size 40 bytes, queue.o(.text))
<BR><BR>[Stack]<UL><LI>Max Depth = 88<LI>Call Chain = xQueueSemaphoreTake &rArr; vTaskPlaceOnEventList &rArr; prvAddCurrentTaskToDelayedList &rArr; vListInsert
</UL>
<BR>[Calls]<UL><LI><a href="#[12d]">&gt;&gt;</a>&nbsp;&nbsp;&nbsp;xTaskRemoveFromEventList
<LI><a href="#[144]">&gt;&gt;</a>&nbsp;&nbsp;&nbsp;xTaskPriorityInherit
<LI><a href="#[138]">&gt;&gt;</a>&nbsp;&nbsp;&nbsp;xTaskCheckForTimeOut
<LI><a href="#[146]">&gt;&gt;</a>&nbsp;&nbsp;&nbsp;vTaskPriorityDisinheritAfterTimeout
<LI><a href="#[139]">&gt;&gt;</a>&nbsp;&nbsp;&nbsp;vTaskPlaceOnEventList
<LI><a href="#[137]">&gt;&gt;</a>&nbsp;&nbsp;&nbsp;vTaskInternalSetTimeOutState
<LI><a href="#[143]">&gt;&gt;</a>&nbsp;&nbsp;&nbsp;pvTaskIncrementMutexHeldCount
<LI><a href="#[141]">&gt;&gt;</a>&nbsp;&nbsp;&nbsp;prvIsQueueEmpty
<LI><a href="#[145]">&gt;&gt;</a>&nbsp;&nbsp;&nbsp;prvGetDisinheritPriorityAfterTimeout
<LI><a href="#[131]">&gt;&gt;</a>&nbsp;&nbsp;&nbsp;prvUnlockQueue
<LI><a href="#[11f]">&gt;&gt;</a>&nbsp;&nbsp;&nbsp;xTaskResumeAll
[...]
<LI><a href="#[4cf]">&gt;&gt;</a>&nbsp;&nbsp;&nbsp;x509_string_cmp
<LI><a href="#[4cd]">&gt;&gt;</a>&nbsp;&nbsp;&nbsp;x509_check_wildcard
</UL>

<P><STRONG><a name="[4cd]"></a>x509_check_wildcard</STRONG> (Thumb, 116 bytes, Stack size 24 bytes, x509_crt.o(.text))
<BR><BR>[Stack]<UL><LI>Max Depth = 44<LI>Call Chain = x509_check_wildcard &rArr; x509_memcasecmp
</UL>
<BR>[Calls]<UL><LI><a href="#[4ce]">&gt;&gt;</a>&nbsp;&nbsp;&nbsp;x509_memcasecmp
<LI><a href="#[1b4]">&gt;&gt;</a>&nbsp;&nbsp;&nbsp;strlen
</UL>
<BR>[Called By]<UL><LI><a href="#[4dc]">&gt;&gt;</a>&nbsp;&nbsp;&nbsp;x509_crt_check_cn
</UL>

<P><STRONG><a name="[4cf]"></a>x509_string_cmp</STRONG> (Thumb, 92 bytes, Stack size 16 bytes, x509_crt.o(.text))
<BR><BR>[Stack]<UL><LI>Max Depth = 36<LI>Call Chain = x509_string_cmp &rArr; x509_memcasecmp
</UL>
<BR>[Calls]<UL><LI><a href="#[4ce]">&gt;&gt;</a>&nbsp;&nbsp;&nbsp;x509_memcasecmp
<LI><a href="#[233]">&gt;&gt;</a>&nbsp;&nbsp;&nbsp;memcmp
</UL>
<BR>[Called By]<UL><LI><a href="#[4d0]">&gt;&gt;</a>&nbsp;&nbsp;&nbsp;x509_name_cmp
</UL>

<P><STRONG><a name="[4d0]"></a>x509_name_cmp</STRONG> (Thumb, 102 bytes, Stack size 16 bytes, x509_crt.o(.text))
<BR><BR>[Stack]<UL><LI>Max Depth = 52<LI>Call Chain = x509_name_cmp &rArr; x509_string_cmp &rArr; x509_memcasecmp
</UL>
<BR>[Calls]<UL><LI><a href="#[4cf]">&gt;&gt;</a>&nbsp;&nbsp;&nbsp;x509_string_cmp
<LI><a href="#[233]">&gt;&gt;</a>&nbsp;&nbsp;&nbsp;memcmp
</UL>
<BR>[Called By]<UL><LI><a href="#[4d9]">&gt;&gt;</a>&nbsp;&nbsp;&nbsp;x509_crt_verify_chain
<LI><a href="#[4d8]">&gt;&gt;</a>&nbsp;&nbsp;&nbsp;x509_crt_check_ee_locally_trusted
<LI><a href="#[4d3]">&gt;&gt;</a>&nbsp;&nbsp;&nbsp;x509_crt_check_parent
</UL>

<P><STRONG><a name="[4d1]"></a>x509_crt_check_signature</STRONG> (Thumb, 102 bytes, Stack size 72 bytes, x509_crt.o(.text))
<BR><BR>[Stack]<UL><LI>Max Depth = 184<LI>Call Chain = x509_crt_check_signature &rArr; mbedtls_pk_verify_ext &rArr; mbedtls_pk_verify &rArr; pk_hashlen_helper
</UL>
<BR>[Calls]<UL><LI><a href="#[3f6]">&gt;&gt;</a>&nbsp;&nbsp;&nbsp;mbedtls_pk_verify_ext
<LI><a href="#[3f5]">&gt;&gt;</a>&nbsp;&nbsp;&nbsp;mbedtls_md_get_size
<LI><a href="#[4d2]">&gt;&gt;</a>&nbsp;&nbsp;&nbsp;mbedtls_md
<LI><a href="#[3d1]">&gt;&gt;</a>&nbsp;&nbsp;&nbsp;mbedtls_md_info_from_type
</UL>
<BR>[Called By]<UL><LI><a href="#[4d9]">&gt;&gt;</a>&nbsp;&nbsp;&nbsp;x509_crt_verify_chain
<LI><a href="#[4d4]">&gt;&gt;</a>&nbsp;&nbsp;&nbsp;x509_crt_find_parent_in
</UL>

<P><STRONG><a name="[4d3]"></a>x509_crt_check_parent</STRONG> (Thumb, 80 bytes, Stack size 24 bytes, x509_crt.o(.text))
<BR><BR>[Stack]<UL><LI>Max Depth = 76<LI>Call Chain = x509_crt_check_parent &rArr; x509_name_cmp &rArr; x509_string_cmp &rArr; x509_memcasecmp
</UL>
<BR>[Calls]<UL><LI><a href="#[4d0]">&gt;&gt;</a>&nbsp;&nbsp;&nbsp;x509_name_cmp
<LI><a href="#[486]">&gt;&gt;</a>&nbsp;&nbsp;&nbsp;mbedtls_x509_crt_check_key_usage
</UL>
<BR>[Called By]<UL><LI><a href="#[4d4]">&gt;&gt;</a>&nbsp;&nbsp;&nbsp;x509_crt_find_parent_in
</UL>

<P><STRONG><a name="[4d4]"></a>x509_crt_find_parent_in</STRONG> (Thumb, 128 bytes, Stack size 32 bytes, x509_crt.o(.text))
<BR><BR>[Stack]<UL><LI>Max Depth = 216<LI>Call Chain = x509_crt_find_parent_in &rArr; x509_crt_check_signature &rArr; mbedtls_pk_verify_ext &rArr; mbedtls_pk_verify &rArr; pk_hashlen_helper
</UL>
<BR>[Calls]<UL><LI><a href="#[4d3]">&gt;&gt;</a>&nbsp;&nbsp;&nbsp;x509_crt_check_parent
<LI><a href="#[4d1]">&gt;&gt;</a>&nbsp;&nbsp;&nbsp;x509_crt_check_signature
<LI><a href="#[4d6]">&gt;&gt;</a>&nbsp;&nbsp;&nbsp;mbedtls_x509_time_is_future
<LI><a href="#[4d5]">&gt;&gt;</a>&nbsp;&nbsp;&nbsp;mbedtls_x509_time_is_past
</UL>
<BR>[Called By]<UL><LI><a href="#[4d7]">&gt;&gt;</a>&nbsp;&nbsp;&nbsp;x509_crt_find_parent
</UL>

<P><STRONG><a name="[4d7]"></a>x509_crt_find_parent</STRONG> (Thumb, 64 bytes, Stack size 32 bytes, x509_crt.o(.text))
<BR><BR>[Stack]<UL><LI>Max Depth = 248<LI>Call Chain = x509_crt_find_parent &rArr; x509_crt_find_parent_in &rArr; x509_crt_check_signature &rArr; mbedtls_pk_verify_ext &rArr; mbedtls_pk_verify &rArr; pk_hashlen_helper
</UL>
<BR>[Calls]<UL><LI><a href="#[4d4]">&gt;&gt;</a>&nbsp;&nbsp;&nbsp;x509_crt_find_parent_in
</UL>
<BR>[Called By]<UL><LI><a href="#[4d9]">&gt;&gt;</a>&nbsp;&nbsp;&nbsp;x509_crt_verify_chain
</UL>

<P><STRONG><a name="[4d8]"></a>x509_crt_check_ee_locally_trusted</STRONG> (Thumb, 66 bytes, Stack size 16 bytes, x509_crt.o(.text))
<BR><BR>[Stack]<UL><LI>Max Depth = 68<LI>Call Chain = x509_crt_check_ee_locally_trusted &rArr; x509_name_cmp &rArr; x509_string_cmp &rArr; x509_memcasecmp
</UL>
<BR>[Calls]<UL><LI><a href="#[4d0]">&gt;&gt;</a>&nbsp;&nbsp;&nbsp;x509_name_cmp
<LI><a href="#[233]">&gt;&gt;</a>&nbsp;&nbsp;&nbsp;memcmp
</UL>
<BR>[Called By]<UL><LI><a href="#[4d9]">&gt;&gt;</a>&nbsp;&nbsp;&nbsp;x509_crt_verify_chain
</UL>

<P><STRONG><a name="[4d9]"></a>x509_crt_verify_chain</STRONG> (Thumb, 280 bytes, Stack size 64 bytes, x509_crt.o(.text))
<BR><BR>[Stack]<UL><LI>Max Depth = 312<LI>Call Chain = x509_crt_verify_chain &rArr; x509_crt_find_parent &rArr; x509_crt_find_parent_in &rArr; x509_crt_check_signature &rArr; mbedtls_pk_verify_ext &rArr; mbedtls_pk_verify &rArr; pk_hashlen_helper
</UL>
<BR>[Calls]<UL><LI><a href="#[4d8]">&gt;&gt;</a>&nbsp;&nbsp;&nbsp;x509_crt_check_ee_locally_trusted
<LI><a href="#[4d7]">&gt;&gt;</a>&nbsp;&nbsp;&nbsp;x509_crt_find_parent
<LI><a href="#[4d1]">&gt;&gt;</a>&nbsp;&nbsp;&nbsp;x509_crt_check_signature
<LI><a href="#[4d0]">&gt;&gt;</a>&nbsp;&nbsp;&nbsp;x509_name_cmp
<LI><a href="#[4ba]">&gt;&gt;</a>&nbsp;&nbsp;&nbsp;x509_profile_check_key
<LI><a href="#[4db]">&gt;&gt;</a>&nbsp;&nbsp;&nbsp;x509_profile_check_pk_alg
<LI><a href="#[4da]">&gt;&gt;</a>&nbsp;&nbsp;&nbsp;x509_profile_check_md_alg
<LI><a href="#[4d6]">&gt;&gt;</a>&nbsp;&nbsp;&nbsp;mbedtls_x509_time_is_future
<LI><a href="#[4d5]">&gt;&gt;</a>&nbsp;&nbsp;&nbsp;mbedtls_x509_time_is_past
</UL>
<BR>[Called By]<UL><LI><a href="#[488]">&gt;&gt;</a>&nbsp;&nbsp;&nbsp;mbedtls_x509_crt_verify_with_profile
</UL>

<P><STRONG><a name="[4dc]"></a>x509_crt_check_cn</STRONG> (Thumb, 50 bytes, Stack size 16 bytes, x509_crt.o(.text))
<BR><BR>[Stack]<UL><LI>Max Depth = 60<LI>Call Chain = x509_crt_check_cn &rArr; x509_check_wildcard &rArr; x509_memcasecmp
</UL>
<BR>[Calls]<UL><LI><a href="#[4cd]">&gt;&gt;</a>&nbsp;&nbsp;&nbsp;x509_check_wildcard
<LI><a href="#[4ce]">&gt;&gt;</a>&nbsp;&nbsp;&nbsp;x509_memcasecmp
</UL>
<BR>[Called By]<UL><LI><a href="#[4dd]">&gt;&gt;</a>&nbsp;&nbsp;&nbsp;x509_crt_verify_name
</UL>

<P><STRONG><a name="[4dd]"></a>x509_crt_verify_name</STRONG> (Thumb, 138 bytes, Stack size 32 bytes, x509_crt.o(.text))
<BR><BR>[Stack]<UL><LI>Max Depth = 92<LI>Call Chain = x509_crt_verify_name &rArr; x509_crt_check_cn &rArr; x509_check_wildcard &rArr; x509_memcasecmp
</UL>
<BR>[Calls]<UL><LI><a href="#[4dc]">&gt;&gt;</a>&nbsp;&nbsp;&nbsp;x509_crt_check_cn
<LI><a href="#[233]">&gt;&gt;</a>&nbsp;&nbsp;&nbsp;memcmp
<LI><a href="#[1b4]">&gt;&gt;</a>&nbsp;&nbsp;&nbsp;strlen
</UL>
<BR>[Called By]<UL><LI><a href="#[488]">&gt;&gt;</a>&nbsp;&nbsp;&nbsp;mbedtls_x509_crt_verify_with_profile
</UL>

<P><STRONG><a name="[4de]"></a>x509_crt_merge_flags_with_cb</STRONG> (Thumb, 76 bytes, Stack size 40 bytes, x509_crt.o(.text))
<BR><BR>[Stack]<UL><LI>Max Depth = 40<LI>Call Chain = x509_crt_merge_flags_with_cb
</UL>
<BR>[Called By]<UL><LI><a href="#[488]">&gt;&gt;</a>&nbsp;&nbsp;&nbsp;mbedtls_x509_crt_verify_with_profile
</UL>

<P><STRONG><a name="[a4]"></a>prvLoggingTask</STRONG> (Thumb, 40 bytes, Stack size 8 bytes, aws_logging_task_dynamic_buffers.o(.text))
<BR><BR>[Stack]<UL><LI>Max Depth = 104<LI>Call Chain = prvLoggingTask &rArr; xQueueReceive &rArr; vTaskPlaceOnEventList &rArr; prvAddCurrentTaskToDelayedList &rArr; vListInsert
</UL>
<BR>[Calls]<UL><LI><a href="#[14e]">&gt;&gt;</a>&nbsp;&nbsp;&nbsp;xQueueReceive
<LI><a href="#[82]">&gt;&gt;</a>&nbsp;&nbsp;&nbsp;vPortFree
<LI><a href="#[1a7]">&gt;&gt;</a>&nbsp;&nbsp;&nbsp;__2printf
</UL>
<BR>[Address Reference Count : 1]<UL><LI> aws_logging_task_dynamic_buffers.o(.text)
</UL>
<P><STRONG><a name="[4ee]"></a>UnityTestResultsBegin</STRONG> (Thumb, 52 bytes, Stack size 16 bytes, unity.o(.text))
<BR><BR>[Stack]<UL><LI>Max Depth = 80<LI>Call Chain = UnityTestResultsBegin &rArr; UnityPrint &rArr; UnityPrintNumberHex &rArr; putc &rArr; fputc &rArr; SendChar
</UL>
<BR>[Calls]<UL><LI><a href="#[4e8]">&gt;&gt;</a>&nbsp;&nbsp;&nbsp;UnityPrintNumber
<LI><a href="#[4e5]">&gt;&gt;</a>&nbsp;&nbsp;&nbsp;UnityPrint
<LI><a href="#[4e4]">&gt;&gt;</a>&nbsp;&nbsp;&nbsp;putc
</UL>
<BR>[Called By]<UL><LI><a href="#[261]">&gt;&gt;</a>&nbsp;&nbsp;&nbsp;UnityFail
<LI><a href="#[4ff]">&gt;&gt;</a>&nbsp;&nbsp;&nbsp;UnityIgnore
<LI><a href="#[4f0]">&gt;&gt;</a>&nbsp;&nbsp;&nbsp;UnityConcludeTest
<LI><a href="#[4ef]">&gt;&gt;</a>&nbsp;&nbsp;&nbsp;UnityTestResultsFailBegin
</UL>

<P><STRONG><a name="[4ef]"></a>UnityTestResultsFailBegin</STRONG> (Thumb, 30 bytes, Stack size 8 bytes, unity.o(.text))
<BR><BR>[Stack]<UL><LI>Max Depth = 88<LI>Call Chain = UnityTestResultsFailBegin &rArr; UnityTestResultsBegin &rArr; UnityPrint &rArr; UnityPrintNumberHex &rArr; putc &rArr; fputc &rArr; SendChar
</UL>
<BR>[Calls]<UL><LI><a href="#[4e5]">&gt;&gt;</a>&nbsp;&nbsp;&nbsp;UnityPrint
<LI><a href="#[4ee]">&gt;&gt;</a>&nbsp;&nbsp;&nbsp;UnityTestResultsBegin
<LI><a href="#[4e4]">&gt;&gt;</a>&nbsp;&nbsp;&nbsp;putc
</UL>
<BR>[Called By]<UL><LI><a href="#[25d]">&gt;&gt;</a>&nbsp;&nbsp;&nbsp;UnityAssertSmallerNumber
<LI><a href="#[297]">&gt;&gt;</a>&nbsp;&nbsp;&nbsp;UnityAssertEqualMemory
<LI><a href="#[24b]">&gt;&gt;</a>&nbsp;&nbsp;&nbsp;UnityAssertEqualNumber
<LI><a href="#[296]">&gt;&gt;</a>&nbsp;&nbsp;&nbsp;UnityAssertGreaterNumber
<LI><a href="#[4f6]">&gt;&gt;</a>&nbsp;&nbsp;&nbsp;UnityAssertEqualIntArray
<LI><a href="#[4fd]">&gt;&gt;</a>&nbsp;&nbsp;&nbsp;UnityAssertEqualStringLen
<LI><a href="#[4fe]">&gt;&gt;</a>&nbsp;&nbsp;&nbsp;UnityAssertEqualStringArray
<LI><a href="#[4fc]">&gt;&gt;</a>&nbsp;&nbsp;&nbsp;UnityAssertEqualString
<LI><a href="#[4fa]">&gt;&gt;</a>&nbsp;&nbsp;&nbsp;UnityAssertFloatSpecial
<LI><a href="#[4f9]">&gt;&gt;</a>&nbsp;&nbsp;&nbsp;UnityAssertFloatsWithin
<LI><a href="#[4f8]">&gt;&gt;</a>&nbsp;&nbsp;&nbsp;UnityAssertEqualFloatArray
<LI><a href="#[4f5]">&gt;&gt;</a>&nbsp;&nbsp;&nbsp;UnityAssertBits
<LI><a href="#[4f4]">&gt;&gt;</a>&nbsp;&nbsp;&nbsp;UnityIsOneArrayNull
<LI><a href="#[4fb]">&gt;&gt;</a>&nbsp;&nbsp;&nbsp;UnityAssertNumbersWithin
</UL>

<P><STRONG><a name="[4f1]"></a>UnityAddMsgIfSpecified</STRONG> (Thumb, 66 bytes, Stack size 8 bytes, unity.o(.text))
<BR><BR>[Stack]<UL><LI>Max Depth = 72<LI>Call Chain = UnityAddMsgIfSpecified &rArr; UnityPrint &rArr; UnityPrintNumberHex &rArr; putc &rArr; fputc &rArr; SendChar
</UL>
<BR>[Calls]<UL><LI><a href="#[4e5]">&gt;&gt;</a>&nbsp;&nbsp;&nbsp;UnityPrint
</UL>
<BR>[Called By]<UL><LI><a href="#[25d]">&gt;&gt;</a>&nbsp;&nbsp;&nbsp;UnityAssertSmallerNumber
<LI><a href="#[297]">&gt;&gt;</a>&nbsp;&nbsp;&nbsp;UnityAssertEqualMemory
<LI><a href="#[24b]">&gt;&gt;</a>&nbsp;&nbsp;&nbsp;UnityAssertEqualNumber
<LI><a href="#[296]">&gt;&gt;</a>&nbsp;&nbsp;&nbsp;UnityAssertGreaterNumber
<LI><a href="#[4f6]">&gt;&gt;</a>&nbsp;&nbsp;&nbsp;UnityAssertEqualIntArray
<LI><a href="#[4fd]">&gt;&gt;</a>&nbsp;&nbsp;&nbsp;UnityAssertEqualStringLen
<LI><a href="#[4fe]">&gt;&gt;</a>&nbsp;&nbsp;&nbsp;UnityAssertEqualStringArray
<LI><a href="#[4fc]">&gt;&gt;</a>&nbsp;&nbsp;&nbsp;UnityAssertEqualString
<LI><a href="#[4fa]">&gt;&gt;</a>&nbsp;&nbsp;&nbsp;UnityAssertFloatSpecial
<LI><a href="#[4f9]">&gt;&gt;</a>&nbsp;&nbsp;&nbsp;UnityAssertFloatsWithin
<LI><a href="#[4f8]">&gt;&gt;</a>&nbsp;&nbsp;&nbsp;UnityAssertEqualFloatArray
<LI><a href="#[4f5]">&gt;&gt;</a>&nbsp;&nbsp;&nbsp;UnityAssertBits
<LI><a href="#[4f4]">&gt;&gt;</a>&nbsp;&nbsp;&nbsp;UnityIsOneArrayNull
<LI><a href="#[4fb]">&gt;&gt;</a>&nbsp;&nbsp;&nbsp;UnityAssertNumbersWithin
</UL>

<P><STRONG><a name="[4f2]"></a>UnityPrintExpectedAndActualStrings</STRONG> (Thumb, 84 bytes, Stack size 16 bytes, unity.o(.text), UNUSED)
<BR><BR>[Calls]<UL><LI><a href="#[4e5]">&gt;&gt;</a>&nbsp;&nbsp;&nbsp;UnityPrint
<LI><a href="#[4e4]">&gt;&gt;</a>&nbsp;&nbsp;&nbsp;putc
</UL>
<BR>[Called By]<UL><LI><a href="#[4fe]">&gt;&gt;</a>&nbsp;&nbsp;&nbsp;UnityAssertEqualStringArray
<LI><a href="#[4fc]">&gt;&gt;</a>&nbsp;&nbsp;&nbsp;UnityAssertEqualString
</UL>

<P><STRONG><a name="[4f3]"></a>UnityPrintExpectedAndActualStringsLen</STRONG> (Thumb, 90 bytes, Stack size 16 bytes, unity.o(.text), UNUSED)
<BR><BR>[Calls]<UL><LI><a href="#[4e6]">&gt;&gt;</a>&nbsp;&nbsp;&nbsp;UnityPrintLen
<LI><a href="#[4e5]">&gt;&gt;</a>&nbsp;&nbsp;&nbsp;UnityPrint
<LI><a href="#[4e4]">&gt;&gt;</a>&nbsp;&nbsp;&nbsp;putc
</UL>
<BR>[Called By]<UL><LI><a href="#[4fd]">&gt;&gt;</a>&nbsp;&nbsp;&nbsp;UnityAssertEqualStringLen
</UL>

<P><STRONG><a name="[4f4]"></a>UnityIsOneArrayNull</STRONG> (Thumb, 74 bytes, Stack size 24 bytes, unity.o(.text))
<BR><BR>[Stack]<UL><LI>Max Depth = 112<LI>Call Chain = UnityIsOneArrayNull &rArr; UnityTestResultsFailBegin &rArr; UnityTestResultsBegin &rArr; UnityPrint &rArr; UnityPrintNumberHex &rArr; putc &rArr; fputc &rArr; SendChar
</UL>
<BR>[Calls]<UL><LI><a href="#[4e5]">&gt;&gt;</a>&nbsp;&nbsp;&nbsp;UnityPrint
<LI><a href="#[4f1]">&gt;&gt;</a>&nbsp;&nbsp;&nbsp;UnityAddMsgIfSpecified
<LI><a href="#[4ef]">&gt;&gt;</a>&nbsp;&nbsp;&nbsp;UnityTestResultsFailBegin
</UL>
<BR>[Called By]<UL><LI><a href="#[297]">&gt;&gt;</a>&nbsp;&nbsp;&nbsp;UnityAssertEqualMemory
<LI><a href="#[4f6]">&gt;&gt;</a>&nbsp;&nbsp;&nbsp;UnityAssertEqualIntArray
<LI><a href="#[4fe]">&gt;&gt;</a>&nbsp;&nbsp;&nbsp;UnityAssertEqualStringArray
<LI><a href="#[4f8]">&gt;&gt;</a>&nbsp;&nbsp;&nbsp;UnityAssertEqualFloatArray
</UL>

<P><STRONG><a name="[4f7]"></a>UnityFloatsWithin</STRONG> (Thumb, 184 bytes, Stack size 24 bytes, unity.o(.text), UNUSED)
<BR><BR>[Calls]<UL><LI><a href="#[4ec]">&gt;&gt;</a>&nbsp;&nbsp;&nbsp;__ARM_isnanf
<LI><a href="#[4ed]">&gt;&gt;</a>&nbsp;&nbsp;&nbsp;__ARM_isinff
</UL>
<BR>[Called By]<UL><LI><a href="#[4f9]">&gt;&gt;</a>&nbsp;&nbsp;&nbsp;UnityAssertFloatsWithin
<LI><a href="#[4f8]">&gt;&gt;</a>&nbsp;&nbsp;&nbsp;UnityAssertEqualFloatArray
</UL>

<P><STRONG><a name="[4ed]"></a>__ARM_isinff</STRONG> (Thumb, 20 bytes, Stack size 0 bytes, unity.o(.text), UNUSED)
<BR><BR>[Called By]<UL><LI><a href="#[4fa]">&gt;&gt;</a>&nbsp;&nbsp;&nbsp;UnityAssertFloatSpecial
<LI><a href="#[4eb]">&gt;&gt;</a>&nbsp;&nbsp;&nbsp;UnityPrintFloat
<LI><a href="#[4f7]">&gt;&gt;</a>&nbsp;&nbsp;&nbsp;UnityFloatsWithin
</UL>

<P><STRONG><a name="[4ec]"></a>__ARM_isnanf</STRONG> (Thumb, 14 bytes, Stack size 0 bytes, unity.o(.text), UNUSED)
<BR><BR>[Called By]<UL><LI><a href="#[4fa]">&gt;&gt;</a>&nbsp;&nbsp;&nbsp;UnityAssertFloatSpecial
<LI><a href="#[4eb]">&gt;&gt;</a>&nbsp;&nbsp;&nbsp;UnityPrintFloat
<LI><a href="#[4f7]">&gt;&gt;</a>&nbsp;&nbsp;&nbsp;UnityFloatsWithin
</UL>

<P><STRONG><a name="[503]"></a>announceTestRun</STRONG> (Thumb, 40 bytes, Stack size 8 bytes, unity_fixture.o(.text), UNUSED)
<BR><BR>[Calls]<UL><LI><a href="#[4e7]">&gt;&gt;</a>&nbsp;&nbsp;&nbsp;UnityPrintNumberUnsigned
<LI><a href="#[4e5]">&gt;&gt;</a>&nbsp;&nbsp;&nbsp;UnityPrint
<LI><a href="#[4e4]">&gt;&gt;</a>&nbsp;&nbsp;&nbsp;putc
</UL>
<BR>[Called By]<UL><LI><a href="#[505]">&gt;&gt;</a>&nbsp;&nbsp;&nbsp;UnityMain
</UL>

<P><STRONG><a name="[506]"></a>selected</STRONG> (Thumb, 30 bytes, Stack size 16 bytes, unity_fixture.o(.text))
<BR><BR>[Stack]<UL><LI>Max Depth = 28<LI>Call Chain = selected &rArr; strstr
</UL>
<BR>[Calls]<UL><LI><a href="#[1f8]">&gt;&gt;</a>&nbsp;&nbsp;&nbsp;strstr
</UL>
<BR>[Called By]<UL><LI><a href="#[508]">&gt;&gt;</a>&nbsp;&nbsp;&nbsp;groupSelected
<LI><a href="#[507]">&gt;&gt;</a>&nbsp;&nbsp;&nbsp;testSelected
</UL>

<P><STRONG><a name="[507]"></a>testSelected</STRONG> (Thumb, 16 bytes, Stack size 8 bytes, unity_fixture.o(.text))
<BR><BR>[Stack]<UL><LI>Max Depth = 36<LI>Call Chain = testSelected &rArr; selected &rArr; strstr
</UL>
<BR>[Calls]<UL><LI><a href="#[506]">&gt;&gt;</a>&nbsp;&nbsp;&nbsp;selected
</UL>
<BR>[Called By]<UL><LI><a href="#[25f]">&gt;&gt;</a>&nbsp;&nbsp;&nbsp;UnityTestRunner
<LI><a href="#[50e]">&gt;&gt;</a>&nbsp;&nbsp;&nbsp;UnityIgnoreTest
</UL>

<P><STRONG><a name="[508]"></a>groupSelected</STRONG> (Thumb, 16 bytes, Stack size 8 bytes, unity_fixture.o(.text))
<BR><BR>[Stack]<UL><LI>Max Depth = 36<LI>Call Chain = groupSelected &rArr; selected &rArr; strstr
</UL>
<BR>[Calls]<UL><LI><a href="#[506]">&gt;&gt;</a>&nbsp;&nbsp;&nbsp;selected
</UL>
<BR>[Called By]<UL><LI><a href="#[25f]">&gt;&gt;</a>&nbsp;&nbsp;&nbsp;UnityTestRunner
<LI><a href="#[50e]">&gt;&gt;</a>&nbsp;&nbsp;&nbsp;UnityIgnoreTest
</UL>

<P><STRONG><a name="[511]"></a>isOverrun</STRONG> (Thumb, 34 bytes, Stack size 16 bytes, unity_fixture.o(.text), UNUSED)
<BR><BR>[Calls]<UL><LI><a href="#[1ed]">&gt;&gt;</a>&nbsp;&nbsp;&nbsp;strcmp
</UL>
<BR>[Called By]<UL><LI><a href="#[515]">&gt;&gt;</a>&nbsp;&nbsp;&nbsp;unity_realloc
<LI><a href="#[513]">&gt;&gt;</a>&nbsp;&nbsp;&nbsp;unity_free
</UL>

<P><STRONG><a name="[512]"></a>release_memory</STRONG> (Thumb, 128 bytes, Stack size 16 bytes, unity_fixture.o(.text), UNUSED)
<BR><BR>[Calls]<UL><LI><a href="#[16]">&gt;&gt;</a>&nbsp;&nbsp;&nbsp;free
</UL>
<BR>[Called By]<UL><LI><a href="#[515]">&gt;&gt;</a>&nbsp;&nbsp;&nbsp;unity_realloc
<LI><a href="#[513]">&gt;&gt;</a>&nbsp;&nbsp;&nbsp;unity_free
</UL>

<P><STRONG><a name="[530]"></a>_fp_digits</STRONG> (Thumb, 366 bytes, Stack size 64 bytes, printfa.o(i._fp_digits), UNUSED)
<BR><BR>[Calls]<UL><LI><a href="#[344]">&gt;&gt;</a>&nbsp;&nbsp;&nbsp;__aeabi_uldivmod
<LI><a href="#[526]">&gt;&gt;</a>&nbsp;&nbsp;&nbsp;__aeabi_dmul
<LI><a href="#[527]">&gt;&gt;</a>&nbsp;&nbsp;&nbsp;__aeabi_ddiv
<LI><a href="#[520]">&gt;&gt;</a>&nbsp;&nbsp;&nbsp;__aeabi_dadd
<LI><a href="#[528]">&gt;&gt;</a>&nbsp;&nbsp;&nbsp;__aeabi_d2ulz
<LI><a href="#[531]">&gt;&gt;</a>&nbsp;&nbsp;&nbsp;__aeabi_cdrcmple
</UL>
<BR>[Called By]<UL><LI><a href="#[52c]">&gt;&gt;</a>&nbsp;&nbsp;&nbsp;_printf_core
</UL>

<P><STRONG><a name="[52c]"></a>_printf_core</STRONG> (Thumb, 1744 bytes, Stack size 136 bytes, printfa.o(i._printf_core), UNUSED)
<BR><BR>[Calls]<UL><LI><a href="#[344]">&gt;&gt;</a>&nbsp;&nbsp;&nbsp;__aeabi_uldivmod
<LI><a href="#[534]">&gt;&gt;</a>&nbsp;&nbsp;&nbsp;__aeabi_uidivmod
<LI><a href="#[532]">&gt;&gt;</a>&nbsp;&nbsp;&nbsp;_printf_pre_padding
<LI><a href="#[533]">&gt;&gt;</a>&nbsp;&nbsp;&nbsp;_printf_post_padding
<LI><a href="#[530]">&gt;&gt;</a>&nbsp;&nbsp;&nbsp;_fp_digits
</UL>
<BR>[Called By]<UL><LI><a href="#[52f]">&gt;&gt;</a>&nbsp;&nbsp;&nbsp;__0vsnprintf
<LI><a href="#[52e]">&gt;&gt;</a>&nbsp;&nbsp;&nbsp;__0sprintf
<LI><a href="#[52d]">&gt;&gt;</a>&nbsp;&nbsp;&nbsp;__0snprintf
<LI><a href="#[52b]">&gt;&gt;</a>&nbsp;&nbsp;&nbsp;__0printf
</UL>

<P><STRONG><a name="[533]"></a>_printf_post_padding</STRONG> (Thumb, 36 bytes, Stack size 24 bytes, printfa.o(i._printf_post_padding), UNUSED)
<BR><BR>[Called By]<UL><LI><a href="#[52c]">&gt;&gt;</a>&nbsp;&nbsp;&nbsp;_printf_core
</UL>

<P><STRONG><a name="[532]"></a>_printf_pre_padding</STRONG> (Thumb, 46 bytes, Stack size 24 bytes, printfa.o(i._printf_pre_padding), UNUSED)
<BR><BR>[Called By]<UL><LI><a href="#[52c]">&gt;&gt;</a>&nbsp;&nbsp;&nbsp;_printf_core
</UL>

<P><STRONG><a name="[aa]"></a>_snputc</STRONG> (Thumb, 22 bytes, Stack size 0 bytes, printfa.o(i._snputc))
<BR>[Address Reference Count : 2]<UL><LI> printfa.o(i.__0vsnprintf)
<LI> printfa.o(i.__0snprintf)
</UL>
<P><STRONG><a name="[ab]"></a>_sputc</STRONG> (Thumb, 10 bytes, Stack size 0 bytes, printfa.o(i._sputc))
<BR><BR>[Called By]<UL><LI><a href="#[52e]">&gt;&gt;</a>&nbsp;&nbsp;&nbsp;__0sprintf
</UL>
<BR>[Address Reference Count : 1]<UL><LI> printfa.o(i.__0sprintf)
</UL>
<P><STRONG><a name="[a7]"></a>_scanf_char_input</STRONG> (Thumb, 12 bytes, Stack size 0 bytes, scanf_char.o(.text))
<BR>[Address Reference Count : 1]<UL><LI> scanf_char.o(.text)
</UL><P>
<H3>
Undefined Global Symbols
</H3><HR></body></html>
