Archive member included to satisfy reference by file (symbol)

../../../../../../lib/third_party/mcu_vendor/nordic/nRF5_SDK_15.2.0/external/nrf_cc310_bl/lib/libnrf_cc310_bl_0.9.10.a(nrf_cc310_bl_ecdsa_verify_secp256r1.c.obj)
                              Output/bootloader Release/Obj/cc310_bl_backend_ecdsa.o (nrf_cc310_bl_ecdsa_verify_secp256r1)
../../../../../../lib/third_party/mcu_vendor/nordic/nRF5_SDK_15.2.0/external/nrf_cc310_bl/lib/libnrf_cc310_bl_0.9.10.a(nrf_cc310_bl_hash_sha256.c.obj)
                              Output/bootloader Release/Obj/cc310_bl_backend_hash.o (nrf_cc310_bl_hash_sha256_init)
../../../../../../lib/third_party/mcu_vendor/nordic/nRF5_SDK_15.2.0/external/nrf_cc310_bl/lib/libnrf_cc310_bl_0.9.10.a(nrf_cc310_bl_init.c.obj)
                              Output/bootloader Release/Obj/cc310_bl_backend_init.o (nrf_cc310_bl_init)
../../../../../../lib/third_party/mcu_vendor/nordic/nRF5_SDK_15.2.0/external/nrf_cc310_bl/lib/libnrf_cc310_bl_0.9.10.a(pka.c.obj)
                              ../../../../../../lib/third_party/mcu_vendor/nordic/nRF5_SDK_15.2.0/external/nrf_cc310_bl/lib/libnrf_cc310_bl_0.9.10.a(nrf_cc310_bl_ecdsa_verify_secp256r1.c.obj) (PkaInitAndMutexLock)
../../../../../../lib/third_party/mcu_vendor/nordic/nRF5_SDK_15.2.0/external/nrf_cc310_bl/lib/libnrf_cc310_bl_0.9.10.a(pka_ec_wrst_dsa_verify.c.obj)
                              ../../../../../../lib/third_party/mcu_vendor/nordic/nRF5_SDK_15.2.0/external/nrf_cc310_bl/lib/libnrf_cc310_bl_0.9.10.a(nrf_cc310_bl_ecdsa_verify_secp256r1.c.obj) (PkaEcdsaVerify)
../../../../../../lib/third_party/mcu_vendor/nordic/nRF5_SDK_15.2.0/external/nrf_cc310_bl/lib/libnrf_cc310_bl_0.9.10.a(ssi_pal_mem.c.obj)
                              ../../../../../../lib/third_party/mcu_vendor/nordic/nRF5_SDK_15.2.0/external/nrf_cc310_bl/lib/libnrf_cc310_bl_0.9.10.a(nrf_cc310_bl_hash_sha256.c.obj) (SaSi_PalMemCopy)
../../../../../../lib/third_party/mcu_vendor/nordic/nRF5_SDK_15.2.0/external/nrf_cc310_bl/lib/libnrf_cc310_bl_0.9.10.a(crys_common_conv_endian.c.obj)
                              ../../../../../../lib/third_party/mcu_vendor/nordic/nRF5_SDK_15.2.0/external/nrf_cc310_bl/lib/libnrf_cc310_bl_0.9.10.a(nrf_cc310_bl_ecdsa_verify_secp256r1.c.obj) (CRYS_COMMON_ReverseMemcpy32)
../../../../../../lib/third_party/mcu_vendor/nordic/nRF5_SDK_15.2.0/external/nrf_cc310_bl/lib/libnrf_cc310_bl_0.9.10.a(nrf_cc310_bl_hash.c.obj)
                              ../../../../../../lib/third_party/mcu_vendor/nordic/nRF5_SDK_15.2.0/external/nrf_cc310_bl/lib/libnrf_cc310_bl_0.9.10.a(nrf_cc310_bl_hash_sha256.c.obj) (nrf_cc310_bl_hash_update_internal)
../../../../../../lib/third_party/mcu_vendor/nordic/nRF5_SDK_15.2.0/external/nrf_cc310_bl/lib/libnrf_cc310_bl_0.9.10.a(pka_ec_wrst.c.obj)
                              ../../../../../../lib/third_party/mcu_vendor/nordic/nRF5_SDK_15.2.0/external/nrf_cc310_bl/lib/libnrf_cc310_bl_0.9.10.a(pka_ec_wrst_dsa_verify.c.obj) (PkaSum2ScalarMullt)
../../../../../../lib/third_party/mcu_vendor/nordic/nRF5_SDK_15.2.0/external/nrf_cc310_bl/lib/libnrf_cc310_bl_0.9.10.a(ssi_hal.c.obj)
                              ../../../../../../lib/third_party/mcu_vendor/nordic/nRF5_SDK_15.2.0/external/nrf_cc310_bl/lib/libnrf_cc310_bl_0.9.10.a(nrf_cc310_bl_hash.c.obj) (SaSi_HalClearInterruptBit)
/usr/share/segger_embedded_studio_for_arm_4.10a/lib/libc_v7em_fpv4_sp_d16_hard_t_le_eabi.a(libc2.o)
                              Output/bootloader Release/Obj/utils.o (memcmp)
/usr/share/segger_embedded_studio_for_arm_4.10a/lib/libc_v7em_fpv4_sp_d16_hard_t_le_eabi.a(libc2_asm.o)
                              Output/bootloader Release/Obj/cc310_bl_backend_ecc.o (memcpy)
/usr/share/segger_embedded_studio_for_arm_4.10a/lib/libc_v7em_fpv4_sp_d16_hard_t_le_eabi.a(libc.o)
                              /usr/share/segger_embedded_studio_for_arm_4.10a/lib/libc_v7em_fpv4_sp_d16_hard_t_le_eabi.a(libc2.o) (__heap_lock)
/usr/share/segger_embedded_studio_for_arm_4.10a/lib/libc_v7em_fpv4_sp_d16_hard_t_le_eabi.a(libc_asm.o)
                              /usr/share/segger_embedded_studio_for_arm_4.10a/lib/libc_v7em_fpv4_sp_d16_hard_t_le_eabi.a(libc2.o) (__aeabi_uldivmod)
/usr/share/segger_embedded_studio_for_arm_4.10a/lib/libdebugio_v7em_fpv4_sp_d16_hard_t_le_eabi.a(libdebugio.o)
                              Output/bootloader Release/Obj/thumb_crt0.o (debug_fopen)
/usr/share/segger_embedded_studio_for_arm_4.10a/lib/libdebugio_mempoll_v7em_fpv4_sp_d16_hard_t_le_eabi.a(mempoll_debug_operations.o)
                              /usr/share/segger_embedded_studio_for_arm_4.10a/lib/libdebugio_v7em_fpv4_sp_d16_hard_t_le_eabi.a(libdebugio.o) (__do_debug_operation)
/usr/share/segger_embedded_studio_for_arm_4.10a/lib/libdebugio_mempoll_v7em_fpv4_sp_d16_hard_t_le_eabi.a(do_nv_debug_operation.o)
                              /usr/share/segger_embedded_studio_for_arm_4.10a/lib/libdebugio_v7em_fpv4_sp_d16_hard_t_le_eabi.a(libdebugio.o) (__do_nvdebug_operation)
[...]
Memory Configuration

Name             Origin             Length             Attributes
UNPLACED_SECTIONS 0x0000000100000000 0x0000000000000000 xw
uicr_mbr_params_page 0x0000000010001018 0x0000000000000004 xw
uicr_bootloader_start_address 0x0000000010001014 0x0000000000000004 xw
bootloader_settings_page 0x00000000000ff000 0x0000000000001000 xw
mbr_params_page  0x00000000000fe000 0x0000000000001000 xw
RAM              0x0000000020000000 0x0000000000040000 xw
FLASH            0x0000000000000000 0x0000000000100000 xw
*default*        0x0000000000000000 0xffffffffffffffff

Linker script and memory map

                0x0000000000000000                __vfprintf = __vfprintf_long
                0x0000000000000000                __vfscanf = __vfscanf_int
                0x0000000010001018                __uicr_mbr_params_page_segment_start__ = 0x10001018
                0x000000001000101c                __uicr_mbr_params_page_segment_end__ = 0x1000101c
                0x0000000000000004                __uicr_mbr_params_page_segment_size__ = 0x4
                0x0000000010001014                __uicr_bootloader_start_address_segment_start__ = 0x10001014
                0x0000000010001018                __uicr_bootloader_start_address_segment_end__ = 0x10001018
                0x0000000000000004                __uicr_bootloader_start_address_segment_size__ = 0x4
                0x00000000000ff000                __bootloader_settings_page_segment_start__ = 0xff000
                0x0000000000100000                __bootloader_settings_page_segment_end__ = 0x100000
                0x0000000000001000                __bootloader_settings_page_segment_size__ = 0x1000
                0x00000000000fe000                __mbr_params_page_segment_start__ = 0xfe000
                0x00000000000ff000                __mbr_params_page_segment_end__ = 0xff000
                0x0000000000001000                __mbr_params_page_segment_size__ = 0x1000
                0x0000000020000000                __RAM_segment_start__ = 0x20000000
                0x0000000020040000                __RAM_segment_end__ = 0x20040000
                0x0000000000040000                __RAM_segment_size__ = 0x40000
                0x0000000000000000                __FLASH_segment_start__ = 0x0
                0x0000000000100000                __FLASH_segment_end__ = 0x100000
                0x0000000000100000                __FLASH_segment_size__ = 0x100000
                0x0000000000000000                __HEAPSIZE__ = 0x0
                0x0000000000000000                __STACKSIZE_PROCESS__ = 0x0
                0x0000000000000800                __STACKSIZE__ = 0x800
                0x0000000010001018                __uicr_mbr_params_page_load_start__ = 0x10001018

.uicr_mbr_params_page
                0x0000000010001018        0x4
                0x0000000010001018                __uicr_mbr_params_page_start__ = .
                0x0000000010001018                __start_uicr_mbr_params_page = __uicr_mbr_params_page_start__
 *(.uicr_mbr_params_page .uicr_mbr_params_page.*)
                0x000000001000101c                . = ALIGN (MAX ((__uicr_mbr_params_page_start__ + 0x4), .), 0x4)
 *fill*         0x0000000010001018        0x4 
                0x000000001000101c                __uicr_mbr_params_page_end__ = (__uicr_mbr_params_page_start__ + SIZEOF (.uicr_mbr_params_page))
                0x0000000000000004                __uicr_mbr_params_page_size__ = SIZEOF (.uicr_mbr_params_page)
                0x000000001000101c                __stop_uicr_mbr_params_page = __uicr_mbr_params_page_end__
                0x000000001000101c                __uicr_mbr_params_page_load_end__ = __uicr_mbr_params_page_end__
                0x000000001000101c                __uicr_mbr_params_page_segment_used_end__ = (0x10001018 + SIZEOF (.uicr_mbr_params_page))
                0x0000000000000004                __uicr_mbr_params_page_segment_used_size__ = (__uicr_mbr_params_page_segment_used_end__ - __uicr_mbr_params_page_segment_start__)
                0x0000000000000001                . = ASSERT (((__uicr_mbr_params_page_start__ == __uicr_mbr_params_page_end__) || ((__uicr_mbr_params_page_end__ >= __uicr_mbr_params_page_segment_start__) && (__uicr_mbr_params_page_end__ <= __uicr_mbr_params_page_segment_end__))), error: .uicr_mbr_params_page is too large to fit in uicr_mbr_params_page memory segment)
                0x0000000010001014                __uicr_bootloader_start_address_load_start__ = 0x10001014

.uicr_bootloader_start_address
                0x0000000010001014        0x4
                0x0000000010001014                __uicr_bootloader_start_address_start__ = .
                0x0000000010001014                __start_uicr_bootloader_start_address = __uicr_bootloader_start_address_start__
 *(.uicr_bootloader_start_address .uicr_bootloader_start_address.*)
 .uicr_bootloader_start_address
                0x0000000010001014        0x4 Output/bootloader Release/Obj/nrf_bootloader_info.o
                0x0000000010001014                m_uicr_bootloader_start_address
                0x0000000010001018                . = ALIGN (MAX ((__uicr_bootloader_start_address_start__ + 0x4), .), 0x4)
                0x0000000010001018                __uicr_bootloader_start_address_end__ = (__uicr_bootloader_start_address_start__ + SIZEOF (.uicr_bootloader_start_address))
                0x0000000000000004                __uicr_bootloader_start_address_size__ = SIZEOF (.uicr_bootloader_start_address)
                0x0000000010001018                __stop_uicr_bootloader_start_address = __uicr_bootloader_start_address_end__
                0x0000000010001018                __uicr_bootloader_start_address_load_end__ = __uicr_bootloader_start_address_end__
                0x0000000010001018                __uicr_bootloader_start_address_segment_used_end__ = (0x10001014 + SIZEOF (.uicr_bootloader_start_address))
                0x0000000000000004                __uicr_bootloader_start_address_segment_used_size__ = (__uicr_bootloader_start_address_segment_used_end__ - __uicr_bootloader_start_address_segment_start__)
                0x0000000000000001                . = ASSERT (((__uicr_bootloader_start_address_start__ == __uicr_bootloader_start_address_end__) || ((__uicr_bootloader_start_address_end__ >= __uicr_bootloader_start_address_segment_start__) && (__uicr_bootloader_start_address_end__ <= __uicr_bootloader_start_address_segment_end__))), error: .uicr_bootloader_start_address is too large to fit in uicr_bootloader_start_address memory segment)
                0x00000000000ff000                __bootloader_settings_page_load_start__ = 0xff000

.bootloader_settings_page
                0x00000000000ff000     0x1000
                0x00000000000ff000                __bootloader_settings_page_start__ = .
                0x00000000000ff000                __start_bootloader_settings_page = __bootloader_settings_page_start__
 *(.bootloader_settings_page .bootloader_settings_page.*)
                0x0000000000100000                . = ALIGN (MAX ((__bootloader_settings_page_start__ + 0x1000), .), 0x4)
 *fill*         0x00000000000ff000     0x1000 
                0x0000000000100000                __bootloader_settings_page_end__ = (__bootloader_settings_page_start__ + SIZEOF (.bootloader_settings_page))
                0x0000000000001000                __bootloader_settings_page_size__ = SIZEOF (.bootloader_settings_page)
                0x0000000000100000                __stop_bootloader_settings_page = __bootloader_settings_page_end__
                0x0000000000100000                __bootloader_settings_page_load_end__ = __bootloader_settings_page_end__
                0x0000000000100000                __bootloader_settings_page_segment_used_end__ = (0xff000 + SIZEOF (.bootloader_settings_page))
                0x0000000000001000                __bootloader_settings_page_segment_used_size__ = (__bootloader_settings_page_segment_used_end__ - __bootloader_settings_page_segment_start__)
                0x0000000000000001                . = ASSERT (((__bootloader_settings_page_start__ == __bootloader_settings_page_end__) || ((__bootloader_settings_page_end__ >= __bootloader_settings_page_segment_start__) && (__bootloader_settings_page_end__ <= __bootloader_settings_page_segment_end__))), error: .bootloader_settings_page is too large to fit in bootloader_settings_page memory segment)
                0x00000000000fe000                __mbr_params_page_load_start__ = 0xfe000

.mbr_params_page
                0x00000000000fe000     0x1000
                0x00000000000fe000                __mbr_params_page_start__ = .
                0x00000000000fe000                __start_mbr_params_page = __mbr_params_page_start__
 *(.mbr_params_page .mbr_params_page.*)
                0x00000000000ff000                . = ALIGN (MAX ((__mbr_params_page_start__ + 0x1000), .), 0x4)
 *fill*         0x00000000000fe000     0x1000 
                0x00000000000ff000                __mbr_params_page_end__ = (__mbr_params_page_start__ + SIZEOF (.mbr_params_page))
                0x0000000000001000                __mbr_params_page_size__ = SIZEOF (.mbr_params_page)
                0x00000000000ff000                __stop_mbr_params_page = __mbr_params_page_end__
                0x00000000000ff000                __mbr_params_page_load_end__ = __mbr_params_page_end__
                0x00000000000ff000                __mbr_params_page_segment_used_end__ = (0xfe000 + SIZEOF (.mbr_params_page))
                0x0000000000001000                __mbr_params_page_segment_used_size__ = (__mbr_params_page_segment_used_end__ - __mbr_params_page_segment_start__)
                0x0000000000000001                . = ASSERT (((__mbr_params_page_start__ == __mbr_params_page_end__) || ((__mbr_params_page_end__ >= __mbr_params_page_segment_start__) && (__mbr_params_page_end__ <= __mbr_params_page_segment_end__))), error: .mbr_params_page is too large to fit in mbr_params_page memory segment)
                0x0000000020000000                __reserved_ram_load_start__ = 0x20000000

.reserved_ram   0x0000000020000000        0x8
                0x0000000020000000                __reserved_ram_start__ = .
 *(.reserved_ram .reserved_ram.*)
                0x0000000020000008                . = MAX (((__reserved_ram_start__ + 0x20000008) - 0x20000000), .)
 *fill*         0x0000000020000000        0x8 
                0x0000000020000008                __reserved_ram_end__ = (__reserved_ram_start__ + SIZEOF (.reserved_ram))
                0x0000000000000008                __reserved_ram_size__ = SIZEOF (.reserved_ram)
                0x0000000020000008                __reserved_ram_load_end__ = __reserved_ram_end__
                0x0000000000000001                . = ASSERT (((__reserved_ram_start__ == __reserved_ram_end__) || ((__reserved_ram_end__ >= __RAM_segment_start__) && (__reserved_ram_end__ <= __RAM_segment_end__))), error: .reserved_ram is too large to fit in RAM memory segment)
                0x0000000020000008                __vectors_ram_load_start__ = 0x20000008

.vectors_ram    0x0000000020000008        0x0
                0x0000000020000008                __vectors_ram_start__ = .
                0x0000000020000008                __app_ram_start__ = __vectors_ram_start__
 *(.vectors_ram .vectors_ram.*)
                0x0000000020000008                __vectors_ram_end__ = (__vectors_ram_start__ + SIZEOF (.vectors_ram))
                0x0000000000000000                __vectors_ram_size__ = SIZEOF (.vectors_ram)
                0x0000000020000008                __vectors_ram_load_end__ = __vectors_ram_end__
                0x0000000000000001                . = ASSERT (((__vectors_ram_start__ == __vectors_ram_end__) || ((__vectors_ram_end__ >= __RAM_segment_start__) && (__vectors_ram_end__ <= __RAM_segment_end__))), error: .vectors_ram is too large to fit in RAM memory segment)
                0x0000000000000001                . = ASSERT ((__reserved_ram_end__ <= __vectors_ram_start__), error: section .reserved_ram overlaps absolute placed section .vectors_ram)
                0x0000000020000008                __nrf_sections_run_load_start__ = ALIGN (__vectors_ram_end__, 0x4)

.nrf_sections_run
                0x0000000020000008        0x0
                0x0000000020000008                __nrf_sections_run_start__ = .
                0x0000000020000008                __start_nrf_sections_run = __nrf_sections_run_start__
 *(.nrf_sections_run .nrf_sections_run.*)
                0x0000000020000008                __nrf_sections_run_end__ = (__nrf_sections_run_start__ + SIZEOF (.nrf_sections_run))
                0x0000000000000000                __nrf_sections_run_size__ = SIZEOF (.nrf_sections_run)
                0x0000000020000008                __nrf_sections_run_load_end__ = __nrf_sections_run_end__
                0x0000000000000001                . = ASSERT (((__nrf_sections_run_start__ == __nrf_sections_run_end__) || ((__nrf_sections_run_end__ >= __RAM_segment_start__) && (__nrf_sections_run_end__ <= __RAM_segment_end__))), error: .nrf_sections_run is too large to fit in RAM memory segment)
                0x0000000000000000                __reserved_flash_load_start__ = 0x0

.reserved_flash
                0x0000000000000000    0xf8000
                0x0000000000000000                __reserved_flash_start__ = .
 *(.reserved_flash .reserved_flash.*)
                0x00000000000f8000                . = MAX (((__reserved_flash_start__ + 0xf8000) - 0x0), .)
 *fill*         0x0000000000000000    0xf8000 
                0x00000000000f8000                __reserved_flash_end__ = (__reserved_flash_start__ + SIZEOF (.reserved_flash))
                0x00000000000f8000                __reserved_flash_size__ = SIZEOF (.reserved_flash)
                0x00000000000f8000                __reserved_flash_load_end__ = __reserved_flash_end__
                0x0000000000000001                . = ASSERT (((__reserved_flash_start__ == __reserved_flash_end__) || ((__reserved_flash_end__ >= __FLASH_segment_start__) && (__reserved_flash_end__ <= __FLASH_segment_end__))), error: .reserved_flash is too large to fit in FLASH memory segment)
                0x00000000000f8000                __vectors_load_start__ = 0xf8000

.vectors        0x00000000000f8000      0x200
                0x00000000000f8000                __vectors_start__ = .
 *(.vectors .vectors.*)
 .vectors       0x00000000000f8000      0x200 Output/bootloader Release/Obj/ses_startup_nrf52840.o
                0x00000000000f8000                _vectors
                0x00000000000f8200                __vectors_end__ = (__vectors_start__ + SIZEOF (.vectors))
                0x0000000000000200                __vectors_size__ = SIZEOF (.vectors)
                0x00000000000f8200                __vectors_load_end__ = __vectors_end__
                0x0000000000000001                . = ASSERT (((__vectors_start__ == __vectors_end__) || ((__vectors_end__ >= __FLASH_segment_start__) && (__vectors_end__ <= __FLASH_segment_end__))), error: .vectors is too large to fit in FLASH memory segment)
                0x0000000000000001                . = ASSERT ((__reserved_flash_end__ <= __vectors_start__), error: section .reserved_flash overlaps absolute placed section .vectors)
                0x00000000000f8200                __init_load_start__ = ALIGN (__vectors_end__, 0x4)

.init           0x00000000000f8200      0x1d8
                0x00000000000f8200                __init_start__ = .
 *(.init .init.*)
 .init          0x00000000000f8200      0x160 Output/bootloader Release/Obj/thumb_crt0.o
                0x00000000000f8200                _start
                0x00000000000f82b6                exit
 .init          0x00000000000f8360       0x18 Output/bootloader Release/Obj/ses_startup_nrf52840.o
                0x00000000000f8360                NMI_Handler
                0x00000000000f8362                HardFault_Handler
                0x00000000000f8364                MemoryManagement_Handler
                0x00000000000f8366                BusFault_Handler
                0x00000000000f8368                UsageFault_Handler
                0x00000000000f836a                SVC_Handler
                0x00000000000f836c                DebugMon_Handler
                0x00000000000f836e                PendSV_Handler
                0x00000000000f8370                SysTick_Handler
                0x00000000000f8372                TIMER2_IRQHandler
                0x00000000000f8372                RTC0_IRQHandler
                0x00000000000f8372                SWI0_EGU0_IRQHandler
                0x00000000000f8372                SWI2_EGU2_IRQHandler
                0x00000000000f8372                GPIOTE_IRQHandler
                0x00000000000f8372                PWM1_IRQHandler
                0x00000000000f8372                POWER_CLOCK_IRQHandler
                0x00000000000f8372                RADIO_IRQHandler
                0x00000000000f8372                PDM_IRQHandler
                0x00000000000f8372                TEMP_IRQHandler
                0x00000000000f8372                QDEC_IRQHandler
                0x00000000000f8372                TIMER3_IRQHandler
                0x00000000000f8372                PWM3_IRQHandler
                0x00000000000f8372                FPU_IRQHandler
                0x00000000000f8372                USBD_IRQHandler
                0x00000000000f8372                SPIM0_SPIS0_TWIM0_TWIS0_SPI0_TWI0_IRQHandler
                0x00000000000f8372                TIMER4_IRQHandler
                0x00000000000f8372                I2S_IRQHandler
                0x00000000000f8372                SWI4_EGU4_IRQHandler
                0x00000000000f8372                TIMER0_IRQHandler
                0x00000000000f8372                UARTE1_IRQHandler
                0x00000000000f8372                Dummy_Handler
                0x00000000000f8372                TIMER1_IRQHandler
                0x00000000000f8372                SPIM3_IRQHandler
                0x00000000000f8372                PWM2_IRQHandler
                0x00000000000f8372                ECB_IRQHandler
                0x00000000000f8372                SPIM1_SPIS1_TWIM1_TWIS1_SPI1_TWI1_IRQHandler
                0x00000000000f8372                SAADC_IRQHandler
                0x00000000000f8372                CCM_AAR_IRQHandler
                0x00000000000f8372                WDT_IRQHandler
                0x00000000000f8372                SWI5_EGU5_IRQHandler
                0x00000000000f8372                RNG_IRQHandler
                0x00000000000f8372                RTC2_IRQHandler
                0x00000000000f8372                PWM0_IRQHandler
                0x00000000000f8372                SWI3_EGU3_IRQHandler
                0x00000000000f8372                RTC1_IRQHandler
                0x00000000000f8372                SWI1_EGU1_IRQHandler
                0x00000000000f8372                SPIM2_SPIS2_SPI2_IRQHandler
                0x00000000000f8372                NFCT_IRQHandler
                0x00000000000f8372                MWU_IRQHandler
                0x00000000000f8372                QSPI_IRQHandler
                0x00000000000f8372                COMP_LPCOMP_IRQHandler
                0x00000000000f8374                nRFInitialize
 .init          0x00000000000f8378       0x60 Output/bootloader Release/Obj/ses_startup_nrf_common.o
                0x00000000000f8378                Reset_Handler
                0x00000000000f83a0                InitializeUserMemorySections
                0x00000000000f83d8                __init_end__ = (__init_start__ + SIZEOF (.init))
                0x00000000000001d8                __init_size__ = SIZEOF (.init)
                0x00000000000f83d8                __init_load_end__ = __init_end__
                0x0000000000000001                . = ASSERT (((__init_start__ == __init_end__) || ((__init_end__ >= __FLASH_segment_start__) && (__init_end__ <= __FLASH_segment_end__))), error: .init is too large to fit in FLASH memory segment)
                0x00000000000f83d8                __init_rodata_load_start__ = ALIGN (__init_end__, 0x4)

.init_rodata    0x00000000000f83d8        0x0
                0x00000000000f83d8                __init_rodata_start__ = .
 *(.init_rodata .init_rodata.*)
                0x00000000000f83d8                __init_rodata_end__ = (__init_rodata_start__ + SIZEOF (.init_rodata))
                0x0000000000000000                __init_rodata_size__ = SIZEOF (.init_rodata)
                0x00000000000f83d8                __init_rodata_load_end__ = __init_rodata_end__
                0x0000000000000001                . = ASSERT (((__init_rodata_start__ == __init_rodata_end__) || ((__init_rodata_end__ >= __FLASH_segment_start__) && (__init_rodata_end__ <= __FLASH_segment_end__))), error: .init_rodata is too large to fit in FLASH memory segment)
                0x00000000000f83d8                __text_load_start__ = ALIGN (__init_rodata_end__, 0x4)

.text           0x00000000000f83d8     0x348c
                0x00000000000f83d8                __text_start__ = .
 *(.text .text.* .glue_7t .glue_7 .gnu.linkonce.t.* .gcc_except_table .ARM.extab* .gnu.linkonce.armextab.*)
 .glue_7        0x00000000000f83d8        0x0 linker stubs
 .glue_7t       0x00000000000f83d8        0x0 linker stubs
 .text.nrf_crypto_backend_secp256r1_public_key_from_raw
                0x00000000000f83d8       0x36 Output/bootloader Release/Obj/cc310_bl_backend_ecc.o
                0x00000000000f83d8                nrf_crypto_backend_secp256r1_public_key_from_raw
 .text.nrf_mtx_trylock
                0x00000000000f840e       0x28 Output/bootloader Release/Obj/cc310_bl_backend_ecdsa.o
 .text.nrf_mtx_unlock
                0x00000000000f8436       0x14 Output/bootloader Release/Obj/cc310_bl_backend_ecdsa.o
 *fill*         0x00000000000f844a        0x2 
 .text.cc310_backend_mutex_trylock
                0x00000000000f844c       0x14 Output/bootloader Release/Obj/cc310_bl_backend_ecdsa.o
 .text.cc310_backend_mutex_unlock
                0x00000000000f8460       0x10 Output/bootloader Release/Obj/cc310_bl_backend_ecdsa.o
 .text.crys_error_to_ret_code
                0x00000000000f8470       0x2c Output/bootloader Release/Obj/cc310_bl_backend_ecdsa.o
 .text.nrf_crypto_backend_secp256r1_verify
                0x00000000000f849c       0x70 Output/bootloader Release/Obj/cc310_bl_backend_ecdsa.o
                0x00000000000f849c                nrf_crypto_backend_secp256r1_verify
 .text.nrf_mtx_trylock
                0x00000000000f850c       0x28 Output/bootloader Release/Obj/cc310_bl_backend_hash.o
 .text.nrf_mtx_unlock
                0x00000000000f8534       0x14 Output/bootloader Release/Obj/cc310_bl_backend_hash.o
 .text.cc310_backend_mutex_trylock
                0x00000000000f8548       0x14 Output/bootloader Release/Obj/cc310_bl_backend_hash.o
 .text.cc310_backend_mutex_unlock
                0x00000000000f855c       0x10 Output/bootloader Release/Obj/cc310_bl_backend_hash.o
 .text.nrfx_is_in_ram
                0x00000000000f856c       0x1c Output/bootloader Release/Obj/cc310_bl_backend_hash.o
 .text.hash_result_get
                0x00000000000f8588       0x84 Output/bootloader Release/Obj/cc310_bl_backend_hash.o
 .text.cc310_bl_backend_hash_sha256_init
                0x00000000000f860c       0x26 Output/bootloader Release/Obj/cc310_bl_backend_hash.o
 .text.cc310_bl_backend_hash_sha256_update
                0x00000000000f8632       0xa2 Output/bootloader Release/Obj/cc310_bl_backend_hash.o
 .text.cc310_bl_backend_hash_sha256_finalize
                0x00000000000f86d4       0x74 Output/bootloader Release/Obj/cc310_bl_backend_hash.o
 .text.nrf_mtx_init
                0x00000000000f8748       0x14 Output/bootloader Release/Obj/cc310_bl_backend_init.o
 .text.cc310_backend_mutex_init
                0x00000000000f875c       0x10 Output/bootloader Release/Obj/cc310_bl_backend_init.o
 .text.init_result_get
                0x00000000000f876c       0x30 Output/bootloader Release/Obj/cc310_bl_backend_init.o
 .text.cc310_bl_backend_init
                0x00000000000f879c       0x34 Output/bootloader Release/Obj/cc310_bl_backend_init.o
 .text.cc310_bl_backend_uninit
                0x00000000000f87d0       0x14 Output/bootloader Release/Obj/cc310_bl_backend_init.o
 .text.NVIC_EnableIRQ
                0x00000000000f87e4       0x2c Output/bootloader Release/Obj/cc310_bl_backend_shared.o
 .text.NVIC_DisableIRQ
                0x00000000000f8810       0x30 Output/bootloader Release/Obj/cc310_bl_backend_shared.o
 .text.cc310_bl_backend_enable
                0x00000000000f8840       0x18 Output/bootloader Release/Obj/cc310_bl_backend_shared.o
                0x00000000000f8840                cc310_bl_backend_enable
 .text.cc310_bl_backend_disable
                0x00000000000f8858       0x18 Output/bootloader Release/Obj/cc310_bl_backend_shared.o
                0x00000000000f8858                cc310_bl_backend_disable
 .text.nrf_atomic_u32_fetch_store
                0x00000000000f8870       0x2e Output/bootloader Release/Obj/nrf_atomic.o
                0x00000000000f8870                nrf_atomic_u32_fetch_store
 *fill*         0x00000000000f889e        0x2 
 .text.wait_for_flash_ready
                0x00000000000f88a0       0x14 Output/bootloader Release/Obj/nrf_nvmc.o
 .text.nrf_nvmc_page_erase
                0x00000000000f88b4       0x40 Output/bootloader Release/Obj/nrf_nvmc.o
                0x00000000000f88b4                nrf_nvmc_page_erase
 .text.nrf_nvmc_write_byte
                0x00000000000f88f4       0x7c Output/bootloader Release/Obj/nrf_nvmc.o
                0x00000000000f88f4                nrf_nvmc_write_byte
 .text.nrf_nvmc_write_bytes
                0x00000000000f8970       0x3a Output/bootloader Release/Obj/nrf_nvmc.o
                0x00000000000f8970                nrf_nvmc_write_bytes
 *fill*         0x00000000000f89aa        0x2 
 .text.UARTE0_UART0_IRQHandler
                0x00000000000f89ac       0x10 Output/bootloader Release/Obj/nrfx_prs.o
                0x00000000000f89ac                UARTE0_UART0_IRQHandler
 .text.nrf_crypto_internal_ecc_key_output_prepare
                0x00000000000f89bc       0x32 Output/bootloader Release/Obj/nrf_crypto_ecc.o
                0x00000000000f89bc                nrf_crypto_internal_ecc_key_output_prepare
 .text.nrf_crypto_internal_ecc_key_input_check
                0x00000000000f89ee       0x2a Output/bootloader Release/Obj/nrf_crypto_ecc.o
                0x00000000000f89ee                nrf_crypto_internal_ecc_key_input_check
 .text.nrf_crypto_internal_ecc_raw_input_check
                0x00000000000f8a18       0x2a Output/bootloader Release/Obj/nrf_crypto_ecc.o
                0x00000000000f8a18                nrf_crypto_internal_ecc_raw_input_check
 *fill*         0x00000000000f8a42        0x2 
 .text.nrf_crypto_ecc_public_key_from_raw
                0x00000000000f8a44       0x80 Output/bootloader Release/Obj/nrf_crypto_ecc.o
                0x00000000000f8a44                nrf_crypto_ecc_public_key_from_raw
 .text.nrf_crypto_ecdsa_verify
                0x00000000000f8ac4       0xcc Output/bootloader Release/Obj/nrf_crypto_ecdsa.o
                0x00000000000f8ac4                nrf_crypto_ecdsa_verify
 .text.verify_context
                0x00000000000f8b90       0x2c Output/bootloader Release/Obj/nrf_crypto_hash.o
 .text.nrf_crypto_hash_init
                0x00000000000f8bbc       0x54 Output/bootloader Release/Obj/nrf_crypto_hash.o
                0x00000000000f8bbc                nrf_crypto_hash_init
 .text.nrf_crypto_hash_update
                0x00000000000f8c10       0x50 Output/bootloader Release/Obj/nrf_crypto_hash.o
                0x00000000000f8c10                nrf_crypto_hash_update
 .text.nrf_crypto_hash_finalize
                0x00000000000f8c60       0x5a Output/bootloader Release/Obj/nrf_crypto_hash.o
                0x00000000000f8c60                nrf_crypto_hash_finalize
 *fill*         0x00000000000f8cba        0x2 
 .text.nrf_crypto_init
                0x00000000000f8cbc       0x60 Output/bootloader Release/Obj/nrf_crypto_init.o
                0x00000000000f8cbc                nrf_crypto_init
 .text.nrf_crypto_uninit
                0x00000000000f8d1c       0x5c Output/bootloader Release/Obj/nrf_crypto_init.o
                0x00000000000f8d1c                nrf_crypto_uninit
 .text.NVIC_DisableIRQ
                0x00000000000f8d78       0x30 Output/bootloader Release/Obj/main.o
 .text.NVIC_SystemReset
                0x00000000000f8da8       0x24 Output/bootloader Release/Obj/main.o
 .text.sd_mbr_command
                0x00000000000f8dcc        0x8 Output/bootloader Release/Obj/main.o
 .text.sd_softdevice_vector_table_base_set
                0x00000000000f8dd4        0x8 Output/bootloader Release/Obj/main.o
 .text.on_error
                0x00000000000f8ddc        0xa Output/bootloader Release/Obj/main.o
 *fill*         0x00000000000f8de6        0x2 
 .text.vDisableInterrupts
                0x00000000000f8de8       0x50 Output/bootloader Release/Obj/main.o
 .text.app_error_handler_bare
                0x00000000000f8e38       0x12 Output/bootloader Release/Obj/main.o
                0x00000000000f8e38                app_error_handler_bare
 *fill*         0x00000000000f8e4a        0x2 
 .text.vBoot    0x00000000000f8e4c       0x78 Output/bootloader Release/Obj/main.o
                0x00000000000f8e4c                vBoot
 .text.vEraseRegion
                0x00000000000f8ec4       0x3a Output/bootloader Release/Obj/main.o
                0x00000000000f8ec4                vEraseRegion
 .text.vSetBankFlag
                0x00000000000f8efe       0x74 Output/bootloader Release/Obj/main.o
                0x00000000000f8efe                vSetBankFlag
 .text.vEraseSecondBank
                0x00000000000f8f72       0x12 Output/bootloader Release/Obj/main.o
                0x00000000000f8f72                vEraseSecondBank
 .text.vCommitSecondBank
                0x00000000000f8f84       0xb4 Output/bootloader Release/Obj/main.o
                0x00000000000f8f84                vCommitSecondBank
 .text.main     0x00000000000f9038      0x214 Output/bootloader Release/Obj/main.o
                0x00000000000f9038                main
 .text.nrfx_coredep_delay_us
                0x00000000000f924c       0x30 Output/bootloader Release/Obj/utils.o
 .text.nrf_gpio_pin_port_decode
                0x00000000000f927c       0x2c Output/bootloader Release/Obj/utils.o
 .text.nrf_gpio_cfg
                0x00000000000f92a8       0x62 Output/bootloader Release/Obj/utils.o
 .text.nrf_gpio_cfg_output
                0x00000000000f930a       0x22 Output/bootloader Release/Obj/utils.o
 .text.nrf_gpio_pin_set
                0x00000000000f932c       0x28 Output/bootloader Release/Obj/utils.o
 .text.nrf_gpio_pin_toggle
                0x00000000000f9354       0x44 Output/bootloader Release/Obj/utils.o
 .text.nrf_gpio_port_out_set
                0x00000000000f9398       0x14 Output/bootloader Release/Obj/utils.o
 .text.nrf_delay_ms
                0x00000000000f93ac       0x2a Output/bootloader Release/Obj/utils.o
 *fill*         0x00000000000f93d6        0x2 
 .text.vStartApplication
                0x00000000000f93d8       0x18 Output/bootloader Release/Obj/utils.o
                0x00000000000f93d8                vStartApplication
 .text.vBlinkLeds
                0x00000000000f93f0       0x78 Output/bootloader Release/Obj/utils.o
                0x00000000000f93f0                vBlinkLeds
 .text.vMoveChunk
                0x00000000000f9468       0x4e Output/bootloader Release/Obj/utils.o
 .text.setSwapState
                0x00000000000f94b6       0x28 Output/bootloader Release/Obj/utils.o
 .text.vSwapImages
                0x00000000000f94de      0x116 Output/bootloader Release/Obj/utils.o
                0x00000000000f94de                vSwapImages
 .text.bMagickCorrect
                0x00000000000f95f4       0x28 Output/bootloader Release/Obj/utils.o
                0x00000000000f95f4                bMagickCorrect
 .text.bValidateHeader
                0x00000000000f961c       0x36 Output/bootloader Release/Obj/utils.o
                0x00000000000f961c                bValidateHeader
 *fill*         0x00000000000f9652        0x2 
 .text.xGetBankState
                0x00000000000f9654       0xc4 Output/bootloader Release/Obj/utils.o
                0x00000000000f9654                xGetBankState
 .text.xCryptoInit
                0x00000000000f9718       0x1a Output/bootloader Release/Obj/crypto.o
                0x00000000000f9718                xCryptoInit
 .text.xCryptoUnInit
                0x00000000000f9732        0xc Output/bootloader Release/Obj/crypto.o
                0x00000000000f9732                xCryptoUnInit
 *fill*         0x00000000000f973e        0x2 
 .text.xReadCertificate
                0x00000000000f9740       0xe0 Output/bootloader Release/Obj/crypto.o
                0x00000000000f9740                xReadCertificate
 .text.xComputeSHA256Hash
                0x00000000000f9820       0x98 Output/bootloader Release/Obj/crypto.o
                0x00000000000f9820                xComputeSHA256Hash
 .text.xVerifySignature
                0x00000000000f98b8       0x9c Output/bootloader Release/Obj/crypto.o
                0x00000000000f98b8                xVerifySignature
 .text.xVerifyImageSignature
                0x00000000000f9954       0x60 Output/bootloader Release/Obj/crypto.o
                0x00000000000f9954                xVerifyImageSignature
 .text.asn1_getBigInteger
                0x00000000000f99b4       0x76 Output/bootloader Release/Obj/asn1utility.o
                0x00000000000f99b4                asn1_getBigInteger
 .text.asn1_decodeSignature
                0x00000000000f9a2a       0x62 Output/bootloader Release/Obj/asn1utility.o
                0x00000000000f9a2a                asn1_decodeSignature
 .text.NVIC_SystemReset
                0x00000000000f9a8c       0x24 Output/bootloader Release/Obj/system_nrf52840.o
 .text.SystemCoreClockUpdate
                0x00000000000f9ab0       0x14 Output/bootloader Release/Obj/system_nrf52840.o
                0x00000000000f9ab0                SystemCoreClockUpdate
 .text.SystemInit
                0x00000000000f9ac4      0x250 Output/bootloader Release/Obj/system_nrf52840.o
                0x00000000000f9ac4                SystemInit
 .text.errata_36
                0x00000000000f9d14       0x3c Output/bootloader Release/Obj/system_nrf52840.o
 .text.errata_66
                0x00000000000f9d50       0x3c Output/bootloader Release/Obj/system_nrf52840.o
 .text.errata_98
                0x00000000000f9d8c       0x24 Output/bootloader Release/Obj/system_nrf52840.o
 .text.errata_103
                0x00000000000f9db0       0x24 Output/bootloader Release/Obj/system_nrf52840.o
 .text.errata_115
                0x00000000000f9dd4       0x24 Output/bootloader Release/Obj/system_nrf52840.o
 .text.errata_120
                0x00000000000f9df8       0x24 Output/bootloader Release/Obj/system_nrf52840.o
 .text.errata_136
                0x00000000000f9e1c       0x3c Output/bootloader Release/Obj/system_nrf52840.o
 .text.verify_context_ecdsa_verify_secp256r1
                0x00000000000f9e58       0x20 ../../../../../../lib/third_party/mcu_vendor/nordic/nRF5_SDK_15.2.0/external/nrf_cc310_bl/lib/libnrf_cc310_bl_0.9.10.a(nrf_cc310_bl_ecdsa_verify_secp256r1.c.obj)
 .text.nrf_cc310_bl_ecdsa_verify_init_secp256r1
                0x00000000000f9e78       0x4c ../../../../../../lib/third_party/mcu_vendor/nordic/nRF5_SDK_15.2.0/external/nrf_cc310_bl/lib/libnrf_cc310_bl_0.9.10.a(nrf_cc310_bl_ecdsa_verify_secp256r1.c.obj)
                0x00000000000f9e78                nrf_cc310_bl_ecdsa_verify_init_secp256r1
 .text.nrf_cc310_bl_ecdsa_verify_hash_secp256r1
                0x00000000000f9ec4      0x168 ../../../../../../lib/third_party/mcu_vendor/nordic/nRF5_SDK_15.2.0/external/nrf_cc310_bl/lib/libnrf_cc310_bl_0.9.10.a(nrf_cc310_bl_ecdsa_verify_secp256r1.c.obj)
                0x00000000000f9ec4                nrf_cc310_bl_ecdsa_verify_hash_secp256r1
 .text.nrf_cc310_bl_ecdsa_verify_secp256r1
                0x00000000000fa02c       0x26 ../../../../../../lib/third_party/mcu_vendor/nordic/nRF5_SDK_15.2.0/external/nrf_cc310_bl/lib/libnrf_cc310_bl_0.9.10.a(nrf_cc310_bl_ecdsa_verify_secp256r1.c.obj)
                0x00000000000fa02c                nrf_cc310_bl_ecdsa_verify_secp256r1
 *fill*         0x00000000000fa052        0x2 
 .text.set_digest_in_hw_sha256
                0x00000000000fa054       0x38 ../../../../../../lib/third_party/mcu_vendor/nordic/nRF5_SDK_15.2.0/external/nrf_cc310_bl/lib/libnrf_cc310_bl_0.9.10.a(nrf_cc310_bl_hash_sha256.c.obj)
 .text.read_digest_in_hw_sha256
                0x00000000000fa08c       0x54 ../../../../../../lib/third_party/mcu_vendor/nordic/nRF5_SDK_15.2.0/external/nrf_cc310_bl/lib/libnrf_cc310_bl_0.9.10.a(nrf_cc310_bl_hash_sha256.c.obj)
 .text.verify_context_hash_sha256
                0x00000000000fa0e0       0x20 ../../../../../../lib/third_party/mcu_vendor/nordic/nRF5_SDK_15.2.0/external/nrf_cc310_bl/lib/libnrf_cc310_bl_0.9.10.a(nrf_cc310_bl_hash_sha256.c.obj)
 .text.nrf_cc310_bl_hash_sha256_init
                0x00000000000fa100       0x34 ../../../../../../lib/third_party/mcu_vendor/nordic/nRF5_SDK_15.2.0/external/nrf_cc310_bl/lib/libnrf_cc310_bl_0.9.10.a(nrf_cc310_bl_hash_sha256.c.obj)
                0x00000000000fa100                nrf_cc310_bl_hash_sha256_init
 .text.nrf_cc310_bl_hash_sha256_update
                0x00000000000fa134       0xb0 ../../../../../../lib/third_party/mcu_vendor/nordic/nRF5_SDK_15.2.0/external/nrf_cc310_bl/lib/libnrf_cc310_bl_0.9.10.a(nrf_cc310_bl_hash_sha256.c.obj)
                0x00000000000fa134                nrf_cc310_bl_hash_sha256_update
 .text.nrf_cc310_bl_hash_sha256_finalize
                0x00000000000fa1e4       0x60 ../../../../../../lib/third_party/mcu_vendor/nordic/nRF5_SDK_15.2.0/external/nrf_cc310_bl/lib/libnrf_cc310_bl_0.9.10.a(nrf_cc310_bl_hash_sha256.c.obj)
                0x00000000000fa1e4                nrf_cc310_bl_hash_sha256_finalize
 .text.nrf_cc310_bl_init
                0x00000000000fa244       0x34 ../../../../../../lib/third_party/mcu_vendor/nordic/nRF5_SDK_15.2.0/external/nrf_cc310_bl/lib/libnrf_cc310_bl_0.9.10.a(nrf_cc310_bl_init.c.obj)
                0x00000000000fa244                nrf_cc310_bl_init
 .text.PkaSetRegsMapTab
                0x00000000000fa278       0x48 ../../../../../../lib/third_party/mcu_vendor/nordic/nRF5_SDK_15.2.0/external/nrf_cc310_bl/lib/libnrf_cc310_bl_0.9.10.a(pka.c.obj)
                0x00000000000fa278                PkaSetRegsMapTab
 .text.PkaGetRegEffectiveSizeInBits
                0x00000000000fa2c0       0x8c ../../../../../../lib/third_party/mcu_vendor/nordic/nRF5_SDK_15.2.0/external/nrf_cc310_bl/lib/libnrf_cc310_bl_0.9.10.a(pka.c.obj)
                0x00000000000fa2c0                PkaGetRegEffectiveSizeInBits
 .text.PkaGetNextMsBit
                0x00000000000fa34c       0x78 ../../../../../../lib/third_party/mcu_vendor/nordic/nRF5_SDK_15.2.0/external/nrf_cc310_bl/lib/libnrf_cc310_bl_0.9.10.a(pka.c.obj)
                0x00000000000fa34c                PkaGetNextMsBit
 .text.PkaSetRegsSizesTab
                0x00000000000fa3c4       0x3c ../../../../../../lib/third_party/mcu_vendor/nordic/nRF5_SDK_15.2.0/external/nrf_cc310_bl/lib/libnrf_cc310_bl_0.9.10.a(pka.c.obj)
                0x00000000000fa3c4                PkaSetRegsSizesTab
 .text.PkaInitPka
                0x00000000000fa400       0x74 ../../../../../../lib/third_party/mcu_vendor/nordic/nRF5_SDK_15.2.0/external/nrf_cc310_bl/lib/libnrf_cc310_bl_0.9.10.a(pka.c.obj)
                0x00000000000fa400                PkaInitPka
 .text.PkaInitAndMutexLock
                0x00000000000fa474        0x8 ../../../../../../lib/third_party/mcu_vendor/nordic/nRF5_SDK_15.2.0/external/nrf_cc310_bl/lib/libnrf_cc310_bl_0.9.10.a(pka.c.obj)
                0x00000000000fa474                PkaInitAndMutexLock
 .text.PkaClearBlockOfRegs
                0x00000000000fa47c      0x134 ../../../../../../lib/third_party/mcu_vendor/nordic/nRF5_SDK_15.2.0/external/nrf_cc310_bl/lib/libnrf_cc310_bl_0.9.10.a(pka.c.obj)
                0x00000000000fa47c                PkaClearBlockOfRegs
 .text.PkaFinishAndMutexUnlock
                0x00000000000fa5b0       0x24 ../../../../../../lib/third_party/mcu_vendor/nordic/nRF5_SDK_15.2.0/external/nrf_cc310_bl/lib/libnrf_cc310_bl_0.9.10.a(pka.c.obj)
                0x00000000000fa5b0                PkaFinishAndMutexUnlock
 .text.PkaCopyDataIntoPkaReg
                0x00000000000fa5d4       0xb8 ../../../../../../lib/third_party/mcu_vendor/nordic/nRF5_SDK_15.2.0/external/nrf_cc310_bl/lib/libnrf_cc310_bl_0.9.10.a(pka.c.obj)
                0x00000000000fa5d4                PkaCopyDataIntoPkaReg
 .text.PkaEcdsaVerify
                0x00000000000fa68c      0x284 ../../../../../../lib/third_party/mcu_vendor/nordic/nRF5_SDK_15.2.0/external/nrf_cc310_bl/lib/libnrf_cc310_bl_0.9.10.a(pka_ec_wrst_dsa_verify.c.obj)
                0x00000000000fa68c                PkaEcdsaVerify
 .text.SaSi_PalMemCopy
                0x00000000000fa910        0x4 ../../../../../../lib/third_party/mcu_vendor/nordic/nRF5_SDK_15.2.0/external/nrf_cc310_bl/lib/libnrf_cc310_bl_0.9.10.a(ssi_pal_mem.c.obj)
                0x00000000000fa910                SaSi_PalMemCopy
 .text.SaSi_PalMemSet
                0x00000000000fa914        0x4 ../../../../../../lib/third_party/mcu_vendor/nordic/nRF5_SDK_15.2.0/external/nrf_cc310_bl/lib/libnrf_cc310_bl_0.9.10.a(ssi_pal_mem.c.obj)
                0x00000000000fa914                SaSi_PalMemSet
 .text.SaSi_PalMemSetZero
                0x00000000000fa918        0x8 ../../../../../../lib/third_party/mcu_vendor/nordic/nRF5_SDK_15.2.0/external/nrf_cc310_bl/lib/libnrf_cc310_bl_0.9.10.a(ssi_pal_mem.c.obj)
                0x00000000000fa918                SaSi_PalMemSetZero
 .text.CRYS_COMMON_ReverseMemcpy32
                0x00000000000fa920       0x1a ../../../../../../lib/third_party/mcu_vendor/nordic/nRF5_SDK_15.2.0/external/nrf_cc310_bl/lib/libnrf_cc310_bl_0.9.10.a(crys_common_conv_endian.c.obj)
                0x00000000000fa920                CRYS_COMMON_ReverseMemcpy32
 *fill*         0x00000000000fa93a        0x2 
 .text.nrf_cc310_bl_hash_update_internal
                0x00000000000fa93c       0xf0 ../../../../../../lib/third_party/mcu_vendor/nordic/nRF5_SDK_15.2.0/external/nrf_cc310_bl/lib/libnrf_cc310_bl_0.9.10.a(nrf_cc310_bl_hash.c.obj)
                0x00000000000fa93c                nrf_cc310_bl_hash_update_internal
 .text.PkaDoubleMdf2Mdf
                0x00000000000faa2c      0x1ac ../../../../../../lib/third_party/mcu_vendor/nordic/nRF5_SDK_15.2.0/external/nrf_cc310_bl/lib/libnrf_cc310_bl_0.9.10.a(pka_ec_wrst.c.obj)
                0x00000000000faa2c                PkaDoubleMdf2Mdf
 .text.PkaDoubleMdf2Jcb
                0x00000000000fabd8      0x178 ../../../../../../lib/third_party/mcu_vendor/nordic/nRF5_SDK_15.2.0/external/nrf_cc310_bl/lib/libnrf_cc310_bl_0.9.10.a(pka_ec_wrst.c.obj)
                0x00000000000fabd8                PkaDoubleMdf2Jcb
 .text.PkaAddJcbAfn2Mdf
                0x00000000000fad50      0x194 ../../../../../../lib/third_party/mcu_vendor/nordic/nRF5_SDK_15.2.0/external/nrf_cc310_bl/lib/libnrf_cc310_bl_0.9.10.a(pka_ec_wrst.c.obj)
                0x00000000000fad50                PkaAddJcbAfn2Mdf
 .text.PkaJcb2Afn
                0x00000000000faee4       0xb0 ../../../../../../lib/third_party/mcu_vendor/nordic/nRF5_SDK_15.2.0/external/nrf_cc310_bl/lib/libnrf_cc310_bl_0.9.10.a(pka_ec_wrst.c.obj)
                0x00000000000faee4                PkaJcb2Afn
 .text.PkaAddAff
                0x00000000000faf94      0x11c ../../../../../../lib/third_party/mcu_vendor/nordic/nRF5_SDK_15.2.0/external/nrf_cc310_bl/lib/libnrf_cc310_bl_0.9.10.a(pka_ec_wrst.c.obj)
                0x00000000000faf94                PkaAddAff
 .text.PkaSum2ScalarMullt
                0x00000000000fb0b0      0x1e4 ../../../../../../lib/third_party/mcu_vendor/nordic/nRF5_SDK_15.2.0/external/nrf_cc310_bl/lib/libnrf_cc310_bl_0.9.10.a(pka_ec_wrst.c.obj)
                0x00000000000fb0b0                PkaSum2ScalarMullt
 .text.SaSi_HalClearInterruptBit
                0x00000000000fb294        0xc ../../../../../../lib/third_party/mcu_vendor/nordic/nRF5_SDK_15.2.0/external/nrf_cc310_bl/lib/libnrf_cc310_bl_0.9.10.a(ssi_hal.c.obj)
                0x00000000000fb294                SaSi_HalClearInterruptBit
 .text.SaSi_HalMaskInterrupt
                0x00000000000fb2a0        0xc ../../../../../../lib/third_party/mcu_vendor/nordic/nRF5_SDK_15.2.0/external/nrf_cc310_bl/lib/libnrf_cc310_bl_0.9.10.a(ssi_hal.c.obj)
                0x00000000000fb2a0                SaSi_HalMaskInterrupt
 .text.SaSi_HalWaitInterrupt
                0x00000000000fb2ac       0x34 ../../../../../../lib/third_party/mcu_vendor/nordic/nRF5_SDK_15.2.0/external/nrf_cc310_bl/lib/libnrf_cc310_bl_0.9.10.a(ssi_hal.c.obj)
                0x00000000000fb2ac                SaSi_HalWaitInterrupt
 .text.CRYPTOCELL_IRQHandler
                0x00000000000fb2e0       0x24 ../../../../../../lib/third_party/mcu_vendor/nordic/nRF5_SDK_15.2.0/external/nrf_cc310_bl/lib/libnrf_cc310_bl_0.9.10.a(ssi_hal.c.obj)
                0x00000000000fb2e0                CRYPTOCELL_IRQHandler
 .text.mbedtls_asn1_get_len
                0x00000000000fb304      0x17c Output/bootloader Release/Obj/asn1parse.o
                0x00000000000fb304                mbedtls_asn1_get_len
 .text.mbedtls_asn1_get_tag
                0x00000000000fb480       0x50 Output/bootloader Release/Obj/asn1parse.o
                0x00000000000fb480                mbedtls_asn1_get_tag
 .text.mbedtls_base64_decode
                0x00000000000fb4d0      0x230 Output/bootloader Release/Obj/base64.o
                0x00000000000fb4d0                mbedtls_base64_decode
 .text.libc.memcmp
                0x00000000000fb700       0x6c /usr/share/segger_embedded_studio_for_arm_4.10a/lib/libc_v7em_fpv4_sp_d16_hard_t_le_eabi.a(libc2.o)
                0x00000000000fb700                memcmp
 .text.libc.strstr
                0x00000000000fb76c       0x40 /usr/share/segger_embedded_studio_for_arm_4.10a/lib/libc_v7em_fpv4_sp_d16_hard_t_le_eabi.a(libc2.o)
                0x00000000000fb76c                strstr
 .text.libc.memcpy
                0x00000000000fb7ac       0x52 /usr/share/segger_embedded_studio_for_arm_4.10a/lib/libc_v7em_fpv4_sp_d16_hard_t_le_eabi.a(libc2_asm.o)
                0x00000000000fb7ac                memcpy
                0x00000000000fb7ac                __aeabi_memcpy
                0x00000000000fb7b8                __aeabi_memcpy4
                0x00000000000fb7b8                __aeabi_memcpy8
 .text.libc.memset
                0x00000000000fb7fe       0x66 /usr/share/segger_embedded_studio_for_arm_4.10a/lib/libc_v7em_fpv4_sp_d16_hard_t_le_eabi.a(libc2_asm.o)
                0x00000000000fb7fe                memset
                0x00000000000fb864                __text_end__ = (__text_start__ + SIZEOF (.text))
                0x000000000000348c                __text_size__ = SIZEOF (.text)
                0x00000000000fb864                __text_load_end__ = __text_end__

.vfp11_veneer   0x0000000100000000        0x0
 .vfp11_veneer  0x0000000100000000        0x0 linker stubs

.v4_bx          0x0000000100000000        0x0
 .v4_bx         0x0000000100000000        0x0 linker stubs

.iplt           0x0000000100000000        0x0
 .iplt          0x0000000100000000        0x0 Output/bootloader Release/Obj/thumb_crt0.o
                0x0000000000000001                . = ASSERT (((__text_start__ == __text_end__) || ((__text_end__ >= __FLASH_segment_start__) && (__text_end__ <= __FLASH_segment_end__))), error: .text is too large to fit in FLASH memory segment)
                0x00000000000fb864                __crypto_data_load_start__ = ALIGN (__text_end__, 0x4)

.crypto_data    0x00000000000fb864        0x8
                0x00000000000fb864                __crypto_data_start__ = .
                0x00000000000fb864                __start_crypto_data = __crypto_data_start__
 *(SORT_BY_NAME(.crypto_data*))
 .crypto_data   0x00000000000fb864        0x8 Output/bootloader Release/Obj/cc310_bl_backend_init.o
                0x00000000000fb864                cc310_bl_backend
                0x00000000000fb86c                __crypto_data_end__ = (__crypto_data_start__ + SIZEOF (.crypto_data))
                0x0000000000000008                __crypto_data_size__ = SIZEOF (.crypto_data)
                0x00000000000fb86c                __stop_crypto_data = __crypto_data_end__
                0x00000000000fb86c                __crypto_data_load_end__ = __crypto_data_end__
                0x0000000000000001                . = ASSERT (((__crypto_data_start__ == __crypto_data_end__) || ((__crypto_data_end__ >= __FLASH_segment_start__) && (__crypto_data_end__ <= __FLASH_segment_end__))), error: .crypto_data is too large to fit in FLASH memory segment)
                0x00000000000fb86c                __dfu_trans_load_start__ = ALIGN (__crypto_data_end__, 0x4)

.dfu_trans      0x00000000000fb86c        0x0
                0x00000000000fb86c                __dfu_trans_start__ = .
                0x00000000000fb86c                __start_dfu_trans = __dfu_trans_start__
 *(SORT_BY_NAME(.dfu_trans*))
                0x00000000000fb86c                __dfu_trans_end__ = (__dfu_trans_start__ + SIZEOF (.dfu_trans))
                0x0000000000000000                __dfu_trans_size__ = SIZEOF (.dfu_trans)
                0x00000000000fb86c                __stop_dfu_trans = __dfu_trans_end__
                0x00000000000fb86c                __dfu_trans_load_end__ = __dfu_trans_end__
                0x0000000000000001                . = ASSERT (((__dfu_trans_start__ == __dfu_trans_end__) || ((__dfu_trans_end__ >= __FLASH_segment_start__) && (__dfu_trans_end__ <= __FLASH_segment_end__))), error: .dfu_trans is too large to fit in FLASH memory segment)
                0x00000000000fb86c                __nrf_queue_load_start__ = ALIGN (__dfu_trans_end__, 0x4)

.nrf_queue      0x00000000000fb86c        0x0
                0x00000000000fb86c                __nrf_queue_start__ = .
                0x00000000000fb86c                __start_nrf_queue = __nrf_queue_start__
 *(.nrf_queue*)
                0x00000000000fb86c                __nrf_queue_end__ = (__nrf_queue_start__ + SIZEOF (.nrf_queue))
                0x0000000000000000                __nrf_queue_size__ = SIZEOF (.nrf_queue)
                0x00000000000fb86c                __stop_nrf_queue = __nrf_queue_end__
                0x00000000000fb86c                __nrf_queue_load_end__ = __nrf_queue_end__
                0x0000000000000001                . = ASSERT (((__nrf_queue_start__ == __nrf_queue_end__) || ((__nrf_queue_end__ >= __FLASH_segment_start__) && (__nrf_queue_end__ <= __FLASH_segment_end__))), error: .nrf_queue is too large to fit in FLASH memory segment)
                0x00000000000fb86c                __log_const_data_load_start__ = ALIGN (__nrf_queue_end__, 0x4)

.log_const_data
                0x00000000000fb86c        0x0
                0x00000000000fb86c                __log_const_data_start__ = .
                0x00000000000fb86c                __start_log_const_data = __log_const_data_start__
 *(SORT_BY_NAME(.log_const_data*))
                0x00000000000fb86c                __log_const_data_end__ = (__log_const_data_start__ + SIZEOF (.log_const_data))
                0x0000000000000000                __log_const_data_size__ = SIZEOF (.log_const_data)
                0x00000000000fb86c                __stop_log_const_data = __log_const_data_end__
                0x00000000000fb86c                __log_const_data_load_end__ = __log_const_data_end__
                0x0000000000000001                . = ASSERT (((__log_const_data_start__ == __log_const_data_end__) || ((__log_const_data_end__ >= __FLASH_segment_start__) && (__log_const_data_end__ <= __FLASH_segment_end__))), error: .log_const_data is too large to fit in FLASH memory segment)
                0x00000000000fb86c                __nrf_balloc_load_start__ = ALIGN (__log_const_data_end__, 0x4)

.nrf_balloc     0x00000000000fb86c        0x0
                0x00000000000fb86c                __nrf_balloc_start__ = .
                0x00000000000fb86c                __start_nrf_balloc = __nrf_balloc_start__
 *(.nrf_balloc*)
                0x00000000000fb86c                __nrf_balloc_end__ = (__nrf_balloc_start__ + SIZEOF (.nrf_balloc))
                0x0000000000000000                __nrf_balloc_size__ = SIZEOF (.nrf_balloc)
                0x00000000000fb86c                __stop_nrf_balloc = __nrf_balloc_end__
                0x00000000000fb86c                __nrf_balloc_load_end__ = __nrf_balloc_end__
                0x0000000000000001                . = ASSERT (((__nrf_balloc_start__ == __nrf_balloc_end__) || ((__nrf_balloc_end__ >= __FLASH_segment_start__) && (__nrf_balloc_end__ <= __FLASH_segment_end__))), error: .nrf_balloc is too large to fit in FLASH memory segment)
                0x00000000000fb86c                __log_backends_load_start__ = ALIGN (__nrf_balloc_end__, 0x4)

.log_backends   0x00000000000fb86c        0x0
                0x00000000000fb86c                __log_backends_start__ = .
                0x00000000000fb86c                __start_log_backends = __log_backends_start__
 *(SORT_BY_NAME(.log_backends*))
                0x00000000000fb86c                __log_backends_end__ = (__log_backends_start__ + SIZEOF (.log_backends))
                0x0000000000000000                __log_backends_size__ = SIZEOF (.log_backends)
                0x00000000000fb86c                __stop_log_backends = __log_backends_end__
                0x00000000000fb86c                __log_backends_load_end__ = __log_backends_end__
                0x0000000000000001                . = ASSERT (((__log_backends_start__ == __log_backends_end__) || ((__log_backends_end__ >= __FLASH_segment_start__) && (__log_backends_end__ <= __FLASH_segment_end__))), error: .log_backends is too large to fit in FLASH memory segment)
                0x00000000000fb86c                __nrf_sections_load_start__ = ALIGN (__log_backends_end__, 0x4)

.nrf_sections   0x00000000000fb86c        0x0
                0x00000000000fb86c                __nrf_sections_start__ = .
                0x00000000000fb86c                __start_nrf_sections = __nrf_sections_start__
 *(.nrf_sections .nrf_sections.*)
                0x00000000000fb86c                __nrf_sections_end__ = (__nrf_sections_start__ + SIZEOF (.nrf_sections))
                0x0000000000000000                __nrf_sections_size__ = SIZEOF (.nrf_sections)
                0x00000000000fb86c                __nrf_sections_load_end__ = __nrf_sections_end__
                0x0000000000000001                . = ASSERT (((__nrf_sections_start__ == __nrf_sections_end__) || ((__nrf_sections_end__ >= __FLASH_segment_start__) && (__nrf_sections_end__ <= __FLASH_segment_end__))), error: .nrf_sections is too large to fit in FLASH memory segment)
                0x00000000000fb86c                __fs_data_load_start__ = ALIGN (__nrf_sections_end__, 0x4)

.fs_data        0x0000000020000008        0x0 load address 0x00000000000fb86c
                0x0000000020000008                __fs_data_start__ = .
 *(.fs_data*)
                0x0000000020000008                __fs_data_end__ = (__fs_data_start__ + SIZEOF (.fs_data))
                0x0000000000000000                __fs_data_size__ = SIZEOF (.fs_data)
                0x00000000000fb86c                __fs_data_load_end__ = (__fs_data_load_start__ + SIZEOF (.fs_data))
                0x0000000000000001                . = ASSERT (((__fs_data_load_start__ == __fs_data_load_end__) || ((__fs_data_load_end__ >= __FLASH_segment_start__) && (__fs_data_load_end__ <= __FLASH_segment_end__))), error: .fs_data is too large to fit in FLASH memory segment)

.fs_data_run    0x0000000020000008        0x0
                0x0000000020000008                __fs_data_run_start__ = .
                0x0000000020000008                __start_fs_data = __fs_data_run_start__
                0x0000000020000008                . = MAX ((__fs_data_run_start__ + SIZEOF (.fs_data)), .)
                0x0000000020000008                __fs_data_run_end__ = (__fs_data_run_start__ + SIZEOF (.fs_data_run))
                0x0000000000000000                __fs_data_run_size__ = SIZEOF (.fs_data_run)
                0x0000000020000008                __stop_fs_data = __fs_data_run_end__
                0x0000000020000008                __fs_data_run_load_end__ = __fs_data_run_end__
                0x0000000000000001                . = ASSERT (((__fs_data_run_start__ == __fs_data_run_end__) || ((__fs_data_run_end__ >= __RAM_segment_start__) && (__fs_data_run_end__ <= __RAM_segment_end__))), error: .fs_data_run is too large to fit in RAM memory segment)
                0x00000000000fb86c                __log_dynamic_data_load_start__ = ALIGN ((__fs_data_load_start__ + SIZEOF (.fs_data)), 0x4)

.log_dynamic_data
                0x0000000020000008        0x0 load address 0x00000000000fb86c
                0x0000000020000008                __log_dynamic_data_start__ = .
 *(SORT_BY_NAME(.log_dynamic_data*))
                0x0000000020000008                __log_dynamic_data_end__ = (__log_dynamic_data_start__ + SIZEOF (.log_dynamic_data))
                0x0000000000000000                __log_dynamic_data_size__ = SIZEOF (.log_dynamic_data)
                0x00000000000fb86c                __log_dynamic_data_load_end__ = (__log_dynamic_data_load_start__ + SIZEOF (.log_dynamic_data))
                0x0000000000000001                . = ASSERT (((__log_dynamic_data_load_start__ == __log_dynamic_data_load_end__) || ((__log_dynamic_data_load_end__ >= __FLASH_segment_start__) && (__log_dynamic_data_load_end__ <= __FLASH_segment_end__))), error: .log_dynamic_data is too large to fit in FLASH memory segment)

.log_dynamic_data_run
                0x0000000020000008        0x0
                0x0000000020000008                __log_dynamic_data_run_start__ = .
                0x0000000020000008                __start_log_dynamic_data = __log_dynamic_data_run_start__
                0x0000000020000008                . = MAX ((__log_dynamic_data_run_start__ + SIZEOF (.log_dynamic_data)), .)
                0x0000000020000008                __log_dynamic_data_run_end__ = (__log_dynamic_data_run_start__ + SIZEOF (.log_dynamic_data_run))
                0x0000000000000000                __log_dynamic_data_run_size__ = SIZEOF (.log_dynamic_data_run)
                0x0000000020000008                __stop_log_dynamic_data = __log_dynamic_data_run_end__
                0x0000000020000008                __log_dynamic_data_run_load_end__ = __log_dynamic_data_run_end__
                0x0000000000000001                . = ASSERT (((__log_dynamic_data_run_start__ == __log_dynamic_data_run_end__) || ((__log_dynamic_data_run_end__ >= __RAM_segment_start__) && (__log_dynamic_data_run_end__ <= __RAM_segment_end__))), error: .log_dynamic_data_run is too large to fit in RAM memory segment)
                0x00000000000fb86c                __log_filter_data_load_start__ = ALIGN ((__log_dynamic_data_load_start__ + SIZEOF (.log_dynamic_data)), 0x4)

.log_filter_data
                0x0000000020000008        0x0 load address 0x00000000000fb86c
                0x0000000020000008                __log_filter_data_start__ = .
 *(SORT_BY_NAME(.log_filter_data*))
                0x0000000020000008                __log_filter_data_end__ = (__log_filter_data_start__ + SIZEOF (.log_filter_data))
                0x0000000000000000                __log_filter_data_size__ = SIZEOF (.log_filter_data)
                0x00000000000fb86c                __log_filter_data_load_end__ = (__log_filter_data_load_start__ + SIZEOF (.log_filter_data))
                0x0000000000000001                . = ASSERT (((__log_filter_data_load_start__ == __log_filter_data_load_end__) || ((__log_filter_data_load_end__ >= __FLASH_segment_start__) && (__log_filter_data_load_end__ <= __FLASH_segment_end__))), error: .log_filter_data is too large to fit in FLASH memory segment)

.log_filter_data_run
                0x0000000020000008        0x0
                0x0000000020000008                __log_filter_data_run_start__ = .
                0x0000000020000008                __start_log_filter_data = __log_filter_data_run_start__
                0x0000000020000008                . = MAX ((__log_filter_data_run_start__ + SIZEOF (.log_filter_data)), .)
                0x0000000020000008                __log_filter_data_run_end__ = (__log_filter_data_run_start__ + SIZEOF (.log_filter_data_run))
                0x0000000000000000                __log_filter_data_run_size__ = SIZEOF (.log_filter_data_run)
                0x0000000020000008                __stop_log_filter_data = __log_filter_data_run_end__
                0x0000000020000008                __log_filter_data_run_load_end__ = __log_filter_data_run_end__
                0x0000000000000001                . = ASSERT (((__log_filter_data_run_start__ == __log_filter_data_run_end__) || ((__log_filter_data_run_end__ >= __RAM_segment_start__) && (__log_filter_data_run_end__ <= __RAM_segment_end__))), error: .log_filter_data_run is too large to fit in RAM memory segment)
                0x0000000020000008                __nrf_sections_run_end_load_start__ = ALIGN (__log_filter_data_run_end__, 0x4)

.nrf_sections_run_end
                0x0000000020000008        0x0
                0x0000000020000008                __nrf_sections_run_end_start__ = .
                0x0000000020000008                __end_nrf_sections_run = __nrf_sections_run_end_start__
 *(.nrf_sections_run_end .nrf_sections_run_end.*)
                0x0000000020000008                __nrf_sections_run_end_end__ = (__nrf_sections_run_end_start__ + SIZEOF (.nrf_sections_run_end))
                0x0000000000000000                __nrf_sections_run_end_size__ = SIZEOF (.nrf_sections_run_end)
                0x0000000020000008                __nrf_sections_run_end_load_end__ = __nrf_sections_run_end_end__
                0x0000000000000001                . = ASSERT (((__nrf_sections_run_end_start__ == __nrf_sections_run_end_end__) || ((__nrf_sections_run_end_end__ >= __RAM_segment_start__) && (__nrf_sections_run_end_end__ <= __RAM_segment_end__))), error: .nrf_sections_run_end is too large to fit in RAM memory segment)
                0x00000000000fb86c                __dtors_load_start__ = ALIGN ((__log_filter_data_load_start__ + SIZEOF (.log_filter_data)), 0x4)

.dtors          0x00000000000fb86c        0x0
                0x00000000000fb86c                __dtors_start__ = .
 *(SORT_BY_NAME(.dtors.*))
 *(.dtors)
 *(.fini_array)
 *(SORT_BY_NAME(.fini_array.*))
                0x00000000000fb86c                __dtors_end__ = (__dtors_start__ + SIZEOF (.dtors))
                0x0000000000000000                __dtors_size__ = SIZEOF (.dtors)
                0x00000000000fb86c                __dtors_load_end__ = __dtors_end__
                0x0000000000000001                . = ASSERT (((__dtors_start__ == __dtors_end__) || ((__dtors_end__ >= __FLASH_segment_start__) && (__dtors_end__ <= __FLASH_segment_end__))), error: .dtors is too large to fit in FLASH memory segment)
                0x00000000000fb86c                __ctors_load_start__ = ALIGN (__dtors_end__, 0x4)

.ctors          0x00000000000fb86c        0x0
                0x00000000000fb86c                __ctors_start__ = .
 *(SORT_BY_NAME(.ctors.*))
 *(.ctors)
 *(.init_array)
 *(SORT_BY_NAME(.init_array.*))
                0x00000000000fb86c                __ctors_end__ = (__ctors_start__ + SIZEOF (.ctors))
                0x0000000000000000                __ctors_size__ = SIZEOF (.ctors)
                0x00000000000fb86c                __ctors_load_end__ = __ctors_end__
                0x0000000000000001                . = ASSERT (((__ctors_start__ == __ctors_end__) || ((__ctors_end__ >= __FLASH_segment_start__) && (__ctors_end__ <= __FLASH_segment_end__))), error: .ctors is too large to fit in FLASH memory segment)
                0x00000000000fb86c                __rodata_load_start__ = ALIGN (__ctors_end__, 0x4)

.rodata         0x00000000000fb86c      0x410
                0x00000000000fb86c                __rodata_start__ = .
 *(.rodata .rodata.* .gnu.linkonce.r.*)
 .rodata.g_nrf_crypto_ecc_secp256r1_curve_info
                0x00000000000fb86c        0xc Output/bootloader Release/Obj/cc310_bl_backend_ecc.o
                0x00000000000fb86c                g_nrf_crypto_ecc_secp256r1_curve_info
 .rodata.g_nrf_crypto_hash_sha256_info
                0x00000000000fb878       0x18 Output/bootloader Release/Obj/cc310_bl_backend_hash.o
                0x00000000000fb878                g_nrf_crypto_hash_sha256_info
 .rodata        0x00000000000fb890        0x8 Output/bootloader Release/Obj/utils.o
 *fill*         0x00000000000fb898        0x8 
 .rodata.delay_bytecode.7749
                0x00000000000fb8a0        0x6 Output/bootloader Release/Obj/utils.o
 *fill*         0x00000000000fb8a6        0x2 
 .rodata.signingcredentialSIGNING_CERTIFICATE_PEM
                0x00000000000fb8a8      0x20b Output/bootloader Release/Obj/crypto.o
 *fill*         0x00000000000fbab3        0x1 
 .rodata.ASN_1_ECDSA_TAG
                0x00000000000fbab4       0x14 Output/bootloader Release/Obj/crypto.o
                0x00000000000fbab4                ASN_1_ECDSA_TAG
 .rodata.CERT_BEGIN
                0x00000000000fbac8       0x1c Output/bootloader Release/Obj/crypto.o
                0x00000000000fbac8                CERT_BEGIN
 .rodata.CERT_END
                0x00000000000fbae4       0x1a Output/bootloader Release/Obj/crypto.o
                0x00000000000fbae4                CERT_END
 *fill*         0x00000000000fbafe        0x2 
 .rodata.domain_secp256r1
                0x00000000000fbb00       0xcc ../../../../../../lib/third_party/mcu_vendor/nordic/nRF5_SDK_15.2.0/external/nrf_cc310_bl/lib/libnrf_cc310_bl_0.9.10.a(nrf_cc310_bl_ecdsa_verify_secp256r1.c.obj)
                0x00000000000fbb00                domain_secp256r1
 .rodata        0x00000000000fbbcc       0x10 ../../../../../../lib/third_party/mcu_vendor/nordic/nRF5_SDK_15.2.0/external/nrf_cc310_bl/lib/libnrf_cc310_bl_0.9.10.a(nrf_cc310_bl_hash_sha256.c.obj)
 .rodata.NRF_CC310_BL_HASH_LARVAL_SHA256
                0x00000000000fbbdc       0x20 ../../../../../../lib/third_party/mcu_vendor/nordic/nRF5_SDK_15.2.0/external/nrf_cc310_bl/lib/libnrf_cc310_bl_0.9.10.a(nrf_cc310_bl_hash_sha256.c.obj)
                0x00000000000fbbdc                NRF_CC310_BL_HASH_LARVAL_SHA256
 .rodata.base64_dec_map
                0x00000000000fbbfc       0x80 Output/bootloader Release/Obj/base64.o
                0x00000000000fbc7c                __rodata_end__ = (__rodata_start__ + SIZEOF (.rodata))
                0x0000000000000410                __rodata_size__ = SIZEOF (.rodata)
                0x00000000000fbc7c                __rodata_load_end__ = __rodata_end__

.rel.dyn        0x00000000000fbc7c        0x0
 .rel.iplt      0x00000000000fbc7c        0x0 Output/bootloader Release/Obj/thumb_crt0.o
                0x0000000000000001                . = ASSERT (((__rodata_start__ == __rodata_end__) || ((__rodata_end__ >= __FLASH_segment_start__) && (__rodata_end__ <= __FLASH_segment_end__))), error: .rodata is too large to fit in FLASH memory segment)
                0x00000000000fbc7c                __ARM.exidx_load_start__ = ALIGN (__rodata_end__, 0x4)

.ARM.exidx      0x00000000000fbc7c        0x0
                0x00000000000fbc7c                __ARM.exidx_start__ = .
                0x00000000000fbc7c                __exidx_start = __ARM.exidx_start__
 *(.ARM.exidx .ARM.exidx.*)
                0x00000000000fbc7c                __ARM.exidx_end__ = (__ARM.exidx_start__ + SIZEOF (.ARM.exidx))
                0x0000000000000000                __ARM.exidx_size__ = SIZEOF (.ARM.exidx)
                0x00000000000fbc7c                __exidx_end = __ARM.exidx_end__
                0x00000000000fbc7c                __ARM.exidx_load_end__ = __ARM.exidx_end__
                0x0000000000000001                . = ASSERT (((__ARM.exidx_start__ == __ARM.exidx_end__) || ((__ARM.exidx_end__ >= __FLASH_segment_start__) && (__ARM.exidx_end__ <= __FLASH_segment_end__))), error: .ARM.exidx is too large to fit in FLASH memory segment)
                0x00000000000fbc7c                __fast_load_start__ = ALIGN (__ARM.exidx_end__, 0x4)

.fast           0x0000000020000008        0x0 load address 0x00000000000fbc7c
                0x0000000020000008                __fast_start__ = .
 *(.fast .fast.*)
                0x0000000020000008                __fast_end__ = (__fast_start__ + SIZEOF (.fast))
                0x0000000000000000                __fast_size__ = SIZEOF (.fast)
                0x00000000000fbc7c                __fast_load_end__ = (__fast_load_start__ + SIZEOF (.fast))
                0x0000000000000001                . = ASSERT (((__fast_load_start__ == __fast_load_end__) || ((__fast_load_end__ >= __FLASH_segment_start__) && (__fast_load_end__ <= __FLASH_segment_end__))), error: .fast is too large to fit in FLASH memory segment)

.fast_run       0x0000000020000008        0x0
                0x0000000020000008                __fast_run_start__ = .
                0x0000000020000008                . = MAX ((__fast_run_start__ + SIZEOF (.fast)), .)
                0x0000000020000008                __fast_run_end__ = (__fast_run_start__ + SIZEOF (.fast_run))
                0x0000000000000000                __fast_run_size__ = SIZEOF (.fast_run)
                0x0000000020000008                __fast_run_load_end__ = __fast_run_end__
                0x0000000000000001                . = ASSERT (((__fast_run_start__ == __fast_run_end__) || ((__fast_run_end__ >= __RAM_segment_start__) && (__fast_run_end__ <= __RAM_segment_end__))), error: .fast_run is too large to fit in RAM memory segment)
                0x00000000000fbc7c                __data_load_start__ = ALIGN ((__fast_load_start__ + SIZEOF (.fast)), 0x4)

.data           0x0000000020000008        0x4 load address 0x00000000000fbc7c
                0x0000000020000008                __data_start__ = .
 *(.data .data.* .gnu.linkonce.d.*)
 .data.SystemCoreClock
                0x0000000020000008        0x4 Output/bootloader Release/Obj/system_nrf52840.o
                0x0000000020000008                SystemCoreClock
                0x000000002000000c                __data_end__ = (__data_start__ + SIZEOF (.data))
                0x0000000000000004                __data_size__ = SIZEOF (.data)
                0x00000000000fbc80                __data_load_end__ = (__data_load_start__ + SIZEOF (.data))

.igot.plt       0x0000000100000000        0x0
 .igot.plt      0x0000000100000000        0x0 Output/bootloader Release/Obj/thumb_crt0.o
                0x0000000000000001                . = ASSERT (((__data_load_start__ == __data_load_end__) || ((__data_load_end__ >= __FLASH_segment_start__) && (__data_load_end__ <= __FLASH_segment_end__))), error: .data is too large to fit in FLASH memory segment)

.data_run       0x0000000020000008        0x4 load address 0x00000000000fbc7c
                0x0000000020000008                __data_run_start__ = .
                0x000000002000000c                . = MAX ((__data_run_start__ + SIZEOF (.data)), .)
 *fill*         0x0000000020000008        0x4 
                0x000000002000000c                __data_run_end__ = (__data_run_start__ + SIZEOF (.data_run))
                0x0000000000000004                __data_run_size__ = SIZEOF (.data_run)
                0x000000002000000c                __data_run_load_end__ = __data_run_end__
                0x0000000000000001                . = ASSERT (((__data_run_start__ == __data_run_end__) || ((__data_run_end__ >= __RAM_segment_start__) && (__data_run_end__ <= __RAM_segment_end__))), error: .data_run is too large to fit in RAM memory segment)
                0x00000000000fbc80                __tdata_load_start__ = ALIGN ((__data_load_start__ + SIZEOF (.data)), 0x4)

.tdata          0x000000002000000c        0x0 load address 0x00000000000fbc80
                0x000000002000000c                __tdata_start__ = .
 *(.tdata .tdata.*)
                0x000000002000000c                __tdata_end__ = (__tdata_start__ + SIZEOF (.tdata))
                0x0000000000000000                __tdata_size__ = SIZEOF (.tdata)
                0x00000000000fbc80                __tdata_load_end__ = (__tdata_load_start__ + SIZEOF (.tdata))
                0x00000000000fbc80                __FLASH_segment_used_end__ = (ALIGN ((__data_load_start__ + SIZEOF (.data)), 0x4) + SIZEOF (.tdata))
                0x00000000000fbc80                __FLASH_segment_used_size__ = (__FLASH_segment_used_end__ - __FLASH_segment_start__)
                0x0000000000000001                . = ASSERT (((__tdata_load_start__ == __tdata_load_end__) || ((__tdata_load_end__ >= __FLASH_segment_start__) && (__tdata_load_end__ <= __FLASH_segment_end__))), error: .tdata is too large to fit in FLASH memory segment)

.tdata_run      0x000000002000000c        0x0
                0x000000002000000c                __tdata_run_start__ = .
                0x000000002000000c                . = MAX ((__tdata_run_start__ + SIZEOF (.tdata)), .)
                0x000000002000000c                __tdata_run_end__ = (__tdata_run_start__ + SIZEOF (.tdata_run))
                0x0000000000000000                __tdata_run_size__ = SIZEOF (.tdata_run)
                0x000000002000000c                __tdata_run_load_end__ = __tdata_run_end__
                0x0000000000000001                . = ASSERT (((__tdata_run_start__ == __tdata_run_end__) || ((__tdata_run_end__ >= __RAM_segment_start__) && (__tdata_run_end__ <= __RAM_segment_end__))), error: .tdata_run is too large to fit in RAM memory segment)
                0x000000002000000c                __bss_load_start__ = ALIGN (__tdata_run_end__, 0x4)

.bss            0x000000002000000c       0xf4
                0x000000002000000c                __bss_start__ = .
 *(.bss .bss.* .gnu.linkonce.b.*)
 .bss.g_cc310_mutex
                0x000000002000000c        0x4 Output/bootloader Release/Obj/cc310_bl_backend_init.o
                0x000000002000000c                g_cc310_mutex
 .bss.m_prs_box_4
                0x0000000020000010        0x8 Output/bootloader Release/Obj/nrfx_prs.o
 .bss.m_state   0x0000000020000018        0x1 Output/bootloader Release/Obj/nrf_crypto_init.o
 *fill*         0x0000000020000019        0x3 
 .bss.pucPublicKey
                0x000000002000001c       0x60 Output/bootloader Release/Obj/crypto.o
                0x000000002000001c                pucPublicKey
 .bss.ulPublicKeySize
                0x000000002000007c        0x4 Output/bootloader Release/Obj/crypto.o
                0x000000002000007c                ulPublicKeySize
 .bss.hash_context.8979
                0x0000000020000080       0x7c Output/bootloader Release/Obj/crypto.o
 .bss.m_hal_irr
                0x00000000200000fc        0x4 ../../../../../../lib/third_party/mcu_vendor/nordic/nRF5_SDK_15.2.0/external/nrf_cc310_bl/lib/libnrf_cc310_bl_0.9.10.a(ssi_hal.c.obj)
 *(COMMON)
                0x0000000020000100                __bss_end__ = (__bss_start__ + SIZEOF (.bss))
                0x00000000000000f4                __bss_size__ = SIZEOF (.bss)
                0x0000000020000100                __bss_load_end__ = __bss_end__
                0x0000000000000001                . = ASSERT (((__bss_start__ == __bss_end__) || ((__bss_end__ >= __RAM_segment_start__) && (__bss_end__ <= __RAM_segment_end__))), error: .bss is too large to fit in RAM memory segment)
                0x0000000020000100                __tbss_load_start__ = ALIGN (__bss_end__, 0x4)

.tbss           0x0000000020000100        0x0
                0x0000000020000100                __tbss_start__ = .
 *(.tbss .tbss.*)
                0x0000000020000100                __tbss_end__ = (__tbss_start__ + SIZEOF (.tbss))
                0x0000000000000000                __tbss_size__ = SIZEOF (.tbss)
                0x0000000020000100                __tbss_load_end__ = __tbss_end__
                0x0000000000000001                . = ASSERT (((__tbss_start__ == __tbss_end__) || ((__tbss_end__ >= __RAM_segment_start__) && (__tbss_end__ <= __RAM_segment_end__))), error: .tbss is too large to fit in RAM memory segment)
                0x0000000020000100                __non_init_load_start__ = ALIGN (__tbss_end__, 0x4)

.non_init       0x0000000020000100        0x0
                0x0000000020000100                __non_init_start__ = .
 *(.non_init .non_init.*)
                0x0000000020000100                __non_init_end__ = (__non_init_start__ + SIZEOF (.non_init))
                0x0000000000000000                __non_init_size__ = SIZEOF (.non_init)
                0x0000000020000100                __non_init_load_end__ = __non_init_end__
                0x0000000000000001                . = ASSERT (((__non_init_start__ == __non_init_end__) || ((__non_init_end__ >= __RAM_segment_start__) && (__non_init_end__ <= __RAM_segment_end__))), error: .non_init is too large to fit in RAM memory segment)
                0x0000000020000100                __heap_load_start__ = ALIGN (__non_init_end__, 0x4)

.heap           0x0000000020000100        0x0
                0x0000000020000100                __heap_start__ = .
 *(.heap .heap.*)
                0x0000000020000100                . = ALIGN (MAX ((__heap_start__ + __HEAPSIZE__), .), 0x4)
                0x0000000020000100                __heap_end__ = (__heap_start__ + SIZEOF (.heap))
                0x0000000000000000                __heap_size__ = SIZEOF (.heap)
                0x0000000020000100                __heap_load_end__ = __heap_end__
                0x0000000000000001                . = ASSERT (((__heap_start__ == __heap_end__) || ((__heap_end__ >= __RAM_segment_start__) && (__heap_end__ <= __RAM_segment_end__))), error: .heap is too large to fit in RAM memory segment)
                0x000000002003f800                __stack_load_start__ = (__RAM_segment_end__ - 0x800)

.stack          0x000000002003f800      0x800
                0x000000002003f800                __stack_start__ = .
                0x000000002003f800                __StackLimit = __stack_start__
 *(.stack .stack.*)
                0x0000000020040000                . = ALIGN (MAX ((__stack_start__ + __STACKSIZE__), .), 0x8)
 *fill*         0x000000002003f800      0x800 
                0x0000000020040000                __stack_end__ = (__stack_start__ + SIZEOF (.stack))
                0x0000000000000800                __stack_size__ = SIZEOF (.stack)
                0x0000000020040000                __StackTop = __stack_end__
                0x0000000020040000                __stack_load_end__ = __stack_end__
                0x0000000000000001                . = ASSERT (((__stack_start__ == __stack_end__) || ((__stack_end__ >= __RAM_segment_start__) && (__stack_end__ <= __RAM_segment_end__))), error: .stack is too large to fit in RAM memory segment)
                0x0000000000000001                . = ASSERT ((__heap_end__ <= __stack_start__), error: section .heap overlaps absolute placed section .stack)
                0x0000000020040000                __stack_process_load_start__ = ALIGN (__stack_end__, 0x8)

.stack_process  0x0000000020040000        0x0
                0x0000000020040000                __stack_process_start__ = .
 *(.stack_process .stack_process.*)
                0x0000000020040000                . = ALIGN (MAX ((__stack_process_start__ + __STACKSIZE_PROCESS__), .), 0x8)
                0x0000000020040000                __stack_process_end__ = (__stack_process_start__ + SIZEOF (.stack_process))
                0x0000000000000000                __stack_process_size__ = SIZEOF (.stack_process)
                0x0000000020040000                __stack_process_load_end__ = __stack_process_end__
                0x0000000020040000                __RAM_segment_used_end__ = (ALIGN (__stack_end__, 0x8) + SIZEOF (.stack_process))
                0x0000000000040000                __RAM_segment_used_size__ = (__RAM_segment_used_end__ - __RAM_segment_start__)
                0x0000000000000001                . = ASSERT (((__stack_process_start__ == __stack_process_end__) || ((__stack_process_end__ >= __RAM_segment_start__) && (__stack_process_end__ <= __RAM_segment_end__))), error: .stack_process is too large to fit in RAM memory segment)
START GROUP
LOAD Output/bootloader Release/Obj/thumb_crt0.o
LOAD Output/bootloader Release/Obj/nrf_log_frontend.o
LOAD Output/bootloader Release/Obj/nrf_log_str_formatter.o
LOAD Output/bootloader Release/Obj/boards.o
LOAD Output/bootloader Release/Obj/cc310_bl_backend_ecc.o
LOAD Output/bootloader Release/Obj/cc310_bl_backend_ecdsa.o
LOAD Output/bootloader Release/Obj/cc310_bl_backend_hash.o
LOAD Output/bootloader Release/Obj/cc310_bl_backend_init.o
LOAD Output/bootloader Release/Obj/cc310_bl_backend_shared.o
LOAD Output/bootloader Release/Obj/app_error_weak.o
LOAD Output/bootloader Release/Obj/app_util_platform.o
LOAD Output/bootloader Release/Obj/crc32.o
LOAD Output/bootloader Release/Obj/mem_manager.o
LOAD Output/bootloader Release/Obj/nrf_assert.o
LOAD Output/bootloader Release/Obj/nrf_atomic.o
LOAD Output/bootloader Release/Obj/nrf_balloc.o
LOAD Output/bootloader Release/Obj/nrf_memobj.o
LOAD Output/bootloader Release/Obj/nrf_queue.o
LOAD Output/bootloader Release/Obj/nrf_strerror.o
LOAD Output/bootloader Release/Obj/nrf_bootloader_info.o
LOAD Output/bootloader Release/Obj/nrf_nvic.o
LOAD Output/bootloader Release/Obj/nrf_nvmc.o
LOAD Output/bootloader Release/Obj/nrf_soc.o
LOAD Output/bootloader Release/Obj/nrfx_prs.o
LOAD Output/bootloader Release/Obj/nrf_crypto_ecc.o
LOAD Output/bootloader Release/Obj/nrf_crypto_ecdsa.o
LOAD Output/bootloader Release/Obj/nrf_crypto_hash.o
LOAD Output/bootloader Release/Obj/nrf_crypto_init.o
LOAD Output/bootloader Release/Obj/nrf_crypto_shared.o
LOAD Output/bootloader Release/Obj/main.o
LOAD Output/bootloader Release/Obj/utils.o
LOAD Output/bootloader Release/Obj/crypto.o
LOAD Output/bootloader Release/Obj/asn1utility.o
LOAD Output/bootloader Release/Obj/ses_startup_nrf52840.o
LOAD Output/bootloader Release/Obj/ses_startup_nrf_common.o
LOAD Output/bootloader Release/Obj/system_nrf52840.o
LOAD ../../../../../../lib/third_party/mcu_vendor/nordic/nRF5_SDK_15.2.0/external/nrf_cc310_bl/lib/libnrf_cc310_bl_0.9.10.a
LOAD Output/bootloader Release/Obj/nrf_sdh.o
LOAD Output/bootloader Release/Obj/asn1parse.o
LOAD Output/bootloader Release/Obj/base64.o
LOAD /usr/share/segger_embedded_studio_for_arm_4.10a/lib/libdebugio_mempoll_v7em_fpv4_sp_d16_hard_t_le_eabi.a
LOAD /usr/share/segger_embedded_studio_for_arm_4.10a/lib/libm_v7em_fpv4_sp_d16_hard_t_le_eabi.a
LOAD /usr/share/segger_embedded_studio_for_arm_4.10a/lib/libc_v7em_fpv4_sp_d16_hard_t_le_eabi.a
LOAD /usr/share/segger_embedded_studio_for_arm_4.10a/lib/libcpp_v7em_fpv4_sp_d16_hard_t_le_eabi.a
LOAD /usr/share/segger_embedded_studio_for_arm_4.10a/lib/libdebugio_v7em_fpv4_sp_d16_hard_t_le_eabi.a
LOAD /usr/share/segger_embedded_studio_for_arm_4.10a/lib/libvfprintf_v7em_fpv4_sp_d16_hard_t_le_eabi.o
LOAD /usr/share/segger_embedded_studio_for_arm_4.10a/lib/libvfscanf_v7em_fpv4_sp_d16_hard_t_le_eabi.o
END GROUP
OUTPUT(Output/Release/Exe/bootloader.elf elf32-littlearm)

.ARM.attributes
                0x0000000000000000       0x35
 .ARM.attributes
                0x0000000000000000       0x25 Output/bootloader Release/Obj/thumb_crt0.o
 .ARM.attributes
                0x0000000000000025       0x39 Output/bootloader Release/Obj/cc310_bl_backend_ecc.o
 .ARM.attributes
                0x000000000000005e       0x39 Output/bootloader Release/Obj/cc310_bl_backend_ecdsa.o
 .ARM.attributes
                0x0000000000000097       0x39 Output/bootloader Release/Obj/cc310_bl_backend_hash.o
 .ARM.attributes
                0x00000000000000d0       0x39 Output/bootloader Release/Obj/cc310_bl_backend_init.o
 .ARM.attributes
                0x0000000000000109       0x39 Output/bootloader Release/Obj/cc310_bl_backend_shared.o
 .ARM.attributes
                0x0000000000000142       0x39 Output/bootloader Release/Obj/nrf_atomic.o
 .ARM.attributes
                0x000000000000017b       0x39 Output/bootloader Release/Obj/nrf_bootloader_info.o
 .ARM.attributes
                0x00000000000001b4       0x39 Output/bootloader Release/Obj/nrf_nvmc.o
 .ARM.attributes
                0x00000000000001ed       0x39 Output/bootloader Release/Obj/nrfx_prs.o
 .ARM.attributes
                0x0000000000000226       0x39 Output/bootloader Release/Obj/nrf_crypto_ecc.o
 .ARM.attributes
                0x000000000000025f       0x39 Output/bootloader Release/Obj/nrf_crypto_ecdsa.o
 .ARM.attributes
                0x0000000000000298       0x39 Output/bootloader Release/Obj/nrf_crypto_hash.o
 .ARM.attributes
                0x00000000000002d1       0x39 Output/bootloader Release/Obj/nrf_crypto_init.o
 .ARM.attributes
                0x000000000000030a       0x39 Output/bootloader Release/Obj/main.o
 .ARM.attributes
                0x0000000000000343       0x39 Output/bootloader Release/Obj/utils.o
 .ARM.attributes
                0x000000000000037c       0x39 Output/bootloader Release/Obj/crypto.o
 .ARM.attributes
                0x00000000000003b5       0x39 Output/bootloader Release/Obj/asn1utility.o
 .ARM.attributes
                0x00000000000003ee       0x25 Output/bootloader Release/Obj/ses_startup_nrf52840.o
 .ARM.attributes
                0x0000000000000413       0x25 Output/bootloader Release/Obj/ses_startup_nrf_common.o
 .ARM.attributes
                0x0000000000000438       0x39 Output/bootloader Release/Obj/system_nrf52840.o
 .ARM.attributes
                0x0000000000000471       0x39 ../../../../../../lib/third_party/mcu_vendor/nordic/nRF5_SDK_15.2.0/external/nrf_cc310_bl/lib/libnrf_cc310_bl_0.9.10.a(nrf_cc310_bl_ecdsa_verify_secp256r1.c.obj)
 .ARM.attributes
                0x00000000000004aa       0x39 ../../../../../../lib/third_party/mcu_vendor/nordic/nRF5_SDK_15.2.0/external/nrf_cc310_bl/lib/libnrf_cc310_bl_0.9.10.a(nrf_cc310_bl_hash_sha256.c.obj)
 .ARM.attributes
                0x00000000000004e3       0x39 ../../../../../../lib/third_party/mcu_vendor/nordic/nRF5_SDK_15.2.0/external/nrf_cc310_bl/lib/libnrf_cc310_bl_0.9.10.a(nrf_cc310_bl_init.c.obj)
 .ARM.attributes
                0x000000000000051c       0x39 ../../../../../../lib/third_party/mcu_vendor/nordic/nRF5_SDK_15.2.0/external/nrf_cc310_bl/lib/libnrf_cc310_bl_0.9.10.a(pka.c.obj)
 .ARM.attributes
                0x0000000000000555       0x39 ../../../../../../lib/third_party/mcu_vendor/nordic/nRF5_SDK_15.2.0/external/nrf_cc310_bl/lib/libnrf_cc310_bl_0.9.10.a(pka_ec_wrst_dsa_verify.c.obj)
 .ARM.attributes
                0x000000000000058e       0x39 ../../../../../../lib/third_party/mcu_vendor/nordic/nRF5_SDK_15.2.0/external/nrf_cc310_bl/lib/libnrf_cc310_bl_0.9.10.a(ssi_pal_mem.c.obj)
 .ARM.attributes
                0x00000000000005c7       0x39 ../../../../../../lib/third_party/mcu_vendor/nordic/nRF5_SDK_15.2.0/external/nrf_cc310_bl/lib/libnrf_cc310_bl_0.9.10.a(crys_common_conv_endian.c.obj)
 .ARM.attributes
                0x0000000000000600       0x39 ../../../../../../lib/third_party/mcu_vendor/nordic/nRF5_SDK_15.2.0/external/nrf_cc310_bl/lib/libnrf_cc310_bl_0.9.10.a(nrf_cc310_bl_hash.c.obj)
 .ARM.attributes
                0x0000000000000639       0x39 ../../../../../../lib/third_party/mcu_vendor/nordic/nRF5_SDK_15.2.0/external/nrf_cc310_bl/lib/libnrf_cc310_bl_0.9.10.a(pka_ec_wrst.c.obj)
 .ARM.attributes
                0x0000000000000672       0x39 ../../../../../../lib/third_party/mcu_vendor/nordic/nRF5_SDK_15.2.0/external/nrf_cc310_bl/lib/libnrf_cc310_bl_0.9.10.a(ssi_hal.c.obj)
 .ARM.attributes
                0x00000000000006ab       0x39 Output/bootloader Release/Obj/asn1parse.o
 .ARM.attributes
                0x00000000000006e4       0x39 Output/bootloader Release/Obj/base64.o
 .ARM.attributes
                0x000000000000071d       0x34 /usr/share/segger_embedded_studio_for_arm_4.10a/lib/libc_v7em_fpv4_sp_d16_hard_t_le_eabi.a(libc2.o)
 .ARM.attributes
                0x0000000000000751       0x20 /usr/share/segger_embedded_studio_for_arm_4.10a/lib/libc_v7em_fpv4_sp_d16_hard_t_le_eabi.a(libc2_asm.o)

.comment        0x0000000000000000       0xcb
 .comment       0x0000000000000000       0x4c Output/bootloader Release/Obj/cc310_bl_backend_ecc.o
                                         0x4d (size before relaxing)
 .comment       0x000000000000004c       0x4d Output/bootloader Release/Obj/cc310_bl_backend_ecdsa.o
 .comment       0x000000000000004c       0x4d Output/bootloader Release/Obj/cc310_bl_backend_hash.o
 .comment       0x000000000000004c       0x4d Output/bootloader Release/Obj/cc310_bl_backend_init.o
 .comment       0x000000000000004c       0x4d Output/bootloader Release/Obj/cc310_bl_backend_shared.o
 .comment       0x000000000000004c       0x4d Output/bootloader Release/Obj/nrf_atomic.o
 .comment       0x000000000000004c       0x4d Output/bootloader Release/Obj/nrf_bootloader_info.o
 .comment       0x000000000000004c       0x4d Output/bootloader Release/Obj/nrf_nvmc.o
 .comment       0x000000000000004c       0x4d Output/bootloader Release/Obj/nrfx_prs.o
 .comment       0x000000000000004c       0x4d Output/bootloader Release/Obj/nrf_crypto_ecc.o
 .comment       0x000000000000004c       0x4d Output/bootloader Release/Obj/nrf_crypto_ecdsa.o
 .comment       0x000000000000004c       0x4d Output/bootloader Release/Obj/nrf_crypto_hash.o
 .comment       0x000000000000004c       0x4d Output/bootloader Release/Obj/nrf_crypto_init.o
 .comment       0x000000000000004c       0x4d Output/bootloader Release/Obj/main.o
 .comment       0x000000000000004c       0x4d Output/bootloader Release/Obj/utils.o
 .comment       0x000000000000004c       0x4d Output/bootloader Release/Obj/crypto.o
 .comment       0x000000000000004c       0x4d Output/bootloader Release/Obj/asn1utility.o
 .comment       0x000000000000004c       0x4d Output/bootloader Release/Obj/system_nrf52840.o
 .comment       0x000000000000004c       0x7f ../../../../../../lib/third_party/mcu_vendor/nordic/nRF5_SDK_15.2.0/external/nrf_cc310_bl/lib/libnrf_cc310_bl_0.9.10.a(nrf_cc310_bl_ecdsa_verify_secp256r1.c.obj)
                                         0x80 (size before relaxing)
 .comment       0x00000000000000cb       0x80 ../../../../../../lib/third_party/mcu_vendor/nordic/nRF5_SDK_15.2.0/external/nrf_cc310_bl/lib/libnrf_cc310_bl_0.9.10.a(nrf_cc310_bl_hash_sha256.c.obj)
 .comment       0x00000000000000cb       0x80 ../../../../../../lib/third_party/mcu_vendor/nordic/nRF5_SDK_15.2.0/external/nrf_cc310_bl/lib/libnrf_cc310_bl_0.9.10.a(nrf_cc310_bl_init.c.obj)
 .comment       0x00000000000000cb       0x80 ../../../../../../lib/third_party/mcu_vendor/nordic/nRF5_SDK_15.2.0/external/nrf_cc310_bl/lib/libnrf_cc310_bl_0.9.10.a(pka.c.obj)
 .comment       0x00000000000000cb       0x80 ../../../../../../lib/third_party/mcu_vendor/nordic/nRF5_SDK_15.2.0/external/nrf_cc310_bl/lib/libnrf_cc310_bl_0.9.10.a(pka_ec_wrst_dsa_verify.c.obj)
 .comment       0x00000000000000cb       0x80 ../../../../../../lib/third_party/mcu_vendor/nordic/nRF5_SDK_15.2.0/external/nrf_cc310_bl/lib/libnrf_cc310_bl_0.9.10.a(ssi_pal_mem.c.obj)
 .comment       0x00000000000000cb       0x80 ../../../../../../lib/third_party/mcu_vendor/nordic/nRF5_SDK_15.2.0/external/nrf_cc310_bl/lib/libnrf_cc310_bl_0.9.10.a(crys_common_conv_endian.c.obj)
 .comment       0x00000000000000cb       0x80 ../../../../../../lib/third_party/mcu_vendor/nordic/nRF5_SDK_15.2.0/external/nrf_cc310_bl/lib/libnrf_cc310_bl_0.9.10.a(nrf_cc310_bl_hash.c.obj)
 .comment       0x00000000000000cb       0x80 ../../../../../../lib/third_party/mcu_vendor/nordic/nRF5_SDK_15.2.0/external/nrf_cc310_bl/lib/libnrf_cc310_bl_0.9.10.a(pka_ec_wrst.c.obj)
 .comment       0x00000000000000cb       0x80 ../../../../../../lib/third_party/mcu_vendor/nordic/nRF5_SDK_15.2.0/external/nrf_cc310_bl/lib/libnrf_cc310_bl_0.9.10.a(ssi_hal.c.obj)
 .comment       0x00000000000000cb       0x4d Output/bootloader Release/Obj/asn1parse.o
 .comment       0x00000000000000cb       0x4d Output/bootloader Release/Obj/base64.o
 .comment       0x00000000000000cb       0x4d /usr/share/segger_embedded_studio_for_arm_4.10a/lib/libc_v7em_fpv4_sp_d16_hard_t_le_eabi.a(libc2.o)

.debug_line     0x0000000000000000     0xab89
 .debug_line    0x0000000000000000      0x1e0 Output/bootloader Release/Obj/thumb_crt0.o
 .debug_line    0x00000000000001e0      0x93d Output/bootloader Release/Obj/cc310_bl_backend_ecc.o
 .debug_line    0x0000000000000b1d      0xb88 Output/bootloader Release/Obj/cc310_bl_backend_ecdsa.o
 .debug_line    0x00000000000016a5      0xba7 Output/bootloader Release/Obj/cc310_bl_backend_hash.o
 .debug_line    0x000000000000224c      0x8f7 Output/bootloader Release/Obj/cc310_bl_backend_init.o
 .debug_line    0x0000000000002b43      0x547 Output/bootloader Release/Obj/cc310_bl_backend_shared.o
 .debug_line    0x000000000000308a      0x602 Output/bootloader Release/Obj/nrf_atomic.o
 .debug_line    0x000000000000368c      0x406 Output/bootloader Release/Obj/nrf_bootloader_info.o
 .debug_line    0x0000000000003a92      0x7e0 Output/bootloader Release/Obj/nrf_nvmc.o
 .debug_line    0x0000000000004272      0x90a Output/bootloader Release/Obj/nrfx_prs.o
 .debug_line    0x0000000000004b7c      0xb6c Output/bootloader Release/Obj/nrf_crypto_ecc.o
 .debug_line    0x00000000000056e8      0xa72 Output/bootloader Release/Obj/nrf_crypto_ecdsa.o
 .debug_line    0x000000000000615a      0x9a1 Output/bootloader Release/Obj/nrf_crypto_hash.o
 .debug_line    0x0000000000006afb      0x573 Output/bootloader Release/Obj/nrf_crypto_init.o
 .debug_line    0x000000000000706e      0xffa Output/bootloader Release/Obj/main.o
 .debug_line    0x0000000000008068      0xda5 Output/bootloader Release/Obj/utils.o