Component: ARM Compiler 5.06 update 6 (build 750) Tool: armlink [4d35ed]

==============================================================================

Section Cross References

    startup_m480.o(RESET) refers to startup_m480.o(STACK) for __initial_sp
    startup_m480.o(RESET) refers to startup_m480.o(.text) for Reset_Handler
    startup_m480.o(RESET) refers to retarget.o(.emb_text) for HardFault_Handler
    startup_m480.o(RESET) refers to port.o(.emb_text) for SVC_Handler
    startup_m480.o(RESET) refers to port.o(.text) for SysTick_Handler
    startup_m480.o(RESET) refers to esp8266_wifi.o(.text) for UART1_IRQHandler
    startup_m480.o(RESET) refers to entropy_hardware_poll.o(.text) for CRYPTO_IRQHandler
    startup_m480.o(.text) refers to system_m480.o(.text) for SystemInit
    startup_m480.o(.text) refers to entry.o(.ARM.Collect$$$$00000000) for __main
    system_m480.o(.text) refers to clk.o(.text) for CLK_GetPLLClockFreq
    system_m480.o(.text) refers to sys.o(.text) for SYS_ResetModule
    system_m480.o(.text) refers to system_m480.o(.data) for PllClock
    entropy_hardware_poll.o(.text) refers to clk.o(.text) for CLK_EnableModuleClock
    entropy_hardware_poll.o(.text) refers to crypto.o(.text) for PRNG_Open
    entropy_hardware_poll.o(.text) refers to memmovea.o(.text) for __aeabi_memcpy
    entropy_hardware_poll.o(.text) refers to entropy_hardware_poll.o(.data) for val_sum
    entropy_hardware_poll.o(.text) refers to entropy_hardware_poll.o(.bss) for adc_val
    main.o(.text) refers to clk.o(.text) for CLK_EnableXtalRC
    main.o(.text) refers to system_m480.o(.text) for SystemCoreClockUpdate
    main.o(.text) refers to uart.o(.text) for UART_Open
    main.o(.text) refers to aws_logging_task_dynamic_buffers.o(.text) for xLoggingTaskInitialize
    main.o(.text) refers to tasks.o(.text) for vTaskStartScheduler
    main.o(.text) refers to aws_wifi.o(.text) for WIFI_On
    main.o(.text) refers to aws_system_init.o(.text) for SYSTEM_Init
    main.o(.text) refers to aws_test_runner.o(.text) for TEST_RUNNER_RunTests_task
    main.o(.text) refers to main.o(.data) for xTimeNow
    event_groups.o(.text) refers to setjmp.o(.text) for longjmp
    event_groups.o(.text) refers to list.o(.text) for vListInitialise
    event_groups.o(.text) refers to heap_4.o(.text) for pvPortMalloc
    event_groups.o(.text) refers to tasks.o(.text) for vTaskSuspendAll
    event_groups.o(.text) refers to port.o(.text) for vPortEnterCritical
    event_groups.o(.text) refers to unity.o(.bss) for Unity
    queue.o(.text) refers to setjmp.o(.text) for longjmp
    queue.o(.text) refers to port.o(.text) for vPortEnterCritical
    queue.o(.text) refers to tasks.o(.text) for xTaskRemoveFromEventList
    queue.o(.text) refers to list.o(.text) for vListInitialise
    queue.o(.text) refers to heap_4.o(.text) for pvPortMalloc
    queue.o(.text) refers to memmovea.o(.text) for __aeabi_memcpy
    queue.o(.text) refers to unity.o(.bss) for Unity
    queue.o(.text) refers to queue.o(.bss) for xQueueRegistry
    stream_buffer.o(.text) refers to memseta.o(.text) for memset
    stream_buffer.o(.text) refers to setjmp.o(.text) for longjmp
    stream_buffer.o(.text) refers to heap_4.o(.text) for pvPortMalloc
    stream_buffer.o(.text) refers to port.o(.text) for vPortEnterCritical
    stream_buffer.o(.text) refers to memmovea.o(.text) for __aeabi_memcpy
    stream_buffer.o(.text) refers to tasks.o(.text) for vTaskSetTimeOutState
    stream_buffer.o(.text) refers to unity.o(.bss) for Unity
    tasks.o(.text) refers to list.o(.text) for vListInitialise
    tasks.o(.text) refers to port.o(.text) for vPortEnterCritical
    tasks.o(.text) refers to memseta.o(.text) for __aeabi_memset
    tasks.o(.text) refers to setjmp.o(.text) for longjmp
    tasks.o(.text) refers to heap_4.o(.text) for pvPortMalloc
    tasks.o(.text) refers to tasks.o(.bss) for pxReadyTasksLists
    tasks.o(.text) refers to tasks.o(.data) for pxDelayedTaskList
    tasks.o(.text) refers to unity.o(.bss) for Unity
    tasks.o(.text) refers to main.o(.text) for vApplicationTickHook
    tasks.o(.text) refers to iot_test_afr.o(.text) for vApplicationStackOverflowHook
    tasks.o(.text) refers to aws_test.o(.text) for vApplicationGetIdleTaskMemory
    tasks.o(.text) refers to timers.o(.text) for xTimerCreateTimerTask
    timers.o(.text) refers to list.o(.text) for vListInsert
    timers.o(.text) refers to setjmp.o(.text) for longjmp
    timers.o(.text) refers to tasks.o(.text) for xTaskGetSchedulerState
    timers.o(.text) refers to queue.o(.text) for xQueueGenericSend
    timers.o(.text) refers to heap_4.o(.text) for vPortFree
    timers.o(.text) refers to main.o(.text) for vApplicationDaemonTaskStartupHook
    timers.o(.text) refers to port.o(.text) for vPortEnterCritical
    timers.o(.text) refers to aws_test.o(.text) for vApplicationGetTimerTaskMemory
    timers.o(.text) refers to timers.o(.data) for pxOverflowTimerList
    timers.o(.text) refers to unity.o(.bss) for Unity
[...]
    TLS_Recv                                 0x0000eec7   Thumb Code    90  aws_tls.o(.text)
    TLS_Send                                 0x0000ef21   Thumb Code    98  aws_tls.o(.text)
    TLS_Cleanup                              0x0000ef83   Thumb Code    28  aws_tls.o(.text)
    SYSTEM_Init                              0x0000f095   Thumb Code    16  aws_system_init.o(.text)
    mbedtls_aes_init                         0x0000f0a5   Thumb Code    16  aes.o(.text)
    mbedtls_aes_free                         0x0000f0b5   Thumb Code    22  aes.o(.text)
    mbedtls_aes_setkey_enc                   0x0000f0cb   Thumb Code   496  aes.o(.text)
    mbedtls_aes_setkey_dec                   0x0000f2bb   Thumb Code   204  aes.o(.text)
    mbedtls_internal_aes_encrypt             0x0000f387   Thumb Code  1306  aes.o(.text)
    mbedtls_internal_aes_decrypt             0x0000f8a1   Thumb Code  1262  aes.o(.text)
    mbedtls_aes_crypt_ecb                    0x0000fd8f   Thumb Code    38  aes.o(.text)
    mbedtls_aes_crypt_cbc                    0x0000fdb5   Thumb Code   162  aes.o(.text)
    mbedtls_aes_crypt_cfb128                 0x0000fe57   Thumb Code   134  aes.o(.text)
    mbedtls_aes_crypt_cfb8                   0x0000fedd   Thumb Code   100  aes.o(.text)
    mbedtls_aes_crypt_ctr                    0x0000ff41   Thumb Code   118  aes.o(.text)
    mbedtls_aes_self_test                    0x0000ffb7   Thumb Code   954  aes.o(.text)
    mbedtls_asn1_get_len                     0x00010455   Thumb Code   254  asn1parse.o(.text)
    mbedtls_asn1_get_tag                     0x00010553   Thumb Code    56  asn1parse.o(.text)
    mbedtls_asn1_get_bool                    0x0001058b   Thumb Code    64  asn1parse.o(.text)
    mbedtls_asn1_get_int                     0x000105cb   Thumb Code    92  asn1parse.o(.text)
    mbedtls_asn1_get_mpi                     0x00010627   Thumb Code    52  asn1parse.o(.text)
    mbedtls_asn1_get_bitstring               0x0001065b   Thumb Code    96  asn1parse.o(.text)
    mbedtls_asn1_get_bitstring_null          0x000106bb   Thumb Code    58  asn1parse.o(.text)
    mbedtls_asn1_get_sequence_of             0x000106f5   Thumb Code   150  asn1parse.o(.text)
    mbedtls_asn1_get_alg                     0x0001078b   Thumb Code   174  asn1parse.o(.text)
    mbedtls_asn1_get_alg_null                0x00010839   Thumb Code    60  asn1parse.o(.text)
    mbedtls_asn1_free_named_data             0x00010875   Thumb Code    32  asn1parse.o(.text)
    mbedtls_asn1_free_named_data_list        0x00010895   Thumb Code    30  asn1parse.o(.text)
    mbedtls_asn1_find_named_data             0x000108b3   Thumb Code    42  asn1parse.o(.text)
    mbedtls_asn1_write_len                   0x000108dd   Thumb Code   254  asn1write.o(.text)
    mbedtls_asn1_write_tag                   0x000109db   Thumb Code    28  asn1write.o(.text)
    mbedtls_asn1_write_raw_buffer            0x000109f7   Thumb Code    58  asn1write.o(.text)
    mbedtls_asn1_write_mpi                   0x00010a31   Thumb Code   168  asn1write.o(.text)
    mbedtls_asn1_write_null                  0x00010ad9   Thumb Code    60  asn1write.o(.text)
    mbedtls_asn1_write_oid                   0x00010b15   Thumb Code    94  asn1write.o(.text)
    mbedtls_asn1_write_algorithm_identifier  0x00010b73   Thumb Code   122  asn1write.o(.text)
    mbedtls_asn1_write_bool                  0x00010bed   Thumb Code   102  asn1write.o(.text)
    mbedtls_asn1_write_int                   0x00010c53   Thumb Code   134  asn1write.o(.text)
    mbedtls_asn1_write_printable_string      0x00010cd9   Thumb Code    94  asn1write.o(.text)
    mbedtls_asn1_write_ia5_string            0x00010d37   Thumb Code    94  asn1write.o(.text)
    mbedtls_asn1_write_bitstring             0x00010d95   Thumb Code   144  asn1write.o(.text)
    mbedtls_asn1_write_octet_string          0x00010e25   Thumb Code    94  asn1write.o(.text)
    mbedtls_asn1_store_named_data            0x00010e83   Thumb Code   182  asn1write.o(.text)
    mbedtls_base64_encode                    0x00010f39   Thumb Code   312  base64.o(.text)
    mbedtls_base64_decode                    0x00011071   Thumb Code   350  base64.o(.text)
    mbedtls_base64_self_test                 0x000111cf   Thumb Code   124  base64.o(.text)
    mbedtls_mpi_init                         0x000112bd   Thumb Code    18  bignum.o(.text)
    mbedtls_mpi_free                         0x000112cf   Thumb Code    40  bignum.o(.text)
    mbedtls_mpi_grow                         0x000112f7   Thumb Code    82  bignum.o(.text)
    mbedtls_mpi_shrink                       0x00011349   Thumb Code   112  bignum.o(.text)
    mbedtls_mpi_copy                         0x000113b9   Thumb Code   120  bignum.o(.text)
    mbedtls_mpi_swap                         0x00011431   Thumb Code    28  bignum.o(.text)
    mbedtls_mpi_safe_cond_assign             0x0001144d   Thumb Code   134  bignum.o(.text)
    mbedtls_mpi_safe_cond_swap               0x000114d3   Thumb Code   176  bignum.o(.text)
    mbedtls_mpi_lset                         0x00011583   Thumb Code    68  bignum.o(.text)
    mbedtls_mpi_get_bit                      0x000115c7   Thumb Code    34  bignum.o(.text)
    mbedtls_mpi_set_bit                      0x000115e9   Thumb Code   112  bignum.o(.text)
    mbedtls_mpi_lsb                          0x00011659   Thumb Code    52  bignum.o(.text)
    mbedtls_mpi_bitlen                       0x000116ab   Thumb Code    56  bignum.o(.text)
    mbedtls_mpi_size                         0x000116e3   Thumb Code    16  bignum.o(.text)
    mbedtls_mpi_add_abs                      0x00011733   Thumb Code   242  bignum.o(.text)
    mbedtls_mpi_cmp_abs                      0x00011887   Thumb Code   138  bignum.o(.text)
    mbedtls_mpi_sub_abs                      0x00011911   Thumb Code   140  bignum.o(.text)
    mbedtls_mpi_sub_mpi                      0x0001199d   Thumb Code   120  bignum.o(.text)
    mbedtls_mpi_sub_int                      0x00011a15   Thumb Code    56  bignum.o(.text)
    mbedtls_mpi_add_mpi                      0x00011a4d   Thumb Code   120  bignum.o(.text)
    mbedtls_mpi_add_int                      0x00011ac5   Thumb Code    56  bignum.o(.text)
    mbedtls_mpi_mul_mpi                      0x0001212d   Thumb Code   232  bignum.o(.text)
    mbedtls_mpi_mul_int                      0x00012215   Thumb Code    34  bignum.o(.text)
    mbedtls_mpi_read_string                  0x00012237   Thumb Code   374  bignum.o(.text)
    mbedtls_mpi_cmp_mpi                      0x000123ad   Thumb Code   172  bignum.o(.text)
    mbedtls_mpi_cmp_int                      0x00012459   Thumb Code    52  bignum.o(.text)
    mbedtls_mpi_shift_r                      0x0001248d   Thumb Code   166  bignum.o(.text)
    mbedtls_mpi_shift_l                      0x00012533   Thumb Code   194  bignum.o(.text)
    mbedtls_mpi_div_mpi                      0x0001265d   Thumb Code   980  bignum.o(.text)
    mbedtls_mpi_div_int                      0x00012a31   Thumb Code    64  bignum.o(.text)
    mbedtls_mpi_mod_int                      0x00012a71   Thumb Code   120  bignum.o(.text)
    mbedtls_mpi_write_string                 0x00012b71   Thumb Code   354  bignum.o(.text)
    mbedtls_mpi_read_binary                  0x00012cd3   Thumb Code   136  bignum.o(.text)
    mbedtls_mpi_write_binary                 0x00012d5b   Thumb Code    80  bignum.o(.text)
    mbedtls_mpi_mod_mpi                      0x00012dab   Thumb Code   126  bignum.o(.text)
    mbedtls_mpi_exp_mod                      0x00012f53   Thumb Code  1380  bignum.o(.text)
    mbedtls_mpi_gcd                          0x000134b7   Thumb Code   348  bignum.o(.text)
    mbedtls_mpi_fill_random                  0x00013613   Thumb Code    92  bignum.o(.text)
    mbedtls_mpi_inv_mod                      0x0001366f   Thumb Code   816  bignum.o(.text)
    mbedtls_mpi_is_prime                     0x00013c5f   Thumb Code    94  bignum.o(.text)
    mbedtls_mpi_gen_prime                    0x00013cbd   Thumb Code   432  bignum.o(.text)
    mbedtls_mpi_self_test                    0x00013e6d   Thumb Code   952  bignum.o(.text)
    mbedtls_cipher_list                      0x00014249   Thumb Code    36  cipher.o(.text)
    mbedtls_cipher_info_from_type            0x0001426d   Thumb Code    28  cipher.o(.text)
    mbedtls_cipher_info_from_string          0x00014289   Thumb Code    42  cipher.o(.text)
    mbedtls_cipher_info_from_values          0x000142b3   Thumb Code    52  cipher.o(.text)
    mbedtls_cipher_init                      0x000142e7   Thumb Code    14  cipher.o(.text)
    mbedtls_cipher_free                      0x000142f5   Thumb Code    34  cipher.o(.text)
    mbedtls_cipher_set_padding_mode          0x0001451d   Thumb Code    92  cipher.o(.text)
    mbedtls_cipher_setup                     0x00014579   Thumb Code    52  cipher.o(.text)
    mbedtls_cipher_setkey                    0x000145ad   Thumb Code   116  cipher.o(.text)
    mbedtls_cipher_set_iv                    0x00014621   Thumb Code   136  cipher.o(.text)
    mbedtls_cipher_reset                     0x000146a9   Thumb Code    22  cipher.o(.text)
    mbedtls_cipher_update_ad                 0x000146bf   Thumb Code    54  cipher.o(.text)
    mbedtls_cipher_update                    0x000146f5   Thumb Code   540  cipher.o(.text)
    mbedtls_cipher_finish                    0x00014911   Thumb Code   306  cipher.o(.text)
    mbedtls_cipher_write_tag                 0x00014a43   Thumb Code    68  cipher.o(.text)
    mbedtls_cipher_check_tag                 0x00014a87   Thumb Code    86  cipher.o(.text)
    mbedtls_cipher_crypt                     0x00014add   Thumb Code   114  cipher.o(.text)
    mbedtls_cipher_auth_encrypt              0x00014b4f   Thumb Code    72  cipher.o(.text)
    mbedtls_cipher_auth_decrypt              0x00014b97   Thumb Code    92  cipher.o(.text)
    mbedtls_ctr_drbg_init                    0x00014d39   Thumb Code    26  ctr_drbg.o(.text)
    mbedtls_ctr_drbg_reseed                  0x00014f5d   Thumb Code   142  ctr_drbg.o(.text)
    mbedtls_ctr_drbg_seed_entropy_len        0x00014feb   Thumb Code   104  ctr_drbg.o(.text)
    mbedtls_ctr_drbg_seed                    0x00015053   Thumb Code    38  ctr_drbg.o(.text)
    mbedtls_ctr_drbg_free                    0x00015079   Thumb Code    40  ctr_drbg.o(.text)
    mbedtls_ctr_drbg_set_prediction_resistance 0x000150a1   Thumb Code     4  ctr_drbg.o(.text)
    mbedtls_ctr_drbg_set_entropy_len         0x000150a5   Thumb Code     4  ctr_drbg.o(.text)
    mbedtls_ctr_drbg_set_reseed_interval     0x000150a9   Thumb Code     4  ctr_drbg.o(.text)
    mbedtls_ctr_drbg_update                  0x000150ad   Thumb Code    44  ctr_drbg.o(.text)
    mbedtls_ctr_drbg_random_with_add         0x000150d9   Thumb Code   252  ctr_drbg.o(.text)
    mbedtls_ctr_drbg_random                  0x000151d5   Thumb Code    74  ctr_drbg.o(.text)
    mbedtls_ctr_drbg_self_test               0x00015249   Thumb Code   332  ctr_drbg.o(.text)
    mbedtls_ecdh_gen_public                  0x00015409   Thumb Code    36  ecdh.o(.text)
    mbedtls_ecdh_compute_shared              0x0001542d   Thumb Code   114  ecdh.o(.text)
    mbedtls_ecdh_init                        0x0001549f   Thumb Code    16  ecdh.o(.text)
    mbedtls_ecdh_free                        0x000154af   Thumb Code    74  ecdh.o(.text)
    mbedtls_ecdh_make_params                 0x000154f9   Thumb Code   132  ecdh.o(.text)
    mbedtls_ecdh_read_params                 0x0001557d   Thumb Code    60  ecdh.o(.text)
    mbedtls_ecdh_get_params                  0x000155b9   Thumb Code    92  ecdh.o(.text)
    mbedtls_ecdh_make_public                 0x00015615   Thumb Code    80  ecdh.o(.text)
    mbedtls_ecdh_read_public                 0x00015665   Thumb Code    54  ecdh.o(.text)
    mbedtls_ecdh_calc_secret                 0x0001569b   Thumb Code   110  ecdh.o(.text)
    mbedtls_ecdsa_sign                       0x00015791   Thumb Code   502  ecdsa.o(.text)
    mbedtls_ecdsa_verify                     0x00015987   Thumb Code   376  ecdsa.o(.text)
    mbedtls_ecdsa_write_signature            0x00015b99   Thumb Code   104  ecdsa.o(.text)
    mbedtls_ecdsa_read_signature             0x00015c01   Thumb Code   164  ecdsa.o(.text)
    mbedtls_ecdsa_genkey                     0x00015ca5   Thumb Code    48  ecdsa.o(.text)
    mbedtls_ecdsa_free                       0x00015cd5   Thumb Code    12  ecdsa.o(.text)
    mbedtls_ecdsa_from_keypair               0x00015ce1   Thumb Code    60  ecdsa.o(.text)
    mbedtls_ecdsa_init                       0x00015d1d   Thumb Code    12  ecdsa.o(.text)
    mbedtls_ecp_curve_list                   0x00015d31   Thumb Code     4  ecp.o(.text)
    mbedtls_ecp_grp_id_list                  0x00015d35   Thumb Code    52  ecp.o(.text)
    mbedtls_ecp_curve_info_from_grp_id       0x00015d69   Thumb Code    34  ecp.o(.text)
    mbedtls_ecp_curve_info_from_tls_id       0x00015d8b   Thumb Code    34  ecp.o(.text)
    mbedtls_ecp_curve_info_from_name         0x00015dad   Thumb Code    38  ecp.o(.text)
    mbedtls_ecp_point_init                   0x00015de9   Thumb Code    34  ecp.o(.text)
    mbedtls_ecp_group_init                   0x00015e0b   Thumb Code    20  ecp.o(.text)
    mbedtls_ecp_keypair_init                 0x00015e1f   Thumb Code    34  ecp.o(.text)
    mbedtls_ecp_point_free                   0x00015e41   Thumb Code    34  ecp.o(.text)
    mbedtls_ecp_group_free                   0x00015e63   Thumb Code   100  ecp.o(.text)
    mbedtls_ecp_keypair_free                 0x00015ec7   Thumb Code    34  ecp.o(.text)
    mbedtls_ecp_copy                         0x00015ee9   Thumb Code    74  ecp.o(.text)
    mbedtls_ecp_group_copy                   0x00015f33   Thumb Code    16  ecp.o(.text)
    mbedtls_ecp_set_zero                     0x00015f43   Thumb Code    68  ecp.o(.text)
    mbedtls_ecp_is_zero                      0x00015f87   Thumb Code    24  ecp.o(.text)
    mbedtls_ecp_point_cmp                    0x00015f9f   Thumb Code    52  ecp.o(.text)
    mbedtls_ecp_point_read_string            0x00015fd3   Thumb Code    82  ecp.o(.text)
    mbedtls_ecp_point_write_binary           0x00016025   Thumb Code   224  ecp.o(.text)
    mbedtls_ecp_point_read_binary            0x00016105   Thumb Code   164  ecp.o(.text)
    mbedtls_ecp_tls_read_point               0x000161a9   Thumb Code    66  ecp.o(.text)
    mbedtls_ecp_tls_write_point              0x000161eb   Thumb Code    66  ecp.o(.text)
    mbedtls_ecp_tls_read_group               0x0001622d   Thumb Code    86  ecp.o(.text)
    mbedtls_ecp_tls_write_group              0x00016283   Thumb Code    58  ecp.o(.text)
    mbedtls_ecp_check_pubkey                 0x00017bb5   Thumb Code    46  ecp.o(.text)
    mbedtls_ecp_check_privkey                0x00017be3   Thumb Code    54  ecp.o(.text)
    mbedtls_ecp_mul                          0x00017c19   Thumb Code   120  ecp.o(.text)
    mbedtls_ecp_muladd                       0x00017d1d   Thumb Code   146  ecp.o(.text)
    mbedtls_ecp_gen_keypair_base             0x00017daf   Thumb Code   166  ecp.o(.text)
    mbedtls_ecp_gen_keypair                  0x00017e55   Thumb Code    38  ecp.o(.text)
    mbedtls_ecp_gen_key                      0x00017e7b   Thumb Code    52  ecp.o(.text)
    mbedtls_ecp_check_pub_priv               0x00017eaf   Thumb Code   178  ecp.o(.text)
    mbedtls_ecp_self_test                    0x00017f61   Thumb Code   748  ecp.o(.text)
    mbedtls_ecp_group_load                   0x00018819   Thumb Code    80  ecp_curves.o(.text)
    mbedtls_entropy_add_source               0x00018891   Thumb Code   138  entropy.o(.text)
    mbedtls_entropy_init                     0x0001891b   Thumb Code    58  entropy.o(.text)
    mbedtls_entropy_free                     0x00018955   Thumb Code    42  entropy.o(.text)
    mbedtls_entropy_update_manual            0x00018a05   Thumb Code    66  entropy.o(.text)
    mbedtls_entropy_gather                   0x00018af3   Thumb Code    52  entropy.o(.text)
    mbedtls_entropy_func                     0x00018b27   Thumb Code   310  entropy.o(.text)
    mbedtls_entropy_source_self_test         0x00018cff   Thumb Code   148  entropy.o(.text)
    mbedtls_entropy_self_test                0x00018d93   Thumb Code   218  entropy.o(.text)
    mbedtls_gcm_init                         0x00018eb1   Thumb Code    16  gcm.o(.text)
    mbedtls_gcm_setkey                       0x00019055   Thumb Code   112  gcm.o(.text)
    mbedtls_gcm_starts                       0x00019285   Thumb Code   378  gcm.o(.text)
    mbedtls_gcm_update                       0x000193ff   Thumb Code   296  gcm.o(.text)
    mbedtls_gcm_finish                       0x00019527   Thumb Code   378  gcm.o(.text)
    mbedtls_gcm_crypt_and_tag                0x000196a1   Thumb Code    88  gcm.o(.text)
    mbedtls_gcm_auth_decrypt                 0x000196f9   Thumb Code   112  gcm.o(.text)
    mbedtls_gcm_free                         0x00019769   Thumb Code    22  gcm.o(.text)
    mbedtls_gcm_self_test                    0x0001977f   Thumb Code  1274  gcm.o(.text)
    mbedtls_md_list                          0x00019c95   Thumb Code     4  md.o(.text)
    mbedtls_md_info_from_type                0x00019c99   Thumb Code    32  md.o(.text)
    mbedtls_md_info_from_string              0x00019cb9   Thumb Code    78  md.o(.text)
    mbedtls_md_init                          0x00019d07   Thumb Code    10  md.o(.text)
    mbedtls_md_free                          0x00019d11   Thumb Code    58  md.o(.text)
    mbedtls_md_clone                         0x00019d4b   Thumb Code    44  md.o(.text)
    mbedtls_md_setup                         0x00019d77   Thumb Code    64  md.o(.text)
    mbedtls_md_starts                        0x00019db7   Thumb Code    24  md.o(.text)
    mbedtls_md_update                        0x00019dcf   Thumb Code    32  md.o(.text)
    mbedtls_md_finish                        0x00019def   Thumb Code    28  md.o(.text)
    mbedtls_md                               0x00019e0b   Thumb Code    32  md.o(.text)
    mbedtls_md_hmac_starts                   0x00019e2b   Thumb Code   214  md.o(.text)
    mbedtls_md_hmac_update                   0x00019f01   Thumb Code    36  md.o(.text)
    mbedtls_md_hmac_finish                   0x00019f25   Thumb Code   118  md.o(.text)
    mbedtls_md_hmac_reset                    0x00019f9b   Thumb Code    50  md.o(.text)
    mbedtls_md_hmac                          0x00019fcd   Thumb Code   112  md.o(.text)
    mbedtls_md_process                       0x0001a03d   Thumb Code    28  md.o(.text)
    mbedtls_md_get_size                      0x0001a059   Thumb Code    12  md.o(.text)
    mbedtls_md_get_type                      0x0001a065   Thumb Code    60  md.o(.text)
    mbedtls_md_get_name                      0x0001a0a1   Thumb Code    12  md.o(.text)
    mbedtls_oid_get_attr_short_name          0x0001a215   Thumb Code    30  oid.o(.text)
    mbedtls_oid_get_x509_ext_type            0x0001a26b   Thumb Code    30  oid.o(.text)
    mbedtls_oid_get_extended_key_usage       0x0001a2c1   Thumb Code    30  oid.o(.text)
    mbedtls_oid_get_sig_alg_desc             0x0001a317   Thumb Code    30  oid.o(.text)
    mbedtls_oid_get_sig_alg                  0x0001a335   Thumb Code    40  oid.o(.text)
    mbedtls_oid_get_oid_by_sig_alg           0x0001a35d   Thumb Code    48  oid.o(.text)
    mbedtls_oid_get_pk_alg                   0x0001a3c5   Thumb Code    30  oid.o(.text)
    mbedtls_oid_get_oid_by_pk_alg            0x0001a3e3   Thumb Code    42  oid.o(.text)
    mbedtls_oid_get_ec_grp                   0x0001a445   Thumb Code    30  oid.o(.text)
    mbedtls_oid_get_oid_by_ec_grp            0x0001a463   Thumb Code    42  oid.o(.text)
    mbedtls_oid_get_cipher_alg               0x0001a4c5   Thumb Code    30  oid.o(.text)
    mbedtls_oid_get_md_alg                   0x0001a51b   Thumb Code    30  oid.o(.text)
    mbedtls_oid_get_oid_by_md                0x0001a539   Thumb Code    42  oid.o(.text)
    mbedtls_oid_get_md_hmac                  0x0001a59b   Thumb Code    30  oid.o(.text)
    mbedtls_oid_get_numeric_string           0x0001a5b9   Thumb Code   228  oid.o(.text)
    mbedtls_pem_init                         0x0001a6a9   Thumb Code    10  pem.o(.text)
    mbedtls_pem_read_buffer                  0x0001a6b3   Thumb Code   306  pem.o(.text)
    mbedtls_pem_free                         0x0001a7e5   Thumb Code    38  pem.o(.text)
    mbedtls_pk_init                          0x0001a831   Thumb Code    14  pk.o(.text)
    mbedtls_pk_free                          0x0001a83f   Thumb Code    32  pk.o(.text)
    mbedtls_pk_info_from_type                0x0001a85f   Thumb Code    40  pk.o(.text)
    mbedtls_pk_setup                         0x0001a887   Thumb Code    36  pk.o(.text)
    mbedtls_pk_setup_rsa_alt                 0x0001a8ab   Thumb Code    68  pk.o(.text)
    mbedtls_pk_can_do                        0x0001a8ef   Thumb Code    26  pk.o(.text)
    mbedtls_pk_verify                        0x0001a931   Thumb Code    74  pk.o(.text)
    mbedtls_pk_verify_ext                    0x0001a97b   Thumb Code    80  pk.o(.text)
    mbedtls_pk_sign                          0x0001a9cb   Thumb Code    76  pk.o(.text)
    mbedtls_pk_decrypt                       0x0001aa17   Thumb Code    68  pk.o(.text)
    mbedtls_pk_encrypt                       0x0001aa5b   Thumb Code    68  pk.o(.text)
    mbedtls_pk_check_pair                    0x0001aa9f   Thumb Code    76  pk.o(.text)
    mbedtls_pk_get_bitlen                    0x0001aaeb   Thumb Code    24  pk.o(.text)
    mbedtls_pk_debug                         0x0001ab03   Thumb Code    42  pk.o(.text)
    mbedtls_pk_get_name                      0x0001ab2d   Thumb Code    18  pk.o(.text)
    mbedtls_pk_get_type                      0x0001ab3f   Thumb Code    18  pk.o(.text)
    mbedtls_pk_parse_subpubkey               0x0001b217   Thumb Code   264  pkparse.o(.text)
    mbedtls_pk_parse_key                     0x0001b7dd   Thumb Code   644  pkparse.o(.text)
    mbedtls_pk_parse_public_key              0x0001ba61   Thumb Code   356  pkparse.o(.text)
    mbedtls_pk_write_pubkey                  0x0001bdc5   Thumb Code   114  pkwrite.o(.text)
    mbedtls_pk_write_pubkey_der              0x0001be37   Thumb Code   276  pkwrite.o(.text)
    mbedtls_pk_write_key_der                 0x0001bf4b   Thumb Code   818  pkwrite.o(.text)
    mbedtls_calloc                           0x0001c281   Thumb Code    18  platform.o(.text)
    mbedtls_free                             0x0001c293   Thumb Code    14  platform.o(.text)
    mbedtls_platform_set_calloc_free         0x0001c2a1   Thumb Code    14  platform.o(.text)
    mbedtls_platform_setup                   0x0001c2af   Thumb Code     6  platform.o(.text)
    mbedtls_platform_teardown                0x0001c2b5   Thumb Code     2  platform.o(.text)
    mbedtls_rsa_import                       0x0001c2e5   Thumb Code   138  rsa.o(.text)
    mbedtls_rsa_import_raw                   0x0001c36f   Thumb Code   194  rsa.o(.text)
    mbedtls_rsa_complete                     0x0001c4f7   Thumb Code   430  rsa.o(.text)
    mbedtls_rsa_export_raw                   0x0001c6a5   Thumb Code   244  rsa.o(.text)
    mbedtls_rsa_export                       0x0001c799   Thumb Code   220  rsa.o(.text)
    mbedtls_rsa_export_crt                   0x0001c875   Thumb Code   156  rsa.o(.text)
    mbedtls_rsa_set_padding                  0x0001c911   Thumb Code    10  rsa.o(.text)
    mbedtls_rsa_init                         0x0001c91b   Thumb Code    38  rsa.o(.text)
    mbedtls_rsa_get_len                      0x0001c941   Thumb Code     6  rsa.o(.text)
    mbedtls_rsa_free                         0x0001c947   Thumb Code   120  rsa.o(.text)
    mbedtls_rsa_check_pubkey                 0x0001c9bf   Thumb Code    84  rsa.o(.text)
    mbedtls_rsa_check_privkey                0x0001ca13   Thumb Code   102  rsa.o(.text)
    mbedtls_rsa_gen_key                      0x0001ca79   Thumb Code   596  rsa.o(.text)
    mbedtls_rsa_check_pub_priv               0x0001cccd   Thumb Code    62  rsa.o(.text)
    mbedtls_rsa_public                       0x0001cd0b   Thumb Code   186  rsa.o(.text)
    mbedtls_rsa_private                      0x0001cecf   Thumb Code   840  rsa.o(.text)
    mbedtls_rsa_rsaes_pkcs1_v15_encrypt      0x0001d217   Thumb Code   234  rsa.o(.text)
    mbedtls_rsa_pkcs1_encrypt                0x0001d301   Thumb Code    52  rsa.o(.text)
    mbedtls_rsa_rsaes_pkcs1_v15_decrypt      0x0001d335   Thumb Code   356  rsa.o(.text)
    mbedtls_rsa_pkcs1_decrypt                0x0001d499   Thumb Code    54  rsa.o(.text)
    mbedtls_rsa_rsassa_pkcs1_v15_sign        0x0001d61f   Thumb Code   210  rsa.o(.text)
    mbedtls_rsa_pkcs1_sign                   0x0001d6f1   Thumb Code    54  rsa.o(.text)
    mbedtls_rsa_rsassa_pkcs1_v15_verify      0x0001d727   Thumb Code   198  rsa.o(.text)
    mbedtls_rsa_pkcs1_verify                 0x0001d7ed   Thumb Code    54  rsa.o(.text)
    mbedtls_rsa_copy                         0x0001d823   Thumb Code   330  rsa.o(.text)
    mbedtls_rsa_self_test                    0x0001d991   Thumb Code   630  rsa.o(.text)
    mbedtls_rsa_deduce_primes                0x0001dcdd   Thumb Code   530  rsa_internal.o(.text)
    mbedtls_rsa_deduce_private_exponent      0x0001deef   Thumb Code   244  rsa_internal.o(.text)
    mbedtls_rsa_validate_crt                 0x0001dfe3   Thumb Code   394  rsa_internal.o(.text)
    mbedtls_rsa_validate_params              0x0001e16d   Thumb Code   514  rsa_internal.o(.text)
    mbedtls_rsa_deduce_crt                   0x0001e36f   Thumb Code   160  rsa_internal.o(.text)
    mbedtls_sha1_init                        0x0001e415   Thumb Code    14  sha1.o(.text)
    mbedtls_sha1_free                        0x0001e423   Thumb Code    20  sha1.o(.text)
    mbedtls_sha1_clone                       0x0001e437   Thumb Code    18  sha1.o(.text)
    mbedtls_sha1_starts_ret                  0x0001e449   Thumb Code    34  sha1.o(.text)
    mbedtls_internal_sha1_process            0x0001e46b   Thumb Code  5600  sha1.o(.text)
    mbedtls_sha1_update_ret                  0x0001fa4b   Thumb Code   146  sha1.o(.text)
    mbedtls_sha1_finish_ret                  0x0001fadd   Thumb Code   292  sha1.o(.text)
    mbedtls_sha1_ret                         0x0001fc01   Thumb Code    72  sha1.o(.text)
    mbedtls_sha1_self_test                   0x0001fc49   Thumb Code   210  sha1.o(.text)
    mbedtls_sha256_init                      0x0001fd55   Thumb Code    14  sha256.o(.text)
    mbedtls_sha256_free                      0x0001fd63   Thumb Code    20  sha256.o(.text)
    mbedtls_sha256_clone                     0x0001fd77   Thumb Code    18  sha256.o(.text)
    mbedtls_sha256_starts_ret                0x0001fd89   Thumb Code    82  sha256.o(.text)
    mbedtls_internal_sha256_process          0x0001fddb   Thumb Code  3600  sha256.o(.text)
    mbedtls_sha256_update_ret                0x00020beb   Thumb Code   146  sha256.o(.text)
    mbedtls_sha256_finish_ret                0x00020c7d   Thumb Code   406  sha256.o(.text)
    mbedtls_sha256_ret                       0x00020e13   Thumb Code    86  sha256.o(.text)
    mbedtls_sha256_self_test                 0x00020e69   Thumb Code   288  sha256.o(.text)
    mbedtls_ssl_ciphersuite_from_id          0x00020fd9   Thumb Code    28  ssl_ciphersuites.o(.text)
    mbedtls_ssl_list_ciphersuites            0x00020ff5   Thumb Code    64  ssl_ciphersuites.o(.text)
    mbedtls_ssl_ciphersuite_from_string      0x00021035   Thumb Code    40  ssl_ciphersuites.o(.text)
    mbedtls_ssl_get_ciphersuite_name         0x0002105d   Thumb Code    22  ssl_ciphersuites.o(.text)
    mbedtls_ssl_get_ciphersuite_id           0x00021073   Thumb Code    22  ssl_ciphersuites.o(.text)
    mbedtls_ssl_get_ciphersuite_sig_pk_alg   0x00021089   Thumb Code    48  ssl_ciphersuites.o(.text)
    mbedtls_ssl_get_ciphersuite_sig_alg      0x000210b9   Thumb Code    38  ssl_ciphersuites.o(.text)
    mbedtls_ssl_ciphersuite_uses_ec          0x000210df   Thumb Code    42  ssl_ciphersuites.o(.text)
    mbedtls_ssl_handshake_client_step        0x000225eb   Thumb Code   260  ssl_cli.o(.text)
    mbedtls_ssl_sig_hash_set_const_hash      0x000226f5   Thumb Code     6  ssl_tls.o(.text)
    mbedtls_ssl_session_free                 0x000227a5   Thumb Code    36  ssl_tls.o(.text)
    mbedtls_ssl_derive_keys                  0x00022a0f   Thumb Code  1058  ssl_tls.o(.text)
    mbedtls_ssl_write_version                0x00022e4b   Thumb Code     8  ssl_tls.o(.text)
    mbedtls_ssl_fetch_input                  0x000237d9   Thumb Code   186  ssl_tls.o(.text)
    mbedtls_ssl_flush_output                 0x000238cd   Thumb Code   140  ssl_tls.o(.text)
    mbedtls_ssl_write_record                 0x00023959   Thumb Code   288  ssl_tls.o(.text)
    mbedtls_ssl_write_handshake_msg          0x00023a79   Thumb Code   170  ssl_tls.o(.text)
    mbedtls_ssl_prepare_handshake_record     0x00023b3b   Thumb Code    60  ssl_tls.o(.text)
    mbedtls_ssl_update_handshake_status      0x00023b77   Thumb Code    30  ssl_tls.o(.text)
    mbedtls_ssl_send_alert_message           0x00023b95   Thumb Code    80  ssl_tls.o(.text)
    mbedtls_ssl_read_version                 0x00023be5   Thumb Code    12  ssl_tls.o(.text)
    mbedtls_ssl_handle_message_type          0x00023d13   Thumb Code   154  ssl_tls.o(.text)
    mbedtls_ssl_read_record                  0x00023e91   Thumb Code   136  ssl_tls.o(.text)
    mbedtls_ssl_send_fatal_handshake_failure 0x00023f19   Thumb Code    26  ssl_tls.o(.text)
    mbedtls_ssl_write_certificate            0x00023f33   Thumb Code   292  ssl_tls.o(.text)
    mbedtls_ssl_check_cert_usage             0x00024057   Thumb Code   158  ssl_tls.o(.text)
    mbedtls_ssl_check_curve                  0x000240f5   Thumb Code    44  ssl_tls.o(.text)
    mbedtls_ssl_parse_certificate            0x00024121   Thumb Code   956  ssl_tls.o(.text)
    mbedtls_ssl_write_change_cipher_spec     0x000244dd   Thumb Code    58  ssl_tls.o(.text)
    mbedtls_ssl_parse_change_cipher_spec     0x00024545   Thumb Code    96  ssl_tls.o(.text)
    mbedtls_ssl_optimize_checksum            0x000245bd   Thumb Code    26  ssl_tls.o(.text)
    mbedtls_ssl_reset_checksum               0x000245d7   Thumb Code    18  ssl_tls.o(.text)
    mbedtls_ssl_transform_free               0x00024601   Thumb Code    52  ssl_tls.o(.text)
    mbedtls_ssl_handshake_free               0x00024635   Thumb Code    92  ssl_tls.o(.text)
    mbedtls_ssl_handshake_wrapup             0x000246c7   Thumb Code    94  ssl_tls.o(.text)
    mbedtls_ssl_write_finished               0x00024725   Thumb Code   152  ssl_tls.o(.text)
    mbedtls_ssl_parse_finished               0x000247bd   Thumb Code   196  ssl_tls.o(.text)
    mbedtls_ssl_session_init                 0x000248ef   Thumb Code    14  ssl_tls.o(.text)
    mbedtls_ssl_init                         0x00024991   Thumb Code    14  ssl_tls.o(.text)
    mbedtls_ssl_setup                        0x000249c5   Thumb Code   142  ssl_tls.o(.text)
    mbedtls_ssl_session_reset                0x00024af7   Thumb Code    14  ssl_tls.o(.text)
    mbedtls_ssl_conf_endpoint                0x00024b05   Thumb Code    10  ssl_tls.o(.text)
    mbedtls_ssl_conf_transport               0x00024b0f   Thumb Code    10  ssl_tls.o(.text)
    mbedtls_ssl_conf_authmode                0x00024b19   Thumb Code    10  ssl_tls.o(.text)
    mbedtls_ssl_conf_verify                  0x00024b23   Thumb Code     6  ssl_tls.o(.text)
    mbedtls_ssl_conf_rng                     0x00024b29   Thumb Code     6  ssl_tls.o(.text)
    mbedtls_ssl_conf_dbg                     0x00024b2f   Thumb Code     6  ssl_tls.o(.text)
    mbedtls_ssl_set_bio                      0x00024b35   Thumb Code    14  ssl_tls.o(.text)
    mbedtls_ssl_conf_read_timeout            0x00024b43   Thumb Code     4  ssl_tls.o(.text)
    mbedtls_ssl_set_timer_cb                 0x00024b47   Thumb Code    30  ssl_tls.o(.text)
    mbedtls_ssl_set_session                  0x00024b65   Thumb Code    58  ssl_tls.o(.text)
    mbedtls_ssl_conf_ciphersuites            0x00024b9f   Thumb Code    10  ssl_tls.o(.text)
    mbedtls_ssl_conf_ciphersuites_for_version 0x00024ba9   Thumb Code    24  ssl_tls.o(.text)
    mbedtls_ssl_conf_cert_profile            0x00024bc1   Thumb Code     4  ssl_tls.o(.text)
    mbedtls_ssl_conf_own_cert                0x00024c19   Thumb Code    22  ssl_tls.o(.text)
    mbedtls_ssl_conf_ca_chain                0x00024c2f   Thumb Code     6  ssl_tls.o(.text)
    mbedtls_ssl_set_hs_own_cert              0x00024c35   Thumb Code    24  ssl_tls.o(.text)
    mbedtls_ssl_set_hs_ca_chain              0x00024c4d   Thumb Code    14  ssl_tls.o(.text)
    mbedtls_ssl_set_hs_authmode              0x00024c5b   Thumb Code     8  ssl_tls.o(.text)
    mbedtls_ssl_conf_sig_hashes              0x00024c63   Thumb Code     4  ssl_tls.o(.text)
    mbedtls_ssl_conf_curves                  0x00024c67   Thumb Code     4  ssl_tls.o(.text)
    mbedtls_ssl_set_hostname                 0x00024c6b   Thumb Code   118  ssl_tls.o(.text)
    mbedtls_ssl_conf_sni                     0x00024ce1   Thumb Code     6  ssl_tls.o(.text)
    mbedtls_ssl_conf_alpn_protocols          0x00024ce7   Thumb Code    58  ssl_tls.o(.text)
    mbedtls_ssl_get_alpn_protocol            0x00024d21   Thumb Code     8  ssl_tls.o(.text)
    mbedtls_ssl_conf_max_version             0x00024d29   Thumb Code    10  ssl_tls.o(.text)
    mbedtls_ssl_conf_min_version             0x00024d33   Thumb Code    10  ssl_tls.o(.text)
    mbedtls_ssl_conf_encrypt_then_mac        0x00024d3d   Thumb Code    10  ssl_tls.o(.text)
    mbedtls_ssl_conf_extended_master_secret  0x00024d47   Thumb Code    10  ssl_tls.o(.text)
    mbedtls_ssl_conf_max_frag_len            0x00024d51   Thumb Code    38  ssl_tls.o(.text)
    mbedtls_ssl_conf_legacy_renegotiation    0x00024d77   Thumb Code    10  ssl_tls.o(.text)
    mbedtls_ssl_get_bytes_avail              0x00024d81   Thumb Code    14  ssl_tls.o(.text)
    mbedtls_ssl_check_pending                0x00024d8f   Thumb Code    56  ssl_tls.o(.text)
    mbedtls_ssl_get_verify_result            0x00024dc7   Thumb Code    28  ssl_tls.o(.text)
    mbedtls_ssl_get_ciphersuite              0x00024de3   Thumb Code    24  ssl_tls.o(.text)
    mbedtls_ssl_get_version                  0x00024dfb   Thumb Code    40  ssl_tls.o(.text)
    mbedtls_ssl_get_record_expansion         0x00024e23   Thumb Code   112  ssl_tls.o(.text)
    mbedtls_ssl_get_max_frag_len             0x00024e93   Thumb Code    84  ssl_tls.o(.text)
    mbedtls_ssl_get_max_out_record_payload   0x00024ee7   Thumb Code    26  ssl_tls.o(.text)
    mbedtls_ssl_get_peer_cert                0x00024f01   Thumb Code    18  ssl_tls.o(.text)
    mbedtls_ssl_get_session                  0x00024f13   Thumb Code    40  ssl_tls.o(.text)
    mbedtls_ssl_handshake_step               0x00024f3b   Thumb Code    42  ssl_tls.o(.text)
    mbedtls_ssl_handshake                    0x00024f65   Thumb Code    50  ssl_tls.o(.text)
    mbedtls_ssl_read                         0x00024f97   Thumb Code   406  ssl_tls.o(.text)
    mbedtls_ssl_write                        0x00025199   Thumb Code    70  ssl_tls.o(.text)
    mbedtls_ssl_close_notify                 0x000251df   Thumb Code    68  ssl_tls.o(.text)
    mbedtls_ssl_free                         0x0002523b   Thumb Code   178  ssl_tls.o(.text)
    mbedtls_ssl_config_init                  0x000252ed   Thumb Code    14  ssl_tls.o(.text)
    mbedtls_ssl_config_defaults              0x000252fb   Thumb Code   164  ssl_tls.o(.text)
    mbedtls_ssl_config_free                  0x0002539f   Thumb Code    20  ssl_tls.o(.text)
    mbedtls_ssl_sig_from_pk                  0x000253b3   Thumb Code    36  ssl_tls.o(.text)
    mbedtls_ssl_sig_from_pk_alg              0x000253d7   Thumb Code    30  ssl_tls.o(.text)
    mbedtls_ssl_pk_alg_from_sig              0x000253f5   Thumb Code    24  ssl_tls.o(.text)
    mbedtls_ssl_sig_hash_set_find            0x0002540d   Thumb Code    24  ssl_tls.o(.text)
    mbedtls_ssl_sig_hash_set_add             0x00025425   Thumb Code    32  ssl_tls.o(.text)
    mbedtls_ssl_md_alg_from_hash             0x00025445   Thumb Code    32  ssl_tls.o(.text)
    mbedtls_ssl_hash_from_md_alg             0x00025465   Thumb Code    32  ssl_tls.o(.text)
    mbedtls_ssl_check_sig_hash               0x00025485   Thumb Code    84  ssl_tls.o(.text)
    mbedtls_ssl_set_calc_verify_md           0x000254d9   Thumb Code    36  ssl_tls.o(.text)
    mbedtls_ssl_get_key_exchange_md_tls1_2   0x000254fd   Thumb Code   164  ssl_tls.o(.text)
    mbedtls_threading_set_alt                0x000255c7   Thumb Code    20  threading.o(.text)
    mbedtls_threading_free_alt               0x000255db   Thumb Code     2  threading.o(.text)
    mbedtls_x509_get_serial                  0x000255ed   Thumb Code    92  x509.o(.text)
    mbedtls_x509_get_alg_null                0x00025649   Thumb Code    36  x509.o(.text)
    mbedtls_x509_get_alg                     0x0002566d   Thumb Code    42  x509.o(.text)
    mbedtls_x509_get_name                    0x00025779   Thumb Code   132  x509.o(.text)
    mbedtls_x509_get_time                    0x00025a15   Thumb Code    92  x509.o(.text)
    mbedtls_x509_get_sig                     0x00025a71   Thumb Code    76  x509.o(.text)
    mbedtls_x509_get_sig_alg                 0x00025abd   Thumb Code    70  x509.o(.text)
    mbedtls_x509_get_ext                     0x00025b03   Thumb Code   102  x509.o(.text)
    mbedtls_x509_dn_gets                     0x00025b69   Thumb Code   274  x509.o(.text)
    mbedtls_x509_serial_gets                 0x00025c7b   Thumb Code   154  x509.o(.text)
    mbedtls_x509_sig_alg_gets                0x00025d15   Thumb Code    88  x509.o(.text)
    mbedtls_x509_key_size_helper             0x00025d6d   Thumb Code    54  x509.o(.text)
    mbedtls_x509_time_is_past                0x00025da3   Thumb Code     6  x509.o(.text)
    mbedtls_x509_time_is_future              0x00025da9   Thumb Code     6  x509.o(.text)
    mbedtls_x509_self_test                   0x00025daf   Thumb Code     6  x509.o(.text)
    mbedtls_x509_crt_free                    0x00026395   Thumb Code   200  x509_crt.o(.text)
    mbedtls_x509_crt_init                    0x0002678d   Thumb Code    16  x509_crt.o(.text)
    mbedtls_x509_crt_parse_der               0x0002679d   Thumb Code   136  x509_crt.o(.text)
    mbedtls_x509_crt_parse                   0x00026825   Thumb Code   248  x509_crt.o(.text)
    mbedtls_x509_crt_info                    0x00026dff   Thumb Code  1608  x509_crt.o(.text)
    mbedtls_x509_crt_verify_info             0x00027447   Thumb Code   124  x509_crt.o(.text)
    mbedtls_x509_crt_check_key_usage         0x000274c3   Thumb Code    68  x509_crt.o(.text)
    mbedtls_x509_crt_check_extended_key_usage 0x00027507   Thumb Code    96  x509_crt.o(.text)
    mbedtls_x509_crt_verify_with_profile     0x00027bdd   Thumb Code   192  x509_crt.o(.text)
    mbedtls_x509_crt_verify                  0x00027c9d   Thumb Code    42  x509_crt.o(.text)
    mbedtls_platform_zeroize                 0x00027cdd   Thumb Code    20  platform_util.o(.text)
    xLoggingTaskInitialize                   0x00027d1d   Thumb Code    78  aws_logging_task_dynamic_buffers.o(.text)
    vLoggingPrintf                           0x00027d6b   Thumb Code   192  aws_logging_task_dynamic_buffers.o(.text)
    vLoggingPrint                            0x00027e2b   Thumb Code    80  aws_logging_task_dynamic_buffers.o(.text)
    UnityPrintNumberHex                      0x00027eb1   Thumb Code    70  unity.o(.text)
    UnityPrint                               0x00027ef7   Thumb Code   116  unity.o(.text)
    UnityPrintLen                            0x00027f6b   Thumb Code   122  unity.o(.text)
    UnityPrintNumberUnsigned                 0x00027fe5   Thumb Code    62  unity.o(.text)
    UnityPrintNumber                         0x00028023   Thumb Code    28  unity.o(.text)
    UnityPrintNumberByStyle                  0x0002803f   Thumb Code    66  unity.o(.text)
    UnityPrintMask                           0x00028081   Thumb Code    68  unity.o(.text)
    UnityPrintFloat                          0x000280c5   Thumb Code   544  unity.o(.text)
    UnityConcludeTest                        0x00028337   Thumb Code    72  unity.o(.text)
    UnityAssertBits                          0x000284b9   Thumb Code   104  unity.o(.text)
    UnityAssertEqualNumber                   0x00028521   Thumb Code    96  unity.o(.text)
    UnityAssertGreaterNumber                 0x00028581   Thumb Code    96  unity.o(.text)
    UnityAssertSmallerNumber                 0x000285e1   Thumb Code    96  unity.o(.text)
    UnityAssertEqualIntArray                 0x00028641   Thumb Code   352  unity.o(.text)
    UnityAssertEqualFloatArray               0x00028859   Thumb Code   260  unity.o(.text)
    UnityAssertFloatsWithin                  0x0002895d   Thumb Code   118  unity.o(.text)
    UnityAssertFloatSpecial                  0x000289d3   Thumb Code   284  unity.o(.text)
    UnityAssertNumbersWithin                 0x00028aef   Thumb Code   234  unity.o(.text)
    UnityAssertEqualString                   0x00028bd9   Thumb Code   124  unity.o(.text)
    UnityAssertEqualStringLen                0x00028c55   Thumb Code   134  unity.o(.text)
    UnityAssertEqualStringArray              0x00028cdb   Thumb Code   260  unity.o(.text)
    UnityAssertEqualMemory                   0x00028ddf   Thumb Code   274  unity.o(.text)
    UnityNumToPtr                            0x00028ef1   Thumb Code    40  unity.o(.text)
    UnityFloatToPtr                          0x00028f19   Thumb Code     8  unity.o(.text)
    UnityFail                                0x00028f21   Thumb Code   164  unity.o(.text)
    UnityIgnore                              0x00028fc5   Thumb Code    76  unity.o(.text)
    UnityDefaultTestRun                      0x00029011   Thumb Code    64  unity.o(.text)
    UnityBegin                               0x00029051   Thumb Code    28  unity.o(.text)
    UnityEnd                                 0x0002906d   Thumb Code   108  unity.o(.text)
    setUp                                    0x0002912d   Thumb Code     2  unity_fixture.o(.text)
    tearDown                                 0x0002912f   Thumb Code     2  unity_fixture.o(.text)
    UnityGetCommandLineOptions               0x00029159   Thumb Code   246  unity_fixture.o(.text)
    UnityMain                                0x0002924f   Thumb Code    80  unity_fixture.o(.text)
    UnityConcludeFixtureTest                 0x000292dd   Thumb Code    84  unity_fixture.o(.text)
    UnityMalloc_EndTest                      0x00029331   Thumb Code    28  unity_fixture.o(.text)
    UnityPointer_UndoAllSets                 0x0002934d   Thumb Code    44  unity_fixture.o(.text)
    UnityPointer_Init                        0x00029379   Thumb Code     8  unity_fixture.o(.text)
    UnityMalloc_StartTest                    0x00029381   Thumb Code    14  unity_fixture.o(.text)
    UnityTestRunner                          0x0002938f   Thumb Code   156  unity_fixture.o(.text)
    UnityIgnoreTest                          0x0002942b   Thumb Code    74  unity_fixture.o(.text)
    UnityMalloc_MakeMallocFailAfterCount     0x00029475   Thumb Code     6  unity_fixture.o(.text)
    unity_malloc                             0x0002947b   Thumb Code    92  unity_fixture.o(.text)
    unity_free                               0x00029579   Thumb Code    38  unity_fixture.o(.text)
    unity_calloc                             0x0002959f   Thumb Code    36  unity_fixture.o(.text)
    unity_realloc                            0x000295c3   Thumb Code   104  unity_fixture.o(.text)
    UnityPointer_Set                         0x0002962b   Thumb Code    64  unity_fixture.o(.text)
    __aeabi_uldivmod                         0x000296e5   Thumb Code    98  uldiv.o(.text)
    rand                                     0x00029749   Thumb Code    20  rand.o(.text)
    srand                                    0x0002975d   Thumb Code     6  rand.o(.text)
    ___aeabi_memcpy8$move                    0x0002976d   Thumb Code     0  memmovea.o(.text)
    __aeabi_memcpy                           0x0002976d   Thumb Code    64  memmovea.o(.text)
    __aeabi_memcpy4                          0x0002976d   Thumb Code     0  memmovea.o(.text)
    __aeabi_memmove                          0x0002976d   Thumb Code     0  memmovea.o(.text)
    __aeabi_memmove4                         0x0002976d   Thumb Code     0  memmovea.o(.text)
    __aeabi_memmove8                         0x0002976d   Thumb Code     0  memmovea.o(.text)
    __aeabi_memset                           0x000297ad   Thumb Code    14  memseta.o(.text)
    __aeabi_memset4                          0x000297ad   Thumb Code     0  memseta.o(.text)
    __aeabi_memset8                          0x000297ad   Thumb Code     0  memseta.o(.text)
    __aeabi_memclr                           0x000297bb   Thumb Code     4  memseta.o(.text)
    __aeabi_memclr4                          0x000297bb   Thumb Code     0  memseta.o(.text)
    __aeabi_memclr8                          0x000297bb   Thumb Code     0  memseta.o(.text)
    memset                                   0x000297bf   Thumb Code    18  memseta.o(.text)
    strstr                                   0x000297d1   Thumb Code    36  strstr.o(.text)
    strncpy                                  0x000297f5   Thumb Code    24  strncpy.o(.text)
    strlen                                   0x0002980d   Thumb Code    14  strlen.o(.text)
    strcmp                                   0x0002981b   Thumb Code    28  strcmp.o(.text)
    memcmp                                   0x00029837   Thumb Code    26  memcmp.o(.text)
    strncmp                                  0x00029851   Thumb Code    30  strncmp.o(.text)
    strtok_r                                 0x00029871   Thumb Code    60  strtok_r.o(.text)
    strtok                                   0x000298ad   Thumb Code     4  strtok_r.o(.text)
    strlcpy                                  0x000298b5   Thumb Code    48  strlcpy.o(.text)
    calloc                                   0x000298e5   Thumb Code    28  calloc.o(.text)
    __0sscanf                                0x00029901   Thumb Code    48  __0sscanf.o(.text)
    _scanf_int                               0x00029939   Thumb Code   332  _scanf_int.o(.text)
    _scanf_string                            0x00029a85   Thumb Code   224  _scanf_str.o(.text)
    strtol                                   0x00029b65   Thumb Code   112  strtol.o(.text)
    atoi                                     0x00029bd5   Thumb Code    26  atoi.o(.text)
    setjmp                                   0x00029bef   Thumb Code    26  setjmp.o(.text)
    longjmp                                  0x00029c09   Thumb Code    36  setjmp.o(.text)
    __aeabi_uidiv                            0x00029c2d   Thumb Code     0  uidiv.o(.text)
    __aeabi_uidivmod                         0x00029c2d   Thumb Code    44  uidiv.o(.text)
    __aeabi_llsl                             0x00029c59   Thumb Code    30  llshl.o(.text)
    _ll_shift_l                              0x00029c59   Thumb Code     0  llshl.o(.text)
    __aeabi_llsr                             0x00029c77   Thumb Code    32  llushr.o(.text)
    _ll_ushift_r                             0x00029c77   Thumb Code     0  llushr.o(.text)
    __rt_ctype_table                         0x00029c99   Thumb Code     4  ctype_o.o(.text)
    isspace                                  0x00029ca1   Thumb Code    18  isspace_o.o(.text)
    _chval                                   0x00029cb3   Thumb Code    28  _chval.o(.text)
    __vfscanf_char                           0x00029cdd   Thumb Code    20  scanf_char.o(.text)
    _sgetc                                   0x00029cf9   Thumb Code    30  _sgetc.o(.text)
    _sbackspace                              0x00029d17   Thumb Code    34  _sgetc.o(.text)
    _strtoul                                 0x00029d39   Thumb Code   158  _strtoul.o(.text)
    __I$use$fp                               0x00029dd7   Thumb Code     0  iusefp.o(.text)
    __aeabi_dadd                             0x00029dd7   Thumb Code   322  dadd.o(.text)
    __aeabi_dsub                             0x00029f19   Thumb Code     6  dadd.o(.text)
    __aeabi_drsub                            0x00029f1f   Thumb Code     6  dadd.o(.text)
    __aeabi_dmul                             0x00029f25   Thumb Code   228  dmul.o(.text)
    __aeabi_ddiv                             0x0002a009   Thumb Code   222  ddiv.o(.text)
    __aeabi_d2ulz                            0x0002a0e7   Thumb Code    48  dfixul.o(.text)
    __aeabi_cdrcmple                         0x0002a119   Thumb Code    48  cdrcmple.o(.text)
    __scatterload                            0x0002a149   Thumb Code    28  init.o(.text)
    __scatterload_rt2                        0x0002a149   Thumb Code     0  init.o(.text)
    __aeabi_lasr                             0x0002a16d   Thumb Code    36  llsshr.o(.text)
    _ll_sshift_r                             0x0002a16d   Thumb Code     0  llsshr.o(.text)
    __vfscanf                                0x0002a191   Thumb Code   808  _scanf.o(.text)
    _double_round                            0x0002a4bd   Thumb Code    30  depilogue.o(.text)
    _double_epilogue                         0x0002a4db   Thumb Code   156  depilogue.o(.text)
    __decompress                             0x0002a577   Thumb Code     0  __dczerorl2.o(.text)
    __decompress1                            0x0002a577   Thumb Code    86  __dczerorl2.o(.text)
    __0printf                                0x0002a5cd   Thumb Code    22  printfa.o(i.__0printf)
    __1printf                                0x0002a5cd   Thumb Code     0  printfa.o(i.__0printf)
    __2printf                                0x0002a5cd   Thumb Code     0  printfa.o(i.__0printf)
    __c89printf                              0x0002a5cd   Thumb Code     0  printfa.o(i.__0printf)
    printf                                   0x0002a5cd   Thumb Code     0  printfa.o(i.__0printf)
    __0snprintf                              0x0002a5ed   Thumb Code    44  printfa.o(i.__0snprintf)
    __1snprintf                              0x0002a5ed   Thumb Code     0  printfa.o(i.__0snprintf)
    __2snprintf                              0x0002a5ed   Thumb Code     0  printfa.o(i.__0snprintf)
    __c89snprintf                            0x0002a5ed   Thumb Code     0  printfa.o(i.__0snprintf)
    snprintf                                 0x0002a5ed   Thumb Code     0  printfa.o(i.__0snprintf)
    __0sprintf                               0x0002a61d   Thumb Code    34  printfa.o(i.__0sprintf)
    __1sprintf                               0x0002a61d   Thumb Code     0  printfa.o(i.__0sprintf)
    __2sprintf                               0x0002a61d   Thumb Code     0  printfa.o(i.__0sprintf)
    __c89sprintf                             0x0002a61d   Thumb Code     0  printfa.o(i.__0sprintf)
    sprintf                                  0x0002a61d   Thumb Code     0  printfa.o(i.__0sprintf)
    __0vsnprintf                             0x0002a645   Thumb Code    40  printfa.o(i.__0vsnprintf)
    __1vsnprintf                             0x0002a645   Thumb Code     0  printfa.o(i.__0vsnprintf)
    __2vsnprintf                             0x0002a645   Thumb Code     0  printfa.o(i.__0vsnprintf)
    __c89vsnprintf                           0x0002a645   Thumb Code     0  printfa.o(i.__0vsnprintf)
    vsnprintf                                0x0002a645   Thumb Code     0  printfa.o(i.__0vsnprintf)
    __aeabi_errno_addr                       0x0002a671   Thumb Code     4  errno.o(i.__aeabi_errno_addr)
    __rt_errno_addr                          0x0002a671   Thumb Code     0  errno.o(i.__aeabi_errno_addr)
    __scatterload_copy                       0x0002a679   Thumb Code    14  handlers.o(i.__scatterload_copy)
    __scatterload_null                       0x0002a687   Thumb Code     2  handlers.o(i.__scatterload_null)
    __scatterload_zeroinit                   0x0002a689   Thumb Code    14  handlers.o(i.__scatterload_zeroinit)
    free                                     0x0002af6d   Thumb Code    76  malloc.o(i.free)
    malloc                                   0x0002afbd   Thumb Code    92  malloc.o(i.malloc)
    putc                                     0x0002b029   Thumb Code     4  putc.o(i.putc)
    _Curve                                   0x0002b04c   Data       20244  crypto.o(.constdata)
    mbedtls_cipher_definitions               0x00035d84   Data         128  cipher_wrap.o(.constdata)
    mbedtls_sha1_info                        0x00036bd0   Data          48  md_wrap.o(.constdata)
    mbedtls_sha224_info                      0x00036c00   Data          48  md_wrap.o(.constdata)
    mbedtls_sha256_info                      0x00036c30   Data          48  md_wrap.o(.constdata)
    mbedtls_rsa_info                         0x000370e0   Data          48  pk_wrap.o(.constdata)
    mbedtls_eckey_info                       0x00037110   Data          48  pk_wrap.o(.constdata)
    mbedtls_eckeydh_info                     0x00037140   Data          48  pk_wrap.o(.constdata)
    mbedtls_ecdsa_info                       0x00037170   Data          48  pk_wrap.o(.constdata)
    mbedtls_rsa_alt_info                     0x000371a0   Data          48  pk_wrap.o(.constdata)
    mbedtls_x509_crt_profile_default         0x0003799c   Data          16  x509_crt.o(.constdata)
    mbedtls_x509_crt_profile_next            0x000379ac   Data          16  x509_crt.o(.constdata)
    mbedtls_x509_crt_profile_suiteb          0x000379bc   Data          16  x509_crt.o(.constdata)
    UnityStrErrFloat                         0x00037bb6   Data          30  unity.o(.constdata)
    UnityStrErrDouble                        0x00037bd4   Data          32  unity.o(.constdata)
    UnityStrErr64                            0x00037bf4   Data          30  unity.o(.constdata)
    __ctype_table                            0x00037c70   Data         129  ctype_o.o(.constdata)
    Region$$Table$$Base                      0x00039918   Number         0  anon$$obj.o(Region$$Table)
    Region$$Table$$Limit                     0x00039938   Number         0  anon$$obj.o(Region$$Table)
    SystemCoreClock                          0x20000000   Data           4  system_m480.o(.data)
    CyclesPerUs                              0x20000004   Data           4  system_m480.o(.data)
    PllClock                                 0x20000008   Data           4  system_m480.o(.data)
    gau32ClkSrcTbl                           0x2000000c   Data          32  system_m480.o(.data)
    g_AES_done                               0x20000030   Data           4  entropy_hardware_poll.o(.data)
    pxCurrentTCB                             0x2000004c   Data           4  tasks.o(.data)
    FreeRTOS_errno                           0x2000005c   Data           4  tasks.o(.data)
    __stdout                                 0x200000c4   Data           4  retarget.o(.data)
    __stdin                                  0x200000c8   Data           4  retarget.o(.data)
    g_ECC_done                               0x200000e4   Data           4  crypto.o(.data)
    g_ECCERR_done                            0x200000e8   Data           4  crypto.o(.data)
    pcTxBuffer                               0x2000021c   Data           4  aws_test_tcp.o(.data)
    pcRxBuffer                               0x20000220   Data           4  aws_test_tcp.o(.data)
    xSocket                                  0x20000224   Data           4  aws_test_tcp.o(.data)
    xSocketOpen                              0x20000228   Data           4  aws_test_tcp.o(.data)
    xHeapB                                   0x20000234   Data           4  aws_test_tcp.o(.data)
    xHeapA                                   0x20000238   Data           4  aws_test_tcp.o(.data)
    mbedtls_mutex_init                       0x20000294   Data           4  threading.o(.data)
    mbedtls_mutex_free                       0x20000298   Data           4  threading.o(.data)
    mbedtls_mutex_lock                       0x2000029c   Data           4  threading.o(.data)
    mbedtls_mutex_unlock                     0x200002a0   Data           4  threading.o(.data)
    clientcredentialJITR_DEVICE_CERTIFICATE_AUTHORITY_PEM 0x200002c0   Data           4  aws_dev_mode_key_provisioning.o(.data)
    __microlib_freelist                      0x200002cc   Data           4  mvars.o(.data)
    __microlib_freelist_initialised          0x200002d0   Data           4  mvars.o(.data)
    xQueueRegistry                           0x20000358   Data          64  queue.o(.bss)
    cBuffer                                  0x2001bec4   Data        4000  aws_test_runner.o(.bss)
    xNuWiFi                                  0x2001ce64   Data        3128  aws_wifi.o(.bss)
    xWifiIpd                                 0x2001daec   Data       12300  esp8266_wifi.o(.bss)
    mbedtls_cipher_supported                 0x200226c0   Data          64  cipher_wrap.o(.bss)
    Unity                                    0x20022728   Data         200  unity.o(.bss)
    UnityFixture                             0x200227f0   Data          16  unity_fixture.o(.bss)
    __heap_base                              0x20022828   Data           0  startup_m480.o(HEAP)
    __heap_limit                             0x20022928   Data           0  startup_m480.o(HEAP)
    __initial_sp                             0x20023128   Data           0  startup_m480.o(STACK)



==============================================================================

Memory Map of the image

  Image Entry point : 0x000001b9

  Load Region LR_IROM1 (Base: 0x00000000, Size: 0x00039c10, Max: 0x00080000, ABSOLUTE, COMPRESSED[0x000399fc])

    Execution Region ER_IROM1 (Exec base: 0x00000000, Load base: 0x00000000, Size: 0x00039938, Max: 0x00080000, ABSOLUTE)

    Exec Addr    Load Addr    Size         Type   Attr      Idx    E Section Name        Object

    0x00000000   0x00000000   0x000001b8   Data   RO            3    RESET               startup_m480.o
    0x000001b8   0x000001b8   0x00000000   Code   RO         3789  * .ARM.Collect$$$$00000000  mc_w.l(entry.o)
    0x000001b8   0x000001b8   0x00000004   Code   RO         4142    .ARM.Collect$$$$00000001  mc_w.l(entry2.o)
    0x000001bc   0x000001bc   0x00000004   Code   RO         4145    .ARM.Collect$$$$00000004  mc_w.l(entry5.o)
    0x000001c0   0x000001c0   0x00000000   Code   RO         4147    .ARM.Collect$$$$00000008  mc_w.l(entry7b.o)
    0x000001c0   0x000001c0   0x00000000   Code   RO         4149    .ARM.Collect$$$$0000000A  mc_w.l(entry8b.o)
    0x000001c0   0x000001c0   0x00000008   Code   RO         4150    .ARM.Collect$$$$0000000B  mc_w.l(entry9a.o)
    0x000001c8   0x000001c8   0x00000000   Code   RO         4152    .ARM.Collect$$$$0000000D  mc_w.l(entry10a.o)
    0x000001c8   0x000001c8   0x00000000   Code   RO         4154    .ARM.Collect$$$$0000000F  mc_w.l(entry11a.o)
    0x000001c8   0x000001c8   0x00000004   Code   RO         4143    .ARM.Collect$$$$00002712  mc_w.l(entry2.o)
    0x000001cc   0x000001cc   0x000000be   Code   RO          648    .emb_text           port.o
    0x0000028a   0x0000028a   0x00000002   PAD
    0x0000028c   0x0000028c   0x0000001c   Code   RO          706    .emb_text           retarget.o
    0x000002a8   0x000002a8   0x00000068   Code   RO            4    .text               startup_m480.o
    0x00000310   0x00000310   0x00000128   Code   RO           13    .text               system_m480.o
    0x00000438   0x00000438   0x0000028c   Code   RO          310    .text               entropy_hardware_poll.o
    0x000006c4   0x000006c4   0x00000388   Code   RO          408    .text               main.o
    0x00000a4c   0x00000a4c   0x00000416   Code   RO          505    .text               event_groups.o
    0x00000e62   0x00000e62   0x00000094   Code   RO          535    .text               list.o
    0x00000ef6   0x00000ef6   0x00000002   PAD
    0x00000ef8   0x00000ef8   0x00000e78   Code   RO          547    .text               queue.o
    0x00001d70   0x00001d70   0x0000190c   Code   RO          596    .text               tasks.o
    0x0000367c   0x0000367c   0x00000660   Code   RO          627    .text               timers.o
    0x00003cdc   0x00003cdc   0x000002c0   Code   RO          649    .text               port.o
    0x00003f9c   0x00003f9c   0x00000264   Code   RO          688    .text               heap_4.o
    0x00004200   0x00004200   0x00000164   Code   RO          707    .text               retarget.o
    0x00004364   0x00004364   0x000007b0   Code   RO          745    .text               clk.o
    0x00004b14   0x00004b14   0x000010f4   Code   RO          770    .text               crypto.o
    0x00005c08   0x00005c08   0x000007b0   Code   RO          802    .text               fmc.o
    0x000063b8   0x000063b8   0x000000dc   Code   RO          826    .text               sys.o
    0x00006494   0x00006494   0x000004c4   Code   RO          850    .text               uart.o
    0x00006958   0x00006958   0x00000030   Code   RO          872    .text               aws_test.o
    0x00006988   0x00006988   0x00000070   Code   RO          918    .text               aws_test_runner.o
    0x000069f8   0x000069f8   0x00000060   Code   RO          957    .text               iot_test_afr.o
    0x00006a58   0x00006a58   0x000003b0   Code   RO         1063    .text               aws_wifi.o
    0x00006e08   0x00006e08   0x000014dc   Code   RO         1100    .text               esp8266_wifi.o
    0x000082e4   0x000082e4   0x000001ac   Code   RO         1185    .text               aws_crypto.o
    0x00008490   0x00008490   0x00000b6c   Code   RO         1672    .text               aws_pkcs11_mbedtls.o
    0x00008ffc   0x00008ffc   0x00000378   Code   RO         1722    .text               aws_pkcs11_pal.o
    0x00009374   0x00009374   0x00000834   Code   RO         1812    .text               aws_secure_sockets.o
    0x00009ba8   0x00009ba8   0x00004cc4   Code   RO         1840    .text               aws_test_tcp.o
    0x0000e86c   0x0000e86c   0x00000828   Code   RO         2092    .text               aws_tls.o
    0x0000f094   0x0000f094   0x00000010   Code   RO         2167    .text               aws_system_init.o
    0x0000f0a4   0x0000f0a4   0x000013b0   Code   RO         2191    .text               aes.o
    0x00010454   0x00010454   0x00000488   Code   RO         2223    .text               asn1parse.o
    0x000108dc   0x000108dc   0x0000065c   Code   RO         2235    .text               asn1write.o
    0x00010f38   0x00010f38   0x00000374   Code   RO         2250    .text               base64.o
    0x000112ac   0x000112ac   0x00002f78   Code   RO         2264    .text               bignum.o
    0x00014224   0x00014224   0x000009e8   Code   RO         2310    .text               cipher.o
    0x00014c0c   0x00014c0c   0x0000012a   Code   RO         2334    .text               cipher_wrap.o
    0x00014d36   0x00014d36   0x00000002   PAD
    0x00014d38   0x00014d38   0x000006d0   Code   RO         2365    .text               ctr_drbg.o
    0x00015408   0x00015408   0x00000304   Code   RO         2398    .text               ecdh.o
    0x0001570c   0x0001570c   0x00000624   Code   RO         2410    .text               ecdsa.o
    0x00015d30   0x00015d30   0x00002550   Code   RO         2428    .text               ecp.o
    0x00018280   0x00018280   0x00000610   Code   RO         2447    .text               ecp_curves.o
    0x00018890   0x00018890   0x00000620   Code   RO         2462    .text               entropy.o
    0x00018eb0   0x00018eb0   0x00000de4   Code   RO         2495    .text               gcm.o
    0x00019c94   0x00019c94   0x00000418   Code   RO         2527    .text               md.o
    0x0001a0ac   0x0001a0ac   0x00000130   Code   RO         2548    .text               md_wrap.o
    0x0001a1dc   0x0001a1dc   0x000004cc   Code   RO         2599    .text               oid.o
    0x0001a6a8   0x0001a6a8   0x00000188   Code   RO         2623    .text               pem.o
    0x0001a830   0x0001a830   0x0000034c   Code   RO         2644    .text               pk.o
    0x0001ab7c   0x0001ab7c   0x00000486   Code   RO         2663    .text               pk_wrap.o
    0x0001b002   0x0001b002   0x00000002   PAD
    0x0001b004   0x0001b004   0x00000c7c   Code   RO         2696    .text               pkparse.o
    0x0001bc80   0x0001bc80   0x00000600   Code   RO         2711    .text               pkwrite.o
    0x0001c280   0x0001c280   0x00000040   Code   RO         2723    .text               platform.o
    0x0001c2c0   0x0001c2c0   0x00001a1c   Code   RO         2743    .text               rsa.o
    0x0001dcdc   0x0001dcdc   0x00000738   Code   RO         2759    .text               rsa_internal.o
    0x0001e414   0x0001e414   0x00001940   Code   RO         2771    .text               sha1.o
    0x0001fd54   0x0001fd54   0x00001284   Code   RO         2785    .text               sha256.o
    0x00020fd8   0x00020fd8   0x00000148   Code   RO         2811    .text               ssl_ciphersuites.o
    0x00021120   0x00021120   0x000015d4   Code   RO         2868    .text               ssl_cli.o
    0x000226f4   0x000226f4   0x00002ec8   Code   RO         2907    .text               ssl_tls.o
    0x000255bc   0x000255bc   0x00000030   Code   RO         2946    .text               threading.o
    0x000255ec   0x000255ec   0x00000818   Code   RO         3000    .text               x509.o
    0x00025e04   0x00025e04   0x00001ed8   Code   RO         3024    .text               x509_crt.o
    0x00027cdc   0x00027cdc   0x00000018   Code   RO         3073    .text               platform_util.o
    0x00027cf4   0x00027cf4   0x000001bc   Code   RO         3214    .text               aws_logging_task_dynamic_buffers.o
    0x00027eb0   0x00027eb0   0x0000127c   Code   RO         3331    .text               unity.o
    0x0002912c   0x0002912c   0x000005b8   Code   RO         3355    .text               unity_fixture.o
    0x000296e4   0x000296e4   0x00000062   Code   RO         3794    .text               mc_w.l(uldiv.o)
    0x00029746   0x00029746   0x00000002   PAD
    0x00029748   0x00029748   0x00000024   Code   RO         3798    .text               mc_w.l(rand.o)
    0x0002976c   0x0002976c   0x00000040   Code   RO         3803    .text               mc_w.l(memmovea.o)
    0x000297ac   0x000297ac   0x00000024   Code   RO         3807    .text               mc_w.l(memseta.o)
    0x000297d0   0x000297d0   0x00000024   Code   RO         3809    .text               mc_w.l(strstr.o)
    0x000297f4   0x000297f4   0x00000018   Code   RO         3811    .text               mc_w.l(strncpy.o)
    0x0002980c   0x0002980c   0x0000000e   Code   RO         3813    .text               mc_w.l(strlen.o)
    0x0002981a   0x0002981a   0x0000001c   Code   RO         3815    .text               mc_w.l(strcmp.o)
    0x00029836   0x00029836   0x0000001a   Code   RO         3817    .text               mc_w.l(memcmp.o)
    0x00029850   0x00029850   0x0000001e   Code   RO         3821    .text               mc_w.l(strncmp.o)
    0x0002986e   0x0002986e   0x00000002   PAD
    0x00029870   0x00029870   0x00000044   Code   RO         3826    .text               mc_w.l(strtok_r.o)
    0x000298b4   0x000298b4   0x00000030   Code   RO         3831    .text               mc_w.l(strlcpy.o)
    0x000298e4   0x000298e4   0x0000001c   Code   RO         4126    .text               mc_w.l(calloc.o)
    0x00029900   0x00029900   0x00000038   Code   RO         4128    .text               mc_w.l(__0sscanf.o)
    0x00029938   0x00029938   0x0000014c   Code   RO         4130    .text               mc_w.l(_scanf_int.o)
    0x00029a84   0x00029a84   0x000000e0   Code   RO         4132    .text               mc_w.l(_scanf_str.o)
    0x00029b64   0x00029b64   0x00000070   Code   RO         4134    .text               mc_w.l(strtol.o)
    0x00029bd4   0x00029bd4   0x0000001a   Code   RO         4138    .text               mc_w.l(atoi.o)
    0x00029bee   0x00029bee   0x0000003e   Code   RO         4140    .text               mf_w.l(setjmp.o)
    0x00029c2c   0x00029c2c   0x0000002c   Code   RO         4156    .text               mc_w.l(uidiv.o)
    0x00029c58   0x00029c58   0x0000001e   Code   RO         4158    .text               mc_w.l(llshl.o)
    0x00029c76   0x00029c76   0x00000020   Code   RO         4160    .text               mc_w.l(llushr.o)
    0x00029c96   0x00029c96   0x00000002   PAD
    0x00029c98   0x00029c98   0x00000008   Code   RO         4162    .text               mc_w.l(ctype_o.o)
    0x00029ca0   0x00029ca0   0x00000012   Code   RO         4184    .text               mc_w.l(isspace_o.o)
    0x00029cb2   0x00029cb2   0x0000001c   Code   RO         4199    .text               mc_w.l(_chval.o)
    0x00029cce   0x00029cce   0x00000002   PAD
    0x00029cd0   0x00029cd0   0x00000028   Code   RO         4201    .text               mc_w.l(scanf_char.o)
    0x00029cf8   0x00029cf8   0x00000040   Code   RO         4203    .text               mc_w.l(_sgetc.o)
    0x00029d38   0x00029d38   0x0000009e   Code   RO         4205    .text               mc_w.l(_strtoul.o)
    0x00029dd6   0x00029dd6   0x00000000   Code   RO         4207    .text               mc_w.l(iusefp.o)
    0x00029dd6   0x00029dd6   0x0000014e   Code   RO         4208    .text               mf_w.l(dadd.o)
    0x00029f24   0x00029f24   0x000000e4   Code   RO         4210    .text               mf_w.l(dmul.o)
    0x0002a008   0x0002a008   0x000000de   Code   RO         4212    .text               mf_w.l(ddiv.o)
    0x0002a0e6   0x0002a0e6   0x00000030   Code   RO         4214    .text               mf_w.l(dfixul.o)
    0x0002a116   0x0002a116   0x00000002   PAD
    0x0002a118   0x0002a118   0x00000030   Code   RO         4216    .text               mf_w.l(cdrcmple.o)
    0x0002a148   0x0002a148   0x00000024   Code   RO         4218    .text               mc_w.l(init.o)
    0x0002a16c   0x0002a16c   0x00000024   Code   RO         4220    .text               mc_w.l(llsshr.o)
    0x0002a190   0x0002a190   0x0000032c   Code   RO         4224    .text               mc_w.l(_scanf.o)
    0x0002a4bc   0x0002a4bc   0x000000ba   Code   RO         4226    .text               mf_w.l(depilogue.o)
    0x0002a576   0x0002a576   0x00000056   Code   RO         4239    .text               mc_w.l(__dczerorl2.o)
    0x0002a5cc   0x0002a5cc   0x00000020   Code   RO         4070    i.__0printf         mc_w.l(printfa.o)
    0x0002a5ec   0x0002a5ec   0x00000030   Code   RO         4071    i.__0snprintf       mc_w.l(printfa.o)
    0x0002a61c   0x0002a61c   0x00000028   Code   RO         4072    i.__0sprintf        mc_w.l(printfa.o)
    0x0002a644   0x0002a644   0x0000002c   Code   RO         4075    i.__0vsnprintf      mc_w.l(printfa.o)
    0x0002a670   0x0002a670   0x00000008   Code   RO         4192    i.__aeabi_errno_addr  mc_w.l(errno.o)
    0x0002a678   0x0002a678   0x0000000e   Code   RO         4233    i.__scatterload_copy  mc_w.l(handlers.o)
    0x0002a686   0x0002a686   0x00000002   Code   RO         4234    i.__scatterload_null  mc_w.l(handlers.o)
    0x0002a688   0x0002a688   0x0000000e   Code   RO         4235    i.__scatterload_zeroinit  mc_w.l(handlers.o)
    0x0002a696   0x0002a696   0x00000002   PAD
    0x0002a698   0x0002a698   0x00000184   Code   RO         4077    i._fp_digits        mc_w.l(printfa.o)
    0x0002a81c   0x0002a81c   0x000006dc   Code   RO         4078    i._printf_core      mc_w.l(printfa.o)
    0x0002aef8   0x0002aef8   0x00000024   Code   RO         4079    i._printf_post_padding  mc_w.l(printfa.o)
    0x0002af1c   0x0002af1c   0x0000002e   Code   RO         4080    i._printf_pre_padding  mc_w.l(printfa.o)
    0x0002af4a   0x0002af4a   0x00000016   Code   RO         4081    i._snputc           mc_w.l(printfa.o)
    0x0002af60   0x0002af60   0x0000000a   Code   RO         4082    i._sputc            mc_w.l(printfa.o)
    0x0002af6a   0x0002af6a   0x00000002   PAD
    0x0002af6c   0x0002af6c   0x00000050   Code   RO         4098    i.free              mc_w.l(malloc.o)
    0x0002afbc   0x0002afbc   0x0000006c   Code   RO         4099    i.malloc            mc_w.l(malloc.o)
    0x0002b028   0x0002b028   0x00000004   Code   RO         3792    i.putc              mc_w.l(putc.o)
    0x0002b02c   0x0002b02c   0x00000020   Data   RO          746    .constdata          clk.o
    0x0002b04c   0x0002b04c   0x00004f14   Data   RO          772    .constdata          crypto.o
    0x0002ff60   0x0002ff60   0x00000030   Data   RO          851    .constdata          uart.o
    0x0002ff90   0x0002ff90   0x00000032   Data   RO         1102    .constdata          esp8266_wifi.o
    0x0002ffc2   0x0002ffc2   0x00000002   PAD
    0x0002ffc4   0x0002ffc4   0x000013b4   Data   RO         1841    .constdata          aws_test_tcp.o
    0x00031378   0x00031378   0x00001e1a   Data   RO         2093    .constdata          aws_tls.o
    0x00033192   0x00033192   0x00000002   PAD
    0x00033194   0x00033194   0x000025e4   Data   RO         2192    .constdata          aes.o
    0x00035778   0x00035778   0x00000159   Data   RO         2251    .constdata          base64.o
    0x000358d1   0x000358d1   0x00000003   PAD
    0x000358d4   0x000358d4   0x000002c4   Data   RO         2265    .constdata          bignum.o
    0x00035b98   0x00035b98   0x0000026c   Data   RO         2336    .constdata          cipher_wrap.o
    0x00035e04   0x00035e04   0x000000e0   Data   RO         2366    .constdata          ctr_drbg.o
    0x00035ee4   0x00035ee4   0x00000030   Data   RO         2429    .constdata          ecp.o
    0x00035f14   0x00035f14   0x000000a0   Data   RO         2448    .constdata          ecp_curves.o
    0x00035fb4   0x00035fb4   0x00000004   PAD
    0x00035fb8   0x00035fb8   0x00000c08   Data   RO         2496    .constdata          gcm.o
    0x00036bc0   0x00036bc0   0x00000010   Data   RO         2528    .constdata          md.o
    0x00036bd0   0x00036bd0   0x00000090   Data   RO         2549    .constdata          md_wrap.o
    0x00036c60   0x00036c60   0x00000480   Data   RO         2600    .constdata          oid.o
    0x000370e0   0x000370e0   0x000000f0   Data   RO         2664    .constdata          pk_wrap.o
    0x000371d0   0x000371d0   0x000000f4   Data   RO         2772    .constdata          sha1.o
    0x000372c4   0x000372c4   0x00000278   Data   RO         2786    .constdata          sha256.o
    0x0003753c   0x0003753c   0x00000460   Data   RO         2813    .constdata          ssl_ciphersuites.o
    0x0003799c   0x0003799c   0x000000d8   Data   RO         3025    .constdata          x509_crt.o
    0x00037a74   0x00037a74   0x000001f8   Data   RO         3333    .constdata          unity.o
    0x00037c6c   0x00037c6c   0x00000004   Data   RO         3357    .constdata          unity_fixture.o
    0x00037c70   0x00037c70   0x00000081   Data   RO         4163    .constdata          mc_w.l(ctype_o.o)
    0x00037cf1   0x00037cf1   0x00000003   PAD
    0x00037cf4   0x00037cf4   0x00000004   Data   RO         4164    .constdata          mc_w.l(ctype_o.o)
    0x00037cf8   0x00037cf8   0x00000046   Data   RO         1724    .conststring        aws_pkcs11_pal.o
    0x00037d3e   0x00037d3e   0x00000002   PAD
    0x00037d40   0x00037d40   0x00000514   Data   RO         1842    .conststring        aws_test_tcp.o
    0x00038254   0x00038254   0x0000004f   Data   RO         2094    .conststring        aws_tls.o
    0x000382a3   0x000382a3   0x00000001   PAD
    0x000382a4   0x000382a4   0x0000036d   Data   RO         2266    .conststring        bignum.o
    0x00038611   0x00038611   0x00000003   PAD
    0x00038614   0x00038614   0x000000c0   Data   RO         2337    .conststring        cipher_wrap.o
    0x000386d4   0x000386d4   0x00000141   Data   RO         2430    .conststring        ecp.o
    0x00038815   0x00038815   0x00000003   PAD
    0x00038818   0x00038818   0x0000088f   Data   RO         2601    .conststring        oid.o
    0x000390a7   0x000390a7   0x00000001   PAD
    0x000390a8   0x000390a8   0x0000001c   Data   RO         2665    .conststring        pk_wrap.o
    0x000390c4   0x000390c4   0x0000030d   Data   RO         2744    .conststring        rsa.o
    0x000393d1   0x000393d1   0x00000003   PAD
    0x000393d4   0x000393d4   0x00000139   Data   RO         2814    .conststring        ssl_ciphersuites.o
    0x0003950d   0x0003950d   0x00000003   PAD
    0x00039510   0x00039510   0x00000406   Data   RO         3026    .conststring        x509_crt.o
    0x00039916   0x00039916   0x00000002   PAD
    0x00039918   0x00039918   0x00000020   Data   RO         4231    Region$$Table       anon$$obj.o


    Execution Region RW_IRAM1 (Exec base: 0x20000000, Load base: 0x00039938, Size: 0x00023128, Max: 0x00028000, ABSOLUTE, COMPRESSED[0x000000c4])

    Exec Addr    Load Addr    Size         Type   Attr      Idx    E Section Name        Object

    0x20000000   COMPRESSED   0x0000002c   Data   RW           14    .data               system_m480.o
    0x2000002c   COMPRESSED   0x00000011   Data   RW          312    .data               entropy_hardware_poll.o
    0x2000003d   COMPRESSED   0x00000003   PAD
    0x20000040   COMPRESSED   0x0000000c   Data   RW          410    .data               main.o
    0x2000004c   COMPRESSED   0x00000040   Data   RW          598    .data               tasks.o
    0x2000008c   COMPRESSED   0x00000014   Data   RW          629    .data               timers.o
    0x200000a0   COMPRESSED   0x0000000c   Data   RW          650    .data               port.o
    0x200000ac   COMPRESSED   0x00000018   Data   RW          690    .data               heap_4.o
    0x200000c4   COMPRESSED   0x00000008   Data   RW          708    .data               retarget.o
    0x200000cc   COMPRESSED   0x00000020   Data   RW          773    .data               crypto.o
    0x200000ec   COMPRESSED   0x00000004   Data   RW         1065    .data               aws_wifi.o
    0x200000f0   COMPRESSED   0x00000004   Data   RW         1103    .data               esp8266_wifi.o
    0x200000f4   COMPRESSED   0x00000114   Data   RW         1674    .data               aws_pkcs11_mbedtls.o
    0x20000208   COMPRESSED   0x00000010   Data   RW         1725    .data               aws_pkcs11_pal.o
    0x20000218   COMPRESSED   0x00000004   Data   RW         1814    .data               aws_secure_sockets.o
    0x2000021c   COMPRESSED   0x00000024   Data   RW         1843    .data               aws_test_tcp.o
    0x20000240   COMPRESSED   0x00000004   Data   RW         2311    .data               cipher.o
    0x20000244   COMPRESSED   0x00000004   Data   RW         2367    .data               ctr_drbg.o
    0x20000248   COMPRESSED   0x00000014   Data   RW         2431    .data               ecp.o
    0x2000025c   COMPRESSED   0x00000004   Data   RW         2449    .data               ecp_curves.o
    0x20000260   COMPRESSED   0x00000008   Data   RW         2724    .data               platform.o
    0x20000268   COMPRESSED   0x00000004   Data   RW         2815    .data               ssl_ciphersuites.o
    0x2000026c   COMPRESSED   0x00000027   Data   RW         2908    .data               ssl_tls.o
    0x20000293   COMPRESSED   0x00000001   PAD
    0x20000294   COMPRESSED   0x00000010   Data   RW         2947    .data               threading.o
    0x200002a4   COMPRESSED   0x00000004   Data   RW         3074    .data               platform_util.o
    0x200002a8   COMPRESSED   0x00000008   Data   RW         3215    .data               aws_logging_task_dynamic_buffers.o
    0x200002b0   COMPRESSED   0x00000004   Data   RW         3334    .data               unity.o
    0x200002b4   COMPRESSED   0x0000000c   Data   RW         3358    .data               unity_fixture.o
    0x200002c0   COMPRESSED   0x00000004   Data   RW         3769    .data               aws_dev_mode_key_provisioning.o
    0x200002c4   COMPRESSED   0x00000004   Data   RW         3799    .data               mc_w.l(rand.o)
    0x200002c8   COMPRESSED   0x00000004   Data   RW         3827    .data               mc_w.l(strtok_r.o)
    0x200002cc   COMPRESSED   0x00000004   Data   RW         4190    .data               mc_w.l(mvars.o)
    0x200002d0   COMPRESSED   0x00000004   Data   RW         4191    .data               mc_w.l(mvars.o)
    0x200002d4   COMPRESSED   0x00000004   Data   RW         4195    .data               mc_w.l(errno.o)
    0x200002d8        -       0x00000080   Zero   RW          311    .bss                entropy_hardware_poll.o
    0x20000358        -       0x00000040   Zero   RW          548    .bss                queue.o
    0x20000398        -       0x000000f0   Zero   RW          597    .bss                tasks.o
    0x20000488        -       0x000000f0   Zero   RW          628    .bss                timers.o
    0x20000578        -       0x0001a800   Zero   RW          689    .bss                heap_4.o
    0x2001ad78        -       0x00000484   Zero   RW          771    .bss                crypto.o
    0x2001b1fc        -       0x00000cc8   Zero   RW          873    .bss                aws_test.o
    0x2001bec4        -       0x00000fa0   Zero   RW          919    .bss                aws_test_runner.o
    0x2001ce64        -       0x00000c88   Zero   RW         1064    .bss                aws_wifi.o
    0x2001daec        -       0x0000400c   Zero   RW         1101    .bss                esp8266_wifi.o
    0x20021af8        -       0x00000358   Zero   RW         1673    .bss                aws_pkcs11_mbedtls.o
    0x20021e50        -       0x00000808   Zero   RW         1723    .bss                aws_pkcs11_pal.o
    0x20022658        -       0x00000068   Zero   RW         1813    .bss                aws_secure_sockets.o
    0x200226c0        -       0x00000040   Zero   RW         2335    .bss                cipher_wrap.o
    0x20022700        -       0x00000024   Zero   RW         2812    .bss                ssl_ciphersuites.o
    0x20022724   COMPRESSED   0x00000004   PAD
    0x20022728        -       0x000000c8   Zero   RW         3332    .bss                unity.o
    0x200227f0        -       0x00000038   Zero   RW         3356    .bss                unity_fixture.o
    0x20022828        -       0x00000100   Zero   RW            2    HEAP                startup_m480.o
    0x20022928        -       0x00000800   Zero   RW            1    STACK               startup_m480.o


==============================================================================

Image component sizes


      Code (inc. data)   RO Data    RW Data    ZI Data      Debug   Object Name

      5040        270       9700          0          0      19836   aes.o
      1160          0          0          0          0       6535   asn1parse.o
      1628          0          0          0          0       7924   asn1write.o
       428          8          0          0          0      24607   aws_crypto.o
         0          0          0          4          0       2506   aws_dev_mode_key_provisioning.o
         0          0          0          0          0        564   aws_iot_tests_shadow_parser.o
       444         54          0          8          0       2258   aws_logging_task_dynamic_buffers.o
      2924        314          0        276        856      21657   aws_pkcs11_mbedtls.o
       888        180         70         16       2056       6269   aws_pkcs11_pal.o
      2100        142          0          4        104       8790   aws_secure_sockets.o
        16          0          0          0          0        686   aws_system_init.o
        48         16          0          0       3272      10519   aws_test.o
       112         54          0          0       4000       2593   aws_test_runner.o
     19652       8128       6344         36          0      41687   aws_test_tcp.o
         0          0          0          0          0       1292   aws_test_wifi.o
      2088        454       7785          0          0      35717   aws_tls.o
       944         48          0          4       3208      12548   aws_wifi.o
       884         98        345          0          0       3767   base64.o
     12152        314       1585          0          0      29934   bignum.o
      2536         82          0          4          0      20828   cipher.o
       298          0        812          0         64      11810   cipher_wrap.o
      1968         84         32          0          0       8263   clk.o
      4340        156      20244         32       1156      15620   crypto.o
      1744        124        224          4          0       8619   ctr_drbg.o
       772          4          0          0          0       5411   ecdh.o
      1572         22          0          0          0       6251   ecdsa.o
      9552        296        369         20          0      23882   ecp.o
      1552         32        160          4          0       6153   ecp_curves.o
      1568         88          0          0          0       7004   entropy.o
       652         46          0         17        128     166641   entropy_hardware_poll.o
      5340       1100         50          4      16396      15783   esp8266_wifi.o
      1046          8          0          0          0      24995   event_groups.o
      1968         36          0          0          0       7910   fmc.o
      3556        174       3080          0          0      15837   gcm.o
       612         28          0         24     108544       3696   heap_4.o
        96         42          0          0          0       6889   iot_test_afr.o
         0          0          0          0          0       3112   iot_tests_network.o
       148          0          0          0          0       2170   list.o
       904        344          0         12          0      57453   main.o
      1048         48         16          0          0      10049   md.o
       304          0        144          0          0       6408   md_wrap.o
      1228         48       3343          0          0      22968   oid.o
       392         38          0          0          0       3696   pem.o
       844         44          0          0          0      11346   pk.o
      1158         40        268          0          0      14647   pk_wrap.o
      3196        342          0          0          0      10758   pkparse.o
      1536          8          0          0          0       5079   pkwrite.o
        64         10          0          8          0       2764   platform.o
        24          4          0          4          0       1751   platform_util.o
       894         58          0         12          0       9351   port.o
      3704         34          0          0         64      21343   queue.o
       384        128          0          8          0       5090   retarget.o
      6684        288        781          0          0      20494   rsa.o
      1848         72          0          0          0       4712   rsa_internal.o
      6464         94        244          0          0       6871   sha1.o
      4740        154        632          0          0       6789   sha256.o
       328         46       1433          4         36      39736   ssl_ciphersuites.o
      5588        116          0          0          0      44312   ssl_cli.o
     11976        382          0         39          0      85198   ssl_tls.o
       104         20        440          0       2304       1076   startup_m480.o
         0          0          0          0          0        392   stream_buffer.o
       220          6          0          0          0       2276   sys.o
       296         40          0         44          0      43821   system_m480.o
      6412        360          0         64        240      44917   tasks.o
        48         16          0         16          0       2611   threading.o
      1632         82          0         20        240      14969   timers.o
      1220         48         48          0          0       5624   uart.o
      4732        232        504          4        200      52012   unity.o
      1464        224          4         12         56       8704   unity_fixture.o
      2072        108          0          0          0      10154   x509.o
      7896        946       1246          0          0      28924   x509_crt.o

    ----------------------------------------------------------------------
    169240      16782      59964        708     142928    1206858   Object Totals
         0          0         32          0          0          0   (incl. Generated)
         8          0         29          4          4          0   (incl. Padding)

    ----------------------------------------------------------------------

      Code (inc. data)   RO Data    RW Data    ZI Data      Debug   Library Member Name

        56          8          0          0          0         84   __0sscanf.o
        86          0          0          0          0          0   __dczerorl2.o
        28          0          0          0          0         68   _chval.o
       812          4          0          0          0        112   _scanf.o
       332          0          0          0          0         96   _scanf_int.o
       224          0          0          0          0         96   _scanf_str.o
        64          0          0          0          0         84   _sgetc.o
       158          0          0          0          0         92   _strtoul.o
        26          0          0          0          0         80   atoi.o
        28          0          0          0          0         76   calloc.o
         8          4        133          0          0         68   ctype_o.o
         0          0          0          0          0          0   entry.o
         0          0          0          0          0          0   entry10a.o
         0          0          0          0          0          0   entry11a.o
         8          4          0          0          0          0   entry2.o
         4          0          0          0          0          0   entry5.o
         0          0          0          0          0          0   entry7b.o
         0          0          0          0          0          0   entry8b.o
         8          4          0          0          0          0   entry9a.o
         8          4          0          4          0         68   errno.o
        30          0          0          0          0          0   handlers.o
        36          8          0          0          0         68   init.o
        18          0          0          0          0         76   isspace_o.o
         0          0          0          0          0          0   iusefp.o
        30          0          0          0          0         68   llshl.o
        36          0          0          0          0         68   llsshr.o
        32          0          0          0          0         68   llushr.o
       188         20          0          0          0        160   malloc.o
        26          0          0          0          0         80   memcmp.o
        64          0          0          0          0         76   memmovea.o
        36          0          0          0          0        108   memseta.o
         0          0          0          8          0          0   mvars.o
      2422        104          0          0          0        836   printfa.o
         4          0          0          0          0         68   putc.o
        36         10          0          4          0        136   rand.o
        40          8          0          0          0         84   scanf_char.o
        28          0          0          0          0         76   strcmp.o
        48          0          0          0          0         76   strlcpy.o
        14          0          0          0          0         68   strlen.o
        30          0          0          0          0         80   strncmp.o
        24          0          0          0          0         76   strncpy.o
        36          0          0          0          0         80   strstr.o
        68          4          0          4          0         96   strtok_r.o
       112          0          0          0          0         88   strtol.o
        44          0          0          0          0         80   uidiv.o
        98          0          0          0          0         92   uldiv.o
        48          0          0          0          0         68   cdrcmple.o
       334          0          0          0          0        148   dadd.o
       222          0          0          0          0        100   ddiv.o
       186          0          0          0          0        176   depilogue.o
        48          0          0          0          0         68   dfixul.o
       228          0          0          0          0         96   dmul.o
        62          0          0          0          0         96   setjmp.o

    ----------------------------------------------------------------------
      6492        182        136         20          0       4384   Library Totals
        14          0          3          0          0          0   (incl. Padding)

    ----------------------------------------------------------------------

      Code (inc. data)   RO Data    RW Data    ZI Data      Debug   Library Name

      5350        182        133         20          0       3632   mc_w.l
      1128          0          0          0          0        752   mf_w.l

    ----------------------------------------------------------------------
      6492        182        136         20          0       4384   Library Totals

    ----------------------------------------------------------------------

==============================================================================


      Code (inc. data)   RO Data    RW Data    ZI Data      Debug   

    175732      16964      60100        728     142928    1194082   Grand Totals
    175732      16964      60100        196     142928    1194082   ELF Image Totals (compressed)
    175732      16964      60100        196          0          0   ROM Totals

==============================================================================

    Total RO  Size (Code + RO Data)               235832 ( 230.30kB)
    Total RW  Size (RW Data + ZI Data)            143656 ( 140.29kB)
    Total ROM Size (Code + RO Data + RW Data)     236028 ( 230.50kB)

==============================================================================

