Component: ARM Compiler 5.06 update 6 (build 750) Tool: armlink [4d35ed]

==============================================================================

Section Cross References

    startup_m480.o(RESET) refers to startup_m480.o(STACK) for __initial_sp
    startup_m480.o(RESET) refers to startup_m480.o(.text) for Reset_Handler
    startup_m480.o(RESET) refers to retarget.o(.emb_text) for HardFault_Handler
    startup_m480.o(RESET) refers to port.o(.emb_text) for SVC_Handler
    startup_m480.o(RESET) refers to port.o(.text) for SysTick_Handler
    startup_m480.o(RESET) refers to esp8266_wifi.o(.text) for UART1_IRQHandler
    startup_m480.o(RESET) refers to entropy_hardware_poll.o(.text) for CRYPTO_IRQHandler
    startup_m480.o(.text) refers to system_m480.o(.text) for SystemInit
    startup_m480.o(.text) refers to entry.o(.ARM.Collect$$$$00000000) for __main
    system_m480.o(.text) refers to clk.o(.text) for CLK_GetPLLClockFreq
    system_m480.o(.text) refers to sys.o(.text) for SYS_ResetModule
    system_m480.o(.text) refers to system_m480.o(.data) for PllClock
    entropy_hardware_poll.o(.text) refers to clk.o(.text) for CLK_EnableModuleClock
    entropy_hardware_poll.o(.text) refers to crypto.o(.text) for PRNG_Open
    entropy_hardware_poll.o(.text) refers to memmovea.o(.text) for __aeabi_memcpy
    entropy_hardware_poll.o(.text) refers to entropy_hardware_poll.o(.data) for val_sum
    entropy_hardware_poll.o(.text) refers to entropy_hardware_poll.o(.bss) for adc_val
    main.o(.text) refers to tasks.o(.text) for xTaskGetTickCount
    main.o(.text) refers to printfa.o(i.__0printf) for __2printf
    main.o(.text) refers to clk.o(.text) for CLK_EnableXtalRC
    main.o(.text) refers to system_m480.o(.text) for SystemCoreClockUpdate
    main.o(.text) refers to uart.o(.text) for UART_Open
    main.o(.text) refers to aws_logging_task_dynamic_buffers.o(.text) for xLoggingTaskInitialize
    main.o(.text) refers to aws_dev_mode_key_provisioning.o(.text) for vDevModeKeyProvisioning
    main.o(.text) refers to aws_wifi.o(.text) for WIFI_On
    main.o(.text) refers to aws_system_init.o(.text) for SYSTEM_Init
    main.o(.text) refers to iot_demo_runner.o(.text) for DEMO_RUNNER_RunDemos
    main.o(.text) refers to main.o(.data) for xTimeNow
    event_groups.o(.text) refers to list.o(.text) for vListInitialise
    event_groups.o(.text) refers to heap_4.o(.text) for pvPortMalloc
    event_groups.o(.text) refers to tasks.o(.text) for vTaskSuspendAll
    event_groups.o(.text) refers to port.o(.text) for vPortEnterCritical
    queue.o(.text) refers to port.o(.text) for vPortEnterCritical
    queue.o(.text) refers to tasks.o(.text) for xTaskRemoveFromEventList
    queue.o(.text) refers to list.o(.text) for vListInitialise
    queue.o(.text) refers to heap_4.o(.text) for pvPortMalloc
    queue.o(.text) refers to memmovea.o(.text) for __aeabi_memcpy
    queue.o(.text) refers to queue.o(.bss) for xQueueRegistry
    stream_buffer.o(.text) refers to memseta.o(.text) for memset
    stream_buffer.o(.text) refers to heap_4.o(.text) for pvPortMalloc
    stream_buffer.o(.text) refers to port.o(.text) for vPortEnterCritical
    stream_buffer.o(.text) refers to memmovea.o(.text) for __aeabi_memcpy
    stream_buffer.o(.text) refers to tasks.o(.text) for vTaskSetTimeOutState
    tasks.o(.text) refers to list.o(.text) for vListInitialise
    tasks.o(.text) refers to port.o(.text) for vPortEnterCritical
    tasks.o(.text) refers to memseta.o(.text) for __aeabi_memset
    tasks.o(.text) refers to heap_4.o(.text) for pvPortMalloc
    tasks.o(.text) refers to tasks.o(.bss) for pxReadyTasksLists
    tasks.o(.text) refers to tasks.o(.data) for pxDelayedTaskList
    tasks.o(.text) refers to main.o(.text) for vApplicationTickHook
    tasks.o(.text) refers to iot_demo_afr.o(.text) for vApplicationStackOverflowHook
    tasks.o(.text) refers to aws_demo.o(.text) for vApplicationGetIdleTaskMemory
    tasks.o(.text) refers to timers.o(.text) for xTimerCreateTimerTask
    timers.o(.text) refers to list.o(.text) for vListInsert
    timers.o(.text) refers to tasks.o(.text) for xTaskGetSchedulerState
    timers.o(.text) refers to queue.o(.text) for xQueueGenericSend
    timers.o(.text) refers to heap_4.o(.text) for vPortFree
    timers.o(.text) refers to main.o(.text) for vApplicationDaemonTaskStartupHook
    timers.o(.text) refers to port.o(.text) for vPortEnterCritical
    timers.o(.text) refers to timers.o(.data) for pxOverflowTimerList
    timers.o(.text) refers to timers.o(.bss) for xActiveTimerList1
    timers.o(.text) refers to aws_demo.o(.text) for vApplicationGetTimerTaskMemory
    port.o(.emb_text) refers to tasks.o(.text) for vTaskSwitchContext
    port.o(.emb_text) refers to tasks.o(.data) for pxCurrentTCB
    port.o(.text) refers to port.o(.emb_text) for __asm___6_port_c_39a90d8d__prvEnableVFP
    port.o(.text) refers to tasks.o(.text) for xTaskIncrementTick
    port.o(.text) refers to port.o(.data) for uxCriticalNesting
[...]
    mbedtls_asn1_write_octet_string          0x00013b61   Thumb Code    94  asn1write.o(.text)
    mbedtls_asn1_store_named_data            0x00013bbf   Thumb Code   182  asn1write.o(.text)
    mbedtls_base64_encode                    0x00013c75   Thumb Code   312  base64.o(.text)
    mbedtls_base64_decode                    0x00013dad   Thumb Code   350  base64.o(.text)
    mbedtls_base64_self_test                 0x00013f0b   Thumb Code   124  base64.o(.text)
    mbedtls_mpi_init                         0x00013ff9   Thumb Code    18  bignum.o(.text)
    mbedtls_mpi_free                         0x0001400b   Thumb Code    40  bignum.o(.text)
    mbedtls_mpi_grow                         0x00014033   Thumb Code    82  bignum.o(.text)
    mbedtls_mpi_shrink                       0x00014085   Thumb Code   112  bignum.o(.text)
    mbedtls_mpi_copy                         0x000140f5   Thumb Code   120  bignum.o(.text)
    mbedtls_mpi_swap                         0x0001416d   Thumb Code    28  bignum.o(.text)
    mbedtls_mpi_safe_cond_assign             0x00014189   Thumb Code   134  bignum.o(.text)
    mbedtls_mpi_safe_cond_swap               0x0001420f   Thumb Code   176  bignum.o(.text)
    mbedtls_mpi_lset                         0x000142bf   Thumb Code    68  bignum.o(.text)
    mbedtls_mpi_get_bit                      0x00014303   Thumb Code    34  bignum.o(.text)
    mbedtls_mpi_set_bit                      0x00014325   Thumb Code   112  bignum.o(.text)
    mbedtls_mpi_lsb                          0x00014395   Thumb Code    52  bignum.o(.text)
    mbedtls_mpi_bitlen                       0x000143e7   Thumb Code    56  bignum.o(.text)
    mbedtls_mpi_size                         0x0001441f   Thumb Code    16  bignum.o(.text)
    mbedtls_mpi_add_abs                      0x0001446f   Thumb Code   242  bignum.o(.text)
    mbedtls_mpi_cmp_abs                      0x000145c3   Thumb Code   138  bignum.o(.text)
    mbedtls_mpi_sub_abs                      0x0001464d   Thumb Code   140  bignum.o(.text)
    mbedtls_mpi_sub_mpi                      0x000146d9   Thumb Code   120  bignum.o(.text)
    mbedtls_mpi_sub_int                      0x00014751   Thumb Code    56  bignum.o(.text)
    mbedtls_mpi_add_mpi                      0x00014789   Thumb Code   120  bignum.o(.text)
    mbedtls_mpi_add_int                      0x00014801   Thumb Code    56  bignum.o(.text)
    mbedtls_mpi_mul_mpi                      0x00014e69   Thumb Code   232  bignum.o(.text)
    mbedtls_mpi_mul_int                      0x00014f51   Thumb Code    34  bignum.o(.text)
    mbedtls_mpi_read_string                  0x00014f73   Thumb Code   374  bignum.o(.text)
    mbedtls_mpi_cmp_mpi                      0x000150e9   Thumb Code   172  bignum.o(.text)
    mbedtls_mpi_cmp_int                      0x00015195   Thumb Code    52  bignum.o(.text)
    mbedtls_mpi_shift_r                      0x000151c9   Thumb Code   166  bignum.o(.text)
    mbedtls_mpi_shift_l                      0x0001526f   Thumb Code   194  bignum.o(.text)
    mbedtls_mpi_div_mpi                      0x00015399   Thumb Code   980  bignum.o(.text)
    mbedtls_mpi_div_int                      0x0001576d   Thumb Code    64  bignum.o(.text)
    mbedtls_mpi_mod_int                      0x000157ad   Thumb Code   120  bignum.o(.text)
    mbedtls_mpi_write_string                 0x000158ad   Thumb Code   354  bignum.o(.text)
    mbedtls_mpi_read_binary                  0x00015a0f   Thumb Code   136  bignum.o(.text)
    mbedtls_mpi_write_binary                 0x00015a97   Thumb Code    80  bignum.o(.text)
    mbedtls_mpi_mod_mpi                      0x00015ae7   Thumb Code   126  bignum.o(.text)
    mbedtls_mpi_exp_mod                      0x00015c8f   Thumb Code  1380  bignum.o(.text)
    mbedtls_mpi_gcd                          0x000161f3   Thumb Code   348  bignum.o(.text)
    mbedtls_mpi_fill_random                  0x0001634f   Thumb Code    92  bignum.o(.text)
    mbedtls_mpi_inv_mod                      0x000163ab   Thumb Code   816  bignum.o(.text)
    mbedtls_mpi_is_prime                     0x0001699b   Thumb Code    94  bignum.o(.text)
    mbedtls_mpi_gen_prime                    0x000169f9   Thumb Code   432  bignum.o(.text)
    mbedtls_mpi_self_test                    0x00016ba9   Thumb Code   952  bignum.o(.text)
    mbedtls_cipher_list                      0x00016f85   Thumb Code    36  cipher.o(.text)
    mbedtls_cipher_info_from_type            0x00016fa9   Thumb Code    28  cipher.o(.text)
    mbedtls_cipher_info_from_string          0x00016fc5   Thumb Code    42  cipher.o(.text)
    mbedtls_cipher_info_from_values          0x00016fef   Thumb Code    52  cipher.o(.text)
    mbedtls_cipher_init                      0x00017023   Thumb Code    14  cipher.o(.text)
    mbedtls_cipher_free                      0x00017031   Thumb Code    34  cipher.o(.text)
    mbedtls_cipher_set_padding_mode          0x00017259   Thumb Code    92  cipher.o(.text)
    mbedtls_cipher_setup                     0x000172b5   Thumb Code    52  cipher.o(.text)
    mbedtls_cipher_setkey                    0x000172e9   Thumb Code   116  cipher.o(.text)
    mbedtls_cipher_set_iv                    0x0001735d   Thumb Code   136  cipher.o(.text)
    mbedtls_cipher_reset                     0x000173e5   Thumb Code    22  cipher.o(.text)
    mbedtls_cipher_update_ad                 0x000173fb   Thumb Code    54  cipher.o(.text)
    mbedtls_cipher_update                    0x00017431   Thumb Code   540  cipher.o(.text)
    mbedtls_cipher_finish                    0x0001764d   Thumb Code   306  cipher.o(.text)
    mbedtls_cipher_write_tag                 0x0001777f   Thumb Code    68  cipher.o(.text)
    mbedtls_cipher_check_tag                 0x000177c3   Thumb Code    86  cipher.o(.text)
    mbedtls_cipher_crypt                     0x00017819   Thumb Code   114  cipher.o(.text)
    mbedtls_cipher_auth_encrypt              0x0001788b   Thumb Code    72  cipher.o(.text)
    mbedtls_cipher_auth_decrypt              0x000178d3   Thumb Code    92  cipher.o(.text)
    mbedtls_ctr_drbg_init                    0x00017a75   Thumb Code    26  ctr_drbg.o(.text)
    mbedtls_ctr_drbg_reseed                  0x00017c99   Thumb Code   142  ctr_drbg.o(.text)
    mbedtls_ctr_drbg_seed_entropy_len        0x00017d27   Thumb Code   104  ctr_drbg.o(.text)
    mbedtls_ctr_drbg_seed                    0x00017d8f   Thumb Code    38  ctr_drbg.o(.text)
    mbedtls_ctr_drbg_free                    0x00017db5   Thumb Code    40  ctr_drbg.o(.text)
    mbedtls_ctr_drbg_set_prediction_resistance 0x00017ddd   Thumb Code     4  ctr_drbg.o(.text)
    mbedtls_ctr_drbg_set_entropy_len         0x00017de1   Thumb Code     4  ctr_drbg.o(.text)
    mbedtls_ctr_drbg_set_reseed_interval     0x00017de5   Thumb Code     4  ctr_drbg.o(.text)
    mbedtls_ctr_drbg_update                  0x00017de9   Thumb Code    44  ctr_drbg.o(.text)
    mbedtls_ctr_drbg_random_with_add         0x00017e15   Thumb Code   252  ctr_drbg.o(.text)
    mbedtls_ctr_drbg_random                  0x00017f11   Thumb Code    74  ctr_drbg.o(.text)
    mbedtls_ctr_drbg_self_test               0x00017f85   Thumb Code   332  ctr_drbg.o(.text)
    mbedtls_ecdh_gen_public                  0x00018145   Thumb Code    36  ecdh.o(.text)
    mbedtls_ecdh_compute_shared              0x00018169   Thumb Code   114  ecdh.o(.text)
    mbedtls_ecdh_init                        0x000181db   Thumb Code    16  ecdh.o(.text)
    mbedtls_ecdh_free                        0x000181eb   Thumb Code    74  ecdh.o(.text)
    mbedtls_ecdh_make_params                 0x00018235   Thumb Code   132  ecdh.o(.text)
    mbedtls_ecdh_read_params                 0x000182b9   Thumb Code    60  ecdh.o(.text)
    mbedtls_ecdh_get_params                  0x000182f5   Thumb Code    92  ecdh.o(.text)
    mbedtls_ecdh_make_public                 0x00018351   Thumb Code    80  ecdh.o(.text)
    mbedtls_ecdh_read_public                 0x000183a1   Thumb Code    54  ecdh.o(.text)
    mbedtls_ecdh_calc_secret                 0x000183d7   Thumb Code   110  ecdh.o(.text)
    mbedtls_ecdsa_sign                       0x000184cd   Thumb Code   502  ecdsa.o(.text)
    mbedtls_ecdsa_verify                     0x000186c3   Thumb Code   376  ecdsa.o(.text)
    mbedtls_ecdsa_write_signature            0x000188d5   Thumb Code   104  ecdsa.o(.text)
    mbedtls_ecdsa_read_signature             0x0001893d   Thumb Code   164  ecdsa.o(.text)
    mbedtls_ecdsa_genkey                     0x000189e1   Thumb Code    48  ecdsa.o(.text)
    mbedtls_ecdsa_free                       0x00018a11   Thumb Code    12  ecdsa.o(.text)
    mbedtls_ecdsa_from_keypair               0x00018a1d   Thumb Code    60  ecdsa.o(.text)
    mbedtls_ecdsa_init                       0x00018a59   Thumb Code    12  ecdsa.o(.text)
    mbedtls_ecp_curve_list                   0x00018a6d   Thumb Code     4  ecp.o(.text)
    mbedtls_ecp_grp_id_list                  0x00018a71   Thumb Code    52  ecp.o(.text)
    mbedtls_ecp_curve_info_from_grp_id       0x00018aa5   Thumb Code    34  ecp.o(.text)
    mbedtls_ecp_curve_info_from_tls_id       0x00018ac7   Thumb Code    34  ecp.o(.text)
    mbedtls_ecp_curve_info_from_name         0x00018ae9   Thumb Code    38  ecp.o(.text)
    mbedtls_ecp_point_init                   0x00018b25   Thumb Code    34  ecp.o(.text)
    mbedtls_ecp_group_init                   0x00018b47   Thumb Code    20  ecp.o(.text)
    mbedtls_ecp_keypair_init                 0x00018b5b   Thumb Code    34  ecp.o(.text)
    mbedtls_ecp_point_free                   0x00018b7d   Thumb Code    34  ecp.o(.text)
    mbedtls_ecp_group_free                   0x00018b9f   Thumb Code   100  ecp.o(.text)
    mbedtls_ecp_keypair_free                 0x00018c03   Thumb Code    34  ecp.o(.text)
    mbedtls_ecp_copy                         0x00018c25   Thumb Code    74  ecp.o(.text)
    mbedtls_ecp_group_copy                   0x00018c6f   Thumb Code    16  ecp.o(.text)
    mbedtls_ecp_set_zero                     0x00018c7f   Thumb Code    68  ecp.o(.text)
    mbedtls_ecp_is_zero                      0x00018cc3   Thumb Code    24  ecp.o(.text)
    mbedtls_ecp_point_cmp                    0x00018cdb   Thumb Code    52  ecp.o(.text)
    mbedtls_ecp_point_read_string            0x00018d0f   Thumb Code    82  ecp.o(.text)
    mbedtls_ecp_point_write_binary           0x00018d61   Thumb Code   224  ecp.o(.text)
    mbedtls_ecp_point_read_binary            0x00018e41   Thumb Code   164  ecp.o(.text)
    mbedtls_ecp_tls_read_point               0x00018ee5   Thumb Code    66  ecp.o(.text)
    mbedtls_ecp_tls_write_point              0x00018f27   Thumb Code    66  ecp.o(.text)
    mbedtls_ecp_tls_read_group               0x00018f69   Thumb Code    86  ecp.o(.text)
    mbedtls_ecp_tls_write_group              0x00018fbf   Thumb Code    58  ecp.o(.text)
    mbedtls_ecp_check_pubkey                 0x0001a8f1   Thumb Code    46  ecp.o(.text)
    mbedtls_ecp_check_privkey                0x0001a91f   Thumb Code    54  ecp.o(.text)
    mbedtls_ecp_mul                          0x0001a955   Thumb Code   120  ecp.o(.text)
    mbedtls_ecp_muladd                       0x0001aa59   Thumb Code   146  ecp.o(.text)
    mbedtls_ecp_gen_keypair_base             0x0001aaeb   Thumb Code   166  ecp.o(.text)
    mbedtls_ecp_gen_keypair                  0x0001ab91   Thumb Code    38  ecp.o(.text)
    mbedtls_ecp_gen_key                      0x0001abb7   Thumb Code    52  ecp.o(.text)
    mbedtls_ecp_check_pub_priv               0x0001abeb   Thumb Code   178  ecp.o(.text)
    mbedtls_ecp_self_test                    0x0001ac9d   Thumb Code   748  ecp.o(.text)
    mbedtls_ecp_group_load                   0x0001b555   Thumb Code    80  ecp_curves.o(.text)
    mbedtls_entropy_add_source               0x0001b5cd   Thumb Code   138  entropy.o(.text)
    mbedtls_entropy_init                     0x0001b657   Thumb Code    58  entropy.o(.text)
    mbedtls_entropy_free                     0x0001b691   Thumb Code    42  entropy.o(.text)
    mbedtls_entropy_update_manual            0x0001b741   Thumb Code    66  entropy.o(.text)
    mbedtls_entropy_gather                   0x0001b82f   Thumb Code    52  entropy.o(.text)
    mbedtls_entropy_func                     0x0001b863   Thumb Code   310  entropy.o(.text)
    mbedtls_entropy_source_self_test         0x0001ba3b   Thumb Code   148  entropy.o(.text)
    mbedtls_entropy_self_test                0x0001bacf   Thumb Code   218  entropy.o(.text)
    mbedtls_gcm_init                         0x0001bbed   Thumb Code    16  gcm.o(.text)
    mbedtls_gcm_setkey                       0x0001bd91   Thumb Code   112  gcm.o(.text)
    mbedtls_gcm_starts                       0x0001bfc1   Thumb Code   378  gcm.o(.text)
    mbedtls_gcm_update                       0x0001c13b   Thumb Code   296  gcm.o(.text)
    mbedtls_gcm_finish                       0x0001c263   Thumb Code   378  gcm.o(.text)
    mbedtls_gcm_crypt_and_tag                0x0001c3dd   Thumb Code    88  gcm.o(.text)
    mbedtls_gcm_auth_decrypt                 0x0001c435   Thumb Code   112  gcm.o(.text)
    mbedtls_gcm_free                         0x0001c4a5   Thumb Code    22  gcm.o(.text)
    mbedtls_gcm_self_test                    0x0001c4bb   Thumb Code  1274  gcm.o(.text)
    mbedtls_md_list                          0x0001c9d1   Thumb Code     4  md.o(.text)
    mbedtls_md_info_from_type                0x0001c9d5   Thumb Code    32  md.o(.text)
    mbedtls_md_info_from_string              0x0001c9f5   Thumb Code    78  md.o(.text)
    mbedtls_md_init                          0x0001ca43   Thumb Code    10  md.o(.text)
    mbedtls_md_free                          0x0001ca4d   Thumb Code    58  md.o(.text)
    mbedtls_md_clone                         0x0001ca87   Thumb Code    44  md.o(.text)
    mbedtls_md_setup                         0x0001cab3   Thumb Code    64  md.o(.text)
    mbedtls_md_starts                        0x0001caf3   Thumb Code    24  md.o(.text)
    mbedtls_md_update                        0x0001cb0b   Thumb Code    32  md.o(.text)
    mbedtls_md_finish                        0x0001cb2b   Thumb Code    28  md.o(.text)
    mbedtls_md                               0x0001cb47   Thumb Code    32  md.o(.text)
    mbedtls_md_hmac_starts                   0x0001cb67   Thumb Code   214  md.o(.text)
    mbedtls_md_hmac_update                   0x0001cc3d   Thumb Code    36  md.o(.text)
    mbedtls_md_hmac_finish                   0x0001cc61   Thumb Code   118  md.o(.text)
    mbedtls_md_hmac_reset                    0x0001ccd7   Thumb Code    50  md.o(.text)
    mbedtls_md_hmac                          0x0001cd09   Thumb Code   112  md.o(.text)
    mbedtls_md_process                       0x0001cd79   Thumb Code    28  md.o(.text)
    mbedtls_md_get_size                      0x0001cd95   Thumb Code    12  md.o(.text)
    mbedtls_md_get_type                      0x0001cda1   Thumb Code    60  md.o(.text)
    mbedtls_md_get_name                      0x0001cddd   Thumb Code    12  md.o(.text)
    mbedtls_oid_get_attr_short_name          0x0001cf51   Thumb Code    30  oid.o(.text)
    mbedtls_oid_get_x509_ext_type            0x0001cfa7   Thumb Code    30  oid.o(.text)
    mbedtls_oid_get_extended_key_usage       0x0001cffd   Thumb Code    30  oid.o(.text)
    mbedtls_oid_get_sig_alg_desc             0x0001d053   Thumb Code    30  oid.o(.text)
    mbedtls_oid_get_sig_alg                  0x0001d071   Thumb Code    40  oid.o(.text)
    mbedtls_oid_get_oid_by_sig_alg           0x0001d099   Thumb Code    48  oid.o(.text)
    mbedtls_oid_get_pk_alg                   0x0001d101   Thumb Code    30  oid.o(.text)
    mbedtls_oid_get_oid_by_pk_alg            0x0001d11f   Thumb Code    42  oid.o(.text)
    mbedtls_oid_get_ec_grp                   0x0001d181   Thumb Code    30  oid.o(.text)
    mbedtls_oid_get_oid_by_ec_grp            0x0001d19f   Thumb Code    42  oid.o(.text)
    mbedtls_oid_get_cipher_alg               0x0001d201   Thumb Code    30  oid.o(.text)
    mbedtls_oid_get_md_alg                   0x0001d257   Thumb Code    30  oid.o(.text)
    mbedtls_oid_get_oid_by_md                0x0001d275   Thumb Code    42  oid.o(.text)
    mbedtls_oid_get_md_hmac                  0x0001d2d7   Thumb Code    30  oid.o(.text)
    mbedtls_oid_get_numeric_string           0x0001d2f5   Thumb Code   228  oid.o(.text)
    mbedtls_pem_init                         0x0001d3e5   Thumb Code    10  pem.o(.text)
    mbedtls_pem_read_buffer                  0x0001d3ef   Thumb Code   306  pem.o(.text)
    mbedtls_pem_free                         0x0001d521   Thumb Code    38  pem.o(.text)
    mbedtls_pk_init                          0x0001d56d   Thumb Code    14  pk.o(.text)
    mbedtls_pk_free                          0x0001d57b   Thumb Code    32  pk.o(.text)
    mbedtls_pk_info_from_type                0x0001d59b   Thumb Code    40  pk.o(.text)
    mbedtls_pk_setup                         0x0001d5c3   Thumb Code    36  pk.o(.text)
    mbedtls_pk_setup_rsa_alt                 0x0001d5e7   Thumb Code    68  pk.o(.text)
    mbedtls_pk_can_do                        0x0001d62b   Thumb Code    26  pk.o(.text)
    mbedtls_pk_verify                        0x0001d66d   Thumb Code    74  pk.o(.text)
    mbedtls_pk_verify_ext                    0x0001d6b7   Thumb Code    80  pk.o(.text)
    mbedtls_pk_sign                          0x0001d707   Thumb Code    76  pk.o(.text)
    mbedtls_pk_decrypt                       0x0001d753   Thumb Code    68  pk.o(.text)
    mbedtls_pk_encrypt                       0x0001d797   Thumb Code    68  pk.o(.text)
    mbedtls_pk_check_pair                    0x0001d7db   Thumb Code    76  pk.o(.text)
    mbedtls_pk_get_bitlen                    0x0001d827   Thumb Code    24  pk.o(.text)
    mbedtls_pk_debug                         0x0001d83f   Thumb Code    42  pk.o(.text)
    mbedtls_pk_get_name                      0x0001d869   Thumb Code    18  pk.o(.text)
    mbedtls_pk_get_type                      0x0001d87b   Thumb Code    18  pk.o(.text)
    mbedtls_pk_parse_subpubkey               0x0001df53   Thumb Code   264  pkparse.o(.text)
    mbedtls_pk_parse_key                     0x0001e519   Thumb Code   644  pkparse.o(.text)
    mbedtls_pk_parse_public_key              0x0001e79d   Thumb Code   356  pkparse.o(.text)
    mbedtls_pk_write_pubkey                  0x0001eb01   Thumb Code   114  pkwrite.o(.text)
    mbedtls_pk_write_pubkey_der              0x0001eb73   Thumb Code   276  pkwrite.o(.text)
    mbedtls_pk_write_key_der                 0x0001ec87   Thumb Code   818  pkwrite.o(.text)
    mbedtls_calloc                           0x0001efbd   Thumb Code    18  platform.o(.text)
    mbedtls_free                             0x0001efcf   Thumb Code    14  platform.o(.text)
    mbedtls_platform_set_calloc_free         0x0001efdd   Thumb Code    14  platform.o(.text)
    mbedtls_platform_setup                   0x0001efeb   Thumb Code     6  platform.o(.text)
    mbedtls_platform_teardown                0x0001eff1   Thumb Code     2  platform.o(.text)
    mbedtls_rsa_import                       0x0001f021   Thumb Code   138  rsa.o(.text)
    mbedtls_rsa_import_raw                   0x0001f0ab   Thumb Code   194  rsa.o(.text)
    mbedtls_rsa_complete                     0x0001f233   Thumb Code   430  rsa.o(.text)
    mbedtls_rsa_export_raw                   0x0001f3e1   Thumb Code   244  rsa.o(.text)
    mbedtls_rsa_export                       0x0001f4d5   Thumb Code   220  rsa.o(.text)
    mbedtls_rsa_export_crt                   0x0001f5b1   Thumb Code   156  rsa.o(.text)
    mbedtls_rsa_set_padding                  0x0001f64d   Thumb Code    10  rsa.o(.text)
    mbedtls_rsa_init                         0x0001f657   Thumb Code    38  rsa.o(.text)
    mbedtls_rsa_get_len                      0x0001f67d   Thumb Code     6  rsa.o(.text)
    mbedtls_rsa_free                         0x0001f683   Thumb Code   120  rsa.o(.text)
    mbedtls_rsa_check_pubkey                 0x0001f6fb   Thumb Code    84  rsa.o(.text)
    mbedtls_rsa_check_privkey                0x0001f74f   Thumb Code   102  rsa.o(.text)
    mbedtls_rsa_gen_key                      0x0001f7b5   Thumb Code   596  rsa.o(.text)
    mbedtls_rsa_check_pub_priv               0x0001fa09   Thumb Code    62  rsa.o(.text)
    mbedtls_rsa_public                       0x0001fa47   Thumb Code   186  rsa.o(.text)
    mbedtls_rsa_private                      0x0001fc0b   Thumb Code   840  rsa.o(.text)
    mbedtls_rsa_rsaes_pkcs1_v15_encrypt      0x0001ff53   Thumb Code   234  rsa.o(.text)
    mbedtls_rsa_pkcs1_encrypt                0x0002003d   Thumb Code    52  rsa.o(.text)
    mbedtls_rsa_rsaes_pkcs1_v15_decrypt      0x00020071   Thumb Code   356  rsa.o(.text)
    mbedtls_rsa_pkcs1_decrypt                0x000201d5   Thumb Code    54  rsa.o(.text)
    mbedtls_rsa_rsassa_pkcs1_v15_sign        0x0002035b   Thumb Code   210  rsa.o(.text)
    mbedtls_rsa_pkcs1_sign                   0x0002042d   Thumb Code    54  rsa.o(.text)
    mbedtls_rsa_rsassa_pkcs1_v15_verify      0x00020463   Thumb Code   198  rsa.o(.text)
    mbedtls_rsa_pkcs1_verify                 0x00020529   Thumb Code    54  rsa.o(.text)
    mbedtls_rsa_copy                         0x0002055f   Thumb Code   330  rsa.o(.text)
    mbedtls_rsa_self_test                    0x000206cd   Thumb Code   630  rsa.o(.text)
    mbedtls_rsa_deduce_primes                0x00020a19   Thumb Code   530  rsa_internal.o(.text)
    mbedtls_rsa_deduce_private_exponent      0x00020c2b   Thumb Code   244  rsa_internal.o(.text)
    mbedtls_rsa_validate_crt                 0x00020d1f   Thumb Code   394  rsa_internal.o(.text)
    mbedtls_rsa_validate_params              0x00020ea9   Thumb Code   514  rsa_internal.o(.text)
    mbedtls_rsa_deduce_crt                   0x000210ab   Thumb Code   160  rsa_internal.o(.text)
    mbedtls_sha1_init                        0x00021151   Thumb Code    14  sha1.o(.text)
    mbedtls_sha1_free                        0x0002115f   Thumb Code    20  sha1.o(.text)
    mbedtls_sha1_clone                       0x00021173   Thumb Code    18  sha1.o(.text)
    mbedtls_sha1_starts_ret                  0x00021185   Thumb Code    34  sha1.o(.text)
    mbedtls_internal_sha1_process            0x000211a7   Thumb Code  5600  sha1.o(.text)
    mbedtls_sha1_update_ret                  0x00022787   Thumb Code   146  sha1.o(.text)
    mbedtls_sha1_finish_ret                  0x00022819   Thumb Code   292  sha1.o(.text)
    mbedtls_sha1_ret                         0x0002293d   Thumb Code    72  sha1.o(.text)
    mbedtls_sha1_self_test                   0x00022985   Thumb Code   210  sha1.o(.text)
    mbedtls_sha256_init                      0x00022a91   Thumb Code    14  sha256.o(.text)
    mbedtls_sha256_free                      0x00022a9f   Thumb Code    20  sha256.o(.text)
    mbedtls_sha256_clone                     0x00022ab3   Thumb Code    18  sha256.o(.text)
    mbedtls_sha256_starts_ret                0x00022ac5   Thumb Code    82  sha256.o(.text)
    mbedtls_internal_sha256_process          0x00022b17   Thumb Code  3600  sha256.o(.text)
    mbedtls_sha256_update_ret                0x00023927   Thumb Code   146  sha256.o(.text)
    mbedtls_sha256_finish_ret                0x000239b9   Thumb Code   406  sha256.o(.text)
    mbedtls_sha256_ret                       0x00023b4f   Thumb Code    86  sha256.o(.text)
    mbedtls_sha256_self_test                 0x00023ba5   Thumb Code   288  sha256.o(.text)
    mbedtls_ssl_ciphersuite_from_id          0x00023d15   Thumb Code    28  ssl_ciphersuites.o(.text)
    mbedtls_ssl_list_ciphersuites            0x00023d31   Thumb Code    64  ssl_ciphersuites.o(.text)
    mbedtls_ssl_ciphersuite_from_string      0x00023d71   Thumb Code    40  ssl_ciphersuites.o(.text)
    mbedtls_ssl_get_ciphersuite_name         0x00023d99   Thumb Code    22  ssl_ciphersuites.o(.text)
    mbedtls_ssl_get_ciphersuite_id           0x00023daf   Thumb Code    22  ssl_ciphersuites.o(.text)
    mbedtls_ssl_get_ciphersuite_sig_pk_alg   0x00023dc5   Thumb Code    48  ssl_ciphersuites.o(.text)
    mbedtls_ssl_get_ciphersuite_sig_alg      0x00023df5   Thumb Code    38  ssl_ciphersuites.o(.text)
    mbedtls_ssl_ciphersuite_uses_ec          0x00023e1b   Thumb Code    42  ssl_ciphersuites.o(.text)
    mbedtls_ssl_handshake_client_step        0x00025327   Thumb Code   260  ssl_cli.o(.text)
    mbedtls_ssl_sig_hash_set_const_hash      0x00025431   Thumb Code     6  ssl_tls.o(.text)
    mbedtls_ssl_session_free                 0x000254e1   Thumb Code    36  ssl_tls.o(.text)
    mbedtls_ssl_derive_keys                  0x0002574b   Thumb Code  1058  ssl_tls.o(.text)
    mbedtls_ssl_write_version                0x00025b87   Thumb Code     8  ssl_tls.o(.text)
    mbedtls_ssl_fetch_input                  0x00026515   Thumb Code   186  ssl_tls.o(.text)
    mbedtls_ssl_flush_output                 0x00026609   Thumb Code   140  ssl_tls.o(.text)
    mbedtls_ssl_write_record                 0x00026695   Thumb Code   288  ssl_tls.o(.text)
    mbedtls_ssl_write_handshake_msg          0x000267b5   Thumb Code   170  ssl_tls.o(.text)
    mbedtls_ssl_prepare_handshake_record     0x00026877   Thumb Code    60  ssl_tls.o(.text)
    mbedtls_ssl_update_handshake_status      0x000268b3   Thumb Code    30  ssl_tls.o(.text)
    mbedtls_ssl_send_alert_message           0x000268d1   Thumb Code    80  ssl_tls.o(.text)
    mbedtls_ssl_read_version                 0x00026921   Thumb Code    12  ssl_tls.o(.text)
    mbedtls_ssl_handle_message_type          0x00026a4f   Thumb Code   154  ssl_tls.o(.text)
    mbedtls_ssl_read_record                  0x00026bcd   Thumb Code   136  ssl_tls.o(.text)
    mbedtls_ssl_send_fatal_handshake_failure 0x00026c55   Thumb Code    26  ssl_tls.o(.text)
    mbedtls_ssl_write_certificate            0x00026c6f   Thumb Code   292  ssl_tls.o(.text)
    mbedtls_ssl_check_cert_usage             0x00026d93   Thumb Code   158  ssl_tls.o(.text)
    mbedtls_ssl_check_curve                  0x00026e31   Thumb Code    44  ssl_tls.o(.text)
    mbedtls_ssl_parse_certificate            0x00026e5d   Thumb Code   956  ssl_tls.o(.text)
    mbedtls_ssl_write_change_cipher_spec     0x00027219   Thumb Code    58  ssl_tls.o(.text)
    mbedtls_ssl_parse_change_cipher_spec     0x00027281   Thumb Code    96  ssl_tls.o(.text)
    mbedtls_ssl_optimize_checksum            0x000272f9   Thumb Code    26  ssl_tls.o(.text)
    mbedtls_ssl_reset_checksum               0x00027313   Thumb Code    18  ssl_tls.o(.text)
    mbedtls_ssl_transform_free               0x0002733d   Thumb Code    52  ssl_tls.o(.text)
    mbedtls_ssl_handshake_free               0x00027371   Thumb Code    92  ssl_tls.o(.text)
    mbedtls_ssl_handshake_wrapup             0x00027403   Thumb Code    94  ssl_tls.o(.text)
    mbedtls_ssl_write_finished               0x00027461   Thumb Code   152  ssl_tls.o(.text)
    mbedtls_ssl_parse_finished               0x000274f9   Thumb Code   196  ssl_tls.o(.text)
    mbedtls_ssl_session_init                 0x0002762b   Thumb Code    14  ssl_tls.o(.text)
    mbedtls_ssl_init                         0x000276cd   Thumb Code    14  ssl_tls.o(.text)
    mbedtls_ssl_setup                        0x00027701   Thumb Code   142  ssl_tls.o(.text)
    mbedtls_ssl_session_reset                0x00027833   Thumb Code    14  ssl_tls.o(.text)
    mbedtls_ssl_conf_endpoint                0x00027841   Thumb Code    10  ssl_tls.o(.text)
    mbedtls_ssl_conf_transport               0x0002784b   Thumb Code    10  ssl_tls.o(.text)
    mbedtls_ssl_conf_authmode                0x00027855   Thumb Code    10  ssl_tls.o(.text)
    mbedtls_ssl_conf_verify                  0x0002785f   Thumb Code     6  ssl_tls.o(.text)
    mbedtls_ssl_conf_rng                     0x00027865   Thumb Code     6  ssl_tls.o(.text)
    mbedtls_ssl_conf_dbg                     0x0002786b   Thumb Code     6  ssl_tls.o(.text)
    mbedtls_ssl_set_bio                      0x00027871   Thumb Code    14  ssl_tls.o(.text)
    mbedtls_ssl_conf_read_timeout            0x0002787f   Thumb Code     4  ssl_tls.o(.text)
    mbedtls_ssl_set_timer_cb                 0x00027883   Thumb Code    30  ssl_tls.o(.text)
    mbedtls_ssl_set_session                  0x000278a1   Thumb Code    58  ssl_tls.o(.text)
    mbedtls_ssl_conf_ciphersuites            0x000278db   Thumb Code    10  ssl_tls.o(.text)
    mbedtls_ssl_conf_ciphersuites_for_version 0x000278e5   Thumb Code    24  ssl_tls.o(.text)
    mbedtls_ssl_conf_cert_profile            0x000278fd   Thumb Code     4  ssl_tls.o(.text)
    mbedtls_ssl_conf_own_cert                0x00027955   Thumb Code    22  ssl_tls.o(.text)
    mbedtls_ssl_conf_ca_chain                0x0002796b   Thumb Code     6  ssl_tls.o(.text)
    mbedtls_ssl_set_hs_own_cert              0x00027971   Thumb Code    24  ssl_tls.o(.text)
    mbedtls_ssl_set_hs_ca_chain              0x00027989   Thumb Code    14  ssl_tls.o(.text)
    mbedtls_ssl_set_hs_authmode              0x00027997   Thumb Code     8  ssl_tls.o(.text)
    mbedtls_ssl_conf_sig_hashes              0x0002799f   Thumb Code     4  ssl_tls.o(.text)
    mbedtls_ssl_conf_curves                  0x000279a3   Thumb Code     4  ssl_tls.o(.text)
    mbedtls_ssl_set_hostname                 0x000279a7   Thumb Code   118  ssl_tls.o(.text)
    mbedtls_ssl_conf_sni                     0x00027a1d   Thumb Code     6  ssl_tls.o(.text)
    mbedtls_ssl_conf_alpn_protocols          0x00027a23   Thumb Code    58  ssl_tls.o(.text)
    mbedtls_ssl_get_alpn_protocol            0x00027a5d   Thumb Code     8  ssl_tls.o(.text)
    mbedtls_ssl_conf_max_version             0x00027a65   Thumb Code    10  ssl_tls.o(.text)
    mbedtls_ssl_conf_min_version             0x00027a6f   Thumb Code    10  ssl_tls.o(.text)
    mbedtls_ssl_conf_encrypt_then_mac        0x00027a79   Thumb Code    10  ssl_tls.o(.text)
    mbedtls_ssl_conf_extended_master_secret  0x00027a83   Thumb Code    10  ssl_tls.o(.text)
    mbedtls_ssl_conf_max_frag_len            0x00027a8d   Thumb Code    38  ssl_tls.o(.text)
    mbedtls_ssl_conf_legacy_renegotiation    0x00027ab3   Thumb Code    10  ssl_tls.o(.text)
    mbedtls_ssl_get_bytes_avail              0x00027abd   Thumb Code    14  ssl_tls.o(.text)
    mbedtls_ssl_check_pending                0x00027acb   Thumb Code    56  ssl_tls.o(.text)
    mbedtls_ssl_get_verify_result            0x00027b03   Thumb Code    28  ssl_tls.o(.text)
    mbedtls_ssl_get_ciphersuite              0x00027b1f   Thumb Code    24  ssl_tls.o(.text)
    mbedtls_ssl_get_version                  0x00027b37   Thumb Code    40  ssl_tls.o(.text)
    mbedtls_ssl_get_record_expansion         0x00027b5f   Thumb Code   112  ssl_tls.o(.text)
    mbedtls_ssl_get_max_frag_len             0x00027bcf   Thumb Code    84  ssl_tls.o(.text)
    mbedtls_ssl_get_max_out_record_payload   0x00027c23   Thumb Code    26  ssl_tls.o(.text)
    mbedtls_ssl_get_peer_cert                0x00027c3d   Thumb Code    18  ssl_tls.o(.text)
    mbedtls_ssl_get_session                  0x00027c4f   Thumb Code    40  ssl_tls.o(.text)
    mbedtls_ssl_handshake_step               0x00027c77   Thumb Code    42  ssl_tls.o(.text)
    mbedtls_ssl_handshake                    0x00027ca1   Thumb Code    50  ssl_tls.o(.text)
    mbedtls_ssl_read                         0x00027cd3   Thumb Code   406  ssl_tls.o(.text)
    mbedtls_ssl_write                        0x00027ed5   Thumb Code    70  ssl_tls.o(.text)
    mbedtls_ssl_close_notify                 0x00027f1b   Thumb Code    68  ssl_tls.o(.text)
    mbedtls_ssl_free                         0x00027f77   Thumb Code   178  ssl_tls.o(.text)
    mbedtls_ssl_config_init                  0x00028029   Thumb Code    14  ssl_tls.o(.text)
    mbedtls_ssl_config_defaults              0x00028037   Thumb Code   164  ssl_tls.o(.text)
    mbedtls_ssl_config_free                  0x000280db   Thumb Code    20  ssl_tls.o(.text)
    mbedtls_ssl_sig_from_pk                  0x000280ef   Thumb Code    36  ssl_tls.o(.text)
    mbedtls_ssl_sig_from_pk_alg              0x00028113   Thumb Code    30  ssl_tls.o(.text)
    mbedtls_ssl_pk_alg_from_sig              0x00028131   Thumb Code    24  ssl_tls.o(.text)
    mbedtls_ssl_sig_hash_set_find            0x00028149   Thumb Code    24  ssl_tls.o(.text)
    mbedtls_ssl_sig_hash_set_add             0x00028161   Thumb Code    32  ssl_tls.o(.text)
    mbedtls_ssl_md_alg_from_hash             0x00028181   Thumb Code    32  ssl_tls.o(.text)
    mbedtls_ssl_hash_from_md_alg             0x000281a1   Thumb Code    32  ssl_tls.o(.text)
    mbedtls_ssl_check_sig_hash               0x000281c1   Thumb Code    84  ssl_tls.o(.text)
    mbedtls_ssl_set_calc_verify_md           0x00028215   Thumb Code    36  ssl_tls.o(.text)
    mbedtls_ssl_get_key_exchange_md_tls1_2   0x00028239   Thumb Code   164  ssl_tls.o(.text)
    mbedtls_threading_set_alt                0x00028303   Thumb Code    20  threading.o(.text)
    mbedtls_threading_free_alt               0x00028317   Thumb Code     2  threading.o(.text)
    mbedtls_x509_get_serial                  0x00028329   Thumb Code    92  x509.o(.text)
    mbedtls_x509_get_alg_null                0x00028385   Thumb Code    36  x509.o(.text)
    mbedtls_x509_get_alg                     0x000283a9   Thumb Code    42  x509.o(.text)
    mbedtls_x509_get_name                    0x000284b5   Thumb Code   132  x509.o(.text)
    mbedtls_x509_get_time                    0x00028751   Thumb Code    92  x509.o(.text)
    mbedtls_x509_get_sig                     0x000287ad   Thumb Code    76  x509.o(.text)
    mbedtls_x509_get_sig_alg                 0x000287f9   Thumb Code    70  x509.o(.text)
    mbedtls_x509_get_ext                     0x0002883f   Thumb Code   102  x509.o(.text)
    mbedtls_x509_dn_gets                     0x000288a5   Thumb Code   274  x509.o(.text)
    mbedtls_x509_serial_gets                 0x000289b7   Thumb Code   154  x509.o(.text)
    mbedtls_x509_sig_alg_gets                0x00028a51   Thumb Code    88  x509.o(.text)
    mbedtls_x509_key_size_helper             0x00028aa9   Thumb Code    54  x509.o(.text)
    mbedtls_x509_time_is_past                0x00028adf   Thumb Code     6  x509.o(.text)
    mbedtls_x509_time_is_future              0x00028ae5   Thumb Code     6  x509.o(.text)
    mbedtls_x509_self_test                   0x00028aeb   Thumb Code     6  x509.o(.text)
    mbedtls_x509_crt_free                    0x000290d1   Thumb Code   200  x509_crt.o(.text)
    mbedtls_x509_crt_init                    0x000294c9   Thumb Code    16  x509_crt.o(.text)
    mbedtls_x509_crt_parse_der               0x000294d9   Thumb Code   136  x509_crt.o(.text)
    mbedtls_x509_crt_parse                   0x00029561   Thumb Code   248  x509_crt.o(.text)
    mbedtls_x509_crt_info                    0x00029b3b   Thumb Code  1608  x509_crt.o(.text)
    mbedtls_x509_crt_verify_info             0x0002a183   Thumb Code   124  x509_crt.o(.text)
    mbedtls_x509_crt_check_key_usage         0x0002a1ff   Thumb Code    68  x509_crt.o(.text)
    mbedtls_x509_crt_check_extended_key_usage 0x0002a243   Thumb Code    96  x509_crt.o(.text)
    mbedtls_x509_crt_verify_with_profile     0x0002a919   Thumb Code   192  x509_crt.o(.text)
    mbedtls_x509_crt_verify                  0x0002a9d9   Thumb Code    42  x509_crt.o(.text)
    mbedtls_platform_zeroize                 0x0002aa19   Thumb Code    20  platform_util.o(.text)
    IotClock_GetTimeMs                       0x0002aa79   Thumb Code    52  iot_clock_afr.o(.text)
    IotClock_GetTimestring                   0x0002aaad   Thumb Code   114  iot_clock_afr.o(.text)
    IotClock_SleepMs                         0x0002ab1f   Thumb Code    26  iot_clock_afr.o(.text)
    IotClock_TimerCreate                     0x0002ab39   Thumb Code   132  iot_clock_afr.o(.text)
    IotClock_TimerDestroy                    0x0002abbd   Thumb Code   136  iot_clock_afr.o(.text)
    IotClock_TimerArm                        0x0002ac45   Thumb Code   116  iot_clock_afr.o(.text)
    IotNetworkAfr_Create                     0x0002af03   Thumb Code   484  iot_network_afr.o(.text)
    IotNetworkAfr_SetReceiveCallback         0x0002b0e7   Thumb Code   652  iot_network_afr.o(.text)
    IotNetworkAfr_Send                       0x0002b373   Thumb Code    68  iot_network_afr.o(.text)
    IotNetworkAfr_Receive                    0x0002b3b7   Thumb Code   188  iot_network_afr.o(.text)
    IotNetworkAfr_Close                      0x0002b473   Thumb Code    52  iot_network_afr.o(.text)
    IotNetworkAfr_Destroy                    0x0002b4a7   Thumb Code    58  iot_network_afr.o(.text)
    Iot_CreateDetachedThread                 0x0002b5cf   Thumb Code   162  iot_threads_afr.o(.text)
    IotMutex_Create                          0x0002b671   Thumb Code    94  iot_threads_afr.o(.text)
    IotMutex_Destroy                         0x0002b6cf   Thumb Code    46  iot_threads_afr.o(.text)
    prIotMutexTimedLock                      0x0002b6fd   Thumb Code   102  iot_threads_afr.o(.text)
    IotMutex_Lock                            0x0002b763   Thumb Code    16  iot_threads_afr.o(.text)
    IotMutex_TryLock                         0x0002b773   Thumb Code    14  iot_threads_afr.o(.text)
    IotMutex_Unlock                          0x0002b781   Thumb Code    84  iot_threads_afr.o(.text)
    IotSemaphore_Create                      0x0002b7d5   Thumb Code    78  iot_threads_afr.o(.text)
    IotSemaphore_GetCount                    0x0002b823   Thumb Code    70  iot_threads_afr.o(.text)
    IotSemaphore_Destroy                     0x0002b869   Thumb Code    64  iot_threads_afr.o(.text)
    IotSemaphore_Wait                        0x0002b8a9   Thumb Code   112  iot_threads_afr.o(.text)
    IotSemaphore_TimedWait                   0x0002b919   Thumb Code    98  iot_threads_afr.o(.text)
    IotSemaphore_TryWait                     0x0002b97b   Thumb Code    66  iot_threads_afr.o(.text)
    IotSemaphore_Post                        0x0002b9bd   Thumb Code   504  iot_threads_afr.o(.text)
    IotTaskPool_GetSystemTaskPool            0x0002be15   Thumb Code     4  iot_taskpool.o(.text)
    IotTaskPool_CreateSystemTaskPool         0x0002c577   Thumb Code    34  iot_taskpool.o(.text)
    IotTaskPool_Create                       0x0002c599   Thumb Code    96  iot_taskpool.o(.text)
    IotTaskPool_Destroy                      0x0002c617   Thumb Code   262  iot_taskpool.o(.text)
    IotTaskPool_SetMaxThreads                0x0002c71d   Thumb Code   172  iot_taskpool.o(.text)
    IotTaskPool_CreateJob                    0x0002c7e7   Thumb Code   240  iot_taskpool.o(.text)
    IotTaskPool_CreateRecyclableJob          0x0002c91d   Thumb Code   168  iot_taskpool.o(.text)
    IotTaskPool_strerror                     0x0002c9c5   Thumb Code    50  iot_taskpool.o(.text)
    IotTaskPool_DestroyRecyclableJob         0x0002cb63   Thumb Code   142  iot_taskpool.o(.text)
    IotTaskPool_RecycleJob                   0x0002cc1f   Thumb Code   126  iot_taskpool.o(.text)
    IotTaskPool_Schedule                     0x0002cc9d   Thumb Code   526  iot_taskpool.o(.text)
    IotTaskPool_ScheduleDeferred             0x0002cedd   Thumb Code   252  iot_taskpool.o(.text)
    IotTaskPool_GetStatus                    0x0002cfd9   Thumb Code   118  iot_taskpool.o(.text)
    IotTaskPool_TryCancel                    0x0002d04f   Thumb Code   112  iot_taskpool.o(.text)
    IotTaskPool_GetJobStorageFromHandle      0x0002d0bf   Thumb Code     2  iot_taskpool.o(.text)
    IotSdk_Init                              0x0002d149   Thumb Code    76  iot_init.o(.text)
    IotSdk_Cleanup                           0x0002d195   Thumb Code    30  iot_init.o(.text)
    IotLog_Generic                           0x0002d24d   Thumb Code   344  iot_logging.o(.text)
    IotLog_GenericPrintBuffer                0x0002d3a5   Thumb Code   112  iot_logging.o(.text)
    AwsIotNetworkManager_Init                0x0002d749   Thumb Code   108  aws_iot_network_manager.o(.text)
    AwsIotNetworkManager_SubscribeForStateChange 0x0002d7b5   Thumb Code    86  aws_iot_network_manager.o(.text)
    AwsIotNetworkManager_RemoveSubscription  0x0002d80b   Thumb Code    76  aws_iot_network_manager.o(.text)
    AwsIotNetworkManager_GetConfiguredNetworks 0x0002d857   Thumb Code    28  aws_iot_network_manager.o(.text)
    AwsIotNetworkManager_GetEnabledNetworks  0x0002d873   Thumb Code    50  aws_iot_network_manager.o(.text)
    AwsIotNetworkManager_GetConnectedNetworks 0x0002d8a5   Thumb Code    52  aws_iot_network_manager.o(.text)
    AwsIotNetworkManager_EnableNetwork       0x0002d8d9   Thumb Code   120  aws_iot_network_manager.o(.text)
    AwsIotNetworkManager_DisableNetwork      0x0002d951   Thumb Code    40  aws_iot_network_manager.o(.text)
    AwsIotNetworkManager_GetNetworkInterface 0x0002d979   Thumb Code    34  aws_iot_network_manager.o(.text)
    __aeabi_uldivmod                         0x0002d9a5   Thumb Code    98  uldiv.o(.text)
    rand                                     0x0002da09   Thumb Code    20  rand.o(.text)
    srand                                    0x0002da1d   Thumb Code     6  rand.o(.text)
    ___aeabi_memcpy8$move                    0x0002da2d   Thumb Code     0  memmovea.o(.text)
    __aeabi_memcpy                           0x0002da2d   Thumb Code    64  memmovea.o(.text)
    __aeabi_memcpy4                          0x0002da2d   Thumb Code     0  memmovea.o(.text)
    __aeabi_memmove                          0x0002da2d   Thumb Code     0  memmovea.o(.text)
    __aeabi_memmove4                         0x0002da2d   Thumb Code     0  memmovea.o(.text)
    __aeabi_memmove8                         0x0002da2d   Thumb Code     0  memmovea.o(.text)
    __aeabi_memset                           0x0002da6d   Thumb Code    14  memseta.o(.text)
    __aeabi_memset4                          0x0002da6d   Thumb Code     0  memseta.o(.text)
    __aeabi_memset8                          0x0002da6d   Thumb Code     0  memseta.o(.text)
    __aeabi_memclr                           0x0002da7b   Thumb Code     4  memseta.o(.text)
    __aeabi_memclr4                          0x0002da7b   Thumb Code     0  memseta.o(.text)
    __aeabi_memclr8                          0x0002da7b   Thumb Code     0  memseta.o(.text)
    memset                                   0x0002da7f   Thumb Code    18  memseta.o(.text)
    strstr                                   0x0002da91   Thumb Code    36  strstr.o(.text)
    strncpy                                  0x0002dab5   Thumb Code    24  strncpy.o(.text)
    strlen                                   0x0002dacd   Thumb Code    14  strlen.o(.text)
    strcmp                                   0x0002dadb   Thumb Code    28  strcmp.o(.text)
    memcmp                                   0x0002daf7   Thumb Code    26  memcmp.o(.text)
    strncmp                                  0x0002db11   Thumb Code    30  strncmp.o(.text)
    strtok_r                                 0x0002db31   Thumb Code    60  strtok_r.o(.text)
    strtok                                   0x0002db6d   Thumb Code     4  strtok_r.o(.text)
    strlcpy                                  0x0002db75   Thumb Code    48  strlcpy.o(.text)
    calloc                                   0x0002dba5   Thumb Code    28  calloc.o(.text)
    __0sscanf                                0x0002dbc1   Thumb Code    48  __0sscanf.o(.text)
    _scanf_int                               0x0002dbf9   Thumb Code   332  _scanf_int.o(.text)
    _scanf_string                            0x0002dd45   Thumb Code   224  _scanf_str.o(.text)
    strtol                                   0x0002de25   Thumb Code   112  strtol.o(.text)
    atoi                                     0x0002de95   Thumb Code    26  atoi.o(.text)
    __aeabi_uidiv                            0x0002deaf   Thumb Code     0  uidiv.o(.text)
    __aeabi_uidivmod                         0x0002deaf   Thumb Code    44  uidiv.o(.text)
    __aeabi_llsl                             0x0002dedb   Thumb Code    30  llshl.o(.text)
    _ll_shift_l                              0x0002dedb   Thumb Code     0  llshl.o(.text)
    __aeabi_llsr                             0x0002def9   Thumb Code    32  llushr.o(.text)
    _ll_ushift_r                             0x0002def9   Thumb Code     0  llushr.o(.text)
    __rt_ctype_table                         0x0002df19   Thumb Code     4  ctype_o.o(.text)
    isspace                                  0x0002df21   Thumb Code    18  isspace_o.o(.text)
    _chval                                   0x0002df33   Thumb Code    28  _chval.o(.text)
    __vfscanf_char                           0x0002df5d   Thumb Code    20  scanf_char.o(.text)
    _sgetc                                   0x0002df79   Thumb Code    30  _sgetc.o(.text)
    _sbackspace                              0x0002df97   Thumb Code    34  _sgetc.o(.text)
    _strtoul                                 0x0002dfb9   Thumb Code   158  _strtoul.o(.text)
    __I$use$fp                               0x0002e057   Thumb Code     0  iusefp.o(.text)
    __aeabi_dadd                             0x0002e057   Thumb Code   322  dadd.o(.text)
    __aeabi_dsub                             0x0002e199   Thumb Code     6  dadd.o(.text)
    __aeabi_drsub                            0x0002e19f   Thumb Code     6  dadd.o(.text)
    __aeabi_dmul                             0x0002e1a5   Thumb Code   228  dmul.o(.text)
    __aeabi_ddiv                             0x0002e289   Thumb Code   222  ddiv.o(.text)
    __aeabi_d2ulz                            0x0002e367   Thumb Code    48  dfixul.o(.text)
    __aeabi_cdrcmple                         0x0002e399   Thumb Code    48  cdrcmple.o(.text)
    __scatterload                            0x0002e3c9   Thumb Code    28  init.o(.text)
    __scatterload_rt2                        0x0002e3c9   Thumb Code     0  init.o(.text)
    __aeabi_lasr                             0x0002e3ed   Thumb Code    36  llsshr.o(.text)
    _ll_sshift_r                             0x0002e3ed   Thumb Code     0  llsshr.o(.text)
    __vfscanf                                0x0002e411   Thumb Code   808  _scanf.o(.text)
    _double_round                            0x0002e73d   Thumb Code    30  depilogue.o(.text)
    _double_epilogue                         0x0002e75b   Thumb Code   156  depilogue.o(.text)
    __decompress                             0x0002e7f7   Thumb Code     0  __dczerorl2.o(.text)
    __decompress1                            0x0002e7f7   Thumb Code    86  __dczerorl2.o(.text)
    __0printf                                0x0002e84d   Thumb Code    22  printfa.o(i.__0printf)
    __1printf                                0x0002e84d   Thumb Code     0  printfa.o(i.__0printf)
    __2printf                                0x0002e84d   Thumb Code     0  printfa.o(i.__0printf)
    __c89printf                              0x0002e84d   Thumb Code     0  printfa.o(i.__0printf)
    printf                                   0x0002e84d   Thumb Code     0  printfa.o(i.__0printf)
    __0snprintf                              0x0002e86d   Thumb Code    44  printfa.o(i.__0snprintf)
    __1snprintf                              0x0002e86d   Thumb Code     0  printfa.o(i.__0snprintf)
    __2snprintf                              0x0002e86d   Thumb Code     0  printfa.o(i.__0snprintf)
    __c89snprintf                            0x0002e86d   Thumb Code     0  printfa.o(i.__0snprintf)
    snprintf                                 0x0002e86d   Thumb Code     0  printfa.o(i.__0snprintf)
    __0sprintf                               0x0002e89d   Thumb Code    34  printfa.o(i.__0sprintf)
    __1sprintf                               0x0002e89d   Thumb Code     0  printfa.o(i.__0sprintf)
    __2sprintf                               0x0002e89d   Thumb Code     0  printfa.o(i.__0sprintf)
    __c89sprintf                             0x0002e89d   Thumb Code     0  printfa.o(i.__0sprintf)
    sprintf                                  0x0002e89d   Thumb Code     0  printfa.o(i.__0sprintf)
    __0vsnprintf                             0x0002e8c5   Thumb Code    40  printfa.o(i.__0vsnprintf)
    __1vsnprintf                             0x0002e8c5   Thumb Code     0  printfa.o(i.__0vsnprintf)
    __2vsnprintf                             0x0002e8c5   Thumb Code     0  printfa.o(i.__0vsnprintf)
    __c89vsnprintf                           0x0002e8c5   Thumb Code     0  printfa.o(i.__0vsnprintf)
    vsnprintf                                0x0002e8c5   Thumb Code     0  printfa.o(i.__0vsnprintf)
    __aeabi_errno_addr                       0x0002e8f1   Thumb Code     4  errno.o(i.__aeabi_errno_addr)
    __rt_errno_addr                          0x0002e8f1   Thumb Code     0  errno.o(i.__aeabi_errno_addr)
    __scatterload_copy                       0x0002e8f9   Thumb Code    14  handlers.o(i.__scatterload_copy)
    __scatterload_null                       0x0002e907   Thumb Code     2  handlers.o(i.__scatterload_null)
    __scatterload_zeroinit                   0x0002e909   Thumb Code    14  handlers.o(i.__scatterload_zeroinit)
    free                                     0x0002f1ed   Thumb Code    76  malloc.o(i.free)
    malloc                                   0x0002f23d   Thumb Code    92  malloc.o(i.malloc)
    _Curve                                   0x0002f2c8   Data       20244  crypto.o(.constdata)
    clientcredentialCLIENT_CERTIFICATE_PEM   0x00036026   Data          31  aws_dev_mode_key_provisioning.o(.constdata)
    clientcredentialCLIENT_PRIVATE_KEY_PEM   0x00036045   Data          31  aws_dev_mode_key_provisioning.o(.constdata)
    clientcredentialCLIENT_CERTIFICATE_LENGTH 0x00036064   Data           4  aws_dev_mode_key_provisioning.o(.constdata)
    clientcredentialCLIENT_PRIVATE_KEY_LENGTH 0x00036068   Data           4  aws_dev_mode_key_provisioning.o(.constdata)
    mbedtls_cipher_definitions               0x0003ab48   Data         128  cipher_wrap.o(.constdata)
    mbedtls_sha1_info                        0x0003b990   Data          48  md_wrap.o(.constdata)
    mbedtls_sha224_info                      0x0003b9c0   Data          48  md_wrap.o(.constdata)
    mbedtls_sha256_info                      0x0003b9f0   Data          48  md_wrap.o(.constdata)
    mbedtls_rsa_info                         0x0003bea0   Data          48  pk_wrap.o(.constdata)
    mbedtls_eckey_info                       0x0003bed0   Data          48  pk_wrap.o(.constdata)
    mbedtls_eckeydh_info                     0x0003bf00   Data          48  pk_wrap.o(.constdata)
    mbedtls_ecdsa_info                       0x0003bf30   Data          48  pk_wrap.o(.constdata)
    mbedtls_rsa_alt_info                     0x0003bf60   Data          48  pk_wrap.o(.constdata)
    mbedtls_x509_crt_profile_default         0x0003c75c   Data          16  x509_crt.o(.constdata)
    mbedtls_x509_crt_profile_next            0x0003c76c   Data          16  x509_crt.o(.constdata)
    mbedtls_x509_crt_profile_suiteb          0x0003c77c   Data          16  x509_crt.o(.constdata)
    IotNetworkAfr                            0x0003c858   Data          24  iot_network_afr.o(.constdata)
    __ctype_table                            0x0003c8cc   Data         129  ctype_o.o(.constdata)
    Region$$Table$$Base                      0x0003f16c   Number         0  anon$$obj.o(Region$$Table)
    Region$$Table$$Limit                     0x0003f18c   Number         0  anon$$obj.o(Region$$Table)
    SystemCoreClock                          0x20000000   Data           4  system_m480.o(.data)
    CyclesPerUs                              0x20000004   Data           4  system_m480.o(.data)
    PllClock                                 0x20000008   Data           4  system_m480.o(.data)
    gau32ClkSrcTbl                           0x2000000c   Data          32  system_m480.o(.data)
    g_AES_done                               0x20000030   Data           4  entropy_hardware_poll.o(.data)
    pxCurrentTCB                             0x2000004c   Data           4  tasks.o(.data)
    __stdout                                 0x200000c0   Data           4  retarget.o(.data)
    __stdin                                  0x200000c4   Data           4  retarget.o(.data)
    g_ECC_done                               0x200000e0   Data           4  crypto.o(.data)
    g_ECCERR_done                            0x200000e4   Data           4  crypto.o(.data)
    clientcredentialJITR_DEVICE_CERTIFICATE_AUTHORITY_PEM 0x20000100   Data           4  aws_dev_mode_key_provisioning.o(.data)
    mbedtls_mutex_init                       0x200002cc   Data           4  threading.o(.data)
    mbedtls_mutex_free                       0x200002d0   Data           4  threading.o(.data)
    mbedtls_mutex_lock                       0x200002d4   Data           4  threading.o(.data)
    mbedtls_mutex_unlock                     0x200002d8   Data           4  threading.o(.data)
    wifiNetwork                              0x200002e0   Data          20  aws_iot_network_manager.o(.data)
    __microlib_freelist                      0x20000300   Data           4  mvars.o(.data)
    __microlib_freelist_initialised          0x20000304   Data           4  mvars.o(.data)
    xQueueRegistry                           0x2000038c   Data          64  queue.o(.bss)
    xNuWiFi                                  0x20010240   Data        3128  aws_wifi.o(.bss)
    xWifiIpd                                 0x20010ec8   Data       12294  esp8266_wifi.o(.bss)
    mbedtls_cipher_supported                 0x20015a64   Data          64  cipher_wrap.o(.bss)
    _IotSystemTaskPool                       0x20015ac8   Data         356  iot_taskpool.o(.bss)
    __heap_base                              0x20015cf0   Data           0  startup_m480.o(HEAP)
    __heap_limit                             0x20015df0   Data           0  startup_m480.o(HEAP)
    __initial_sp                             0x200165f0   Data           0  startup_m480.o(STACK)



==============================================================================

Memory Map of the image

  Image Entry point : 0x000001b9

  Load Region LR_IROM1 (Base: 0x00000000, Size: 0x0003f498, Max: 0x00080000, ABSOLUTE, COMPRESSED[0x0003f278])

    Execution Region ER_IROM1 (Exec base: 0x00000000, Load base: 0x00000000, Size: 0x0003f18c, Max: 0x00080000, ABSOLUTE)

    Exec Addr    Load Addr    Size         Type   Attr      Idx    E Section Name        Object

    0x00000000   0x00000000   0x000001b8   Data   RO            3    RESET               startup_m480.o
    0x000001b8   0x000001b8   0x00000000   Code   RO         2939  * .ARM.Collect$$$$00000000  mc_w.l(entry.o)
    0x000001b8   0x000001b8   0x00000004   Code   RO         3282    .ARM.Collect$$$$00000001  mc_w.l(entry2.o)
    0x000001bc   0x000001bc   0x00000004   Code   RO         3285    .ARM.Collect$$$$00000004  mc_w.l(entry5.o)
    0x000001c0   0x000001c0   0x00000000   Code   RO         3287    .ARM.Collect$$$$00000008  mc_w.l(entry7b.o)
    0x000001c0   0x000001c0   0x00000000   Code   RO         3289    .ARM.Collect$$$$0000000A  mc_w.l(entry8b.o)
    0x000001c0   0x000001c0   0x00000008   Code   RO         3290    .ARM.Collect$$$$0000000B  mc_w.l(entry9a.o)
    0x000001c8   0x000001c8   0x00000000   Code   RO         3292    .ARM.Collect$$$$0000000D  mc_w.l(entry10a.o)
    0x000001c8   0x000001c8   0x00000000   Code   RO         3294    .ARM.Collect$$$$0000000F  mc_w.l(entry11a.o)
    0x000001c8   0x000001c8   0x00000004   Code   RO         3283    .ARM.Collect$$$$00002712  mc_w.l(entry2.o)
    0x000001cc   0x000001cc   0x000000be   Code   RO          638    .emb_text           port.o
    0x0000028a   0x0000028a   0x00000002   PAD
    0x0000028c   0x0000028c   0x0000001c   Code   RO          692    .emb_text           retarget.o
    0x000002a8   0x000002a8   0x00000068   Code   RO            4    .text               startup_m480.o
    0x00000310   0x00000310   0x00000128   Code   RO           13    .text               system_m480.o
    0x00000438   0x00000438   0x0000028c   Code   RO          310    .text               entropy_hardware_poll.o
    0x000006c4   0x000006c4   0x000003f0   Code   RO          393    .text               main.o
    0x00000ab4   0x00000ab4   0x000004d8   Code   RO          496    .text               event_groups.o
    0x00000f8c   0x00000f8c   0x00000094   Code   RO          526    .text               list.o
    0x00001020   0x00001020   0x00001094   Code   RO          538    .text               queue.o
    0x000020b4   0x000020b4   0x00001ab8   Code   RO          583    .text               tasks.o
    0x00003b6c   0x00003b6c   0x00000740   Code   RO          605    .text               timers.o
    0x000042ac   0x000042ac   0x00000340   Code   RO          639    .text               port.o
    0x000045ec   0x000045ec   0x000002a8   Code   RO          674    .text               heap_4.o
    0x00004894   0x00004894   0x00000164   Code   RO          693    .text               retarget.o
    0x000049f8   0x000049f8   0x000007b0   Code   RO          731    .text               clk.o
    0x000051a8   0x000051a8   0x000010f4   Code   RO          756    .text               crypto.o
    0x0000629c   0x0000629c   0x000007b0   Code   RO          788    .text               fmc.o
    0x00006a4c   0x00006a4c   0x000000dc   Code   RO          812    .text               sys.o
    0x00006b28   0x00006b28   0x000004c4   Code   RO          836    .text               uart.o
    0x00006fec   0x00006fec   0x0000001c   Code   RO          858    .text               iot_demo_runner.o
    0x00007008   0x00007008   0x000001d4   Code   RO          947    .text               aws_logging_task_dynamic_buffers.o
    0x000071dc   0x000071dc   0x00000400   Code   RO          974    .text               aws_dev_mode_key_provisioning.o
    0x000075dc   0x000075dc   0x000004ec   Code   RO         1073    .text               iot_demo_afr.o
    0x00007ac8   0x00007ac8   0x00000ae8   Code   RO         1131    .text               iot_demo_mqtt.o
    0x000085b0   0x000085b0   0x00000030   Code   RO         1152    .text               aws_demo.o
    0x000085e0   0x000085e0   0x000003b0   Code   RO         1170    .text               aws_wifi.o
    0x00008990   0x00008990   0x000014dc   Code   RO         1201    .text               esp8266_wifi.o
    0x00009e6c   0x00009e6c   0x000001ac   Code   RO         1227    .text               aws_crypto.o
    0x0000a018   0x0000a018   0x00001b20   Code   RO         1326    .text               iot_mqtt_api.o
    0x0000bb38   0x0000bb38   0x00000b90   Code   RO         1357    .text               iot_mqtt_network.o
    0x0000c6c8   0x0000c6c8   0x0000149c   Code   RO         1382    .text               iot_mqtt_operation.o
    0x0000db64   0x0000db64   0x0000136c   Code   RO         1407    .text               iot_mqtt_serialize.o
    0x0000eed0   0x0000eed0   0x00000684   Code   RO         1444    .text               iot_mqtt_subscription.o
    0x0000f554   0x0000f554   0x00000908   Code   RO         1469    .text               iot_mqtt_validate.o
    0x0000fe5c   0x0000fe5c   0x00000b6c   Code   RO         1523    .text               aws_pkcs11_mbedtls.o
    0x000109c8   0x000109c8   0x00000378   Code   RO         1570    .text               aws_pkcs11_pal.o
    0x00010d40   0x00010d40   0x00000868   Code   RO         1598    .text               aws_secure_sockets.o
    0x000115a8   0x000115a8   0x00000828   Code   RO         1773    .text               aws_tls.o
    0x00011dd0   0x00011dd0   0x00000010   Code   RO         1829    .text               aws_system_init.o
    0x00011de0   0x00011de0   0x000013b0   Code   RO         1853    .text               aes.o
    0x00013190   0x00013190   0x00000488   Code   RO         1892    .text               asn1parse.o
    0x00013618   0x00013618   0x0000065c   Code   RO         1904    .text               asn1write.o
    0x00013c74   0x00013c74   0x00000374   Code   RO         1919    .text               base64.o
    0x00013fe8   0x00013fe8   0x00002f78   Code   RO         1933    .text               bignum.o
    0x00016f60   0x00016f60   0x000009e8   Code   RO         1979    .text               cipher.o
    0x00017948   0x00017948   0x0000012a   Code   RO         2003    .text               cipher_wrap.o
    0x00017a72   0x00017a72   0x00000002   PAD
    0x00017a74   0x00017a74   0x000006d0   Code   RO         2034    .text               ctr_drbg.o
    0x00018144   0x00018144   0x00000304   Code   RO         2067    .text               ecdh.o
    0x00018448   0x00018448   0x00000624   Code   RO         2079    .text               ecdsa.o
    0x00018a6c   0x00018a6c   0x00002550   Code   RO         2097    .text               ecp.o
    0x0001afbc   0x0001afbc   0x00000610   Code   RO         2116    .text               ecp_curves.o
    0x0001b5cc   0x0001b5cc   0x00000620   Code   RO         2131    .text               entropy.o
    0x0001bbec   0x0001bbec   0x00000de4   Code   RO         2167    .text               gcm.o
    0x0001c9d0   0x0001c9d0   0x00000418   Code   RO         2199    .text               md.o
    0x0001cde8   0x0001cde8   0x00000130   Code   RO         2220    .text               md_wrap.o
    0x0001cf18   0x0001cf18   0x000004cc   Code   RO         2271    .text               oid.o
    0x0001d3e4   0x0001d3e4   0x00000188   Code   RO         2295    .text               pem.o
    0x0001d56c   0x0001d56c   0x0000034c   Code   RO         2316    .text               pk.o
    0x0001d8b8   0x0001d8b8   0x00000486   Code   RO         2335    .text               pk_wrap.o
    0x0001dd3e   0x0001dd3e   0x00000002   PAD
    0x0001dd40   0x0001dd40   0x00000c7c   Code   RO         2368    .text               pkparse.o
    0x0001e9bc   0x0001e9bc   0x00000600   Code   RO         2383    .text               pkwrite.o
    0x0001efbc   0x0001efbc   0x00000040   Code   RO         2395    .text               platform.o
    0x0001effc   0x0001effc   0x00001a1c   Code   RO         2415    .text               rsa.o
    0x00020a18   0x00020a18   0x00000738   Code   RO         2431    .text               rsa_internal.o
    0x00021150   0x00021150   0x00001940   Code   RO         2443    .text               sha1.o
    0x00022a90   0x00022a90   0x00001284   Code   RO         2457    .text               sha256.o
    0x00023d14   0x00023d14   0x00000148   Code   RO         2483    .text               ssl_ciphersuites.o
    0x00023e5c   0x00023e5c   0x000015d4   Code   RO         2540    .text               ssl_cli.o
    0x00025430   0x00025430   0x00002ec8   Code   RO         2579    .text               ssl_tls.o
    0x000282f8   0x000282f8   0x00000030   Code   RO         2618    .text               threading.o
    0x00028328   0x00028328   0x00000818   Code   RO         2672    .text               x509.o
    0x00028b40   0x00028b40   0x00001ed8   Code   RO         2696    .text               x509_crt.o
    0x0002aa18   0x0002aa18   0x00000018   Code   RO         2745    .text               platform_util.o
    0x0002aa30   0x0002aa30   0x00000308   Code   RO         2759    .text               iot_clock_afr.o
    0x0002ad38   0x0002ad38   0x0000087c   Code   RO         2771    .text               iot_network_afr.o
    0x0002b5b4   0x0002b5b4   0x00000644   Code   RO         2793    .text               iot_threads_afr.o
    0x0002bbf8   0x0002bbf8   0x00001550   Code   RO         2805    .text               iot_taskpool.o
    0x0002d148   0x0002d148   0x000000d0   Code   RO         2830    .text               iot_init.o
    0x0002d218   0x0002d218   0x00000218   Code   RO         2861    .text               iot_logging.o
    0x0002d430   0x0002d430   0x00000574   Code   RO         2895    .text               aws_iot_network_manager.o
    0x0002d9a4   0x0002d9a4   0x00000062   Code   RO         2942    .text               mc_w.l(uldiv.o)
    0x0002da06   0x0002da06   0x00000002   PAD
    0x0002da08   0x0002da08   0x00000024   Code   RO         2944    .text               mc_w.l(rand.o)
    0x0002da2c   0x0002da2c   0x00000040   Code   RO         2949    .text               mc_w.l(memmovea.o)
    0x0002da6c   0x0002da6c   0x00000024   Code   RO         2953    .text               mc_w.l(memseta.o)
    0x0002da90   0x0002da90   0x00000024   Code   RO         2955    .text               mc_w.l(strstr.o)
    0x0002dab4   0x0002dab4   0x00000018   Code   RO         2957    .text               mc_w.l(strncpy.o)
    0x0002dacc   0x0002dacc   0x0000000e   Code   RO         2959    .text               mc_w.l(strlen.o)
    0x0002dada   0x0002dada   0x0000001c   Code   RO         2961    .text               mc_w.l(strcmp.o)
    0x0002daf6   0x0002daf6   0x0000001a   Code   RO         2963    .text               mc_w.l(memcmp.o)
    0x0002db10   0x0002db10   0x0000001e   Code   RO         2965    .text               mc_w.l(strncmp.o)
    0x0002db2e   0x0002db2e   0x00000002   PAD
    0x0002db30   0x0002db30   0x00000044   Code   RO         2970    .text               mc_w.l(strtok_r.o)
    0x0002db74   0x0002db74   0x00000030   Code   RO         2973    .text               mc_w.l(strlcpy.o)
    0x0002dba4   0x0002dba4   0x0000001c   Code   RO         3268    .text               mc_w.l(calloc.o)
    0x0002dbc0   0x0002dbc0   0x00000038   Code   RO         3270    .text               mc_w.l(__0sscanf.o)
    0x0002dbf8   0x0002dbf8   0x0000014c   Code   RO         3272    .text               mc_w.l(_scanf_int.o)
    0x0002dd44   0x0002dd44   0x000000e0   Code   RO         3274    .text               mc_w.l(_scanf_str.o)
    0x0002de24   0x0002de24   0x00000070   Code   RO         3276    .text               mc_w.l(strtol.o)
    0x0002de94   0x0002de94   0x0000001a   Code   RO         3280    .text               mc_w.l(atoi.o)
    0x0002deae   0x0002deae   0x0000002c   Code   RO         3296    .text               mc_w.l(uidiv.o)
    0x0002deda   0x0002deda   0x0000001e   Code   RO         3298    .text               mc_w.l(llshl.o)
    0x0002def8   0x0002def8   0x00000020   Code   RO         3300    .text               mc_w.l(llushr.o)
    0x0002df18   0x0002df18   0x00000008   Code   RO         3302    .text               mc_w.l(ctype_o.o)
    0x0002df20   0x0002df20   0x00000012   Code   RO         3324    .text               mc_w.l(isspace_o.o)
    0x0002df32   0x0002df32   0x0000001c   Code   RO         3339    .text               mc_w.l(_chval.o)
    0x0002df4e   0x0002df4e   0x00000002   PAD
    0x0002df50   0x0002df50   0x00000028   Code   RO         3341    .text               mc_w.l(scanf_char.o)
    0x0002df78   0x0002df78   0x00000040   Code   RO         3343    .text               mc_w.l(_sgetc.o)
    0x0002dfb8   0x0002dfb8   0x0000009e   Code   RO         3345    .text               mc_w.l(_strtoul.o)
    0x0002e056   0x0002e056   0x00000000   Code   RO         3347    .text               mc_w.l(iusefp.o)
    0x0002e056   0x0002e056   0x0000014e   Code   RO         3348    .text               mf_w.l(dadd.o)
    0x0002e1a4   0x0002e1a4   0x000000e4   Code   RO         3350    .text               mf_w.l(dmul.o)
    0x0002e288   0x0002e288   0x000000de   Code   RO         3352    .text               mf_w.l(ddiv.o)
    0x0002e366   0x0002e366   0x00000030   Code   RO         3354    .text               mf_w.l(dfixul.o)
    0x0002e396   0x0002e396   0x00000002   PAD
    0x0002e398   0x0002e398   0x00000030   Code   RO         3356    .text               mf_w.l(cdrcmple.o)
    0x0002e3c8   0x0002e3c8   0x00000024   Code   RO         3358    .text               mc_w.l(init.o)
    0x0002e3ec   0x0002e3ec   0x00000024   Code   RO         3360    .text               mc_w.l(llsshr.o)
    0x0002e410   0x0002e410   0x0000032c   Code   RO         3364    .text               mc_w.l(_scanf.o)
    0x0002e73c   0x0002e73c   0x000000ba   Code   RO         3366    .text               mf_w.l(depilogue.o)
    0x0002e7f6   0x0002e7f6   0x00000056   Code   RO         3379    .text               mc_w.l(__dczerorl2.o)
    0x0002e84c   0x0002e84c   0x00000020   Code   RO         3212    i.__0printf         mc_w.l(printfa.o)
    0x0002e86c   0x0002e86c   0x00000030   Code   RO         3213    i.__0snprintf       mc_w.l(printfa.o)
    0x0002e89c   0x0002e89c   0x00000028   Code   RO         3214    i.__0sprintf        mc_w.l(printfa.o)
    0x0002e8c4   0x0002e8c4   0x0000002c   Code   RO         3217    i.__0vsnprintf      mc_w.l(printfa.o)
    0x0002e8f0   0x0002e8f0   0x00000008   Code   RO         3332    i.__aeabi_errno_addr  mc_w.l(errno.o)
    0x0002e8f8   0x0002e8f8   0x0000000e   Code   RO         3373    i.__scatterload_copy  mc_w.l(handlers.o)
    0x0002e906   0x0002e906   0x00000002   Code   RO         3374    i.__scatterload_null  mc_w.l(handlers.o)
    0x0002e908   0x0002e908   0x0000000e   Code   RO         3375    i.__scatterload_zeroinit  mc_w.l(handlers.o)
    0x0002e916   0x0002e916   0x00000002   PAD
    0x0002e918   0x0002e918   0x00000184   Code   RO         3219    i._fp_digits        mc_w.l(printfa.o)
    0x0002ea9c   0x0002ea9c   0x000006dc   Code   RO         3220    i._printf_core      mc_w.l(printfa.o)
    0x0002f178   0x0002f178   0x00000024   Code   RO         3221    i._printf_post_padding  mc_w.l(printfa.o)
    0x0002f19c   0x0002f19c   0x0000002e   Code   RO         3222    i._printf_pre_padding  mc_w.l(printfa.o)
    0x0002f1ca   0x0002f1ca   0x00000016   Code   RO         3223    i._snputc           mc_w.l(printfa.o)
    0x0002f1e0   0x0002f1e0   0x0000000a   Code   RO         3224    i._sputc            mc_w.l(printfa.o)
    0x0002f1ea   0x0002f1ea   0x00000002   PAD
    0x0002f1ec   0x0002f1ec   0x00000050   Code   RO         3240    i.free              mc_w.l(malloc.o)
    0x0002f23c   0x0002f23c   0x0000006c   Code   RO         3241    i.malloc            mc_w.l(malloc.o)
    0x0002f2a8   0x0002f2a8   0x00000020   Data   RO          732    .constdata          clk.o
    0x0002f2c8   0x0002f2c8   0x00004f14   Data   RO          758    .constdata          crypto.o
    0x000341dc   0x000341dc   0x00000030   Data   RO          837    .constdata          uart.o
    0x0003420c   0x0003420c   0x00001e60   Data   RO          975    .constdata          aws_dev_mode_key_provisioning.o
    0x0003606c   0x0003606c   0x0000002c   Data   RO         1075    .constdata          iot_demo_afr.o
    0x00036098   0x00036098   0x00000058   Data   RO         1132    .constdata          iot_demo_mqtt.o
    0x000360f0   0x000360f0   0x00000032   Data   RO         1203    .constdata          esp8266_wifi.o
    0x00036122   0x00036122   0x00000007   Data   RO         1408    .constdata          iot_mqtt_serialize.o
    0x00036129   0x00036129   0x00000003   PAD
    0x0003612c   0x0003612c   0x00000010   Data   RO         1445    .constdata          iot_mqtt_subscription.o
    0x0003613c   0x0003613c   0x00001e1a   Data   RO         1774    .constdata          aws_tls.o
    0x00037f56   0x00037f56   0x00000002   PAD
    0x00037f58   0x00037f58   0x000025e4   Data   RO         1854    .constdata          aes.o
    0x0003a53c   0x0003a53c   0x00000159   Data   RO         1920    .constdata          base64.o
    0x0003a695   0x0003a695   0x00000003   PAD
    0x0003a698   0x0003a698   0x000002c4   Data   RO         1934    .constdata          bignum.o
    0x0003a95c   0x0003a95c   0x0000026c   Data   RO         2005    .constdata          cipher_wrap.o
    0x0003abc8   0x0003abc8   0x000000e0   Data   RO         2035    .constdata          ctr_drbg.o
    0x0003aca8   0x0003aca8   0x00000030   Data   RO         2098    .constdata          ecp.o
    0x0003acd8   0x0003acd8   0x000000a0   Data   RO         2117    .constdata          ecp_curves.o
    0x0003ad78   0x0003ad78   0x00000c08   Data   RO         2168    .constdata          gcm.o
    0x0003b980   0x0003b980   0x00000010   Data   RO         2200    .constdata          md.o
    0x0003b990   0x0003b990   0x00000090   Data   RO         2221    .constdata          md_wrap.o
    0x0003ba20   0x0003ba20   0x00000480   Data   RO         2272    .constdata          oid.o
    0x0003bea0   0x0003bea0   0x000000f0   Data   RO         2336    .constdata          pk_wrap.o
    0x0003bf90   0x0003bf90   0x000000f4   Data   RO         2444    .constdata          sha1.o
    0x0003c084   0x0003c084   0x00000278   Data   RO         2458    .constdata          sha256.o
    0x0003c2fc   0x0003c2fc   0x00000460   Data   RO         2485    .constdata          ssl_ciphersuites.o
    0x0003c75c   0x0003c75c   0x000000d8   Data   RO         2697    .constdata          x509_crt.o
    0x0003c834   0x0003c834   0x00000040   Data   RO         2772    .constdata          iot_network_afr.o
    0x0003c874   0x0003c874   0x00000010   Data   RO         2831    .constdata          iot_init.o
    0x0003c884   0x0003c884   0x00000014   Data   RO         2862    .constdata          iot_logging.o
    0x0003c898   0x0003c898   0x00000034   Data   RO         2897    .constdata          aws_iot_network_manager.o
    0x0003c8cc   0x0003c8cc   0x00000081   Data   RO         3303    .constdata          mc_w.l(ctype_o.o)
    0x0003c94d   0x0003c94d   0x00000003   PAD
    0x0003c950   0x0003c950   0x00000004   Data   RO         3304    .constdata          mc_w.l(ctype_o.o)
    0x0003c954   0x0003c954   0x000000d9   Data   RO         1076    .conststring        iot_demo_afr.o
    0x0003ca2d   0x0003ca2d   0x00000003   PAD
    0x0003ca30   0x0003ca30   0x000000d7   Data   RO         1133    .conststring        iot_demo_mqtt.o
    0x0003cb07   0x0003cb07   0x00000001   PAD
    0x0003cb08   0x0003cb08   0x0000014c   Data   RO         1327    .conststring        iot_mqtt_api.o
    0x0003cc54   0x0003cc54   0x00000180   Data   RO         1358    .conststring        iot_mqtt_network.o
    0x0003cdd4   0x0003cdd4   0x000005a0   Data   RO         1383    .conststring        iot_mqtt_operation.o
    0x0003d374   0x0003d374   0x000002f7   Data   RO         1409    .conststring        iot_mqtt_serialize.o
    0x0003d66b   0x0003d66b   0x00000001   PAD
    0x0003d66c   0x0003d66c   0x0000028a   Data   RO         1470    .conststring        iot_mqtt_validate.o
    0x0003d8f6   0x0003d8f6   0x00000002   PAD
    0x0003d8f8   0x0003d8f8   0x00000046   Data   RO         1572    .conststring        aws_pkcs11_pal.o
    0x0003d93e   0x0003d93e   0x00000002   PAD
    0x0003d940   0x0003d940   0x0000004f   Data   RO         1775    .conststring        aws_tls.o
    0x0003d98f   0x0003d98f   0x00000001   PAD
    0x0003d990   0x0003d990   0x0000036d   Data   RO         1935    .conststring        bignum.o
    0x0003dcfd   0x0003dcfd   0x00000003   PAD
    0x0003dd00   0x0003dd00   0x000000c0   Data   RO         2006    .conststring        cipher_wrap.o
    0x0003ddc0   0x0003ddc0   0x00000141   Data   RO         2099    .conststring        ecp.o
    0x0003df01   0x0003df01   0x00000003   PAD
    0x0003df04   0x0003df04   0x0000088f   Data   RO         2273    .conststring        oid.o
    0x0003e793   0x0003e793   0x00000001   PAD
    0x0003e794   0x0003e794   0x0000001c   Data   RO         2337    .conststring        pk_wrap.o
    0x0003e7b0   0x0003e7b0   0x0000030d   Data   RO         2416    .conststring        rsa.o
    0x0003eabd   0x0003eabd   0x00000003   PAD
    0x0003eac0   0x0003eac0   0x00000139   Data   RO         2486    .conststring        ssl_ciphersuites.o
    0x0003ebf9   0x0003ebf9   0x00000003   PAD
    0x0003ebfc   0x0003ebfc   0x00000406   Data   RO         2698    .conststring        x509_crt.o
    0x0003f002   0x0003f002   0x00000002   PAD
    0x0003f004   0x0003f004   0x00000051   Data   RO         2807    .conststring        iot_taskpool.o
    0x0003f055   0x0003f055   0x00000003   PAD
    0x0003f058   0x0003f058   0x0000001e   Data   RO         2863    .conststring        iot_logging.o
    0x0003f076   0x0003f076   0x00000002   PAD
    0x0003f078   0x0003f078   0x000000f1   Data   RO         2898    .conststring        aws_iot_network_manager.o
    0x0003f169   0x0003f169   0x00000003   PAD
    0x0003f16c   0x0003f16c   0x00000020   Data   RO         3371    Region$$Table       anon$$obj.o


    Execution Region RW_IRAM1 (Exec base: 0x20000000, Load base: 0x0003f18c, Size: 0x000165f0, Max: 0x00028000, ABSOLUTE, COMPRESSED[0x000000ec])

    Exec Addr    Load Addr    Size         Type   Attr      Idx    E Section Name        Object

    0x20000000   COMPRESSED   0x0000002c   Data   RW           14    .data               system_m480.o
    0x2000002c   COMPRESSED   0x00000011   Data   RW          312    .data               entropy_hardware_poll.o
    0x2000003d   COMPRESSED   0x00000003   PAD
    0x20000040   COMPRESSED   0x0000000c   Data   RW          395    .data               main.o
    0x2000004c   COMPRESSED   0x0000003c   Data   RW          585    .data               tasks.o
    0x20000088   COMPRESSED   0x00000014   Data   RW          607    .data               timers.o
    0x2000009c   COMPRESSED   0x0000000c   Data   RW          640    .data               port.o
    0x200000a8   COMPRESSED   0x00000018   Data   RW          676    .data               heap_4.o
    0x200000c0   COMPRESSED   0x00000008   Data   RW          694    .data               retarget.o
    0x200000c8   COMPRESSED   0x00000020   Data   RW          759    .data               crypto.o
    0x200000e8   COMPRESSED   0x00000010   Data   RW          859    .data               iot_demo_runner.o
    0x200000f8   COMPRESSED   0x00000008   Data   RW          948    .data               aws_logging_task_dynamic_buffers.o
    0x20000100   COMPRESSED   0x00000004   Data   RW          976    .data               aws_dev_mode_key_provisioning.o
    0x20000104   COMPRESSED   0x00000028   Data   RW         1077    .data               iot_demo_afr.o
    0x2000012c   COMPRESSED   0x00000004   Data   RW         1172    .data               aws_wifi.o
    0x20000130   COMPRESSED   0x00000004   Data   RW         1204    .data               esp8266_wifi.o
    0x20000134   COMPRESSED   0x0000001c   Data   RW         1410    .data               iot_mqtt_serialize.o
    0x20000150   COMPRESSED   0x00000114   Data   RW         1525    .data               aws_pkcs11_mbedtls.o
    0x20000264   COMPRESSED   0x00000010   Data   RW         1573    .data               aws_pkcs11_pal.o
    0x20000274   COMPRESSED   0x00000004   Data   RW         1600    .data               aws_secure_sockets.o
    0x20000278   COMPRESSED   0x00000004   Data   RW         1980    .data               cipher.o
    0x2000027c   COMPRESSED   0x00000004   Data   RW         2036    .data               ctr_drbg.o
    0x20000280   COMPRESSED   0x00000014   Data   RW         2100    .data               ecp.o
    0x20000294   COMPRESSED   0x00000004   Data   RW         2118    .data               ecp_curves.o
    0x20000298   COMPRESSED   0x00000008   Data   RW         2396    .data               platform.o
    0x200002a0   COMPRESSED   0x00000004   Data   RW         2487    .data               ssl_ciphersuites.o
    0x200002a4   COMPRESSED   0x00000027   Data   RW         2580    .data               ssl_tls.o
    0x200002cb   COMPRESSED   0x00000001   PAD
    0x200002cc   COMPRESSED   0x00000010   Data   RW         2619    .data               threading.o
    0x200002dc   COMPRESSED   0x00000004   Data   RW         2746    .data               platform_util.o
    0x200002e0   COMPRESSED   0x00000015   Data   RW         2899    .data               aws_iot_network_manager.o
    0x200002f5   COMPRESSED   0x00000003   PAD
    0x200002f8   COMPRESSED   0x00000004   Data   RW         2945    .data               mc_w.l(rand.o)
    0x200002fc   COMPRESSED   0x00000004   Data   RW         2971    .data               mc_w.l(strtok_r.o)
    0x20000300   COMPRESSED   0x00000004   Data   RW         3330    .data               mc_w.l(mvars.o)
    0x20000304   COMPRESSED   0x00000004   Data   RW         3331    .data               mc_w.l(mvars.o)
    0x20000308   COMPRESSED   0x00000004   Data   RW         3335    .data               mc_w.l(errno.o)
    0x2000030c        -       0x00000080   Zero   RW          311    .bss                entropy_hardware_poll.o
    0x2000038c        -       0x00000040   Zero   RW          539    .bss                queue.o
    0x200003cc        -       0x000000f0   Zero   RW          584    .bss                tasks.o
    0x200004bc        -       0x000000f0   Zero   RW          606    .bss                timers.o
    0x200005ac        -       0x0000f000   Zero   RW          675    .bss                heap_4.o
    0x2000f5ac        -       0x00000484   Zero   RW          757    .bss                crypto.o
    0x2000fa30        -       0x00000050   Zero   RW         1074    .bss                iot_demo_afr.o
    0x2000fa80        -       0x000007c0   Zero   RW         1153    .bss                aws_demo.o
    0x20010240        -       0x00000c88   Zero   RW         1171    .bss                aws_wifi.o
    0x20010ec8        -       0x00004006   Zero   RW         1202    .bss                esp8266_wifi.o
    0x20014ece   COMPRESSED   0x00000002   PAD
    0x20014ed0        -       0x00000358   Zero   RW         1524    .bss                aws_pkcs11_mbedtls.o
    0x20015228        -       0x00000808   Zero   RW         1571    .bss                aws_pkcs11_pal.o
    0x20015a30        -       0x00000034   Zero   RW         1599    .bss                aws_secure_sockets.o
    0x20015a64        -       0x00000040   Zero   RW         2004    .bss                cipher_wrap.o
    0x20015aa4        -       0x00000024   Zero   RW         2484    .bss                ssl_ciphersuites.o
    0x20015ac8        -       0x00000164   Zero   RW         2806    .bss                iot_taskpool.o
    0x20015c2c        -       0x000000c4   Zero   RW         2896    .bss                aws_iot_network_manager.o
    0x20015cf0        -       0x00000100   Zero   RW            2    HEAP                startup_m480.o
    0x20015df0        -       0x00000800   Zero   RW            1    STACK               startup_m480.o


==============================================================================

Image component sizes


      Code (inc. data)   RO Data    RW Data    ZI Data      Debug   Object Name

      5040        270       9700          0          0      19836   aes.o
      1160          0          0          0          0       6535   asn1parse.o
      1628          0          0          0          0       7924   asn1write.o
       428          8          0          0          0      24607   aws_crypto.o
        48         18          0          0       1984       1779   aws_demo.o
      1024        264       7776          4          0       9847   aws_dev_mode_key_provisioning.o
      1396         98        293         21        196      26304   aws_iot_network_manager.o
       468         50          0          8          0      12018   aws_logging_task_dynamic_buffers.o
      2924        314          0        276        856      21657   aws_pkcs11_mbedtls.o
       888        180         70         16       2056       6309   aws_pkcs11_pal.o
      2152        134          0          4         52      11346   aws_secure_sockets.o
        16          0          0          0          0        686   aws_system_init.o
         0          0          0          0          0       3112   aws_tcp_echo_client_single_task.o
      2088        454       7785          0          0      35817   aws_tls.o
       944         48          0          4       3208       9752   aws_wifi.o
       884         98        345          0          0       3767   base64.o
     12152        314       1585          0          0      29934   bignum.o
      2536         82          0          4          0      20828   cipher.o
       298          0        812          0         64      11810   cipher_wrap.o
      1968         84         32          0          0       8263   clk.o
      4340        156      20244         32       1156      15644   crypto.o
      1744        124        224          4          0       8619   ctr_drbg.o
       772          4          0          0          0       5411   ecdh.o
      1572         22          0          0          0       6251   ecdsa.o
      9552        296        369         20          0      23882   ecp.o
      1552         32        160          4          0       6153   ecp_curves.o
      1568         88          0          0          0       7004   entropy.o
       652         46          0         17        128     125645   entropy_hardware_poll.o
      5340       1100         50          4      16390      13683   esp8266_wifi.o
      1240          6          0          0          0      28447   event_groups.o
      1968         36          0          0          0       7934   fmc.o
      3556        174       3080          0          0      15837   gcm.o
       680         26          0         24      61440       4088   heap_4.o
       776        128          0          0          0       4314   iot_clock_afr.o
      1260        524        261         40         80      20243   iot_demo_afr.o
      2792       1066        303          0          0       6610   iot_demo_mqtt.o
        28         10          0         16          0      13175   iot_demo_runner.o
       208        102         16          0          0        905   iot_init.o
       536         28         50          0          0       3519   iot_logging.o
      6944       2150        332          0          0      29395   iot_mqtt_api.o
      2960        844        384          0          0      20543   iot_mqtt_network.o
      5276       1004       1440          0          0      25911   iot_mqtt_operation.o
      4972       1296        766         28          0      35674   iot_mqtt_serialize.o
      1668         18         16          0          0      21346   iot_mqtt_subscription.o
      2312       1164        650          0          0      10209   iot_mqtt_validate.o
      2172        744         64          0          0       9303   iot_network_afr.o
      5456       1076         81          0        356      27004   iot_taskpool.o
      1604        474          0          0          0       6638   iot_threads_afr.o
       148          0          0          0          0       2170   list.o
      1008        386          0         12          0      57777   main.o
      1048         48         16          0          0      10049   md.o
       304          0        144          0          0       6408   md_wrap.o
      1228         48       3343          0          0      22968   oid.o
       392         38          0          0          0       3696   pem.o
       844         44          0          0          0      11346   pk.o
      1158         40        268          0          0      14647   pk_wrap.o
      3196        342          0          0          0      10758   pkparse.o
      1536          8          0          0          0       5079   pkwrite.o
        64         10          0          8          0       2764   platform.o
        24          4          0          4          0       1751   platform_util.o
      1022         52          0         12          0       9935   port.o
      4244         20          0          0         64      23754   queue.o
       384        128          0          8          0       5110   retarget.o
      6684        288        781          0          0      20494   rsa.o
      1848         72          0          0          0       4712   rsa_internal.o
      6464         94        244          0          0       6871   sha1.o
      4740        154        632          0          0       6789   sha256.o
       328         46       1433          4         36      39736   ssl_ciphersuites.o
      5588        116          0          0          0      44312   ssl_cli.o
     11976        382          0         39          0      85198   ssl_tls.o
       104         20        440          0       2304       1076   startup_m480.o
         0          0          0          0          0        392   stream_buffer.o
       220          6          0          0          0       2276   sys.o
       296         40          0         44          0      43973   system_m480.o
      6840        358          0         60        240      31897   tasks.o
        48         16          0         16          0       2611   threading.o
      1856         76          0         20        240      33609   timers.o
      1220         48         48          0          0       5644   uart.o
      2072        108          0          0          0      10154   x509.o
      7896        946       1246          0          0      28924   x509_crt.o

    ----------------------------------------------------------------------
    186328      19092      65556        760      90852    1332398   Object Totals
         0          0         32          0          0          0   (incl. Generated)
         6          0         41          7          2          0   (incl. Padding)

    ----------------------------------------------------------------------

      Code (inc. data)   RO Data    RW Data    ZI Data      Debug   Library Member Name

        56          8          0          0          0         84   __0sscanf.o
        86          0          0          0          0          0   __dczerorl2.o
        28          0          0          0          0         68   _chval.o
       812          4          0          0          0        112   _scanf.o
       332          0          0          0          0         96   _scanf_int.o
       224          0          0          0          0         96   _scanf_str.o
        64          0          0          0          0         84   _sgetc.o
       158          0          0          0          0         92   _strtoul.o
        26          0          0          0          0         80   atoi.o
        28          0          0          0          0         76   calloc.o
         8          4        133          0          0         68   ctype_o.o
         0          0          0          0          0          0   entry.o
         0          0          0          0          0          0   entry10a.o
         0          0          0          0          0          0   entry11a.o
         8          4          0          0          0          0   entry2.o
         4          0          0          0          0          0   entry5.o
         0          0          0          0          0          0   entry7b.o
         0          0          0          0          0          0   entry8b.o
         8          4          0          0          0          0   entry9a.o
         8          4          0          4          0         68   errno.o
        30          0          0          0          0          0   handlers.o
        36          8          0          0          0         68   init.o
        18          0          0          0          0         76   isspace_o.o
         0          0          0          0          0          0   iusefp.o
        30          0          0          0          0         68   llshl.o
        36          0          0          0          0         68   llsshr.o
        32          0          0          0          0         68   llushr.o
       188         20          0          0          0        160   malloc.o
        26          0          0          0          0         80   memcmp.o
        64          0          0          0          0         76   memmovea.o
        36          0          0          0          0        108   memseta.o
         0          0          0          8          0          0   mvars.o
      2422        104          0          0          0        836   printfa.o
        36         10          0          4          0        136   rand.o
        40          8          0          0          0         84   scanf_char.o
        28          0          0          0          0         76   strcmp.o
        48          0          0          0          0         76   strlcpy.o
        14          0          0          0          0         68   strlen.o
        30          0          0          0          0         80   strncmp.o
        24          0          0          0          0         76   strncpy.o
        36          0          0          0          0         80   strstr.o
        68          4          0          4          0         96   strtok_r.o
       112          0          0          0          0         88   strtol.o
        44          0          0          0          0         80   uidiv.o
        98          0          0          0          0         92   uldiv.o
        48          0          0          0          0         68   cdrcmple.o
       334          0          0          0          0        148   dadd.o
       222          0          0          0          0        100   ddiv.o
       186          0          0          0          0        176   depilogue.o
        48          0          0          0          0         68   dfixul.o
       228          0          0          0          0         96   dmul.o

    ----------------------------------------------------------------------
      6424        182        136         20          0       4220   Library Totals
        12          0          3          0          0          0   (incl. Padding)

    ----------------------------------------------------------------------

      Code (inc. data)   RO Data    RW Data    ZI Data      Debug   Library Name

      5346        182        133         20          0       3564   mc_w.l
      1066          0          0          0          0        656   mf_w.l

    ----------------------------------------------------------------------
      6424        182        136         20          0       4220   Library Totals

    ----------------------------------------------------------------------

==============================================================================


      Code (inc. data)   RO Data    RW Data    ZI Data      Debug   

    192752      19274      65692        780      90852    1318362   Grand Totals
    192752      19274      65692        236      90852    1318362   ELF Image Totals (compressed)
    192752      19274      65692        236          0          0   ROM Totals

==============================================================================

    Total RO  Size (Code + RO Data)               258444 ( 252.39kB)
    Total RW  Size (RW Data + ZI Data)             91632 (  89.48kB)
    Total ROM Size (Code + RO Data + RW Data)     258680 ( 252.62kB)

==============================================================================

