<!doctype html public "-//w3c//dtd html 4.0 transitional//en">
<html><head>
<title>Static Call Graph - [.\obj\aws_demos.axf]</title></head>
<body><HR>
<H1>Static Call Graph for image .\obj\aws_demos.axf</H1><HR>
<BR><P>#&#060CALLGRAPH&#062# ARM Linker, 5060750: Last Updated: Wed May 29 00:41:23 2019
<BR><P>
<H3>Maximum Stack Usage =       3416 bytes + Unknown(Cycles, Untraceable Function Pointers)</H3><H3>
Call chain for Maximum Stack Depth:</H3>
rsa_alt_check_pair &rArr; rsa_verify_wrap &rArr; mbedtls_rsa_pkcs1_verify &rArr; mbedtls_rsa_rsassa_pkcs1_v15_verify &rArr; mbedtls_rsa_private &rArr; rsa_prepare_blinding &rArr; mbedtls_mpi_exp_mod &rArr; mbedtls_mpi_mod_mpi &rArr; mbedtls_mpi_div_mpi &rArr; mbedtls_mpi_mul_int &rArr; mbedtls_mpi_mul_mpi &rArr; mbedtls_mpi_copy &rArr; mbedtls_mpi_grow &rArr; mbedtls_mpi_zeroize &rArr; mbedtls_platform_zeroize
<P>
<H3>
Mutually Recursive functions
</H3> <LI><a href="#[1c]">NMI_Handler</a>&nbsp;&nbsp;&nbsp;&rArr;&nbsp;&nbsp;&nbsp;<a href="#[1c]">NMI_Handler</a><BR>
 <LI><a href="#[1e]">MemManage_Handler</a>&nbsp;&nbsp;&nbsp;&rArr;&nbsp;&nbsp;&nbsp;<a href="#[1e]">MemManage_Handler</a><BR>
 <LI><a href="#[1f]">BusFault_Handler</a>&nbsp;&nbsp;&nbsp;&rArr;&nbsp;&nbsp;&nbsp;<a href="#[1f]">BusFault_Handler</a><BR>
 <LI><a href="#[20]">UsageFault_Handler</a>&nbsp;&nbsp;&nbsp;&rArr;&nbsp;&nbsp;&nbsp;<a href="#[20]">UsageFault_Handler</a><BR>
 <LI><a href="#[22]">DebugMon_Handler</a>&nbsp;&nbsp;&nbsp;&rArr;&nbsp;&nbsp;&nbsp;<a href="#[22]">DebugMon_Handler</a><BR>
 <LI><a href="#[354]">mbedtls_cipher_update</a>&nbsp;&nbsp;&nbsp;&rArr;&nbsp;&nbsp;&nbsp;<a href="#[356]">mbedtls_gcm_update</a><BR>
 <LI><a href="#[2a]">Default_Handler</a>&nbsp;&nbsp;&nbsp;&rArr;&nbsp;&nbsp;&nbsp;<a href="#[2a]">Default_Handler</a><BR>
</UL>
<P>
<H3>
Function Pointers
</H3><UL>
 <LI><a href="#[51]">ACMP01_IRQHandler</a> from startup_m480.o(.text) referenced from startup_m480.o(RESET)
 <LI><a href="#[4f]">ADC00_IRQHandler</a> from startup_m480.o(.text) referenced from startup_m480.o(RESET)
 <LI><a href="#[50]">ADC01_IRQHandler</a> from startup_m480.o(.text) referenced from startup_m480.o(RESET)
 <LI><a href="#[52]">ADC02_IRQHandler</a> from startup_m480.o(.text) referenced from startup_m480.o(RESET)
 <LI><a href="#[53]">ADC03_IRQHandler</a> from startup_m480.o(.text) referenced from startup_m480.o(RESET)
 <LI><a href="#[25]">BOD_IRQHandler</a> from startup_m480.o(.text) referenced from startup_m480.o(RESET)
 <LI><a href="#[6e]">BPWM0_IRQHandler</a> from startup_m480.o(.text) referenced from startup_m480.o(RESET)
 <LI><a href="#[6f]">BPWM1_IRQHandler</a> from startup_m480.o(.text) referenced from startup_m480.o(RESET)
 <LI><a href="#[3d]">BRAKE0_IRQHandler</a> from startup_m480.o(.text) referenced from startup_m480.o(RESET)
 <LI><a href="#[41]">BRAKE1_IRQHandler</a> from startup_m480.o(.text) referenced from startup_m480.o(RESET)
 <LI><a href="#[1f]">BusFault_Handler</a> from startup_m480.o(.text) referenced from startup_m480.o(RESET)
 <LI><a href="#[5b]">CAN0_IRQHandler</a> from startup_m480.o(.text) referenced from startup_m480.o(RESET)
 <LI><a href="#[5c]">CAN1_IRQHandler</a> from startup_m480.o(.text) referenced from startup_m480.o(RESET)
 <LI><a href="#[29]">CKFAIL_IRQHandler</a> from startup_m480.o(.text) referenced from startup_m480.o(RESET)
 <LI><a href="#[67]">CRYPTO_IRQHandler</a> from entropy_hardware_poll.o(.text) referenced from startup_m480.o(RESET)
 <LI><a href="#[6]">C_CloseSession</a> from aws_pkcs11_mbedtls.o(.text) referenced 2 times from aws_pkcs11_mbedtls.o(.data)
 <LI><a href="#[7]">C_CreateObject</a> from aws_pkcs11_mbedtls.o(.text) referenced 2 times from aws_pkcs11_mbedtls.o(.data)
 <LI><a href="#[8]">C_DestroyObject</a> from aws_pkcs11_mbedtls.o(.text) referenced 2 times from aws_pkcs11_mbedtls.o(.data)
 <LI><a href="#[f]">C_DigestFinal</a> from aws_pkcs11_mbedtls.o(.text) referenced 2 times from aws_pkcs11_mbedtls.o(.data)
 <LI><a href="#[d]">C_DigestInit</a> from aws_pkcs11_mbedtls.o(.text) referenced 2 times from aws_pkcs11_mbedtls.o(.data)
 <LI><a href="#[e]">C_DigestUpdate</a> from aws_pkcs11_mbedtls.o(.text) referenced 2 times from aws_pkcs11_mbedtls.o(.data)
 <LI><a href="#[2]">C_Finalize</a> from aws_pkcs11_mbedtls.o(.text) referenced 2 times from aws_pkcs11_mbedtls.o(.data)
 <LI><a href="#[b]">C_FindObjects</a> from aws_pkcs11_mbedtls.o(.text) referenced 2 times from aws_pkcs11_mbedtls.o(.data)
 <LI><a href="#[c]">C_FindObjectsFinal</a> from aws_pkcs11_mbedtls.o(.text) referenced 2 times from aws_pkcs11_mbedtls.o(.data)
 <LI><a href="#[a]">C_FindObjectsInit</a> from aws_pkcs11_mbedtls.o(.text) referenced 2 times from aws_pkcs11_mbedtls.o(.data)
 <LI><a href="#[14]">C_GenerateKeyPair</a> from aws_pkcs11_mbedtls.o(.text) referenced 2 times from aws_pkcs11_mbedtls.o(.data)
 <LI><a href="#[15]">C_GenerateRandom</a> from aws_pkcs11_mbedtls.o(.text) referenced 2 times from aws_pkcs11_mbedtls.o(.data)
 <LI><a href="#[9]">C_GetAttributeValue</a> from aws_pkcs11_mbedtls.o(.text) referenced 2 times from aws_pkcs11_mbedtls.o(.data)
 <LI><a href="#[3]">C_GetFunctionList</a> from aws_pkcs11_mbedtls.o(.text) referenced 2 times from aws_pkcs11_mbedtls.o(.data)
 <LI><a href="#[3]">C_GetFunctionList</a> from aws_pkcs11_mbedtls.o(.text) referenced 2 times from aws_dev_mode_key_provisioning.o(.text)
 <LI><a href="#[4]">C_GetSlotList</a> from aws_pkcs11_mbedtls.o(.text) referenced 2 times from aws_pkcs11_mbedtls.o(.data)
 <LI><a href="#[1]">C_Initialize</a> from aws_pkcs11_mbedtls.o(.text) referenced 2 times from aws_pkcs11_mbedtls.o(.data)
 <LI><a href="#[5]">C_OpenSession</a> from aws_pkcs11_mbedtls.o(.text) referenced 2 times from aws_pkcs11_mbedtls.o(.data)
 <LI><a href="#[11]">C_Sign</a> from aws_pkcs11_mbedtls.o(.text) referenced 2 times from aws_pkcs11_mbedtls.o(.data)
 <LI><a href="#[10]">C_SignInit</a> from aws_pkcs11_mbedtls.o(.text) referenced 2 times from aws_pkcs11_mbedtls.o(.data)
 <LI><a href="#[13]">C_Verify</a> from aws_pkcs11_mbedtls.o(.text) referenced 2 times from aws_pkcs11_mbedtls.o(.data)
 <LI><a href="#[12]">C_VerifyInit</a> from aws_pkcs11_mbedtls.o(.text) referenced 2 times from aws_pkcs11_mbedtls.o(.data)
 <LI><a href="#[4e]">DAC_IRQHandler</a> from startup_m480.o(.text) referenced from startup_m480.o(RESET)
 <LI><a href="#[22]">DebugMon_Handler</a> from startup_m480.o(.text) referenced from startup_m480.o(RESET)
 <LI><a href="#[2a]">Default_Handler</a> from startup_m480.o(.text) referenced 9 times from startup_m480.o(RESET)
 <LI><a href="#[74]">ECAP0_IRQHandler</a> from startup_m480.o(.text) referenced from startup_m480.o(RESET)
 <LI><a href="#[75]">ECAP1_IRQHandler</a> from startup_m480.o(.text) referenced from startup_m480.o(RESET)
 <LI><a href="#[79]">EHCI_IRQHandler</a> from startup_m480.o(.text) referenced from startup_m480.o(RESET)
 <LI><a href="#[2f]">EINT0_IRQHandler</a> from startup_m480.o(.text) referenced from startup_m480.o(RESET)
 <LI><a href="#[30]">EINT1_IRQHandler</a> from startup_m480.o(.text) referenced from startup_m480.o(RESET)
 <LI><a href="#[31]">EINT2_IRQHandler</a> from startup_m480.o(.text) referenced from startup_m480.o(RESET)
 <LI><a href="#[32]">EINT3_IRQHandler</a> from startup_m480.o(.text) referenced from startup_m480.o(RESET)
 <LI><a href="#[33]">EINT4_IRQHandler</a> from startup_m480.o(.text) referenced from startup_m480.o(RESET)
 <LI><a href="#[34]">EINT5_IRQHandler</a> from startup_m480.o(.text) referenced from startup_m480.o(RESET)
 <LI><a href="#[69]">EINT6_IRQHandler</a> from startup_m480.o(.text) referenced from startup_m480.o(RESET)
 <LI><a href="#[77]">EINT7_IRQHandler</a> from startup_m480.o(.text) referenced from startup_m480.o(RESET)
 <LI><a href="#[64]">EMAC_RX_IRQHandler</a> from startup_m480.o(.text) referenced from startup_m480.o(RESET)
 <LI><a href="#[63]">EMAC_TX_IRQHandler</a> from startup_m480.o(.text) referenced from startup_m480.o(RESET)
 <LI><a href="#[3e]">EPWM0P0_IRQHandler</a> from startup_m480.o(.text) referenced from startup_m480.o(RESET)
 <LI><a href="#[3f]">EPWM0P1_IRQHandler</a> from startup_m480.o(.text) referenced from startup_m480.o(RESET)
 <LI><a href="#[40]">EPWM0P2_IRQHandler</a> from startup_m480.o(.text) referenced from startup_m480.o(RESET)
 <LI><a href="#[42]">EPWM1P0_IRQHandler</a> from startup_m480.o(.text) referenced from startup_m480.o(RESET)
 <LI><a href="#[43]">EPWM1P1_IRQHandler</a> from startup_m480.o(.text) referenced from startup_m480.o(RESET)
 <LI><a href="#[44]">EPWM1P2_IRQHandler</a> from startup_m480.o(.text) referenced from startup_m480.o(RESET)
 <LI><a href="#[35]">GPA_IRQHandler</a> from startup_m480.o(.text) referenced from startup_m480.o(RESET)
 <LI><a href="#[36]">GPB_IRQHandler</a> from startup_m480.o(.text) referenced from startup_m480.o(RESET)
 <LI><a href="#[37]">GPC_IRQHandler</a> from startup_m480.o(.text) referenced from startup_m480.o(RESET)
 <LI><a href="#[38]">GPD_IRQHandler</a> from startup_m480.o(.text) referenced from startup_m480.o(RESET)
 <LI><a href="#[39]">GPE_IRQHandler</a> from startup_m480.o(.text) referenced from startup_m480.o(RESET)
 <LI><a href="#[3a]">GPF_IRQHandler</a> from startup_m480.o(.text) referenced from startup_m480.o(RESET)
 <LI><a href="#[68]">GPG_IRQHandler</a> from startup_m480.o(.text) referenced from startup_m480.o(RESET)
 <LI><a href="#[76]">GPH_IRQHandler</a> from startup_m480.o(.text) referenced from startup_m480.o(RESET)
 <LI><a href="#[1d]">HardFault_Handler</a> from retarget.o(.emb_text) referenced from startup_m480.o(RESET)
 <LI><a href="#[7c]">Hard_Fault_Handler</a> from retarget.o(.text) referenced from retarget.o(.emb_text)
 <LI><a href="#[4b]">I2C0_IRQHandler</a> from startup_m480.o(.text) referenced from startup_m480.o(RESET)
 <LI><a href="#[4c]">I2C1_IRQHandler</a> from startup_m480.o(.text) referenced from startup_m480.o(RESET)
 <LI><a href="#[71]">I2C2_IRQHandler</a> from startup_m480.o(.text) referenced from startup_m480.o(RESET)
 <LI><a href="#[65]">I2S0_IRQHandler</a> from startup_m480.o(.text) referenced from startup_m480.o(RESET)
 <LI><a href="#[26]">IRC_IRQHandler</a> from startup_m480.o(.text) referenced from startup_m480.o(RESET)
 <LI><a href="#[92]">IotMqtt_ReceiveCallback</a> from iot_mqtt_network.o(.text) referenced from iot_mqtt_api.o(.text)
 <LI><a href="#[111]">IotNetworkAfr_Close</a> from iot_network_afr.o(.text) referenced from iot_network_afr.o(.constdata)
 <LI><a href="#[10d]">IotNetworkAfr_Create</a> from iot_network_afr.o(.text) referenced from iot_network_afr.o(.constdata)
 <LI><a href="#[112]">IotNetworkAfr_Destroy</a> from iot_network_afr.o(.text) referenced from iot_network_afr.o(.constdata)
 <LI><a href="#[110]">IotNetworkAfr_Receive</a> from iot_network_afr.o(.text) referenced from iot_network_afr.o(.constdata)
 <LI><a href="#[10f]">IotNetworkAfr_Send</a> from iot_network_afr.o(.text) referenced from iot_network_afr.o(.constdata)
 <LI><a href="#[10e]">IotNetworkAfr_SetReceiveCallback</a> from iot_network_afr.o(.text) referenced from iot_network_afr.o(.constdata)
 <LI><a href="#[1e]">MemManage_Handler</a> from startup_m480.o(.text) referenced from startup_m480.o(RESET)
 <LI><a href="#[1c]">NMI_Handler</a> from startup_m480.o(.text) referenced from startup_m480.o(RESET)
 <LI><a href="#[59]">OHCI_IRQHandler</a> from startup_m480.o(.text) referenced from startup_m480.o(RESET)
 <LI><a href="#[66]">OPA0_IRQHandler</a> from startup_m480.o(.text) referenced from startup_m480.o(RESET)
 <LI><a href="#[4d]">PDMA_IRQHandler</a> from startup_m480.o(.text) referenced from startup_m480.o(RESET)
 <LI><a href="#[27]">PWRWU_IRQHandler</a> from startup_m480.o(.text) referenced from startup_m480.o(RESET)
 <LI><a href="#[23]">PendSV_Handler</a> from port.o(.emb_text) referenced from startup_m480.o(RESET)
 <LI><a href="#[72]">QEI0_IRQHandler</a> from startup_m480.o(.text) referenced from startup_m480.o(RESET)
 <LI><a href="#[73]">QEI1_IRQHandler</a> from startup_m480.o(.text) referenced from startup_m480.o(RESET)
 <LI><a href="#[3b]">QSPI0_IRQHandler</a> from startup_m480.o(.text) referenced from startup_m480.o(RESET)
 <LI><a href="#[28]">RAMPE_IRQHandler</a> from startup_m480.o(.text) referenced from startup_m480.o(RESET)
 <LI><a href="#[2b]">RTC_IRQHandler</a> from startup_m480.o(.text) referenced from startup_m480.o(RESET)
 <LI><a href="#[1b]">Reset_Handler</a> from startup_m480.o(.text) referenced from startup_m480.o(RESET)
 <LI><a href="#[0]">RunMqttDemo</a> from iot_demo_mqtt.o(.text) referenced 2 times from iot_demo_runner.o(.data)
 <LI><a href="#[5d]">SC0_IRQHandler</a> from startup_m480.o(.text) referenced from startup_m480.o(RESET)
 <LI><a href="#[5e]">SC1_IRQHandler</a> from startup_m480.o(.text) referenced from startup_m480.o(RESET)
 <LI><a href="#[5f]">SC2_IRQHandler</a> from startup_m480.o(.text) referenced from startup_m480.o(RESET)
 <LI><a href="#[61]">SDH0_IRQHandler</a> from startup_m480.o(.text) referenced from startup_m480.o(RESET)
 <LI><a href="#[78]">SDH1_IRQHandler</a> from startup_m480.o(.text) referenced from startup_m480.o(RESET)
 <LI><a href="#[3c]">SPI0_IRQHandler</a> from startup_m480.o(.text) referenced from startup_m480.o(RESET)
 <LI><a href="#[56]">SPI1_IRQHandler</a> from startup_m480.o(.text) referenced from startup_m480.o(RESET)
 <LI><a href="#[57]">SPI2_IRQHandler</a> from startup_m480.o(.text) referenced from startup_m480.o(RESET)
 <LI><a href="#[60]">SPI3_IRQHandler</a> from startup_m480.o(.text) referenced from startup_m480.o(RESET)
 <LI><a href="#[70]">SPIM_IRQHandler</a> from startup_m480.o(.text) referenced from startup_m480.o(RESET)
 <LI><a href="#[21]">SVC_Handler</a> from port.o(.emb_text) referenced from startup_m480.o(RESET)
 <LI><a href="#[24]">SysTick_Handler</a> from port.o(.text) referenced from startup_m480.o(RESET)
 <LI><a href="#[7d]">SystemInit</a> from system_m480.o(.text) referenced from startup_m480.o(.text)
 <LI><a href="#[2c]">TAMPER_IRQHandler</a> from startup_m480.o(.text) referenced from startup_m480.o(RESET)
 <LI><a href="#[45]">TMR0_IRQHandler</a> from startup_m480.o(.text) referenced from startup_m480.o(RESET)
 <LI><a href="#[46]">TMR1_IRQHandler</a> from startup_m480.o(.text) referenced from startup_m480.o(RESET)
 <LI><a href="#[47]">TMR2_IRQHandler</a> from startup_m480.o(.text) referenced from startup_m480.o(RESET)
 <LI><a href="#[48]">TMR3_IRQHandler</a> from startup_m480.o(.text) referenced from startup_m480.o(RESET)
 <LI><a href="#[49]">UART0_IRQHandler</a> from startup_m480.o(.text) referenced from startup_m480.o(RESET)
 <LI><a href="#[4a]">UART1_IRQHandler</a> from esp8266_wifi.o(.text) referenced from startup_m480.o(RESET)
 <LI><a href="#[54]">UART2_IRQHandler</a> from startup_m480.o(.text) referenced from startup_m480.o(RESET)
 <LI><a href="#[55]">UART3_IRQHandler</a> from startup_m480.o(.text) referenced from startup_m480.o(RESET)
 <LI><a href="#[6a]">UART4_IRQHandler</a> from startup_m480.o(.text) referenced from startup_m480.o(RESET)
 <LI><a href="#[6b]">UART5_IRQHandler</a> from startup_m480.o(.text) referenced from startup_m480.o(RESET)
 <LI><a href="#[62]">USBD20_IRQHandler</a> from startup_m480.o(.text) referenced from startup_m480.o(RESET)
 <LI><a href="#[58]">USBD_IRQHandler</a> from startup_m480.o(.text) referenced from startup_m480.o(RESET)
 <LI><a href="#[7a]">USBOTG20_IRQHandler</a> from startup_m480.o(.text) referenced from startup_m480.o(RESET)
 <LI><a href="#[5a]">USBOTG_IRQHandler</a> from startup_m480.o(.text) referenced from startup_m480.o(RESET)
 <LI><a href="#[6c]">USCI0_IRQHandler</a> from startup_m480.o(.text) referenced from startup_m480.o(RESET)
 <LI><a href="#[6d]">USCI1_IRQHandler</a> from startup_m480.o(.text) referenced from startup_m480.o(RESET)
 <LI><a href="#[20]">UsageFault_Handler</a> from startup_m480.o(.text) referenced from startup_m480.o(RESET)
 <LI><a href="#[2d]">WDT_IRQHandler</a> from startup_m480.o(.text) referenced from startup_m480.o(RESET)
 <LI><a href="#[2e]">WWDT_IRQHandler</a> from startup_m480.o(.text) referenced from startup_m480.o(RESET)
 <LI><a href="#[9a]">_IotMqtt_DeserializeConnack</a> from iot_mqtt_serialize.o(.text) referenced from iot_mqtt_network.o(.text)
 <LI><a href="#[a0]">_IotMqtt_DeserializePingresp</a> from iot_mqtt_serialize.o(.text) referenced from iot_mqtt_network.o(.text)
 <LI><a href="#[9d]">_IotMqtt_DeserializePuback</a> from iot_mqtt_serialize.o(.text) referenced from iot_mqtt_network.o(.text)
 <LI><a href="#[9b]">_IotMqtt_DeserializePublish</a> from iot_mqtt_serialize.o(.text) referenced from iot_mqtt_network.o(.text)
 <LI><a href="#[9e]">_IotMqtt_DeserializeSuback</a> from iot_mqtt_serialize.o(.text) referenced from iot_mqtt_network.o(.text)
 <LI><a href="#[9f]">_IotMqtt_DeserializeUnsuback</a> from iot_mqtt_serialize.o(.text) referenced from iot_mqtt_network.o(.text)
 <LI><a href="#[99]">_IotMqtt_FreePacket</a> from iot_mqtt_serialize.o(.text) referenced 2 times from iot_mqtt_network.o(.text)
 <LI><a href="#[96]">_IotMqtt_GetPacketType</a> from iot_mqtt_serialize.o(.text) referenced from iot_mqtt_network.o(.text)
 <LI><a href="#[97]">_IotMqtt_GetRemainingLength</a> from iot_mqtt_serialize.o(.text) referenced from iot_mqtt_network.o(.text)
 <LI><a href="#[28e]">_IotMqtt_ProcessCompletedOperation</a> from iot_mqtt_operation.o(.text) referenced 2 times from iot_mqtt_operation.o(.text)
 <LI><a href="#[9c]">_IotMqtt_ProcessIncomingPublish</a> from iot_mqtt_operation.o(.text) referenced 2 times from iot_mqtt_network.o(.text)
 <LI><a href="#[8b]">_IotMqtt_ProcessKeepAlive</a> from iot_mqtt_operation.o(.text) referenced 2 times from iot_mqtt_api.o(.text)
 <LI><a href="#[90]">_IotMqtt_ProcessSend</a> from iot_mqtt_operation.o(.text) referenced 5 times from iot_mqtt_api.o(.text)
 <LI><a href="#[a1]">_IotMqtt_PublishSetDup</a> from iot_mqtt_serialize.o(.text) referenced from iot_mqtt_operation.o(.text)
 <LI><a href="#[91]">_IotMqtt_SerializeConnect</a> from iot_mqtt_serialize.o(.text) referenced from iot_mqtt_api.o(.text)
 <LI><a href="#[93]">_IotMqtt_SerializeDisconnect</a> from iot_mqtt_serialize.o(.text) referenced from iot_mqtt_api.o(.text)
 <LI><a href="#[8a]">_IotMqtt_SerializePingreq</a> from iot_mqtt_serialize.o(.text) referenced from iot_mqtt_api.o(.text)
 <LI><a href="#[98]">_IotMqtt_SerializePuback</a> from iot_mqtt_serialize.o(.text) referenced from iot_mqtt_network.o(.text)
 <LI><a href="#[95]">_IotMqtt_SerializePublish</a> from iot_mqtt_serialize.o(.text) referenced from iot_mqtt_api.o(.text)
 <LI><a href="#[8e]">_IotMqtt_SerializeSubscribe</a> from iot_mqtt_serialize.o(.text) referenced from iot_mqtt_api.o(.text)
 <LI><a href="#[8f]">_IotMqtt_SerializeUnsubscribe</a> from iot_mqtt_serialize.o(.text) referenced from iot_mqtt_api.o(.text)
 <LI><a href="#[7e]">__main</a> from entry.o(.ARM.Collect$$$$00000000) referenced from startup_m480.o(.text)
 <LI><a href="#[c8]">_dispatchNetworkStateChangeCB</a> from aws_iot_network_manager.o(.text) referenced from aws_iot_network_manager.o(.text)
 <LI><a href="#[c6]">_matchJobByPointer</a> from iot_taskpool.o(.text) referenced from iot_taskpool.o(.text)
 <LI><a href="#[a2]">_mqttOperation_match</a> from iot_mqtt_operation.o(.text) referenced from iot_mqtt_operation.o(.text)
 <LI><a href="#[94]">_mqttOperation_tryDestroy</a> from iot_mqtt_api.o(.text) referenced from iot_mqtt_api.o(.text)
 <LI><a href="#[86]">_mqttSubscriptionCallback</a> from iot_demo_mqtt.o(.text) referenced from iot_demo_mqtt.o(.text)
 <LI><a href="#[8c]">_mqttSubscription_setUnsubscribe</a> from iot_mqtt_api.o(.text) referenced from iot_mqtt_api.o(.text)
 <LI><a href="#[8d]">_mqttSubscription_tryDestroy</a> from iot_mqtt_api.o(.text) referenced from iot_mqtt_api.o(.text)
 <LI><a href="#[c2]">_networkReceiveTask</a> from iot_network_afr.o(.text) referenced from iot_network_afr.o(.text)
 <LI><a href="#[85]">_onNetworkStateChangeCallback</a> from iot_demo_afr.o(.text) referenced 2 times from iot_demo_afr.o(.text)
 <LI><a href="#[87]">_operationCompleteCallback</a> from iot_demo_mqtt.o(.text) referenced from iot_demo_mqtt.o(.text)
 <LI><a href="#[a4]">_packetMatch</a> from iot_mqtt_subscription.o(.text) referenced from iot_mqtt_subscription.o(.text)
 <LI><a href="#[cb]">_sbackspace</a> from _sgetc.o(.text) referenced from __0sscanf.o(.text)
 <LI><a href="#[cc]">_scanf_char_input</a> from scanf_char.o(.text) referenced from scanf_char.o(.text)
 <LI><a href="#[ca]">_sgetc</a> from _sgetc.o(.text) referenced from __0sscanf.o(.text)
 <LI><a href="#[cf]">_snputc</a> from printfa.o(i._snputc) referenced from printfa.o(i.__0snprintf)
 <LI><a href="#[cf]">_snputc</a> from printfa.o(i._snputc) referenced from printfa.o(i.__0vsnprintf)
 <LI><a href="#[d0]">_sputc</a> from printfa.o(i._sputc) referenced from printfa.o(i.__0sprintf)
 <LI><a href="#[c4]">_taskPoolWorker</a> from iot_taskpool.o(.text) referenced 2 times from iot_taskpool.o(.text)
 <LI><a href="#[c3]">_threadRoutineWrapper</a> from iot_threads_afr.o(.text) referenced from iot_threads_afr.o(.text)
 <LI><a href="#[c7]">_timerEventCompare</a> from iot_taskpool.o(.text) referenced from iot_taskpool.o(.text)
 <LI><a href="#[c5]">_timerThread</a> from iot_taskpool.o(.text) referenced from iot_taskpool.o(.text)
 <LI><a href="#[a3]">_topicMatch</a> from iot_mqtt_subscription.o(.text) referenced from iot_mqtt_subscription.o(.text)
 <LI><a href="#[b0]">add_one_and_zeros_padding</a> from cipher.o(.text) referenced from cipher.o(.text)
 <LI><a href="#[ae]">add_pkcs_padding</a> from cipher.o(.text) referenced from cipher.o(.text)
 <LI><a href="#[b2]">add_zeros_and_len_padding</a> from cipher.o(.text) referenced from cipher.o(.text)
 <LI><a href="#[b4]">add_zeros_padding</a> from cipher.o(.text) referenced from cipher.o(.text)
 <LI><a href="#[d2]">aes_crypt_cbc_wrap</a> from cipher_wrap.o(.text) referenced from cipher_wrap.o(.constdata)
 <LI><a href="#[d3]">aes_crypt_cfb128_wrap</a> from cipher_wrap.o(.text) referenced from cipher_wrap.o(.constdata)
 <LI><a href="#[d4]">aes_crypt_ctr_wrap</a> from cipher_wrap.o(.text) referenced from cipher_wrap.o(.constdata)
 <LI><a href="#[d1]">aes_crypt_ecb_wrap</a> from cipher_wrap.o(.text) referenced from cipher_wrap.o(.constdata)
 <LI><a href="#[d7]">aes_ctx_alloc</a> from cipher_wrap.o(.text) referenced from cipher_wrap.o(.constdata)
 <LI><a href="#[d8]">aes_ctx_free</a> from cipher_wrap.o(.text) referenced from cipher_wrap.o(.constdata)
 <LI><a href="#[d6]">aes_setkey_dec_wrap</a> from cipher_wrap.o(.text) referenced from cipher_wrap.o(.constdata)
 <LI><a href="#[d5]">aes_setkey_enc_wrap</a> from cipher_wrap.o(.text) referenced from cipher_wrap.o(.constdata)
 <LI><a href="#[2a3]">aws_mbedtls_mutex_free</a> from aws_pkcs11_mbedtls.o(.text) referenced from aws_pkcs11_mbedtls.o(.text)
 <LI><a href="#[2a2]">aws_mbedtls_mutex_init</a> from aws_pkcs11_mbedtls.o(.text) referenced from aws_pkcs11_mbedtls.o(.text)
 <LI><a href="#[2a4]">aws_mbedtls_mutex_lock</a> from aws_pkcs11_mbedtls.o(.text) referenced from aws_pkcs11_mbedtls.o(.text)
 <LI><a href="#[2a5]">aws_mbedtls_mutex_unlock</a> from aws_pkcs11_mbedtls.o(.text) referenced from aws_pkcs11_mbedtls.o(.text)
 <LI><a href="#[16]">calloc</a> from calloc.o(.text) referenced 2 times from platform.o(.data)
 <LI><a href="#[b7]">ctr_drbg_self_test_entropy</a> from ctr_drbg.o(.text) referenced from ctr_drbg.o(.text)
 <LI><a href="#[104]">ecdsa_alloc_wrap</a> from pk_wrap.o(.text) referenced from pk_wrap.o(.constdata)
 <LI><a href="#[101]">ecdsa_can_do</a> from pk_wrap.o(.text) referenced from pk_wrap.o(.constdata)
 <LI><a href="#[105]">ecdsa_free_wrap</a> from pk_wrap.o(.text) referenced from pk_wrap.o(.constdata)
 <LI><a href="#[103]">ecdsa_sign_wrap</a> from pk_wrap.o(.text) referenced from pk_wrap.o(.constdata)
 <LI><a href="#[102]">ecdsa_verify_wrap</a> from pk_wrap.o(.text) referenced from pk_wrap.o(.constdata)
 <LI><a href="#[fd]">eckey_alloc_wrap</a> from pk_wrap.o(.text) referenced 2 times from pk_wrap.o(.constdata)
 <LI><a href="#[f9]">eckey_can_do</a> from pk_wrap.o(.text) referenced from pk_wrap.o(.constdata)
 <LI><a href="#[fc]">eckey_check_pair</a> from pk_wrap.o(.text) referenced 3 times from pk_wrap.o(.constdata)
 <LI><a href="#[ff]">eckey_debug</a> from pk_wrap.o(.text) referenced 3 times from pk_wrap.o(.constdata)
 <LI><a href="#[fe]">eckey_free_wrap</a> from pk_wrap.o(.text) referenced 2 times from pk_wrap.o(.constdata)
 <LI><a href="#[f8]">eckey_get_bitlen</a> from pk_wrap.o(.text) referenced 3 times from pk_wrap.o(.constdata)
 <LI><a href="#[fb]">eckey_sign_wrap</a> from pk_wrap.o(.text) referenced from pk_wrap.o(.constdata)
 <LI><a href="#[fa]">eckey_verify_wrap</a> from pk_wrap.o(.text) referenced from pk_wrap.o(.constdata)
 <LI><a href="#[100]">eckeydh_can_do</a> from pk_wrap.o(.text) referenced from pk_wrap.o(.constdata)
 <LI><a href="#[b8]">ecp_mod_p256</a> from ecp_curves.o(.text) referenced from ecp_curves.o(.text)
 <LI><a href="#[ba]">entropy_dummy_source</a> from entropy.o(.text) referenced from entropy.o(.text)
 <LI><a href="#[ce]">fputc</a> from retarget.o(.text) referenced from printfa.o(i.__0printf)
 <LI><a href="#[17]">free</a> from malloc.o(i.free) referenced 2 times from platform.o(.data)
 <LI><a href="#[d9]">gcm_aes_setkey_wrap</a> from cipher_wrap.o(.text) referenced 2 times from cipher_wrap.o(.constdata)
 <LI><a href="#[da]">gcm_ctx_alloc</a> from cipher_wrap.o(.text) referenced from cipher_wrap.o(.constdata)
 <LI><a href="#[db]">gcm_ctx_free</a> from cipher_wrap.o(.text) referenced from cipher_wrap.o(.constdata)
 <LI><a href="#[b6]">get_no_padding</a> from cipher.o(.text) referenced from cipher.o(.text)
 <LI><a href="#[b1]">get_one_and_zeros_padding</a> from cipher.o(.text) referenced from cipher.o(.text)
 <LI><a href="#[af]">get_pkcs_padding</a> from cipher.o(.text) referenced from cipher.o(.text)
 <LI><a href="#[b3]">get_zeros_and_len_padding</a> from cipher.o(.text) referenced from cipher.o(.text)
 <LI><a href="#[b5]">get_zeros_padding</a> from cipher.o(.text) referenced from cipher.o(.text)
 <LI><a href="#[cd]">isspace</a> from isspace_o.o(.text) referenced from scanf_char.o(.text)
 <LI><a href="#[7b]">main</a> from main.o(.text) referenced from entry9a.o(.ARM.Collect$$$$0000000B)
 <LI><a href="#[a6]">mbedtls_ctr_drbg_random</a> from ctr_drbg.o(.text) referenced 2 times from aws_pkcs11_mbedtls.o(.text)
 <LI><a href="#[a5]">mbedtls_entropy_func</a> from entropy.o(.text) referenced from aws_pkcs11_mbedtls.o(.text)
 <LI><a href="#[b9]">mbedtls_hardware_poll</a> from entropy_hardware_poll.o(.text) referenced from entropy.o(.text)
 <LI><a href="#[df]">mbedtls_sha1_ret</a> from sha1.o(.text) referenced from md_wrap.o(.constdata)
 <LI><a href="#[1a]">memset</a> from memseta.o(.text) referenced 2 times from platform_util.o(.data)
 <LI><a href="#[bb]">myrand</a> from rsa.o(.text) referenced from rsa.o(.text)
 <LI><a href="#[89]">prvCalloc</a> from aws_crypto.o(.text) referenced from aws_crypto.o(.text)
 <LI><a href="#[aa]">prvCheckCertificate</a> from aws_tls.o(.text) referenced from aws_tls.o(.text)
 <LI><a href="#[ab]">prvGenerateRandomBytes</a> from aws_tls.o(.text) referenced from aws_tls.o(.text)
 <LI><a href="#[80]">prvIdleTask</a> from tasks.o(.text) referenced from tasks.o(.text)
 <LI><a href="#[84]">prvLoggingTask</a> from aws_logging_task_dynamic_buffers.o(.text) referenced from aws_logging_task_dynamic_buffers.o(.text)
 <LI><a href="#[a7]">prvNetworkRecv</a> from aws_secure_sockets.o(.text) referenced 2 times from aws_secure_sockets.o(.text)
 <LI><a href="#[a8]">prvNetworkSend</a> from aws_secure_sockets.o(.text) referenced 2 times from aws_secure_sockets.o(.text)
 <LI><a href="#[a9]">prvPrivateKeySigningCallback</a> from aws_tls.o(.text) referenced from aws_tls.o(.text)
 <LI><a href="#[82]">prvTaskExitError</a> from port.o(.text) referenced from port.o(.text)
 <LI><a href="#[c1]">prvTimerCallback</a> from iot_clock_afr.o(.text) referenced from iot_clock_afr.o(.text)
 <LI><a href="#[81]">prvTimerTask</a> from timers.o(.text) referenced from timers.o(.text)
 <LI><a href="#[f5]">rsa_alloc_wrap</a> from pk_wrap.o(.text) referenced from pk_wrap.o(.constdata)
 <LI><a href="#[10b]">rsa_alt_alloc_wrap</a> from pk_wrap.o(.text) referenced from pk_wrap.o(.constdata)
 <LI><a href="#[107]">rsa_alt_can_do</a> from pk_wrap.o(.text) referenced from pk_wrap.o(.constdata)
 <LI><a href="#[10a]">rsa_alt_check_pair</a> from pk_wrap.o(.text) referenced from pk_wrap.o(.constdata)
 <LI><a href="#[109]">rsa_alt_decrypt_wrap</a> from pk_wrap.o(.text) referenced from pk_wrap.o(.constdata)
 <LI><a href="#[10c]">rsa_alt_free_wrap</a> from pk_wrap.o(.text) referenced from pk_wrap.o(.constdata)
 <LI><a href="#[106]">rsa_alt_get_bitlen</a> from pk_wrap.o(.text) referenced from pk_wrap.o(.constdata)
 <LI><a href="#[108]">rsa_alt_sign_wrap</a> from pk_wrap.o(.text) referenced from pk_wrap.o(.constdata)
 <LI><a href="#[ef]">rsa_can_do</a> from pk_wrap.o(.text) referenced from pk_wrap.o(.constdata)
 <LI><a href="#[f4]">rsa_check_pair_wrap</a> from pk_wrap.o(.text) referenced from pk_wrap.o(.constdata)
 <LI><a href="#[f7]">rsa_debug</a> from pk_wrap.o(.text) referenced from pk_wrap.o(.constdata)
 <LI><a href="#[f2]">rsa_decrypt_wrap</a> from pk_wrap.o(.text) referenced from pk_wrap.o(.constdata)
 <LI><a href="#[f3]">rsa_encrypt_wrap</a> from pk_wrap.o(.text) referenced from pk_wrap.o(.constdata)
 <LI><a href="#[f6]">rsa_free_wrap</a> from pk_wrap.o(.text) referenced from pk_wrap.o(.constdata)
 <LI><a href="#[ee]">rsa_get_bitlen</a> from pk_wrap.o(.text) referenced from pk_wrap.o(.constdata)
 <LI><a href="#[f1]">rsa_sign_wrap</a> from pk_wrap.o(.text) referenced from pk_wrap.o(.constdata)
 <LI><a href="#[f0]">rsa_verify_wrap</a> from pk_wrap.o(.text) referenced from pk_wrap.o(.constdata)
 <LI><a href="#[83]">runDemoTask</a> from iot_demo_afr.o(.text) referenced from iot_demo_runner.o(.text)
 <LI><a href="#[e2]">sha1_clone_wrap</a> from md_wrap.o(.text) referenced from md_wrap.o(.constdata)
 <LI><a href="#[e0]">sha1_ctx_alloc</a> from md_wrap.o(.text) referenced from md_wrap.o(.constdata)
 <LI><a href="#[e1]">sha1_ctx_free</a> from md_wrap.o(.text) referenced from md_wrap.o(.constdata)
 <LI><a href="#[de]">sha1_finish_wrap</a> from md_wrap.o(.text) referenced from md_wrap.o(.constdata)
 <LI><a href="#[e3]">sha1_process_wrap</a> from md_wrap.o(.text) referenced from md_wrap.o(.constdata)
 <LI><a href="#[dc]">sha1_starts_wrap</a> from md_wrap.o(.text) referenced from md_wrap.o(.constdata)
 <LI><a href="#[dd]">sha1_update_wrap</a> from md_wrap.o(.text) referenced from md_wrap.o(.constdata)
 <LI><a href="#[ea]">sha224_clone_wrap</a> from md_wrap.o(.text) referenced 2 times from md_wrap.o(.constdata)
 <LI><a href="#[e8]">sha224_ctx_alloc</a> from md_wrap.o(.text) referenced 2 times from md_wrap.o(.constdata)
 <LI><a href="#[e9]">sha224_ctx_free</a> from md_wrap.o(.text) referenced 2 times from md_wrap.o(.constdata)
 <LI><a href="#[e6]">sha224_finish_wrap</a> from md_wrap.o(.text) referenced 2 times from md_wrap.o(.constdata)
 <LI><a href="#[eb]">sha224_process_wrap</a> from md_wrap.o(.text) referenced 2 times from md_wrap.o(.constdata)
 <LI><a href="#[e4]">sha224_starts_wrap</a> from md_wrap.o(.text) referenced from md_wrap.o(.constdata)
 <LI><a href="#[e5]">sha224_update_wrap</a> from md_wrap.o(.text) referenced 2 times from md_wrap.o(.constdata)
 <LI><a href="#[e7]">sha224_wrap</a> from md_wrap.o(.text) referenced from md_wrap.o(.constdata)
 <LI><a href="#[ec]">sha256_starts_wrap</a> from md_wrap.o(.text) referenced from md_wrap.o(.constdata)
 <LI><a href="#[ed]">sha256_wrap</a> from md_wrap.o(.text) referenced from md_wrap.o(.constdata)
 <LI><a href="#[be]">ssl_calc_finished_tls_sha256</a> from ssl_tls.o(.text) referenced from ssl_tls.o(.text)
 <LI><a href="#[bd]">ssl_calc_verify_tls_sha256</a> from ssl_tls.o(.text) referenced 2 times from ssl_tls.o(.text)
 <LI><a href="#[bf]">ssl_update_checksum_sha256</a> from ssl_tls.o(.text) referenced from ssl_tls.o(.text)
 <LI><a href="#[c0]">ssl_update_checksum_start</a> from ssl_tls.o(.text) referenced from ssl_tls.o(.text)
 <LI><a href="#[18]">threading_mutex_dummy</a> from threading.o(.text) referenced 4 times from threading.o(.data)
 <LI><a href="#[19]">threading_mutex_fail</a> from threading.o(.text) referenced 4 times from threading.o(.data)
 <LI><a href="#[bc]">tls_prf_sha256</a> from ssl_tls.o(.text) referenced from ssl_tls.o(.text)
 <LI><a href="#[7f]">vCheckTask</a> from main.o(.text) referenced from main.o(.text)
 <LI><a href="#[88]">vPortFree</a> from heap_4.o(.text) referenced 2 times from aws_crypto.o(.text)
</UL>
<P>
<H3>
Global Symbols
</H3>
<P><STRONG><a name="[7e]"></a>__main</STRONG> (Thumb, 0 bytes, Stack size unknown bytes, entry.o(.ARM.Collect$$$$00000000))
<BR>[Address Reference Count : 1]<UL><LI> startup_m480.o(.text)
</UL>
<P><STRONG><a name="[52e]"></a>_main_stk</STRONG> (Thumb, 0 bytes, Stack size unknown bytes, entry2.o(.ARM.Collect$$$$00000001))

<P><STRONG><a name="[11c]"></a>_main_scatterload</STRONG> (Thumb, 0 bytes, Stack size unknown bytes, entry5.o(.ARM.Collect$$$$00000004))
<BR><BR>[Calls]<UL><LI><a href="#[11d]">&gt;&gt;</a>&nbsp;&nbsp;&nbsp;__scatterload
</UL>

<P><STRONG><a name="[522]"></a>__main_after_scatterload</STRONG> (Thumb, 0 bytes, Stack size unknown bytes, entry5.o(.ARM.Collect$$$$00000004))
<BR><BR>[Called By]<UL><LI><a href="#[11d]">&gt;&gt;</a>&nbsp;&nbsp;&nbsp;__scatterload
</UL>

<P><STRONG><a name="[52f]"></a>_main_clock</STRONG> (Thumb, 0 bytes, Stack size unknown bytes, entry7b.o(.ARM.Collect$$$$00000008))

<P><STRONG><a name="[530]"></a>_main_cpp_init</STRONG> (Thumb, 0 bytes, Stack size unknown bytes, entry8b.o(.ARM.Collect$$$$0000000A))

<P><STRONG><a name="[531]"></a>_main_init</STRONG> (Thumb, 0 bytes, Stack size unknown bytes, entry9a.o(.ARM.Collect$$$$0000000B))

<P><STRONG><a name="[532]"></a>__rt_final_cpp</STRONG> (Thumb, 0 bytes, Stack size unknown bytes, entry10a.o(.ARM.Collect$$$$0000000D))

<P><STRONG><a name="[533]"></a>__rt_final_exit</STRONG> (Thumb, 0 bytes, Stack size unknown bytes, entry11a.o(.ARM.Collect$$$$0000000F))

<P><STRONG><a name="[21]"></a>SVC_Handler</STRONG> (Thumb, 28 bytes, Stack size 0 bytes, port.o(.emb_text))
<BR>[Address Reference Count : 1]<UL><LI> startup_m480.o(RESET)
</UL>
<P><STRONG><a name="[1c2]"></a>__asm___6_port_c_39a90d8d__prvStartFirstTask</STRONG> (Thumb, 36 bytes, Stack size 0 bytes, port.o(.emb_text))
<BR><BR>[Called By]<UL><LI><a href="#[19f]">&gt;&gt;</a>&nbsp;&nbsp;&nbsp;xPortStartScheduler
</UL>

<P><STRONG><a name="[1c1]"></a>__asm___6_port_c_39a90d8d__prvEnableVFP</STRONG> (Thumb, 16 bytes, Stack size 0 bytes, port.o(.emb_text))
<BR><BR>[Called By]<UL><LI><a href="#[19f]">&gt;&gt;</a>&nbsp;&nbsp;&nbsp;xPortStartScheduler
</UL>

<P><STRONG><a name="[23]"></a>PendSV_Handler</STRONG> (Thumb, 88 bytes, Stack size 0 bytes, port.o(.emb_text))
<BR><BR>[Stack]<UL><LI>Max Depth = 40<LI>Call Chain = PendSV_Handler &rArr; vTaskSwitchContext &rArr; vApplicationStackOverflowHook &rArr; __2printf
</UL>
<BR>[Calls]<UL><LI><a href="#[11e]">&gt;&gt;</a>&nbsp;&nbsp;&nbsp;vTaskSwitchContext
</UL>
<BR>[Address Reference Count : 1]<UL><LI> startup_m480.o(RESET)
</UL>
<P><STRONG><a name="[1c3]"></a>vPortGetIPSR</STRONG> (Thumb, 6 bytes, Stack size 0 bytes, port.o(.emb_text))
<BR><BR>[Called By]<UL><LI><a href="#[176]">&gt;&gt;</a>&nbsp;&nbsp;&nbsp;vPortValidateInterruptPriority
</UL>

<P><STRONG><a name="[1d]"></a>HardFault_Handler</STRONG> (Thumb, 24 bytes, Stack size 0 bytes, retarget.o(.emb_text))
<BR>[Address Reference Count : 1]<UL><LI> startup_m480.o(RESET)
</UL>
<P><STRONG><a name="[1b]"></a>Reset_Handler</STRONG> (Thumb, 64 bytes, Stack size 0 bytes, startup_m480.o(.text))
<BR>[Address Reference Count : 1]<UL><LI> startup_m480.o(RESET)
</UL>
<P><STRONG><a name="[1c]"></a>NMI_Handler</STRONG> (Thumb, 2 bytes, Stack size 0 bytes, startup_m480.o(.text))
<BR><BR>[Calls]<UL><LI><a href="#[1c]">&gt;&gt;</a>&nbsp;&nbsp;&nbsp;NMI_Handler
</UL>
<BR>[Called By]<UL><LI><a href="#[1c]">&gt;&gt;</a>&nbsp;&nbsp;&nbsp;NMI_Handler
</UL>
<BR>[Address Reference Count : 1]<UL><LI> startup_m480.o(RESET)
</UL>
<P><STRONG><a name="[1e]"></a>MemManage_Handler</STRONG> (Thumb, 2 bytes, Stack size 0 bytes, startup_m480.o(.text))
<BR><BR>[Calls]<UL><LI><a href="#[1e]">&gt;&gt;</a>&nbsp;&nbsp;&nbsp;MemManage_Handler
</UL>
<BR>[Called By]<UL><LI><a href="#[1e]">&gt;&gt;</a>&nbsp;&nbsp;&nbsp;MemManage_Handler
</UL>
<BR>[Address Reference Count : 1]<UL><LI> startup_m480.o(RESET)
</UL>
<P><STRONG><a name="[1f]"></a>BusFault_Handler</STRONG> (Thumb, 2 bytes, Stack size 0 bytes, startup_m480.o(.text))
<BR><BR>[Calls]<UL><LI><a href="#[1f]">&gt;&gt;</a>&nbsp;&nbsp;&nbsp;BusFault_Handler
</UL>
<BR>[Called By]<UL><LI><a href="#[1f]">&gt;&gt;</a>&nbsp;&nbsp;&nbsp;BusFault_Handler
</UL>
<BR>[Address Reference Count : 1]<UL><LI> startup_m480.o(RESET)
</UL>
<P><STRONG><a name="[20]"></a>UsageFault_Handler</STRONG> (Thumb, 2 bytes, Stack size 0 bytes, startup_m480.o(.text))
<BR><BR>[Calls]<UL><LI><a href="#[20]">&gt;&gt;</a>&nbsp;&nbsp;&nbsp;UsageFault_Handler
</UL>
<BR>[Called By]<UL><LI><a href="#[20]">&gt;&gt;</a>&nbsp;&nbsp;&nbsp;UsageFault_Handler
</UL>
<BR>[Address Reference Count : 1]<UL><LI> startup_m480.o(RESET)
</UL>
<P><STRONG><a name="[22]"></a>DebugMon_Handler</STRONG> (Thumb, 2 bytes, Stack size 0 bytes, startup_m480.o(.text))
<BR><BR>[Calls]<UL><LI><a href="#[22]">&gt;&gt;</a>&nbsp;&nbsp;&nbsp;DebugMon_Handler
</UL>
<BR>[Called By]<UL><LI><a href="#[22]">&gt;&gt;</a>&nbsp;&nbsp;&nbsp;DebugMon_Handler
</UL>
<BR>[Address Reference Count : 1]<UL><LI> startup_m480.o(RESET)
</UL>
<P><STRONG><a name="[51]"></a>ACMP01_IRQHandler</STRONG> (Thumb, 0 bytes, Stack size 0 bytes, startup_m480.o(.text))
<BR>[Address Reference Count : 1]<UL><LI> startup_m480.o(RESET)
</UL>
<P><STRONG><a name="[4f]"></a>ADC00_IRQHandler</STRONG> (Thumb, 0 bytes, Stack size 0 bytes, startup_m480.o(.text))
<BR>[Address Reference Count : 1]<UL><LI> startup_m480.o(RESET)
</UL>
<P><STRONG><a name="[50]"></a>ADC01_IRQHandler</STRONG> (Thumb, 0 bytes, Stack size 0 bytes, startup_m480.o(.text))
<BR>[Address Reference Count : 1]<UL><LI> startup_m480.o(RESET)
</UL>
<P><STRONG><a name="[52]"></a>ADC02_IRQHandler</STRONG> (Thumb, 0 bytes, Stack size 0 bytes, startup_m480.o(.text))
<BR>[Address Reference Count : 1]<UL><LI> startup_m480.o(RESET)
</UL>
<P><STRONG><a name="[53]"></a>ADC03_IRQHandler</STRONG> (Thumb, 0 bytes, Stack size 0 bytes, startup_m480.o(.text))
<BR>[Address Reference Count : 1]<UL><LI> startup_m480.o(RESET)
</UL>
<P><STRONG><a name="[25]"></a>BOD_IRQHandler</STRONG> (Thumb, 0 bytes, Stack size 0 bytes, startup_m480.o(.text))
<BR>[Address Reference Count : 1]<UL><LI> startup_m480.o(RESET)
</UL>
<P><STRONG><a name="[6e]"></a>BPWM0_IRQHandler</STRONG> (Thumb, 0 bytes, Stack size 0 bytes, startup_m480.o(.text))
<BR>[Address Reference Count : 1]<UL><LI> startup_m480.o(RESET)
</UL>
<P><STRONG><a name="[6f]"></a>BPWM1_IRQHandler</STRONG> (Thumb, 0 bytes, Stack size 0 bytes, startup_m480.o(.text))
<BR>[Address Reference Count : 1]<UL><LI> startup_m480.o(RESET)
</UL>
<P><STRONG><a name="[3d]"></a>BRAKE0_IRQHandler</STRONG> (Thumb, 0 bytes, Stack size 0 bytes, startup_m480.o(.text))
<BR>[Address Reference Count : 1]<UL><LI> startup_m480.o(RESET)
</UL>
<P><STRONG><a name="[41]"></a>BRAKE1_IRQHandler</STRONG> (Thumb, 0 bytes, Stack size 0 bytes, startup_m480.o(.text))
<BR>[Address Reference Count : 1]<UL><LI> startup_m480.o(RESET)
</UL>
<P><STRONG><a name="[5b]"></a>CAN0_IRQHandler</STRONG> (Thumb, 0 bytes, Stack size 0 bytes, startup_m480.o(.text))
<BR>[Address Reference Count : 1]<UL><LI> startup_m480.o(RESET)
</UL>
<P><STRONG><a name="[5c]"></a>CAN1_IRQHandler</STRONG> (Thumb, 0 bytes, Stack size 0 bytes, startup_m480.o(.text))
<BR>[Address Reference Count : 1]<UL><LI> startup_m480.o(RESET)
</UL>
<P><STRONG><a name="[29]"></a>CKFAIL_IRQHandler</STRONG> (Thumb, 0 bytes, Stack size 0 bytes, startup_m480.o(.text))
<BR>[Address Reference Count : 1]<UL><LI> startup_m480.o(RESET)
</UL>
<P><STRONG><a name="[4e]"></a>DAC_IRQHandler</STRONG> (Thumb, 0 bytes, Stack size 0 bytes, startup_m480.o(.text))
<BR>[Address Reference Count : 1]<UL><LI> startup_m480.o(RESET)
</UL>
<P><STRONG><a name="[74]"></a>ECAP0_IRQHandler</STRONG> (Thumb, 0 bytes, Stack size 0 bytes, startup_m480.o(.text))
<BR>[Address Reference Count : 1]<UL><LI> startup_m480.o(RESET)
</UL>
<P><STRONG><a name="[75]"></a>ECAP1_IRQHandler</STRONG> (Thumb, 0 bytes, Stack size 0 bytes, startup_m480.o(.text))
<BR>[Address Reference Count : 1]<UL><LI> startup_m480.o(RESET)
</UL>
<P><STRONG><a name="[79]"></a>EHCI_IRQHandler</STRONG> (Thumb, 0 bytes, Stack size 0 bytes, startup_m480.o(.text))
<BR>[Address Reference Count : 1]<UL><LI> startup_m480.o(RESET)
</UL>
<P><STRONG><a name="[2f]"></a>EINT0_IRQHandler</STRONG> (Thumb, 0 bytes, Stack size 0 bytes, startup_m480.o(.text))
<BR>[Address Reference Count : 1]<UL><LI> startup_m480.o(RESET)
</UL>
<P><STRONG><a name="[30]"></a>EINT1_IRQHandler</STRONG> (Thumb, 0 bytes, Stack size 0 bytes, startup_m480.o(.text))
<BR>[Address Reference Count : 1]<UL><LI> startup_m480.o(RESET)
</UL>
<P><STRONG><a name="[31]"></a>EINT2_IRQHandler</STRONG> (Thumb, 0 bytes, Stack size 0 bytes, startup_m480.o(.text))
<BR>[Address Reference Count : 1]<UL><LI> startup_m480.o(RESET)
</UL>
<P><STRONG><a name="[32]"></a>EINT3_IRQHandler</STRONG> (Thumb, 0 bytes, Stack size 0 bytes, startup_m480.o(.text))
<BR>[Address Reference Count : 1]<UL><LI> startup_m480.o(RESET)
</UL>
<P><STRONG><a name="[33]"></a>EINT4_IRQHandler</STRONG> (Thumb, 0 bytes, Stack size 0 bytes, startup_m480.o(.text))
<BR>[Address Reference Count : 1]<UL><LI> startup_m480.o(RESET)
</UL>
<P><STRONG><a name="[34]"></a>EINT5_IRQHandler</STRONG> (Thumb, 0 bytes, Stack size 0 bytes, startup_m480.o(.text))
<BR>[Address Reference Count : 1]<UL><LI> startup_m480.o(RESET)
</UL>
<P><STRONG><a name="[69]"></a>EINT6_IRQHandler</STRONG> (Thumb, 0 bytes, Stack size 0 bytes, startup_m480.o(.text))
<BR>[Address Reference Count : 1]<UL><LI> startup_m480.o(RESET)
</UL>
<P><STRONG><a name="[77]"></a>EINT7_IRQHandler</STRONG> (Thumb, 0 bytes, Stack size 0 bytes, startup_m480.o(.text))
<BR>[Address Reference Count : 1]<UL><LI> startup_m480.o(RESET)
</UL>
<P><STRONG><a name="[64]"></a>EMAC_RX_IRQHandler</STRONG> (Thumb, 0 bytes, Stack size 0 bytes, startup_m480.o(.text))
<BR>[Address Reference Count : 1]<UL><LI> startup_m480.o(RESET)
</UL>
<P><STRONG><a name="[63]"></a>EMAC_TX_IRQHandler</STRONG> (Thumb, 0 bytes, Stack size 0 bytes, startup_m480.o(.text))
<BR>[Address Reference Count : 1]<UL><LI> startup_m480.o(RESET)
</UL>
<P><STRONG><a name="[3e]"></a>EPWM0P0_IRQHandler</STRONG> (Thumb, 0 bytes, Stack size 0 bytes, startup_m480.o(.text))
<BR>[Address Reference Count : 1]<UL><LI> startup_m480.o(RESET)
</UL>
<P><STRONG><a name="[3f]"></a>EPWM0P1_IRQHandler</STRONG> (Thumb, 0 bytes, Stack size 0 bytes, startup_m480.o(.text))
<BR>[Address Reference Count : 1]<UL><LI> startup_m480.o(RESET)
</UL>
<P><STRONG><a name="[40]"></a>EPWM0P2_IRQHandler</STRONG> (Thumb, 0 bytes, Stack size 0 bytes, startup_m480.o(.text))
<BR>[Address Reference Count : 1]<UL><LI> startup_m480.o(RESET)
</UL>
<P><STRONG><a name="[42]"></a>EPWM1P0_IRQHandler</STRONG> (Thumb, 0 bytes, Stack size 0 bytes, startup_m480.o(.text))
<BR>[Address Reference Count : 1]<UL><LI> startup_m480.o(RESET)
</UL>
<P><STRONG><a name="[43]"></a>EPWM1P1_IRQHandler</STRONG> (Thumb, 0 bytes, Stack size 0 bytes, startup_m480.o(.text))
<BR>[Address Reference Count : 1]<UL><LI> startup_m480.o(RESET)
</UL>
<P><STRONG><a name="[44]"></a>EPWM1P2_IRQHandler</STRONG> (Thumb, 0 bytes, Stack size 0 bytes, startup_m480.o(.text))
<BR>[Address Reference Count : 1]<UL><LI> startup_m480.o(RESET)
</UL>
<P><STRONG><a name="[35]"></a>GPA_IRQHandler</STRONG> (Thumb, 0 bytes, Stack size 0 bytes, startup_m480.o(.text))
<BR>[Address Reference Count : 1]<UL><LI> startup_m480.o(RESET)
</UL>
<P><STRONG><a name="[36]"></a>GPB_IRQHandler</STRONG> (Thumb, 0 bytes, Stack size 0 bytes, startup_m480.o(.text))
<BR>[Address Reference Count : 1]<UL><LI> startup_m480.o(RESET)
</UL>
<P><STRONG><a name="[37]"></a>GPC_IRQHandler</STRONG> (Thumb, 0 bytes, Stack size 0 bytes, startup_m480.o(.text))
<BR>[Address Reference Count : 1]<UL><LI> startup_m480.o(RESET)
</UL>
<P><STRONG><a name="[38]"></a>GPD_IRQHandler</STRONG> (Thumb, 0 bytes, Stack size 0 bytes, startup_m480.o(.text))
<BR>[Address Reference Count : 1]<UL><LI> startup_m480.o(RESET)
</UL>
<P><STRONG><a name="[39]"></a>GPE_IRQHandler</STRONG> (Thumb, 0 bytes, Stack size 0 bytes, startup_m480.o(.text))
<BR>[Address Reference Count : 1]<UL><LI> startup_m480.o(RESET)
</UL>
<P><STRONG><a name="[3a]"></a>GPF_IRQHandler</STRONG> (Thumb, 0 bytes, Stack size 0 bytes, startup_m480.o(.text))
<BR>[Address Reference Count : 1]<UL><LI> startup_m480.o(RESET)
</UL>
<P><STRONG><a name="[68]"></a>GPG_IRQHandler</STRONG> (Thumb, 0 bytes, Stack size 0 bytes, startup_m480.o(.text))
<BR>[Address Reference Count : 1]<UL><LI> startup_m480.o(RESET)
</UL>
<P><STRONG><a name="[76]"></a>GPH_IRQHandler</STRONG> (Thumb, 0 bytes, Stack size 0 bytes, startup_m480.o(.text))
<BR>[Address Reference Count : 1]<UL><LI> startup_m480.o(RESET)
</UL>
<P><STRONG><a name="[4b]"></a>I2C0_IRQHandler</STRONG> (Thumb, 0 bytes, Stack size 0 bytes, startup_m480.o(.text))
<BR>[Address Reference Count : 1]<UL><LI> startup_m480.o(RESET)
</UL>
<P><STRONG><a name="[4c]"></a>I2C1_IRQHandler</STRONG> (Thumb, 0 bytes, Stack size 0 bytes, startup_m480.o(.text))
<BR>[Address Reference Count : 1]<UL><LI> startup_m480.o(RESET)
</UL>
<P><STRONG><a name="[71]"></a>I2C2_IRQHandler</STRONG> (Thumb, 0 bytes, Stack size 0 bytes, startup_m480.o(.text))
<BR>[Address Reference Count : 1]<UL><LI> startup_m480.o(RESET)
</UL>
<P><STRONG><a name="[65]"></a>I2S0_IRQHandler</STRONG> (Thumb, 0 bytes, Stack size 0 bytes, startup_m480.o(.text))
<BR>[Address Reference Count : 1]<UL><LI> startup_m480.o(RESET)
</UL>
<P><STRONG><a name="[26]"></a>IRC_IRQHandler</STRONG> (Thumb, 0 bytes, Stack size 0 bytes, startup_m480.o(.text))
<BR>[Address Reference Count : 1]<UL><LI> startup_m480.o(RESET)
</UL>
<P><STRONG><a name="[59]"></a>OHCI_IRQHandler</STRONG> (Thumb, 0 bytes, Stack size 0 bytes, startup_m480.o(.text))
<BR>[Address Reference Count : 1]<UL><LI> startup_m480.o(RESET)
</UL>
<P><STRONG><a name="[66]"></a>OPA0_IRQHandler</STRONG> (Thumb, 0 bytes, Stack size 0 bytes, startup_m480.o(.text))
<BR>[Address Reference Count : 1]<UL><LI> startup_m480.o(RESET)
</UL>
<P><STRONG><a name="[4d]"></a>PDMA_IRQHandler</STRONG> (Thumb, 0 bytes, Stack size 0 bytes, startup_m480.o(.text))
<BR>[Address Reference Count : 1]<UL><LI> startup_m480.o(RESET)
</UL>
<P><STRONG><a name="[27]"></a>PWRWU_IRQHandler</STRONG> (Thumb, 0 bytes, Stack size 0 bytes, startup_m480.o(.text))
<BR>[Address Reference Count : 1]<UL><LI> startup_m480.o(RESET)
</UL>
<P><STRONG><a name="[72]"></a>QEI0_IRQHandler</STRONG> (Thumb, 0 bytes, Stack size 0 bytes, startup_m480.o(.text))
<BR>[Address Reference Count : 1]<UL><LI> startup_m480.o(RESET)
</UL>
<P><STRONG><a name="[73]"></a>QEI1_IRQHandler</STRONG> (Thumb, 0 bytes, Stack size 0 bytes, startup_m480.o(.text))
<BR>[Address Reference Count : 1]<UL><LI> startup_m480.o(RESET)
</UL>
<P><STRONG><a name="[3b]"></a>QSPI0_IRQHandler</STRONG> (Thumb, 0 bytes, Stack size 0 bytes, startup_m480.o(.text))
<BR>[Address Reference Count : 1]<UL><LI> startup_m480.o(RESET)
</UL>
<P><STRONG><a name="[28]"></a>RAMPE_IRQHandler</STRONG> (Thumb, 0 bytes, Stack size 0 bytes, startup_m480.o(.text))
<BR>[Address Reference Count : 1]<UL><LI> startup_m480.o(RESET)
</UL>
<P><STRONG><a name="[2b]"></a>RTC_IRQHandler</STRONG> (Thumb, 0 bytes, Stack size 0 bytes, startup_m480.o(.text))
<BR>[Address Reference Count : 1]<UL><LI> startup_m480.o(RESET)
</UL>
<P><STRONG><a name="[5d]"></a>SC0_IRQHandler</STRONG> (Thumb, 0 bytes, Stack size 0 bytes, startup_m480.o(.text))
<BR>[Address Reference Count : 1]<UL><LI> startup_m480.o(RESET)
</UL>
<P><STRONG><a name="[5e]"></a>SC1_IRQHandler</STRONG> (Thumb, 0 bytes, Stack size 0 bytes, startup_m480.o(.text))
<BR>[Address Reference Count : 1]<UL><LI> startup_m480.o(RESET)
</UL>
<P><STRONG><a name="[5f]"></a>SC2_IRQHandler</STRONG> (Thumb, 0 bytes, Stack size 0 bytes, startup_m480.o(.text))
<BR>[Address Reference Count : 1]<UL><LI> startup_m480.o(RESET)
</UL>
<P><STRONG><a name="[61]"></a>SDH0_IRQHandler</STRONG> (Thumb, 0 bytes, Stack size 0 bytes, startup_m480.o(.text))
<BR>[Address Reference Count : 1]<UL><LI> startup_m480.o(RESET)
</UL>
<P><STRONG><a name="[78]"></a>SDH1_IRQHandler</STRONG> (Thumb, 0 bytes, Stack size 0 bytes, startup_m480.o(.text))
<BR>[Address Reference Count : 1]<UL><LI> startup_m480.o(RESET)
</UL>
<P><STRONG><a name="[3c]"></a>SPI0_IRQHandler</STRONG> (Thumb, 0 bytes, Stack size 0 bytes, startup_m480.o(.text))
<BR>[Address Reference Count : 1]<UL><LI> startup_m480.o(RESET)
</UL>
<P><STRONG><a name="[56]"></a>SPI1_IRQHandler</STRONG> (Thumb, 0 bytes, Stack size 0 bytes, startup_m480.o(.text))
<BR>[Address Reference Count : 1]<UL><LI> startup_m480.o(RESET)
</UL>
<P><STRONG><a name="[57]"></a>SPI2_IRQHandler</STRONG> (Thumb, 0 bytes, Stack size 0 bytes, startup_m480.o(.text))
<BR>[Address Reference Count : 1]<UL><LI> startup_m480.o(RESET)
</UL>
<P><STRONG><a name="[60]"></a>SPI3_IRQHandler</STRONG> (Thumb, 0 bytes, Stack size 0 bytes, startup_m480.o(.text))
<BR>[Address Reference Count : 1]<UL><LI> startup_m480.o(RESET)
</UL>
<P><STRONG><a name="[70]"></a>SPIM_IRQHandler</STRONG> (Thumb, 0 bytes, Stack size 0 bytes, startup_m480.o(.text))
<BR>[Address Reference Count : 1]<UL><LI> startup_m480.o(RESET)
</UL>
<P><STRONG><a name="[2c]"></a>TAMPER_IRQHandler</STRONG> (Thumb, 0 bytes, Stack size 0 bytes, startup_m480.o(.text))
<BR>[Address Reference Count : 1]<UL><LI> startup_m480.o(RESET)
</UL>
<P><STRONG><a name="[45]"></a>TMR0_IRQHandler</STRONG> (Thumb, 0 bytes, Stack size 0 bytes, startup_m480.o(.text))
<BR>[Address Reference Count : 1]<UL><LI> startup_m480.o(RESET)
</UL>
<P><STRONG><a name="[46]"></a>TMR1_IRQHandler</STRONG> (Thumb, 0 bytes, Stack size 0 bytes, startup_m480.o(.text))
<BR>[Address Reference Count : 1]<UL><LI> startup_m480.o(RESET)
</UL>
<P><STRONG><a name="[47]"></a>TMR2_IRQHandler</STRONG> (Thumb, 0 bytes, Stack size 0 bytes, startup_m480.o(.text))
<BR>[Address Reference Count : 1]<UL><LI> startup_m480.o(RESET)
</UL>
<P><STRONG><a name="[48]"></a>TMR3_IRQHandler</STRONG> (Thumb, 0 bytes, Stack size 0 bytes, startup_m480.o(.text))
<BR>[Address Reference Count : 1]<UL><LI> startup_m480.o(RESET)
</UL>
<P><STRONG><a name="[49]"></a>UART0_IRQHandler</STRONG> (Thumb, 0 bytes, Stack size 0 bytes, startup_m480.o(.text))
<BR>[Address Reference Count : 1]<UL><LI> startup_m480.o(RESET)
</UL>
<P><STRONG><a name="[54]"></a>UART2_IRQHandler</STRONG> (Thumb, 0 bytes, Stack size 0 bytes, startup_m480.o(.text))
<BR>[Address Reference Count : 1]<UL><LI> startup_m480.o(RESET)
</UL>
<P><STRONG><a name="[55]"></a>UART3_IRQHandler</STRONG> (Thumb, 0 bytes, Stack size 0 bytes, startup_m480.o(.text))
<BR>[Address Reference Count : 1]<UL><LI> startup_m480.o(RESET)
</UL>
<P><STRONG><a name="[6a]"></a>UART4_IRQHandler</STRONG> (Thumb, 0 bytes, Stack size 0 bytes, startup_m480.o(.text))
<BR>[Address Reference Count : 1]<UL><LI> startup_m480.o(RESET)
</UL>
<P><STRONG><a name="[6b]"></a>UART5_IRQHandler</STRONG> (Thumb, 0 bytes, Stack size 0 bytes, startup_m480.o(.text))
<BR>[Address Reference Count : 1]<UL><LI> startup_m480.o(RESET)
</UL>
<P><STRONG><a name="[62]"></a>USBD20_IRQHandler</STRONG> (Thumb, 0 bytes, Stack size 0 bytes, startup_m480.o(.text))
<BR>[Address Reference Count : 1]<UL><LI> startup_m480.o(RESET)
</UL>
<P><STRONG><a name="[58]"></a>USBD_IRQHandler</STRONG> (Thumb, 0 bytes, Stack size 0 bytes, startup_m480.o(.text))
<BR>[Address Reference Count : 1]<UL><LI> startup_m480.o(RESET)
</UL>
<P><STRONG><a name="[7a]"></a>USBOTG20_IRQHandler</STRONG> (Thumb, 0 bytes, Stack size 0 bytes, startup_m480.o(.text))
<BR>[Address Reference Count : 1]<UL><LI> startup_m480.o(RESET)
</UL>
<P><STRONG><a name="[5a]"></a>USBOTG_IRQHandler</STRONG> (Thumb, 0 bytes, Stack size 0 bytes, startup_m480.o(.text))
<BR>[Address Reference Count : 1]<UL><LI> startup_m480.o(RESET)
</UL>
<P><STRONG><a name="[6c]"></a>USCI0_IRQHandler</STRONG> (Thumb, 0 bytes, Stack size 0 bytes, startup_m480.o(.text))
<BR>[Address Reference Count : 1]<UL><LI> startup_m480.o(RESET)
</UL>
<P><STRONG><a name="[6d]"></a>USCI1_IRQHandler</STRONG> (Thumb, 0 bytes, Stack size 0 bytes, startup_m480.o(.text))
<BR>[Address Reference Count : 1]<UL><LI> startup_m480.o(RESET)
</UL>
<P><STRONG><a name="[2d]"></a>WDT_IRQHandler</STRONG> (Thumb, 0 bytes, Stack size 0 bytes, startup_m480.o(.text))
<BR>[Address Reference Count : 1]<UL><LI> startup_m480.o(RESET)
</UL>
<P><STRONG><a name="[2e]"></a>WWDT_IRQHandler</STRONG> (Thumb, 0 bytes, Stack size 0 bytes, startup_m480.o(.text))
<BR>[Address Reference Count : 1]<UL><LI> startup_m480.o(RESET)
</UL>
<P><STRONG><a name="[11f]"></a>SystemCoreClockUpdate</STRONG> (Thumb, 74 bytes, Stack size 16 bytes, system_m480.o(.text))
<BR><BR>[Stack]<UL><LI>Max Depth = 40<LI>Call Chain = SystemCoreClockUpdate &rArr; CLK_GetPLLClockFreq
</UL>
<BR>[Calls]<UL><LI><a href="#[120]">&gt;&gt;</a>&nbsp;&nbsp;&nbsp;CLK_GetPLLClockFreq
</UL>
<BR>[Called By]<UL><LI><a href="#[131]">&gt;&gt;</a>&nbsp;&nbsp;&nbsp;prvSetupHardware
<LI><a href="#[1ce]">&gt;&gt;</a>&nbsp;&nbsp;&nbsp;CLK_SetHCLK
<LI><a href="#[1cd]">&gt;&gt;</a>&nbsp;&nbsp;&nbsp;CLK_GetCPUFreq
<LI><a href="#[1cc]">&gt;&gt;</a>&nbsp;&nbsp;&nbsp;CLK_GetHCLKFreq
<LI><a href="#[1cb]">&gt;&gt;</a>&nbsp;&nbsp;&nbsp;CLK_GetPCLK1Freq
<LI><a href="#[1ca]">&gt;&gt;</a>&nbsp;&nbsp;&nbsp;CLK_GetPCLK0Freq
</UL>

<P><STRONG><a name="[7d]"></a>SystemInit</STRONG> (Thumb, 182 bytes, Stack size 8 bytes, system_m480.o(.text))
<BR><BR>[Stack]<UL><LI>Max Depth = 16<LI>Call Chain = SystemInit &rArr; CLK_EnableModuleClock
</UL>
<BR>[Calls]<UL><LI><a href="#[122]">&gt;&gt;</a>&nbsp;&nbsp;&nbsp;SYS_ResetModule
<LI><a href="#[121]">&gt;&gt;</a>&nbsp;&nbsp;&nbsp;CLK_EnableModuleClock
</UL>
<BR>[Address Reference Count : 1]<UL><LI> startup_m480.o(.text)
</UL>
<P><STRONG><a name="[123]"></a>adc_trng_gen_bit</STRONG> (Thumb, 110 bytes, Stack size 24 bytes, entropy_hardware_poll.o(.text))
<BR><BR>[Stack]<UL><LI>Max Depth = 24<LI>Call Chain = adc_trng_gen_bit
</UL>
<BR>[Calls]<UL><LI><a href="#[124]">&gt;&gt;</a>&nbsp;&nbsp;&nbsp;get_adc_bg_val
</UL>
<BR>[Called By]<UL><LI><a href="#[125]">&gt;&gt;</a>&nbsp;&nbsp;&nbsp;adc_trng_gen_rnd
</UL>

<P><STRONG><a name="[125]"></a>adc_trng_gen_rnd</STRONG> (Thumb, 26 bytes, Stack size 16 bytes, entropy_hardware_poll.o(.text))
<BR><BR>[Stack]<UL><LI>Max Depth = 40<LI>Call Chain = adc_trng_gen_rnd &rArr; adc_trng_gen_bit
</UL>
<BR>[Calls]<UL><LI><a href="#[123]">&gt;&gt;</a>&nbsp;&nbsp;&nbsp;adc_trng_gen_bit
</UL>
<BR>[Called By]<UL><LI><a href="#[126]">&gt;&gt;</a>&nbsp;&nbsp;&nbsp;init_adc_init
<LI><a href="#[127]">&gt;&gt;</a>&nbsp;&nbsp;&nbsp;trng_get
</UL>

<P><STRONG><a name="[126]"></a>init_adc_init</STRONG> (Thumb, 148 bytes, Stack size 8 bytes, entropy_hardware_poll.o(.text))
<BR><BR>[Stack]<UL><LI>Max Depth = 48<LI>Call Chain = init_adc_init &rArr; adc_trng_gen_rnd &rArr; adc_trng_gen_bit
</UL>
<BR>[Calls]<UL><LI><a href="#[125]">&gt;&gt;</a>&nbsp;&nbsp;&nbsp;adc_trng_gen_rnd
<LI><a href="#[124]">&gt;&gt;</a>&nbsp;&nbsp;&nbsp;get_adc_bg_val
</UL>
<BR>[Called By]<UL><LI><a href="#[12c]">&gt;&gt;</a>&nbsp;&nbsp;&nbsp;numaker_ulRand
<LI><a href="#[b9]">&gt;&gt;</a>&nbsp;&nbsp;&nbsp;mbedtls_hardware_poll
</UL>

<P><STRONG><a name="[67]"></a>CRYPTO_IRQHandler</STRONG> (Thumb, 48 bytes, Stack size 0 bytes, entropy_hardware_poll.o(.text))
<BR>[Address Reference Count : 1]<UL><LI> startup_m480.o(RESET)
</UL>
<P><STRONG><a name="[b9]"></a>mbedtls_hardware_poll</STRONG> (Thumb, 68 bytes, Stack size 56 bytes, entropy_hardware_poll.o(.text))
<BR><BR>[Stack]<UL><LI>Max Depth = 112<LI>Call Chain = mbedtls_hardware_poll &rArr; trng_get &rArr; adc_trng_gen_rnd &rArr; adc_trng_gen_bit
</UL>
<BR>[Calls]<UL><LI><a href="#[126]">&gt;&gt;</a>&nbsp;&nbsp;&nbsp;init_adc_init
<LI><a href="#[127]">&gt;&gt;</a>&nbsp;&nbsp;&nbsp;trng_get
<LI><a href="#[12b]">&gt;&gt;</a>&nbsp;&nbsp;&nbsp;__aeabi_memcpy
</UL>
<BR>[Called By]<UL><LI><a href="#[3bb]">&gt;&gt;</a>&nbsp;&nbsp;&nbsp;mbedtls_entropy_source_self_test_gather
</UL>
<BR>[Address Reference Count : 1]<UL><LI> entropy.o(.text)
</UL>
<P><STRONG><a name="[12c]"></a>numaker_ulRand</STRONG> (Thumb, 20 bytes, Stack size 40 bytes, entropy_hardware_poll.o(.text), UNUSED)
<BR><BR>[Calls]<UL><LI><a href="#[126]">&gt;&gt;</a>&nbsp;&nbsp;&nbsp;init_adc_init
<LI><a href="#[127]">&gt;&gt;</a>&nbsp;&nbsp;&nbsp;trng_get
</UL>

<P><STRONG><a name="[7b]"></a>main</STRONG> (Thumb, 50 bytes, Stack size 16 bytes, main.o(.text))
<BR><BR>[Stack]<UL><LI>Max Depth = 328<LI>Call Chain = main &rArr; vDevModeKeyProvisioning &rArr; vAlternateKeyProvisioning &rArr; xProvisionDevice &rArr; xProvisionCertificate &rArr; convert_pem_to_der &rArr; mbedtls_base64_decode
</UL>
<BR>[Calls]<UL><LI><a href="#[139]">&gt;&gt;</a>&nbsp;&nbsp;&nbsp;xTaskCreate
<LI><a href="#[13b]">&gt;&gt;</a>&nbsp;&nbsp;&nbsp;vTaskStartScheduler
<LI><a href="#[13a]">&gt;&gt;</a>&nbsp;&nbsp;&nbsp;vDevModeKeyProvisioning
<LI><a href="#[137]">&gt;&gt;</a>&nbsp;&nbsp;&nbsp;prvMiscInitialization
<LI><a href="#[12e]">&gt;&gt;</a>&nbsp;&nbsp;&nbsp;__2printf
</UL>
<BR>[Address Reference Count : 1]<UL><LI> entry9a.o(.ARM.Collect$$$$0000000B)
</UL>
<P><STRONG><a name="[140]"></a>vApplicationDaemonTaskStartupHook</STRONG> (Thumb, 20 bytes, Stack size 8 bytes, main.o(.text))
<BR><BR>[Stack]<UL><LI>Max Depth = 344<LI>Call Chain = vApplicationDaemonTaskStartupHook &rArr; prvWifiConnect &rArr; WIFI_ConnectAP &rArr; ESP_WIFI_Connect &rArr; ESP_WIFI_SetMultiConn &rArr; ESP_AT_Command &rArr; ESP_IO_Recv &rArr; atoi &rArr; strtol &rArr; _strtoul
</UL>
<BR>[Calls]<UL><LI><a href="#[141]">&gt;&gt;</a>&nbsp;&nbsp;&nbsp;SYSTEM_Init
<LI><a href="#[142]">&gt;&gt;</a>&nbsp;&nbsp;&nbsp;DEMO_RUNNER_RunDemos
<LI><a href="#[13c]">&gt;&gt;</a>&nbsp;&nbsp;&nbsp;prvWifiConnect
</UL>
<BR>[Called By]<UL><LI><a href="#[81]">&gt;&gt;</a>&nbsp;&nbsp;&nbsp;prvTimerTask
</UL>

<P><STRONG><a name="[143]"></a>vAssertCalled</STRONG> (Thumb, 78 bytes, Stack size 32 bytes, main.o(.text), UNUSED)
<BR><BR>[Calls]<UL><LI><a href="#[130]">&gt;&gt;</a>&nbsp;&nbsp;&nbsp;vTaskDelay
<LI><a href="#[12e]">&gt;&gt;</a>&nbsp;&nbsp;&nbsp;__2printf
</UL>

<P><STRONG><a name="[144]"></a>vApplicationIdleHook</STRONG> (Thumb, 42 bytes, Stack size 16 bytes, main.o(.text))
<BR><BR>[Stack]<UL><LI>Max Depth = 16<LI>Call Chain = vApplicationIdleHook
</UL>
<BR>[Calls]<UL><LI><a href="#[12d]">&gt;&gt;</a>&nbsp;&nbsp;&nbsp;xTaskGetTickCount
</UL>
<BR>[Called By]<UL><LI><a href="#[80]">&gt;&gt;</a>&nbsp;&nbsp;&nbsp;prvIdleTask
</UL>

<P><STRONG><a name="[190]"></a>vApplicationTickHook</STRONG> (Thumb, 12 bytes, Stack size 0 bytes, main.o(.text))
<BR><BR>[Called By]<UL><LI><a href="#[18f]">&gt;&gt;</a>&nbsp;&nbsp;&nbsp;xTaskIncrementTick
</UL>

<P><STRONG><a name="[145]"></a>xEventGroupCreateStatic</STRONG> (Thumb, 90 bytes, Stack size 16 bytes, event_groups.o(.text))
<BR><BR>[Stack]<UL><LI>Max Depth = 16<LI>Call Chain = xEventGroupCreateStatic
</UL>
<BR>[Calls]<UL><LI><a href="#[146]">&gt;&gt;</a>&nbsp;&nbsp;&nbsp;vListInitialise
</UL>
<BR>[Called By]<UL><LI><a href="#[10d]">&gt;&gt;</a>&nbsp;&nbsp;&nbsp;IotNetworkAfr_Create
</UL>

<P><STRONG><a name="[147]"></a>xEventGroupCreate</STRONG> (Thumb, 30 bytes, Stack size 8 bytes, event_groups.o(.text), UNUSED)
<BR><BR>[Calls]<UL><LI><a href="#[146]">&gt;&gt;</a>&nbsp;&nbsp;&nbsp;vListInitialise
<LI><a href="#[148]">&gt;&gt;</a>&nbsp;&nbsp;&nbsp;pvPortMalloc
</UL>

<P><STRONG><a name="[149]"></a>xEventGroupSetBits</STRONG> (Thumb, 206 bytes, Stack size 48 bytes, event_groups.o(.text))
<BR><BR>[Stack]<UL><LI>Max Depth = 88<LI>Call Chain = xEventGroupSetBits &rArr; xTaskResumeAll &rArr; xTaskIncrementTick
</UL>
<BR>[Calls]<UL><LI><a href="#[14c]">&gt;&gt;</a>&nbsp;&nbsp;&nbsp;xTaskResumeAll
<LI><a href="#[14a]">&gt;&gt;</a>&nbsp;&nbsp;&nbsp;vTaskSuspendAll
<LI><a href="#[14b]">&gt;&gt;</a>&nbsp;&nbsp;&nbsp;vTaskRemoveFromUnorderedEventList
</UL>
<BR>[Called By]<UL><LI><a href="#[157]">&gt;&gt;</a>&nbsp;&nbsp;&nbsp;vEventGroupSetBitsCallback
<LI><a href="#[14d]">&gt;&gt;</a>&nbsp;&nbsp;&nbsp;xEventGroupSync
<LI><a href="#[112]">&gt;&gt;</a>&nbsp;&nbsp;&nbsp;IotNetworkAfr_Destroy
<LI><a href="#[111]">&gt;&gt;</a>&nbsp;&nbsp;&nbsp;IotNetworkAfr_Close
<LI><a href="#[c2]">&gt;&gt;</a>&nbsp;&nbsp;&nbsp;_networkReceiveTask
</UL>

<P><STRONG><a name="[14d]"></a>xEventGroupSync</STRONG> (Thumb, 268 bytes, Stack size 40 bytes, event_groups.o(.text), UNUSED)
<BR><BR>[Calls]<UL><LI><a href="#[14c]">&gt;&gt;</a>&nbsp;&nbsp;&nbsp;xTaskResumeAll
<LI><a href="#[14e]">&gt;&gt;</a>&nbsp;&nbsp;&nbsp;xTaskGetSchedulerState
<LI><a href="#[14a]">&gt;&gt;</a>&nbsp;&nbsp;&nbsp;vTaskSuspendAll
<LI><a href="#[14f]">&gt;&gt;</a>&nbsp;&nbsp;&nbsp;vTaskPlaceOnUnorderedEventList
<LI><a href="#[152]">&gt;&gt;</a>&nbsp;&nbsp;&nbsp;vPortExitCritical
<LI><a href="#[151]">&gt;&gt;</a>&nbsp;&nbsp;&nbsp;vPortEnterCritical
<LI><a href="#[150]">&gt;&gt;</a>&nbsp;&nbsp;&nbsp;uxTaskResetEventItemValue
<LI><a href="#[149]">&gt;&gt;</a>&nbsp;&nbsp;&nbsp;xEventGroupSetBits
</UL>

<P><STRONG><a name="[153]"></a>xEventGroupWaitBits</STRONG> (Thumb, 338 bytes, Stack size 64 bytes, event_groups.o(.text))
<BR><BR>[Stack]<UL><LI>Max Depth = 112<LI>Call Chain = xEventGroupWaitBits &rArr; vTaskPlaceOnUnorderedEventList &rArr; prvAddCurrentTaskToDelayedList &rArr; vListInsert
</UL>
<BR>[Calls]<UL><LI><a href="#[14c]">&gt;&gt;</a>&nbsp;&nbsp;&nbsp;xTaskResumeAll
<LI><a href="#[14e]">&gt;&gt;</a>&nbsp;&nbsp;&nbsp;xTaskGetSchedulerState
<LI><a href="#[14a]">&gt;&gt;</a>&nbsp;&nbsp;&nbsp;vTaskSuspendAll
<LI><a href="#[14f]">&gt;&gt;</a>&nbsp;&nbsp;&nbsp;vTaskPlaceOnUnorderedEventList
<LI><a href="#[152]">&gt;&gt;</a>&nbsp;&nbsp;&nbsp;vPortExitCritical
<LI><a href="#[151]">&gt;&gt;</a>&nbsp;&nbsp;&nbsp;vPortEnterCritical
<LI><a href="#[150]">&gt;&gt;</a>&nbsp;&nbsp;&nbsp;uxTaskResetEventItemValue
<LI><a href="#[154]">&gt;&gt;</a>&nbsp;&nbsp;&nbsp;prvTestWaitCondition
</UL>
<BR>[Called By]<UL><LI><a href="#[112]">&gt;&gt;</a>&nbsp;&nbsp;&nbsp;IotNetworkAfr_Destroy
</UL>

<P><STRONG><a name="[155]"></a>xEventGroupClearBits</STRONG> (Thumb, 92 bytes, Stack size 24 bytes, event_groups.o(.text))
<BR><BR>[Stack]<UL><LI>Max Depth = 24<LI>Call Chain = xEventGroupClearBits
</UL>
<BR>[Calls]<UL><LI><a href="#[152]">&gt;&gt;</a>&nbsp;&nbsp;&nbsp;vPortExitCritical
<LI><a href="#[151]">&gt;&gt;</a>&nbsp;&nbsp;&nbsp;vPortEnterCritical
</UL>
<BR>[Called By]<UL><LI><a href="#[158]">&gt;&gt;</a>&nbsp;&nbsp;&nbsp;vEventGroupClearBitsCallback
<LI><a href="#[10e]">&gt;&gt;</a>&nbsp;&nbsp;&nbsp;IotNetworkAfr_SetReceiveCallback
<LI><a href="#[c2]">&gt;&gt;</a>&nbsp;&nbsp;&nbsp;_networkReceiveTask
</UL>

<P><STRONG><a name="[534]"></a>xEventGroupGetBitsFromISR</STRONG> (Thumb, 44 bytes, Stack size 16 bytes, event_groups.o(.text), UNUSED)

<P><STRONG><a name="[156]"></a>vEventGroupDelete</STRONG> (Thumb, 86 bytes, Stack size 16 bytes, event_groups.o(.text), UNUSED)
<BR><BR>[Calls]<UL><LI><a href="#[14c]">&gt;&gt;</a>&nbsp;&nbsp;&nbsp;xTaskResumeAll
<LI><a href="#[14a]">&gt;&gt;</a>&nbsp;&nbsp;&nbsp;vTaskSuspendAll
<LI><a href="#[14b]">&gt;&gt;</a>&nbsp;&nbsp;&nbsp;vTaskRemoveFromUnorderedEventList
<LI><a href="#[88]">&gt;&gt;</a>&nbsp;&nbsp;&nbsp;vPortFree
</UL>

<P><STRONG><a name="[157]"></a>vEventGroupSetBitsCallback</STRONG> (Thumb, 16 bytes, Stack size 16 bytes, event_groups.o(.text), UNUSED)
<BR><BR>[Calls]<UL><LI><a href="#[149]">&gt;&gt;</a>&nbsp;&nbsp;&nbsp;xEventGroupSetBits
</UL>

<P><STRONG><a name="[158]"></a>vEventGroupClearBitsCallback</STRONG> (Thumb, 16 bytes, Stack size 16 bytes, event_groups.o(.text), UNUSED)
<BR><BR>[Calls]<UL><LI><a href="#[155]">&gt;&gt;</a>&nbsp;&nbsp;&nbsp;xEventGroupClearBits
</UL>

<P><STRONG><a name="[535]"></a>uxEventGroupGetNumber</STRONG> (Thumb, 14 bytes, Stack size 0 bytes, event_groups.o(.text), UNUSED)

<P><STRONG><a name="[536]"></a>vEventGroupSetNumber</STRONG> (Thumb, 4 bytes, Stack size 0 bytes, event_groups.o(.text), UNUSED)

<P><STRONG><a name="[146]"></a>vListInitialise</STRONG> (Thumb, 26 bytes, Stack size 0 bytes, list.o(.text))
<BR><BR>[Called By]<UL><LI><a href="#[159]">&gt;&gt;</a>&nbsp;&nbsp;&nbsp;xQueueGenericReset
<LI><a href="#[147]">&gt;&gt;</a>&nbsp;&nbsp;&nbsp;xEventGroupCreate
<LI><a href="#[145]">&gt;&gt;</a>&nbsp;&nbsp;&nbsp;xEventGroupCreateStatic
<LI><a href="#[1b6]">&gt;&gt;</a>&nbsp;&nbsp;&nbsp;prvCheckForValidListAndQueue
<LI><a href="#[183]">&gt;&gt;</a>&nbsp;&nbsp;&nbsp;prvInitialiseTaskLists
</UL>

<P><STRONG><a name="[188]"></a>vListInitialiseItem</STRONG> (Thumb, 6 bytes, Stack size 0 bytes, list.o(.text))
<BR><BR>[Called By]<UL><LI><a href="#[1b9]">&gt;&gt;</a>&nbsp;&nbsp;&nbsp;prvInitialiseNewTimer
<LI><a href="#[186]">&gt;&gt;</a>&nbsp;&nbsp;&nbsp;prvInitialiseNewTask
</UL>

<P><STRONG><a name="[185]"></a>vListInsertEnd</STRONG> (Thumb, 24 bytes, Stack size 0 bytes, list.o(.text))
<BR><BR>[Called By]<UL><LI><a href="#[15a]">&gt;&gt;</a>&nbsp;&nbsp;&nbsp;xTaskRemoveFromEventList
<LI><a href="#[16f]">&gt;&gt;</a>&nbsp;&nbsp;&nbsp;xTaskPriorityInherit
<LI><a href="#[162]">&gt;&gt;</a>&nbsp;&nbsp;&nbsp;xTaskPriorityDisinherit
<LI><a href="#[171]">&gt;&gt;</a>&nbsp;&nbsp;&nbsp;vTaskPriorityDisinheritAfterTimeout
<LI><a href="#[182]">&gt;&gt;</a>&nbsp;&nbsp;&nbsp;vTaskPlaceOnEventListRestricted
<LI><a href="#[14c]">&gt;&gt;</a>&nbsp;&nbsp;&nbsp;xTaskResumeAll
<LI><a href="#[14b]">&gt;&gt;</a>&nbsp;&nbsp;&nbsp;vTaskRemoveFromUnorderedEventList
<LI><a href="#[14f]">&gt;&gt;</a>&nbsp;&nbsp;&nbsp;vTaskPlaceOnUnorderedEventList
<LI><a href="#[1ac]">&gt;&gt;</a>&nbsp;&nbsp;&nbsp;vTaskNotifyGiveFromISR
<LI><a href="#[19b]">&gt;&gt;</a>&nbsp;&nbsp;&nbsp;xTaskResumeFromISR
<LI><a href="#[199]">&gt;&gt;</a>&nbsp;&nbsp;&nbsp;vTaskResume
<LI><a href="#[198]">&gt;&gt;</a>&nbsp;&nbsp;&nbsp;vTaskSuspend
<LI><a href="#[196]">&gt;&gt;</a>&nbsp;&nbsp;&nbsp;vTaskPrioritySet
<LI><a href="#[18f]">&gt;&gt;</a>&nbsp;&nbsp;&nbsp;xTaskIncrementTick
<LI><a href="#[18c]">&gt;&gt;</a>&nbsp;&nbsp;&nbsp;vTaskDelete
<LI><a href="#[191]">&gt;&gt;</a>&nbsp;&nbsp;&nbsp;prvAddCurrentTaskToDelayedList
<LI><a href="#[184]">&gt;&gt;</a>&nbsp;&nbsp;&nbsp;prvAddNewTaskToReadyList
<LI><a href="#[1ab]">&gt;&gt;</a>&nbsp;&nbsp;&nbsp;xTaskGenericNotifyFromISR
<LI><a href="#[1aa]">&gt;&gt;</a>&nbsp;&nbsp;&nbsp;xTaskGenericNotify
</UL>

<P><STRONG><a name="[192]"></a>vListInsert</STRONG> (Thumb, 52 bytes, Stack size 8 bytes, list.o(.text))
<BR><BR>[Stack]<UL><LI>Max Depth = 8<LI>Call Chain = vListInsert
</UL>
<BR>[Called By]<UL><LI><a href="#[166]">&gt;&gt;</a>&nbsp;&nbsp;&nbsp;vTaskPlaceOnEventList
<LI><a href="#[1b0]">&gt;&gt;</a>&nbsp;&nbsp;&nbsp;prvSwitchTimerLists
<LI><a href="#[1ae]">&gt;&gt;</a>&nbsp;&nbsp;&nbsp;prvInsertTimerInActiveList
<LI><a href="#[191]">&gt;&gt;</a>&nbsp;&nbsp;&nbsp;prvAddCurrentTaskToDelayedList
</UL>

<P><STRONG><a name="[18d]"></a>uxListRemove</STRONG> (Thumb, 40 bytes, Stack size 0 bytes, list.o(.text))
<BR><BR>[Called By]<UL><LI><a href="#[15a]">&gt;&gt;</a>&nbsp;&nbsp;&nbsp;xTaskRemoveFromEventList
<LI><a href="#[16f]">&gt;&gt;</a>&nbsp;&nbsp;&nbsp;xTaskPriorityInherit
<LI><a href="#[162]">&gt;&gt;</a>&nbsp;&nbsp;&nbsp;xTaskPriorityDisinherit
<LI><a href="#[171]">&gt;&gt;</a>&nbsp;&nbsp;&nbsp;vTaskPriorityDisinheritAfterTimeout
<LI><a href="#[14c]">&gt;&gt;</a>&nbsp;&nbsp;&nbsp;xTaskResumeAll
<LI><a href="#[14b]">&gt;&gt;</a>&nbsp;&nbsp;&nbsp;vTaskRemoveFromUnorderedEventList
<LI><a href="#[1b3]">&gt;&gt;</a>&nbsp;&nbsp;&nbsp;prvProcessExpiredTimer
<LI><a href="#[1b2]">&gt;&gt;</a>&nbsp;&nbsp;&nbsp;prvProcessReceivedCommands
<LI><a href="#[1b0]">&gt;&gt;</a>&nbsp;&nbsp;&nbsp;prvSwitchTimerLists
<LI><a href="#[1ac]">&gt;&gt;</a>&nbsp;&nbsp;&nbsp;vTaskNotifyGiveFromISR
<LI><a href="#[19b]">&gt;&gt;</a>&nbsp;&nbsp;&nbsp;xTaskResumeFromISR
<LI><a href="#[199]">&gt;&gt;</a>&nbsp;&nbsp;&nbsp;vTaskResume
<LI><a href="#[198]">&gt;&gt;</a>&nbsp;&nbsp;&nbsp;vTaskSuspend
<LI><a href="#[196]">&gt;&gt;</a>&nbsp;&nbsp;&nbsp;vTaskPrioritySet
<LI><a href="#[18f]">&gt;&gt;</a>&nbsp;&nbsp;&nbsp;xTaskIncrementTick
<LI><a href="#[18c]">&gt;&gt;</a>&nbsp;&nbsp;&nbsp;vTaskDelete
<LI><a href="#[19c]">&gt;&gt;</a>&nbsp;&nbsp;&nbsp;prvCheckTasksWaitingTermination
<LI><a href="#[191]">&gt;&gt;</a>&nbsp;&nbsp;&nbsp;prvAddCurrentTaskToDelayedList
<LI><a href="#[1ab]">&gt;&gt;</a>&nbsp;&nbsp;&nbsp;xTaskGenericNotifyFromISR
<LI><a href="#[1aa]">&gt;&gt;</a>&nbsp;&nbsp;&nbsp;xTaskGenericNotify
</UL>

<P><STRONG><a name="[159]"></a>xQueueGenericReset</STRONG> (Thumb, 146 bytes, Stack size 16 bytes, queue.o(.text))
<BR><BR>[Stack]<UL><LI>Max Depth = 32<LI>Call Chain = xQueueGenericReset &rArr; xTaskRemoveFromEventList
</UL>
<BR>[Calls]<UL><LI><a href="#[15a]">&gt;&gt;</a>&nbsp;&nbsp;&nbsp;xTaskRemoveFromEventList
<LI><a href="#[152]">&gt;&gt;</a>&nbsp;&nbsp;&nbsp;vPortExitCritical
<LI><a href="#[151]">&gt;&gt;</a>&nbsp;&nbsp;&nbsp;vPortEnterCritical
<LI><a href="#[146]">&gt;&gt;</a>&nbsp;&nbsp;&nbsp;vListInitialise
</UL>
<BR>[Called By]<UL><LI><a href="#[15b]">&gt;&gt;</a>&nbsp;&nbsp;&nbsp;prvInitialiseNewQueue
</UL>

<P><STRONG><a name="[15c]"></a>xQueueGenericCreateStatic</STRONG> (Thumb, 224 bytes, Stack size 32 bytes, queue.o(.text))
<BR><BR>[Stack]<UL><LI>Max Depth = 88<LI>Call Chain = xQueueGenericCreateStatic &rArr; prvInitialiseNewQueue &rArr; xQueueGenericReset &rArr; xTaskRemoveFromEventList
</UL>
<BR>[Calls]<UL><LI><a href="#[15b]">&gt;&gt;</a>&nbsp;&nbsp;&nbsp;prvInitialiseNewQueue
</UL>
<BR>[Called By]<UL><LI><a href="#[173]">&gt;&gt;</a>&nbsp;&nbsp;&nbsp;xQueueCreateCountingSemaphoreStatic
<LI><a href="#[169]">&gt;&gt;</a>&nbsp;&nbsp;&nbsp;xQueueCreateMutexStatic
<LI><a href="#[1b6]">&gt;&gt;</a>&nbsp;&nbsp;&nbsp;prvCheckForValidListAndQueue
</UL>

<P><STRONG><a name="[15d]"></a>xQueueGenericCreate</STRONG> (Thumb, 96 bytes, Stack size 32 bytes, queue.o(.text))
<BR><BR>[Stack]<UL><LI>Max Depth = 96<LI>Call Chain = xQueueGenericCreate &rArr; pvPortMalloc &rArr; xTaskResumeAll &rArr; xTaskIncrementTick
</UL>
<BR>[Calls]<UL><LI><a href="#[15b]">&gt;&gt;</a>&nbsp;&nbsp;&nbsp;prvInitialiseNewQueue
<LI><a href="#[148]">&gt;&gt;</a>&nbsp;&nbsp;&nbsp;pvPortMalloc
</UL>
<BR>[Called By]<UL><LI><a href="#[174]">&gt;&gt;</a>&nbsp;&nbsp;&nbsp;xQueueCreateCountingSemaphore
<LI><a href="#[168]">&gt;&gt;</a>&nbsp;&nbsp;&nbsp;xQueueCreateMutex
<LI><a href="#[138]">&gt;&gt;</a>&nbsp;&nbsp;&nbsp;xLoggingTaskInitialize
</UL>

<P><STRONG><a name="[163]"></a>xQueueGenericSend</STRONG> (Thumb, 426 bytes, Stack size 56 bytes, queue.o(.text))
<BR><BR>[Stack]<UL><LI>Max Depth = 104<LI>Call Chain = xQueueGenericSend &rArr; vTaskPlaceOnEventList &rArr; prvAddCurrentTaskToDelayedList &rArr; vListInsert
</UL>
<BR>[Calls]<UL><LI><a href="#[15a]">&gt;&gt;</a>&nbsp;&nbsp;&nbsp;xTaskRemoveFromEventList
<LI><a href="#[165]">&gt;&gt;</a>&nbsp;&nbsp;&nbsp;xTaskCheckForTimeOut
<LI><a href="#[166]">&gt;&gt;</a>&nbsp;&nbsp;&nbsp;vTaskPlaceOnEventList
<LI><a href="#[164]">&gt;&gt;</a>&nbsp;&nbsp;&nbsp;vTaskInternalSetTimeOutState
<LI><a href="#[161]">&gt;&gt;</a>&nbsp;&nbsp;&nbsp;prvCopyDataToQueue
<LI><a href="#[160]">&gt;&gt;</a>&nbsp;&nbsp;&nbsp;prvIsQueueFull
<LI><a href="#[15e]">&gt;&gt;</a>&nbsp;&nbsp;&nbsp;prvUnlockQueue
<LI><a href="#[14c]">&gt;&gt;</a>&nbsp;&nbsp;&nbsp;xTaskResumeAll
<LI><a href="#[14e]">&gt;&gt;</a>&nbsp;&nbsp;&nbsp;xTaskGetSchedulerState
<LI><a href="#[14a]">&gt;&gt;</a>&nbsp;&nbsp;&nbsp;vTaskSuspendAll
<LI><a href="#[152]">&gt;&gt;</a>&nbsp;&nbsp;&nbsp;vPortExitCritical
<LI><a href="#[151]">&gt;&gt;</a>&nbsp;&nbsp;&nbsp;vPortEnterCritical
</UL>
<BR>[Called By]<UL><LI><a href="#[16a]">&gt;&gt;</a>&nbsp;&nbsp;&nbsp;xQueueGiveMutexRecursive
<LI><a href="#[167]">&gt;&gt;</a>&nbsp;&nbsp;&nbsp;prvInitialiseMutex
<LI><a href="#[13d]">&gt;&gt;</a>&nbsp;&nbsp;&nbsp;WIFI_On
<LI><a href="#[13f]">&gt;&gt;</a>&nbsp;&nbsp;&nbsp;WIFI_GetIP
<LI><a href="#[13e]">&gt;&gt;</a>&nbsp;&nbsp;&nbsp;WIFI_ConnectAP
<LI><a href="#[1f4]">&gt;&gt;</a>&nbsp;&nbsp;&nbsp;vLoggingPrint
<LI><a href="#[1ef]">&gt;&gt;</a>&nbsp;&nbsp;&nbsp;vLoggingPrintf
<LI><a href="#[2c8]">&gt;&gt;</a>&nbsp;&nbsp;&nbsp;SOCKETS_Connect
<LI><a href="#[2d0]">&gt;&gt;</a>&nbsp;&nbsp;&nbsp;SOCKETS_Close
<LI><a href="#[1af]">&gt;&gt;</a>&nbsp;&nbsp;&nbsp;xTimerGenericCommand
<LI><a href="#[a7]">&gt;&gt;</a>&nbsp;&nbsp;&nbsp;prvNetworkRecv
<LI><a href="#[a8]">&gt;&gt;</a>&nbsp;&nbsp;&nbsp;prvNetworkSend
<LI><a href="#[2c5]">&gt;&gt;</a>&nbsp;&nbsp;&nbsp;prvIsValidSocket
<LI><a href="#[2c4]">&gt;&gt;</a>&nbsp;&nbsp;&nbsp;prvReturnSocket
<LI><a href="#[2c3]">&gt;&gt;</a>&nbsp;&nbsp;&nbsp;prvGetFreeSocket
<LI><a href="#[13]">&gt;&gt;</a>&nbsp;&nbsp;&nbsp;C_Verify
<LI><a href="#[12]">&gt;&gt;</a>&nbsp;&nbsp;&nbsp;C_VerifyInit
<LI><a href="#[11]">&gt;&gt;</a>&nbsp;&nbsp;&nbsp;C_Sign
<LI><a href="#[10]">&gt;&gt;</a>&nbsp;&nbsp;&nbsp;C_SignInit
<LI><a href="#[2a5]">&gt;&gt;</a>&nbsp;&nbsp;&nbsp;aws_mbedtls_mutex_unlock
<LI><a href="#[2d4]">&gt;&gt;</a>&nbsp;&nbsp;&nbsp;SOCKETS_GetHostByName
<LI><a href="#[26f]">&gt;&gt;</a>&nbsp;&nbsp;&nbsp;IotMutex_Unlock
<LI><a href="#[22f]">&gt;&gt;</a>&nbsp;&nbsp;&nbsp;WIFI_IsConnected
<LI><a href="#[22d]">&gt;&gt;</a>&nbsp;&nbsp;&nbsp;WIFI_GetHostIP
<LI><a href="#[22c]">&gt;&gt;</a>&nbsp;&nbsp;&nbsp;WIFI_GetMAC
<LI><a href="#[22a]">&gt;&gt;</a>&nbsp;&nbsp;&nbsp;WIFI_Ping
<LI><a href="#[228]">&gt;&gt;</a>&nbsp;&nbsp;&nbsp;WIFI_Scan
<LI><a href="#[226]">&gt;&gt;</a>&nbsp;&nbsp;&nbsp;WIFI_Reset
<LI><a href="#[225]">&gt;&gt;</a>&nbsp;&nbsp;&nbsp;WIFI_Disconnect
<LI><a href="#[201]">&gt;&gt;</a>&nbsp;&nbsp;&nbsp;IotSemaphore_Post
<LI><a href="#[10f]">&gt;&gt;</a>&nbsp;&nbsp;&nbsp;IotNetworkAfr_Send
</UL>

<P><STRONG><a name="[168]"></a>xQueueCreateMutex</STRONG> (Thumb, 34 bytes, Stack size 24 bytes, queue.o(.text))
<BR><BR>[Stack]<UL><LI>Max Depth = 136<LI>Call Chain = xQueueCreateMutex &rArr; prvInitialiseMutex &rArr; xQueueGenericSend &rArr; vTaskPlaceOnEventList &rArr; prvAddCurrentTaskToDelayedList &rArr; vListInsert
</UL>
<BR>[Calls]<UL><LI><a href="#[15d]">&gt;&gt;</a>&nbsp;&nbsp;&nbsp;xQueueGenericCreate
<LI><a href="#[167]">&gt;&gt;</a>&nbsp;&nbsp;&nbsp;prvInitialiseMutex
</UL>
<BR>[Called By]<UL><LI><a href="#[5]">&gt;&gt;</a>&nbsp;&nbsp;&nbsp;C_OpenSession
<LI><a href="#[2a2]">&gt;&gt;</a>&nbsp;&nbsp;&nbsp;aws_mbedtls_mutex_init
<LI><a href="#[2d5]">&gt;&gt;</a>&nbsp;&nbsp;&nbsp;SOCKETS_Init
</UL>

<P><STRONG><a name="[169]"></a>xQueueCreateMutexStatic</STRONG> (Thumb, 42 bytes, Stack size 32 bytes, queue.o(.text))
<BR><BR>[Stack]<UL><LI>Max Depth = 144<LI>Call Chain = xQueueCreateMutexStatic &rArr; prvInitialiseMutex &rArr; xQueueGenericSend &rArr; vTaskPlaceOnEventList &rArr; prvAddCurrentTaskToDelayedList &rArr; vListInsert
</UL>
<BR>[Calls]<UL><LI><a href="#[15c]">&gt;&gt;</a>&nbsp;&nbsp;&nbsp;xQueueGenericCreateStatic
<LI><a href="#[167]">&gt;&gt;</a>&nbsp;&nbsp;&nbsp;prvInitialiseMutex
</UL>
<BR>[Called By]<UL><LI><a href="#[13d]">&gt;&gt;</a>&nbsp;&nbsp;&nbsp;WIFI_On
<LI><a href="#[269]">&gt;&gt;</a>&nbsp;&nbsp;&nbsp;IotMutex_Create
<LI><a href="#[10d]">&gt;&gt;</a>&nbsp;&nbsp;&nbsp;IotNetworkAfr_Create
</UL>

<P><STRONG><a name="[16a]"></a>xQueueGiveMutexRecursive</STRONG> (Thumb, 72 bytes, Stack size 16 bytes, queue.o(.text))
<BR><BR>[Stack]<UL><LI>Max Depth = 120<LI>Call Chain = xQueueGiveMutexRecursive &rArr; xQueueGenericSend &rArr; vTaskPlaceOnEventList &rArr; prvAddCurrentTaskToDelayedList &rArr; vListInsert
</UL>
<BR>[Calls]<UL><LI><a href="#[16b]">&gt;&gt;</a>&nbsp;&nbsp;&nbsp;xTaskGetCurrentTaskHandle
<LI><a href="#[163]">&gt;&gt;</a>&nbsp;&nbsp;&nbsp;xQueueGenericSend
</UL>
<BR>[Called By]<UL><LI><a href="#[26f]">&gt;&gt;</a>&nbsp;&nbsp;&nbsp;IotMutex_Unlock
</UL>

<P><STRONG><a name="[16d]"></a>xQueueSemaphoreTake</STRONG> (Thumb, 434 bytes, Stack size 40 bytes, queue.o(.text))
<BR><BR>[Stack]<UL><LI>Max Depth = 88<LI>Call Chain = xQueueSemaphoreTake &rArr; vTaskPlaceOnEventList &rArr; prvAddCurrentTaskToDelayedList &rArr; vListInsert
</UL>
<BR>[Calls]<UL><LI><a href="#[15a]">&gt;&gt;</a>&nbsp;&nbsp;&nbsp;xTaskRemoveFromEventList
<LI><a href="#[16f]">&gt;&gt;</a>&nbsp;&nbsp;&nbsp;xTaskPriorityInherit
<LI><a href="#[165]">&gt;&gt;</a>&nbsp;&nbsp;&nbsp;xTaskCheckForTimeOut
<LI><a href="#[171]">&gt;&gt;</a>&nbsp;&nbsp;&nbsp;vTaskPriorityDisinheritAfterTimeout
<LI><a href="#[166]">&gt;&gt;</a>&nbsp;&nbsp;&nbsp;vTaskPlaceOnEventList
<LI><a href="#[164]">&gt;&gt;</a>&nbsp;&nbsp;&nbsp;vTaskInternalSetTimeOutState
<LI><a href="#[16e]">&gt;&gt;</a>&nbsp;&nbsp;&nbsp;pvTaskIncrementMutexHeldCount
<LI><a href="#[16c]">&gt;&gt;</a>&nbsp;&nbsp;&nbsp;prvIsQueueEmpty
<LI><a href="#[170]">&gt;&gt;</a>&nbsp;&nbsp;&nbsp;prvGetDisinheritPriorityAfterTimeout
<LI><a href="#[15e]">&gt;&gt;</a>&nbsp;&nbsp;&nbsp;prvUnlockQueue
<LI><a href="#[14c]">&gt;&gt;</a>&nbsp;&nbsp;&nbsp;xTaskResumeAll
<LI><a href="#[14e]">&gt;&gt;</a>&nbsp;&nbsp;&nbsp;xTaskGetSchedulerState
<LI><a href="#[14a]">&gt;&gt;</a>&nbsp;&nbsp;&nbsp;vTaskSuspendAll
<LI><a href="#[152]">&gt;&gt;</a>&nbsp;&nbsp;&nbsp;vPortExitCritical
<LI><a href="#[151]">&gt;&gt;</a>&nbsp;&nbsp;&nbsp;vPortEnterCritical
</UL>
<BR>[Called By]<UL><LI><a href="#[172]">&gt;&gt;</a>&nbsp;&nbsp;&nbsp;xQueueTakeMutexRecursive
<LI><a href="#[13f]">&gt;&gt;</a>&nbsp;&nbsp;&nbsp;WIFI_GetIP
<LI><a href="#[13e]">&gt;&gt;</a>&nbsp;&nbsp;&nbsp;WIFI_ConnectAP
<LI><a href="#[2c8]">&gt;&gt;</a>&nbsp;&nbsp;&nbsp;SOCKETS_Connect
<LI><a href="#[2d0]">&gt;&gt;</a>&nbsp;&nbsp;&nbsp;SOCKETS_Close
<LI><a href="#[a7]">&gt;&gt;</a>&nbsp;&nbsp;&nbsp;prvNetworkRecv
<LI><a href="#[a8]">&gt;&gt;</a>&nbsp;&nbsp;&nbsp;prvNetworkSend
<LI><a href="#[2c5]">&gt;&gt;</a>&nbsp;&nbsp;&nbsp;prvIsValidSocket
<LI><a href="#[2c4]">&gt;&gt;</a>&nbsp;&nbsp;&nbsp;prvReturnSocket
<LI><a href="#[2c3]">&gt;&gt;</a>&nbsp;&nbsp;&nbsp;prvGetFreeSocket
<LI><a href="#[13]">&gt;&gt;</a>&nbsp;&nbsp;&nbsp;C_Verify
<LI><a href="#[12]">&gt;&gt;</a>&nbsp;&nbsp;&nbsp;C_VerifyInit
<LI><a href="#[11]">&gt;&gt;</a>&nbsp;&nbsp;&nbsp;C_Sign
<LI><a href="#[10]">&gt;&gt;</a>&nbsp;&nbsp;&nbsp;C_SignInit
<LI><a href="#[2a4]">&gt;&gt;</a>&nbsp;&nbsp;&nbsp;aws_mbedtls_mutex_lock
<LI><a href="#[2d4]">&gt;&gt;</a>&nbsp;&nbsp;&nbsp;SOCKETS_GetHostByName
<LI><a href="#[22f]">&gt;&gt;</a>&nbsp;&nbsp;&nbsp;WIFI_IsConnected
<LI><a href="#[22d]">&gt;&gt;</a>&nbsp;&nbsp;&nbsp;WIFI_GetHostIP
<LI><a href="#[22c]">&gt;&gt;</a>&nbsp;&nbsp;&nbsp;WIFI_GetMAC
<LI><a href="#[22a]">&gt;&gt;</a>&nbsp;&nbsp;&nbsp;WIFI_Ping
<LI><a href="#[228]">&gt;&gt;</a>&nbsp;&nbsp;&nbsp;WIFI_Scan
<LI><a href="#[226]">&gt;&gt;</a>&nbsp;&nbsp;&nbsp;WIFI_Reset
<LI><a href="#[225]">&gt;&gt;</a>&nbsp;&nbsp;&nbsp;WIFI_Disconnect
<LI><a href="#[21a]">&gt;&gt;</a>&nbsp;&nbsp;&nbsp;IotSemaphore_TimedWait
<LI><a href="#[200]">&gt;&gt;</a>&nbsp;&nbsp;&nbsp;IotSemaphore_Wait
<LI><a href="#[4db]">&gt;&gt;</a>&nbsp;&nbsp;&nbsp;prIotMutexTimedLock
<LI><a href="#[10f]">&gt;&gt;</a>&nbsp;&nbsp;&nbsp;IotNetworkAfr_Send
</UL>

<P><STRONG><a name="[172]"></a>xQueueTakeMutexRecursive</STRONG> (Thumb, 78 bytes, Stack size 24 bytes, queue.o(.text))
<BR><BR>[Stack]<UL><LI>Max Depth = 112<LI>Call Chain = xQueueTakeMutexRecursive &rArr; xQueueSemaphoreTake &rArr; vTaskPlaceOnEventList &rArr; prvAddCurrentTaskToDelayedList &rArr; vListInsert
</UL>
<BR>[Calls]<UL><LI><a href="#[16b]">&gt;&gt;</a>&nbsp;&nbsp;&nbsp;xTaskGetCurrentTaskHandle
<LI><a href="#[16d]">&gt;&gt;</a>&nbsp;&nbsp;&nbsp;xQueueSemaphoreTake
</UL>
<BR>[Called By]<UL><LI><a href="#[4db]">&gt;&gt;</a>&nbsp;&nbsp;&nbsp;prIotMutexTimedLock
</UL>

<P><STRONG><a name="[173]"></a>xQueueCreateCountingSemaphoreStatic</STRONG> (Thumb, 100 bytes, Stack size 24 bytes, queue.o(.text))
[...]
</UL>
<BR>[Calls]<UL><LI><a href="#[213]">&gt;&gt;</a>&nbsp;&nbsp;&nbsp;IotClock_GetTimeMs
<LI><a href="#[205]">&gt;&gt;</a>&nbsp;&nbsp;&nbsp;IotLog_Generic
<LI><a href="#[4d8]">&gt;&gt;</a>&nbsp;&nbsp;&nbsp;IotClock_TimerArm
</UL>
<BR>[Called By]<UL><LI><a href="#[27d]">&gt;&gt;</a>&nbsp;&nbsp;&nbsp;IotTaskPool_ScheduleDeferred
<LI><a href="#[4fc]">&gt;&gt;</a>&nbsp;&nbsp;&nbsp;_tryCancelInternal
<LI><a href="#[c5]">&gt;&gt;</a>&nbsp;&nbsp;&nbsp;_timerThread
</UL>

<P><STRONG><a name="[c5]"></a>_timerThread</STRONG> (Thumb, 196 bytes, Stack size 40 bytes, iot_taskpool.o(.text))
<BR><BR>[Stack]<UL><LI>Max Depth = 264<LI>Call Chain = _timerThread &rArr; _rescheduleDeferredJobsTimer &rArr; IotClock_TimerArm &rArr; xTimerGenericCommand &rArr; xQueueGenericSend &rArr; vTaskPlaceOnEventList &rArr; prvAddCurrentTaskToDelayedList &rArr; vListInsert
</UL>
<BR>[Calls]<UL><LI><a href="#[88]">&gt;&gt;</a>&nbsp;&nbsp;&nbsp;vPortFree
<LI><a href="#[26f]">&gt;&gt;</a>&nbsp;&nbsp;&nbsp;IotMutex_Unlock
<LI><a href="#[26d]">&gt;&gt;</a>&nbsp;&nbsp;&nbsp;IotMutex_Lock
<LI><a href="#[213]">&gt;&gt;</a>&nbsp;&nbsp;&nbsp;IotClock_GetTimeMs
<LI><a href="#[205]">&gt;&gt;</a>&nbsp;&nbsp;&nbsp;IotLog_Generic
<LI><a href="#[4ec]">&gt;&gt;</a>&nbsp;&nbsp;&nbsp;_rescheduleDeferredJobsTimer
<LI><a href="#[4eb]">&gt;&gt;</a>&nbsp;&nbsp;&nbsp;_scheduleInternal
<LI><a href="#[4e9]">&gt;&gt;</a>&nbsp;&nbsp;&nbsp;_IsShutdownStarted
<LI><a href="#[4e7]">&gt;&gt;</a>&nbsp;&nbsp;&nbsp;_destroyTaskPool
<LI><a href="#[4e4]">&gt;&gt;</a>&nbsp;&nbsp;&nbsp;IotListDouble_Remove
<LI><a href="#[4df]">&gt;&gt;</a>&nbsp;&nbsp;&nbsp;IotListDouble_PeekHead
<LI><a href="#[17]">&gt;&gt;</a>&nbsp;&nbsp;&nbsp;free
</UL>
<BR>[Address Reference Count : 1]<UL><LI> iot_taskpool.o(.text)
</UL>
<P><STRONG><a name="[4ed]"></a>_initJobsCache</STRONG> (Thumb, 16 bytes, Stack size 8 bytes, iot_taskpool.o(.text))
<BR><BR>[Stack]<UL><LI>Max Depth = 16<LI>Call Chain = _initJobsCache &rArr; IotDeQueue_Create
</UL>
<BR>[Calls]<UL><LI><a href="#[4ee]">&gt;&gt;</a>&nbsp;&nbsp;&nbsp;IotDeQueue_Create
</UL>
<BR>[Called By]<UL><LI><a href="#[4ef]">&gt;&gt;</a>&nbsp;&nbsp;&nbsp;_initTaskPoolControlStructures
</UL>

<P><STRONG><a name="[4ef]"></a>_initTaskPoolControlStructures</STRONG> (Thumb, 742 bytes, Stack size 32 bytes, iot_taskpool.o(.text))
<BR><BR>[Stack]<UL><LI>Max Depth = 232<LI>Call Chain = _initTaskPoolControlStructures &rArr; IotClock_TimerCreate &rArr; xTimerCreateStatic &rArr; prvInitialiseNewTimer &rArr; prvCheckForValidListAndQueue &rArr; xQueueGenericCreateStatic &rArr; prvInitialiseNewQueue &rArr; xQueueGenericReset &rArr; xTaskRemoveFromEventList
</UL>
<BR>[Calls]<UL><LI><a href="#[26b]">&gt;&gt;</a>&nbsp;&nbsp;&nbsp;IotMutex_Destroy
<LI><a href="#[269]">&gt;&gt;</a>&nbsp;&nbsp;&nbsp;IotMutex_Create
<LI><a href="#[20a]">&gt;&gt;</a>&nbsp;&nbsp;&nbsp;IotSemaphore_Destroy
<LI><a href="#[207]">&gt;&gt;</a>&nbsp;&nbsp;&nbsp;IotSemaphore_Create
<LI><a href="#[4ee]">&gt;&gt;</a>&nbsp;&nbsp;&nbsp;IotDeQueue_Create
<LI><a href="#[4ed]">&gt;&gt;</a>&nbsp;&nbsp;&nbsp;_initJobsCache
<LI><a href="#[4f0]">&gt;&gt;</a>&nbsp;&nbsp;&nbsp;IotListDouble_Create
<LI><a href="#[4d7]">&gt;&gt;</a>&nbsp;&nbsp;&nbsp;IotClock_TimerDestroy
<LI><a href="#[4d6]">&gt;&gt;</a>&nbsp;&nbsp;&nbsp;IotClock_TimerCreate
</UL>
<BR>[Called By]<UL><LI><a href="#[4f1]">&gt;&gt;</a>&nbsp;&nbsp;&nbsp;_createTaskPool
</UL>

<P><STRONG><a name="[4f1]"></a>_createTaskPool</STRONG> (Thumb, 150 bytes, Stack size 32 bytes, iot_taskpool.o(.text))
<BR><BR>[Stack]<UL><LI>Max Depth = 264<LI>Call Chain = _createTaskPool &rArr; _initTaskPoolControlStructures &rArr; IotClock_TimerCreate &rArr; xTimerCreateStatic &rArr; prvInitialiseNewTimer &rArr; prvCheckForValidListAndQueue &rArr; xQueueGenericCreateStatic &rArr; prvInitialiseNewQueue &rArr; xQueueGenericReset &rArr; xTaskRemoveFromEventList
</UL>
<BR>[Calls]<UL><LI><a href="#[1ee]">&gt;&gt;</a>&nbsp;&nbsp;&nbsp;Iot_CreateDetachedThread
<LI><a href="#[200]">&gt;&gt;</a>&nbsp;&nbsp;&nbsp;IotSemaphore_Wait
<LI><a href="#[205]">&gt;&gt;</a>&nbsp;&nbsp;&nbsp;IotLog_Generic
<LI><a href="#[4ef]">&gt;&gt;</a>&nbsp;&nbsp;&nbsp;_initTaskPoolControlStructures
<LI><a href="#[4e8]">&gt;&gt;</a>&nbsp;&nbsp;&nbsp;_signalShutdown
<LI><a href="#[4e7]">&gt;&gt;</a>&nbsp;&nbsp;&nbsp;_destroyTaskPool
</UL>
<BR>[Called By]<UL><LI><a href="#[4f4]">&gt;&gt;</a>&nbsp;&nbsp;&nbsp;IotTaskPool_Create
<LI><a href="#[4f2]">&gt;&gt;</a>&nbsp;&nbsp;&nbsp;IotTaskPool_CreateSystemTaskPool
</UL>

<P><STRONG><a name="[4f3]"></a>_performTaskPoolParameterValidation</STRONG> (Thumb, 86 bytes, Stack size 0 bytes, iot_taskpool.o(.text))
<BR><BR>[Called By]<UL><LI><a href="#[4f4]">&gt;&gt;</a>&nbsp;&nbsp;&nbsp;IotTaskPool_Create
<LI><a href="#[4f2]">&gt;&gt;</a>&nbsp;&nbsp;&nbsp;IotTaskPool_CreateSystemTaskPool
</UL>

<P><STRONG><a name="[4f6]"></a>_destroyJob</STRONG> (Thumb, 30 bytes, Stack size 8 bytes, iot_taskpool.o(.text))
<BR><BR>[Stack]<UL><LI>Max Depth = 64<LI>Call Chain = _destroyJob &rArr; vPortFree &rArr; xTaskResumeAll &rArr; xTaskIncrementTick
</UL>
<BR>[Calls]<UL><LI><a href="#[88]">&gt;&gt;</a>&nbsp;&nbsp;&nbsp;vPortFree
</UL>
<BR>[Called By]<UL><LI><a href="#[4ff]">&gt;&gt;</a>&nbsp;&nbsp;&nbsp;IotTaskPool_DestroyRecyclableJob
<LI><a href="#[4f7]">&gt;&gt;</a>&nbsp;&nbsp;&nbsp;IotTaskPool_Destroy
<LI><a href="#[500]">&gt;&gt;</a>&nbsp;&nbsp;&nbsp;_recycleJob
</UL>

<P><STRONG><a name="[4f9]"></a>_initializeJob</STRONG> (Thumb, 30 bytes, Stack size 8 bytes, iot_taskpool.o(.text))
<BR><BR>[Stack]<UL><LI>Max Depth = 8<LI>Call Chain = _initializeJob
</UL>
<BR>[Called By]<UL><LI><a href="#[267]">&gt;&gt;</a>&nbsp;&nbsp;&nbsp;IotTaskPool_CreateJob
<LI><a href="#[4fb]">&gt;&gt;</a>&nbsp;&nbsp;&nbsp;IotTaskPool_CreateRecyclableJob
</UL>

<P><STRONG><a name="[4fa]"></a>_fetchOrAllocateJob</STRONG> (Thumb, 70 bytes, Stack size 24 bytes, iot_taskpool.o(.text))
<BR><BR>[Stack]<UL><LI>Max Depth = 160<LI>Call Chain = _fetchOrAllocateJob &rArr; IotLog_Generic &rArr; _reallocLoggingBuffer &rArr; pvPortMalloc &rArr; xTaskResumeAll &rArr; xTaskIncrementTick
</UL>
<BR>[Calls]<UL><LI><a href="#[148]">&gt;&gt;</a>&nbsp;&nbsp;&nbsp;pvPortMalloc
<LI><a href="#[205]">&gt;&gt;</a>&nbsp;&nbsp;&nbsp;IotLog_Generic
<LI><a href="#[210]">&gt;&gt;</a>&nbsp;&nbsp;&nbsp;__aeabi_memclr4
<LI><a href="#[4e6]">&gt;&gt;</a>&nbsp;&nbsp;&nbsp;IotListDouble_RemoveHead
</UL>
<BR>[Called By]<UL><LI><a href="#[4fb]">&gt;&gt;</a>&nbsp;&nbsp;&nbsp;IotTaskPool_CreateRecyclableJob
</UL>

<P><STRONG><a name="[c6]"></a>_matchJobByPointer</STRONG> (Thumb, 22 bytes, Stack size 8 bytes, iot_taskpool.o(.text))
<BR><BR>[Stack]<UL><LI>Max Depth = 8<LI>Call Chain = _matchJobByPointer
</UL>
<BR>[Address Reference Count : 1]<UL><LI> iot_taskpool.o(.text)
</UL>
<P><STRONG><a name="[4fc]"></a>_tryCancelInternal</STRONG> (Thumb, 228 bytes, Stack size 48 bytes, iot_taskpool.o(.text))
<BR><BR>[Stack]<UL><LI>Max Depth = 272<LI>Call Chain = _tryCancelInternal &rArr; _rescheduleDeferredJobsTimer &rArr; IotClock_TimerArm &rArr; xTimerGenericCommand &rArr; xQueueGenericSend &rArr; vTaskPlaceOnEventList &rArr; prvAddCurrentTaskToDelayedList &rArr; vListInsert
</UL>
<BR>[Calls]<UL><LI><a href="#[88]">&gt;&gt;</a>&nbsp;&nbsp;&nbsp;vPortFree
<LI><a href="#[205]">&gt;&gt;</a>&nbsp;&nbsp;&nbsp;IotLog_Generic
<LI><a href="#[4fd]">&gt;&gt;</a>&nbsp;&nbsp;&nbsp;IotListDouble_FindFirstMatch
<LI><a href="#[4ec]">&gt;&gt;</a>&nbsp;&nbsp;&nbsp;_rescheduleDeferredJobsTimer
<LI><a href="#[4e4]">&gt;&gt;</a>&nbsp;&nbsp;&nbsp;IotListDouble_Remove
<LI><a href="#[4df]">&gt;&gt;</a>&nbsp;&nbsp;&nbsp;IotListDouble_PeekHead
</UL>
<BR>[Called By]<UL><LI><a href="#[263]">&gt;&gt;</a>&nbsp;&nbsp;&nbsp;IotTaskPool_TryCancel
<LI><a href="#[4fe]">&gt;&gt;</a>&nbsp;&nbsp;&nbsp;_trySafeExtraction
</UL>

<P><STRONG><a name="[4fe]"></a>_trySafeExtraction</STRONG> (Thumb, 114 bytes, Stack size 40 bytes, iot_taskpool.o(.text))
<BR><BR>[Stack]<UL><LI>Max Depth = 312<LI>Call Chain = _trySafeExtraction &rArr; _tryCancelInternal &rArr; _rescheduleDeferredJobsTimer &rArr; IotClock_TimerArm &rArr; xTimerGenericCommand &rArr; xQueueGenericSend &rArr; vTaskPlaceOnEventList &rArr; prvAddCurrentTaskToDelayedList &rArr; vListInsert
</UL>
<BR>[Calls]<UL><LI><a href="#[290]">&gt;&gt;</a>&nbsp;&nbsp;&nbsp;IotTaskPool_strerror
<LI><a href="#[205]">&gt;&gt;</a>&nbsp;&nbsp;&nbsp;IotLog_Generic
<LI><a href="#[4fc]">&gt;&gt;</a>&nbsp;&nbsp;&nbsp;_tryCancelInternal
<LI><a href="#[4e4]">&gt;&gt;</a>&nbsp;&nbsp;&nbsp;IotListDouble_Remove
<LI><a href="#[4e5]">&gt;&gt;</a>&nbsp;&nbsp;&nbsp;IotLink_IsLinked
</UL>
<BR>[Called By]<UL><LI><a href="#[27d]">&gt;&gt;</a>&nbsp;&nbsp;&nbsp;IotTaskPool_ScheduleDeferred
<LI><a href="#[502]">&gt;&gt;</a>&nbsp;&nbsp;&nbsp;IotTaskPool_Schedule
<LI><a href="#[501]">&gt;&gt;</a>&nbsp;&nbsp;&nbsp;IotTaskPool_RecycleJob
<LI><a href="#[4ff]">&gt;&gt;</a>&nbsp;&nbsp;&nbsp;IotTaskPool_DestroyRecyclableJob
</UL>

<P><STRONG><a name="[500]"></a>_recycleJob</STRONG> (Thumb, 46 bytes, Stack size 16 bytes, iot_taskpool.o(.text))
<BR><BR>[Stack]<UL><LI>Max Depth = 80<LI>Call Chain = _recycleJob &rArr; _destroyJob &rArr; vPortFree &rArr; xTaskResumeAll &rArr; xTaskIncrementTick
</UL>
<BR>[Calls]<UL><LI><a href="#[4f6]">&gt;&gt;</a>&nbsp;&nbsp;&nbsp;_destroyJob
<LI><a href="#[4e3]">&gt;&gt;</a>&nbsp;&nbsp;&nbsp;IotListDouble_InsertTail
</UL>
<BR>[Called By]<UL><LI><a href="#[501]">&gt;&gt;</a>&nbsp;&nbsp;&nbsp;IotTaskPool_RecycleJob
</UL>

<P><STRONG><a name="[c7]"></a>_timerEventCompare</STRONG> (Thumb, 50 bytes, Stack size 20 bytes, iot_taskpool.o(.text))
<BR><BR>[Stack]<UL><LI>Max Depth = 20<LI>Call Chain = _timerEventCompare
</UL>
<BR>[Address Reference Count : 1]<UL><LI> iot_taskpool.o(.text)
</UL>
<P><STRONG><a name="[4e0]"></a>IotListDouble_IsEmpty</STRONG> (Thumb, 18 bytes, Stack size 0 bytes, iot_taskpool.o(.text))
<BR><BR>[Called By]<UL><LI><a href="#[4e6]">&gt;&gt;</a>&nbsp;&nbsp;&nbsp;IotListDouble_RemoveHead
<LI><a href="#[4e1]">&gt;&gt;</a>&nbsp;&nbsp;&nbsp;IotListDouble_InsertSorted
<LI><a href="#[4df]">&gt;&gt;</a>&nbsp;&nbsp;&nbsp;IotListDouble_PeekHead
</UL>

<P><STRONG><a name="[4fd]"></a>IotListDouble_FindFirstMatch</STRONG> (Thumb, 88 bytes, Stack size 24 bytes, iot_taskpool.o(.text))
<BR><BR>[Stack]<UL><LI>Max Depth = 24<LI>Call Chain = IotListDouble_FindFirstMatch
</UL>
<BR>[Called By]<UL><LI><a href="#[4fc]">&gt;&gt;</a>&nbsp;&nbsp;&nbsp;_tryCancelInternal
</UL>

<P><STRONG><a name="[4ee]"></a>IotDeQueue_Create</STRONG> (Thumb, 12 bytes, Stack size 8 bytes, iot_taskpool.o(.text))
<BR><BR>[Stack]<UL><LI>Max Depth = 8<LI>Call Chain = IotDeQueue_Create
</UL>
<BR>[Calls]<UL><LI><a href="#[4f0]">&gt;&gt;</a>&nbsp;&nbsp;&nbsp;IotListDouble_Create
</UL>
<BR>[Called By]<UL><LI><a href="#[4ef]">&gt;&gt;</a>&nbsp;&nbsp;&nbsp;_initTaskPoolControlStructures
<LI><a href="#[4ed]">&gt;&gt;</a>&nbsp;&nbsp;&nbsp;_initJobsCache
</UL>

<P><STRONG><a name="[4ea]"></a>IotDeQueue_DequeueHead</STRONG> (Thumb, 12 bytes, Stack size 8 bytes, iot_taskpool.o(.text))
<BR><BR>[Stack]<UL><LI>Max Depth = 32<LI>Call Chain = IotDeQueue_DequeueHead &rArr; IotListDouble_RemoveHead &rArr; IotListDouble_Remove
</UL>
<BR>[Calls]<UL><LI><a href="#[4e6]">&gt;&gt;</a>&nbsp;&nbsp;&nbsp;IotListDouble_RemoveHead
</UL>
<BR>[Called By]<UL><LI><a href="#[4f7]">&gt;&gt;</a>&nbsp;&nbsp;&nbsp;IotTaskPool_Destroy
<LI><a href="#[c4]">&gt;&gt;</a>&nbsp;&nbsp;&nbsp;_taskPoolWorker
</UL>

<P><STRONG><a name="[504]"></a>_reallocLoggingBuffer</STRONG> (Thumb, 52 bytes, Stack size 24 bytes, iot_logging.o(.text))
<BR><BR>[Stack]<UL><LI>Max Depth = 88<LI>Call Chain = _reallocLoggingBuffer &rArr; pvPortMalloc &rArr; xTaskResumeAll &rArr; xTaskIncrementTick
</UL>
<BR>[Calls]<UL><LI><a href="#[88]">&gt;&gt;</a>&nbsp;&nbsp;&nbsp;vPortFree
<LI><a href="#[148]">&gt;&gt;</a>&nbsp;&nbsp;&nbsp;pvPortMalloc
<LI><a href="#[12b]">&gt;&gt;</a>&nbsp;&nbsp;&nbsp;__aeabi_memcpy
</UL>
<BR>[Called By]<UL><LI><a href="#[205]">&gt;&gt;</a>&nbsp;&nbsp;&nbsp;IotLog_Generic
</UL>

<P><STRONG><a name="[50c]"></a>IotListDouble_Create</STRONG> (Thumb, 38 bytes, Stack size 0 bytes, aws_iot_network_manager.o(.text))
<BR><BR>[Called By]<UL><LI><a href="#[206]">&gt;&gt;</a>&nbsp;&nbsp;&nbsp;AwsIotNetworkManager_Init
</UL>

<P><STRONG><a name="[50b]"></a>IotListDouble_InsertTail</STRONG> (Thumb, 78 bytes, Stack size 8 bytes, aws_iot_network_manager.o(.text))
<BR><BR>[Stack]<UL><LI>Max Depth = 8<LI>Call Chain = IotListDouble_InsertTail
</UL>
<BR>[Called By]<UL><LI><a href="#[208]">&gt;&gt;</a>&nbsp;&nbsp;&nbsp;AwsIotNetworkManager_SubscribeForStateChange
<LI><a href="#[206]">&gt;&gt;</a>&nbsp;&nbsp;&nbsp;AwsIotNetworkManager_Init
<LI><a href="#[c9]">&gt;&gt;</a>&nbsp;&nbsp;&nbsp;_onNetworkStateChangeCallback
</UL>

<P><STRONG><a name="[50a]"></a>IotListDouble_Remove</STRONG> (Thumb, 100 bytes, Stack size 0 bytes, aws_iot_network_manager.o(.text))
<BR><BR>[Called By]<UL><LI><a href="#[20d]">&gt;&gt;</a>&nbsp;&nbsp;&nbsp;AwsIotNetworkManager_RemoveSubscription
<LI><a href="#[c8]">&gt;&gt;</a>&nbsp;&nbsp;&nbsp;_dispatchNetworkStateChangeCB
</UL>

<P><STRONG><a name="[506]"></a>_wifiConnectAccessPoint</STRONG> (Thumb, 54 bytes, Stack size 16 bytes, aws_iot_network_manager.o(.text))
<BR><BR>[Stack]<UL><LI>Max Depth = 320<LI>Call Chain = _wifiConnectAccessPoint &rArr; WIFI_ConnectAP &rArr; ESP_WIFI_Connect &rArr; ESP_WIFI_SetMultiConn &rArr; ESP_AT_Command &rArr; ESP_IO_Recv &rArr; atoi &rArr; strtol &rArr; _strtoul
</UL>
<BR>[Calls]<UL><LI><a href="#[13e]">&gt;&gt;</a>&nbsp;&nbsp;&nbsp;WIFI_ConnectAP
<LI><a href="#[4d5]">&gt;&gt;</a>&nbsp;&nbsp;&nbsp;IotClock_SleepMs
</UL>
<BR>[Called By]<UL><LI><a href="#[507]">&gt;&gt;</a>&nbsp;&nbsp;&nbsp;_wifiEnable
</UL>

<P><STRONG><a name="[507]"></a>_wifiEnable</STRONG> (Thumb, 26 bytes, Stack size 8 bytes, aws_iot_network_manager.o(.text))
<BR><BR>[Stack]<UL><LI>Max Depth = 328<LI>Call Chain = _wifiEnable &rArr; _wifiConnectAccessPoint &rArr; WIFI_ConnectAP &rArr; ESP_WIFI_Connect &rArr; ESP_WIFI_SetMultiConn &rArr; ESP_AT_Command &rArr; ESP_IO_Recv &rArr; atoi &rArr; strtol &rArr; _strtoul
</UL>
<BR>[Calls]<UL><LI><a href="#[13d]">&gt;&gt;</a>&nbsp;&nbsp;&nbsp;WIFI_On
<LI><a href="#[506]">&gt;&gt;</a>&nbsp;&nbsp;&nbsp;_wifiConnectAccessPoint
</UL>
<BR>[Called By]<UL><LI><a href="#[209]">&gt;&gt;</a>&nbsp;&nbsp;&nbsp;AwsIotNetworkManager_EnableNetwork
</UL>

<P><STRONG><a name="[508]"></a>_wifiDisable</STRONG> (Thumb, 36 bytes, Stack size 8 bytes, aws_iot_network_manager.o(.text), UNUSED)
<BR><BR>[Calls]<UL><LI><a href="#[22f]">&gt;&gt;</a>&nbsp;&nbsp;&nbsp;WIFI_IsConnected
<LI><a href="#[225]">&gt;&gt;</a>&nbsp;&nbsp;&nbsp;WIFI_Disconnect
<LI><a href="#[509]">&gt;&gt;</a>&nbsp;&nbsp;&nbsp;WIFI_Off
</UL>
<BR>[Called By]<UL><LI><a href="#[50f]">&gt;&gt;</a>&nbsp;&nbsp;&nbsp;AwsIotNetworkManager_DisableNetwork
</UL>

<P><STRONG><a name="[c8]"></a>_dispatchNetworkStateChangeCB</STRONG> (Thumb, 238 bytes, Stack size 56 bytes, aws_iot_network_manager.o(.text))
<BR><BR>[Stack]<UL><LI>Max Depth = 392<LI>Call Chain = _dispatchNetworkStateChangeCB &rArr; IotTaskPool_Schedule &rArr; _trySafeExtraction &rArr; _tryCancelInternal &rArr; _rescheduleDeferredJobsTimer &rArr; IotClock_TimerArm &rArr; xTimerGenericCommand &rArr; xQueueGenericSend &rArr; vTaskPlaceOnEventList &rArr; prvAddCurrentTaskToDelayedList &rArr; vListInsert
</UL>
<BR>[Calls]<UL><LI><a href="#[26f]">&gt;&gt;</a>&nbsp;&nbsp;&nbsp;IotMutex_Unlock
<LI><a href="#[26d]">&gt;&gt;</a>&nbsp;&nbsp;&nbsp;IotMutex_Lock
<LI><a href="#[205]">&gt;&gt;</a>&nbsp;&nbsp;&nbsp;IotLog_Generic
<LI><a href="#[50a]">&gt;&gt;</a>&nbsp;&nbsp;&nbsp;IotListDouble_Remove
<LI><a href="#[502]">&gt;&gt;</a>&nbsp;&nbsp;&nbsp;IotTaskPool_Schedule
<LI><a href="#[501]">&gt;&gt;</a>&nbsp;&nbsp;&nbsp;IotTaskPool_RecycleJob
</UL>
<BR>[Address Reference Count : 1]<UL><LI> aws_iot_network_manager.o(.text)
</UL>
<P><STRONG><a name="[c9]"></a>_onNetworkStateChangeCallback</STRONG> (Thumb, 222 bytes, Stack size 56 bytes, aws_iot_network_manager.o(.text))
<BR><BR>[Stack]<UL><LI>Max Depth = 392<LI>Call Chain = _onNetworkStateChangeCallback &rArr; IotTaskPool_Schedule &rArr; _trySafeExtraction &rArr; _tryCancelInternal &rArr; _rescheduleDeferredJobsTimer &rArr; IotClock_TimerArm &rArr; xTimerGenericCommand &rArr; xQueueGenericSend &rArr; vTaskPlaceOnEventList &rArr; prvAddCurrentTaskToDelayedList &rArr; vListInsert
</UL>
<BR>[Calls]<UL><LI><a href="#[293]">&gt;&gt;</a>&nbsp;&nbsp;&nbsp;IotTaskPool_GetJobStorageFromHandle
<LI><a href="#[262]">&gt;&gt;</a>&nbsp;&nbsp;&nbsp;IotTaskPool_GetSystemTaskPool
<LI><a href="#[26f]">&gt;&gt;</a>&nbsp;&nbsp;&nbsp;IotMutex_Unlock
<LI><a href="#[26d]">&gt;&gt;</a>&nbsp;&nbsp;&nbsp;IotMutex_Lock
<LI><a href="#[205]">&gt;&gt;</a>&nbsp;&nbsp;&nbsp;IotLog_Generic
<LI><a href="#[50b]">&gt;&gt;</a>&nbsp;&nbsp;&nbsp;IotListDouble_InsertTail
<LI><a href="#[502]">&gt;&gt;</a>&nbsp;&nbsp;&nbsp;IotTaskPool_Schedule
<LI><a href="#[501]">&gt;&gt;</a>&nbsp;&nbsp;&nbsp;IotTaskPool_RecycleJob
<LI><a href="#[4fb]">&gt;&gt;</a>&nbsp;&nbsp;&nbsp;IotTaskPool_CreateRecyclableJob
</UL>
<BR>[Called By]<UL><LI><a href="#[50f]">&gt;&gt;</a>&nbsp;&nbsp;&nbsp;AwsIotNetworkManager_DisableNetwork
</UL>
<BR>[Address Reference Count : 1]<UL><LI> aws_iot_network_manager.o(.text)
</UL>
<P><STRONG><a name="[529]"></a>_fp_digits</STRONG> (Thumb, 366 bytes, Stack size 64 bytes, printfa.o(i._fp_digits), UNUSED)
<BR><BR>[Calls]<UL><LI><a href="#[338]">&gt;&gt;</a>&nbsp;&nbsp;&nbsp;__aeabi_uldivmod
<LI><a href="#[51f]">&gt;&gt;</a>&nbsp;&nbsp;&nbsp;__aeabi_dmul
<LI><a href="#[520]">&gt;&gt;</a>&nbsp;&nbsp;&nbsp;__aeabi_ddiv
<LI><a href="#[519]">&gt;&gt;</a>&nbsp;&nbsp;&nbsp;__aeabi_dadd
<LI><a href="#[521]">&gt;&gt;</a>&nbsp;&nbsp;&nbsp;__aeabi_d2ulz
<LI><a href="#[52a]">&gt;&gt;</a>&nbsp;&nbsp;&nbsp;__aeabi_cdrcmple
</UL>
<BR>[Called By]<UL><LI><a href="#[525]">&gt;&gt;</a>&nbsp;&nbsp;&nbsp;_printf_core
</UL>

<P><STRONG><a name="[525]"></a>_printf_core</STRONG> (Thumb, 1744 bytes, Stack size 136 bytes, printfa.o(i._printf_core), UNUSED)
<BR><BR>[Calls]<UL><LI><a href="#[338]">&gt;&gt;</a>&nbsp;&nbsp;&nbsp;__aeabi_uldivmod
<LI><a href="#[52d]">&gt;&gt;</a>&nbsp;&nbsp;&nbsp;__aeabi_uidivmod
<LI><a href="#[52b]">&gt;&gt;</a>&nbsp;&nbsp;&nbsp;_printf_pre_padding
<LI><a href="#[52c]">&gt;&gt;</a>&nbsp;&nbsp;&nbsp;_printf_post_padding
<LI><a href="#[529]">&gt;&gt;</a>&nbsp;&nbsp;&nbsp;_fp_digits
</UL>
<BR>[Called By]<UL><LI><a href="#[528]">&gt;&gt;</a>&nbsp;&nbsp;&nbsp;__0vsnprintf
<LI><a href="#[527]">&gt;&gt;</a>&nbsp;&nbsp;&nbsp;__0sprintf
<LI><a href="#[526]">&gt;&gt;</a>&nbsp;&nbsp;&nbsp;__0snprintf
<LI><a href="#[524]">&gt;&gt;</a>&nbsp;&nbsp;&nbsp;__0printf
</UL>

<P><STRONG><a name="[52c]"></a>_printf_post_padding</STRONG> (Thumb, 36 bytes, Stack size 24 bytes, printfa.o(i._printf_post_padding), UNUSED)
<BR><BR>[Called By]<UL><LI><a href="#[525]">&gt;&gt;</a>&nbsp;&nbsp;&nbsp;_printf_core
</UL>

<P><STRONG><a name="[52b]"></a>_printf_pre_padding</STRONG> (Thumb, 46 bytes, Stack size 24 bytes, printfa.o(i._printf_pre_padding), UNUSED)
<BR><BR>[Called By]<UL><LI><a href="#[525]">&gt;&gt;</a>&nbsp;&nbsp;&nbsp;_printf_core
</UL>

<P><STRONG><a name="[cf]"></a>_snputc</STRONG> (Thumb, 22 bytes, Stack size 0 bytes, printfa.o(i._snputc))
<BR>[Address Reference Count : 2]<UL><LI> printfa.o(i.__0snprintf)
<LI> printfa.o(i.__0vsnprintf)
</UL>
<P><STRONG><a name="[d0]"></a>_sputc</STRONG> (Thumb, 10 bytes, Stack size 0 bytes, printfa.o(i._sputc))
<BR><BR>[Called By]<UL><LI><a href="#[527]">&gt;&gt;</a>&nbsp;&nbsp;&nbsp;__0sprintf
</UL>
<BR>[Address Reference Count : 1]<UL><LI> printfa.o(i.__0sprintf)
</UL>
<P><STRONG><a name="[cc]"></a>_scanf_char_input</STRONG> (Thumb, 12 bytes, Stack size 0 bytes, scanf_char.o(.text))
<BR>[Address Reference Count : 1]<UL><LI> scanf_char.o(.text)
</UL><P>
<H3>
Undefined Global Symbols
</H3><HR></body></html>
