<html>
<body>
<pre>
<h1>µVision Build Log</h1>
<h2>Tool Versions:</h2>
IDE-Version: µVision V5.27.1.0
Copyright (C) 2019 ARM Ltd and ARM Germany GmbH. All rights reserved.
License Information: Andy Sun, AWS, LIC=9N045-0TMFS-NT9L6-W8AV9-DQA6C-N90JC
 
Tool Versions:
Toolchain:       MDK-ARM Professional  Version: 5.27.1.0
Toolchain Path:  C:\Keil_v5\ARM\ARMCC\Bin
C Compiler:      Armcc.exe V5.06 update 6 (build 750)
Assembler:       Armasm.exe V5.06 update 6 (build 750)
Linker/Locator:  ArmLink.exe V5.06 update 6 (build 750)
Library Manager: ArmAr.exe V5.06 update 6 (build 750)
Hex Converter:   FromElf.exe V5.06 update 6 (build 750)
CPU DLL:         SARMCM3.DLL V5.27.1.0
Dialog DLL:      DARMCM1.DLL V1.19.2.0
    Target DLL: Nu_Link.dll
Dialog DLL:      TARMCM1.DLL V1.14.1.0
 
<h2>Project:</h2>
C:\Andy\nuvoton\afr\cyliang\amazon-freertos\vendors\nuvoton\boards\numaker_iot_m487_wifi\aws_demos\keil\aws_demos_wifi.uvproj
Project File Date:  05/24/2019

<h2>Output:</h2>
*** Using Compiler 'V5.06 update 6 (build 750)', folder: 'C:\Keil_v5\ARM\ARMCC\Bin'
Build target 'aws_demos'
assembling startup_M480.s...
compiling list.c...
compiling event_groups.c...
compiling queue.c...
compiling stream_buffer.c...
compiling timers.c...
compiling tasks.c...
compiling heap_4.c...
compiling port.c...
compiling system_M480.c...
compiling retarget.c...
compiling fmc.c...
compiling crypto.c...
compiling clk.c...
compiling iot_demo_runner.c...
compiling aws_tcp_echo_client_single_task.c...
..\..\..\..\..\..\demos\tcp\aws_tcp_echo_client_single_task.c(287): warning:  #225-D: the format string ends before this argument
                      configPRINTF( ( "ERROR - Failed to send to echo server\r\n", pcTransmittedString ) );
..\..\..\..\..\..\demos\tcp\aws_tcp_echo_client_single_task.c: 1 warning, 0 errors
compiling aws_logging_task_dynamic_buffers.c...
compiling aws_dev_mode_key_provisioning.c...
..\..\..\..\..\..\vendors\nuvoton\boards\numaker_iot_m487_wifi\aws_demos\common\config_files\aws_pkcs11_config.h(44): warning:  #1-D: last line of file ends without a newline
  #endif /* _AWS_PKCS11_CONFIG_H_ include guard. */
..\..\..\..\..\..\modules\libraries\standard\provisioning\src\aws_dev_mode_key_provisioning.c: 1 warning, 0 errors
compiling main.c...
..\..\..\..\..\..\vendors\nuvoton\sdk\Device\Nuvoton\numaker_iot_m487_wifi\Include\M480.h(579): warning:  #47-D: incompatible redefinition of macro "TRUE"  (declared at line 27 of "..\..\..\..\..\..\modules\libraries\3rdparty\pkcs11\pkcs11t.h")
  #define TRUE           (1UL)      ///< Boolean true, define to use in API parameters or return value
..\..\..\..\..\..\vendors\nuvoton\sdk\Device\Nuvoton\numaker_iot_m487_wifi\Include\M480.h(580): warning:  #47-D: incompatible redefinition of macro "FALSE"  (declared at line 23 of "..\..\..\..\..\..\modules\libraries\3rdparty\pkcs11\pkcs11t.h")
  #define FALSE          (0UL)      ///< Boolean false, define to use in API parameters or return value
..\common\application_code\main.c: 2 warnings, 0 errors
compiling aws_greengrass_discovery_demo.c...
compiling iot_demo_afr.c...
compiling aws_demo.c...
compiling iot_demo_mqtt.c...
compiling aws_crypto.c...
compiling aws_mqtt_agent.c...
compiling iot_mqtt_network.c...
compiling iot_mqtt_api.c...
compiling iot_mqtt_serialize.c...
compiling iot_mqtt_operation.c...
compiling entropy_hardware_poll.c...
compiling iot_mqtt_validate.c...
compiling iot_mqtt_subscription.c...
compiling aws_greengrass_discovery.c...
compiling aws_helper_secure_connect.c...
compiling aws_pkcs11_mbedtls.c...
..\..\..\..\..\..\vendors\nuvoton\boards\numaker_iot_m487_wifi\aws_demos\common\config_files\aws_pkcs11_config.h(44): warning:  #1-D: last line of file ends without a newline
  #endif /* _AWS_PKCS11_CONFIG_H_ include guard. */
..\..\..\..\..\..\modules\ports\pkcs11\mbedtls\aws_pkcs11_mbedtls.c: 1 warning, 0 errors
compiling sys.c...
compiling aws_shadow.c...
..\..\..\..\..\..\vendors\nuvoton\boards\numaker_iot_m487_wifi\aws_demos\common\config_files\aws_shadow_config.h(93): warning:  #1-D: last line of file ends without a newline
  #endif /* _AWS_SHADOW_CONFIG_H_ */
..\..\..\..\..\..\modules\libraries\aws\shadow\src\aws_shadow.c: 1 warning, 0 errors
compiling uart.c...
compiling aws_iot_shadow_api.c...
compiling aws_iot_shadow_operation.c...
compiling aws_iot_shadow_parser.c...
compiling aws_iot_shadow_subscription.c...
compiling aws_system_init.c...
compiling aws_tls.c...
..\..\..\..\..\..\vendors\nuvoton\boards\numaker_iot_m487_wifi\aws_demos\common\config_files\aws_pkcs11_config.h(44): warning:  #1-D: last line of file ends without a newline
  #endif /* _AWS_PKCS11_CONFIG_H_ include guard. */
..\..\..\..\..\..\modules\libraries\standard\tls\src\aws_tls.c: 1 warning, 0 errors
compiling jsmn.c...
compiling aesni.c...
compiling arc4.c...
compiling aes.c...
compiling aws_wifi.c...
compiling asn1parse.c...
compiling asn1write.c...
compiling base64.c...
compiling blowfish.c...
compiling esp8266_wifi.c...
..\..\..\..\..\..\vendors\nuvoton\sdk\middleware\wifi_esp8266\esp8266_wifi.c(308): warning:  #167-D: argument of type "uint8_t *" is incompatible with parameter of type "const char *"
                  if ((strstr(pucRxBuf, "\r\nRecv") > 0) && (strstr(pucRxBuf, "bytes\r\n") > 0)) {
..\..\..\..\..\..\vendors\nuvoton\sdk\middleware\wifi_esp8266\esp8266_wifi.c(308): warning:  #167-D: argument of type "uint8_t *" is incompatible with parameter of type "const char *"
                  if ((strstr(pucRxBuf, "\r\nRecv") > 0) && (strstr(pucRxBuf, "bytes\r\n") > 0)) {
..\..\..\..\..\..\vendors\nuvoton\sdk\middleware\wifi_esp8266\esp8266_wifi.c: 2 warnings, 0 errors
compiling camellia.c...
compiling ccm.c...
compiling certs.c...
compiling cmac.c...
compiling cipher_wrap.c...
compiling cipher.c...
compiling bignum.c...
compiling ctr_drbg.c...
compiling debug.c...
compiling des.c...
compiling dhm.c...
compiling ecdh.c...
compiling ecjpake.c...
compiling ecdsa.c...
compiling ecp_curves.c...
compiling entropy.c...
compiling entropy_poll.c...
compiling error.c...
compiling havege.c...
compiling ecp.c...
compiling hmac_drbg.c...
compiling gcm.c...
compiling md_wrap.c...
compiling md4.c...
compiling md2.c...
compiling aws_secure_sockets.c...
compiling md5.c...
compiling aws_pkcs11_pal.c...
..\..\..\..\..\..\vendors\nuvoton\boards\numaker_iot_m487_wifi\aws_demos\common\config_files\aws_pkcs11_config.h(44): warning:  #1-D: last line of file ends without a newline
  #endif /* _AWS_PKCS11_CONFIG_H_ include guard. */
..\..\..\..\..\..\vendors\nuvoton\sdk\Device\Nuvoton\numaker_iot_m487_wifi\Include\M480.h(579): warning:  #47-D: incompatible redefinition of macro "TRUE"  (declared at line 27 of "..\..\..\..\..\..\modules\libraries\3rdparty\pkcs11\pkcs11t.h")
  #define TRUE           (1UL)      ///< Boolean true, define to use in API parameters or return value
..\..\..\..\..\..\vendors\nuvoton\sdk\Device\Nuvoton\numaker_iot_m487_wifi\Include\M480.h(580): warning:  #47-D: incompatible redefinition of macro "FALSE"  (declared at line 23 of "..\..\..\..\..\..\modules\libraries\3rdparty\pkcs11\pkcs11t.h")
  #define FALSE          (0UL)      ///< Boolean false, define to use in API parameters or return value
..\..\..\..\..\..\vendors\nuvoton\boards\numaker_iot_m487_wifi\ports\pkcs11\aws_pkcs11_pal.c(122): warning:  #68-D: integer conversion resulted in a change of sign
              return -1;                 /* data verify failed */
..\..\..\..\..\..\vendors\nuvoton\boards\numaker_iot_m487_wifi\ports\pkcs11\aws_pkcs11_pal.c(472): warning:  #1-D: last line of file ends without a newline
  }
..\..\..\..\..\..\vendors\nuvoton\boards\numaker_iot_m487_wifi\ports\pkcs11\aws_pkcs11_pal.c: 5 warnings, 0 errors
compiling net_sockets.c...
compiling memory_buffer_alloc.c...
compiling padlock.c...
compiling pem.c...
compiling oid.c...
compiling pkcs12.c...
compiling pkcs5.c...
compiling pk.c...
compiling pk_wrap.c...
compiling ripemd160.c...
compiling platform.c...
compiling pkwrite.c...
compiling pkparse.c...
compiling rsa_internal.c...
compiling sha512.c...
compiling ssl_cache.c...
compiling rsa.c...
compiling sha1.c...
compiling sha256.c...
compiling ssl_srv.c...
compiling ssl_ciphersuites.c...
compiling ssl_ticket.c...
compiling timing.c...
compiling threading.c...
compiling version.c...
compiling version_features.c...
compiling x509_create.c...
compiling x509.c...
compiling x509_crl.c...
compiling ssl_tls.c...
compiling x509_csr.c...
compiling x509write_crt.c...
compiling x509write_csr.c...
compiling xtea.c...
compiling x509_crt.c...
compiling platform_util.c...
compiling iot_clock_afr.c...
compiling iot_network_afr.c...
compiling iot_threads_afr.c...
compiling iot_init.c...
compiling iot_taskpool.c...
compiling iot_json_utils.c...
compiling iot_logging.c...
compiling aws_iot_demo_network.c...
compiling aws_iot_network_manager.c...
compiling md.c...
compiling ssl_cookie.c...
compiling ssl_cli.c...
linking...
Program Size: Code=192752 RO-data=65692 RW-data=780 ZI-data=90852  
FromELF: creating hex file...
After Build - User command #1: fromelf --bin ".\obj\aws_demos.axf" --output ".\obj\aws_demos.bin"
After Build - User command #2: fromelf --text -c ".\obj\aws_demos.axf" --output ".\obj\aws_demos.txt"
".\obj\aws_demos.axf" - 0 Error(s), 14 Warning(s).
Build Time Elapsed:  00:00:20
</pre>
</body>
</html>
